[INFO] [1788685873.465398866] [fast_planner_bridge]: fast_planner_bridge ready -- will capture home at arm time and climb (0.0, 0.0, -5.0) NED relative to it, then follow /planning/pos_cmd from Fast-Planner
[INFO] [1788685873.465809454] [fast_planner_bridge]: >>> Press ENTER to arm and fly (or set OFFBOARD_AUTO_START=1) <<<
[INFO] [1788685876.334841034] [fast_planner_bridge]: OFFBOARD + ARMED confirmed -- home_ned=(0.00043677660869434476, -0.009304003790020943, -0.10518869757652283), climbing to (0.00043677660869434476, -0.009304003790020943, -5.105188697576523).
[INFO] [1788685876.434876595] [fast_planner_bridge]: [CLIMBING] pos_ned=(-0.00,-0.01,-0.10) dist=5.00m
[INFO] [1788685877.435037334] [fast_planner_bridge]: [CLIMBING] pos_ned=(-0.00,-0.01,-0.09) dist=5.02m
[INFO] [1788685878.435221584] [fast_planner_bridge]: [CLIMBING] pos_ned=(-0.02,-0.01,-0.08) dist=5.03m
[INFO] [1788685879.434812978] [fast_planner_bridge]: [CLIMBING] pos_ned=(-0.02,-0.02,-0.05) dist=5.05m
[INFO] [1788685880.435186622] [fast_planner_bridge]: [CLIMBING] pos_ned=(-0.01,0.01,-0.04) dist=5.07m
[INFO] [1788685881.435101964] [fast_planner_bridge]: [CLIMBING] pos_ned=(0.01,0.07,-0.02) dist=5.08m
[INFO] [1788685882.434879342] [fast_planner_bridge]: [CLIMBING] pos_ned=(-0.00,0.04,-0.04) dist=5.06m
[INFO] [1788685883.435084578] [fast_planner_bridge]: [CLIMBING] pos_ned=(-0.19,-0.25,-0.94) dist=4.18m
[INFO] [1788685884.434796056] [fast_planner_bridge]: [CLIMBING] pos_ned=(-0.39,-0.25,-2.59) dist=2.56m
[INFO] [1788685885.434730824] [fast_planner_bridge]: [CLIMBING] pos_ned=(-0.28,-0.09,-3.69) dist=1.45m
[INFO] [1788685886.435022194] [fast_planner_bridge]: [CLIMBING] pos_ned=(-0.12,-0.00,-4.19) dist=0.92m
[INFO] [1788685887.435153870] [fast_planner_bridge]: [CLIMBING] pos_ned=(0.03,0.05,-4.48) dist=0.63m
[INFO] [1788685888.435149575] [fast_planner_bridge]: [CLIMBING] pos_ned=(0.09,0.03,-4.67) dist=0.45m
[INFO] [1788685889.435131030] [fast_planner_bridge]: [CLIMBING] pos_ned=(0.10,0.01,-4.79) dist=0.33m
[INFO] [1788685889.734991669] [fast_planner_bridge]: Climb complete (dist=0.30m) -- following Fast-Planner.
[INFO] [1788685890.435271524] [fast_planner_bridge]: [FOLLOWING] pos_ned=(0.08,-0.01,-4.76) target_ned=(0.09,0.04,-4.65) pos_cmd_age=0.01s
[INFO] [1788685891.434963125] [fast_planner_bridge]: [FOLLOWING] pos_ned=(0.12,0.01,-4.64) target_ned=(0.10,0.03,-4.65) pos_cmd_age=0.00s
[INFO] [1788685892.435298803] [fast_planner_bridge]: [FOLLOWING] pos_ned=(0.32,-0.10,-4.65) target_ned=(0.35,-0.16,-4.65) pos_cmd_age=0.01s
[INFO] [1788685893.435172073] [fast_planner_bridge]: [FOLLOWING] pos_ned=(0.81,-0.42,-4.66) target_ned=(0.84,-0.45,-4.66) pos_cmd_age=0.01s
[INFO] [1788685894.434981699] [fast_planner_bridge]: [FOLLOWING] pos_ned=(1.56,-0.68,-4.67) target_ned=(1.53,-0.82,-4.69) pos_cmd_age=0.01s
[INFO] [1788685895.434962165] [fast_planner_bridge]: [FOLLOWING] pos_ned=(2.28,-1.04,-4.70) target_ned=(2.27,-1.19,-4.73) pos_cmd_age=0.01s
[INFO] [1788685896.434943581] [fast_planner_bridge]: [FOLLOWING] pos_ned=(2.88,-1.34,-4.73) target_ned=(2.85,-1.43,-4.76) pos_cmd_age=0.01s
[INFO] [1788685897.435137918] [fast_planner_bridge]: [FOLLOWING] pos_ned=(3.27,-1.52,-4.75) target_ned=(3.34,-1.57,-4.78) pos_cmd_age=0.00s
[INFO] [1788685898.434803661] [fast_planner_bridge]: [FOLLOWING] pos_ned=(3.60,-1.64,-4.78) target_ned=(3.60,-1.63,-4.79) pos_cmd_age=0.01s
[INFO] [1788685899.435188413] [fast_planner_bridge]: [FOLLOWING] pos_ned=(3.61,-1.64,-4.80) target_ned=(3.57,-1.63,-4.79) pos_cmd_age=0.01s
[INFO] [1788685900.434913052] [fast_planner_bridge]: [FOLLOWING] pos_ned=(3.57,-1.73,-4.84) target_ned=(3.59,-1.75,-4.80) pos_cmd_age=0.01s
[INFO] [1788685901.435097459] [fast_planner_bridge]: [FOLLOWING] pos_ned=(3.89,-2.04,-4.89) target_ned=(3.90,-2.06,-4.83) pos_cmd_age=0.01s
[INFO] [1788685902.435004348] [fast_planner_bridge]: [FOLLOWING] pos_ned=(4.49,-2.47,-4.89) target_ned=(4.45,-2.50,-4.88) pos_cmd_age=0.01s
[INFO] [1788685903.434874855] [fast_planner_bridge]: [FOLLOWING] pos_ned=(5.16,-3.01,-4.91) target_ned=(5.14,-3.00,-4.92) pos_cmd_age=0.00s
[INFO] [1788685904.434934287] [fast_planner_bridge]: [FOLLOWING] pos_ned=(5.85,-3.36,-4.96) target_ned=(5.89,-3.37,-4.95) pos_cmd_age=0.00s
[INFO] [1788685905.434881374] [fast_planner_bridge]: [FOLLOWING] pos_ned=(6.43,-3.43,-4.95) target_ned=(6.49,-3.49,-4.96) pos_cmd_age=0.00s
[INFO] [1788685906.434916365] [fast_planner_bridge]: [FOLLOWING] pos_ned=(6.89,-3.42,-4.91) target_ned=(6.99,-3.47,-4.92) pos_cmd_age=0.00s
[INFO] [1788685907.435163064] [fast_planner_bridge]: [FOLLOWING] pos_ned=(7.44,-3.39,-4.86) target_ned=(7.54,-3.43,-4.87) pos_cmd_age=0.01s
[INFO] [1788685908.434884646] [fast_planner_bridge]: [FOLLOWING] pos_ned=(8.11,-3.41,-4.87) target_ned=(8.16,-3.37,-4.86) pos_cmd_age=0.00s
[INFO] [1788685909.434906103] [fast_planner_bridge]: [FOLLOWING] pos_ned=(8.70,-3.24,-4.94) target_ned=(8.67,-3.15,-4.89) pos_cmd_age=0.00s
[INFO] [1788685910.435116646] [fast_planner_bridge]: [FOLLOWING] pos_ned=(8.99,-2.95,-4.94) target_ned=(8.90,-2.90,-4.91) pos_cmd_age=0.00s
[INFO] [1788685911.434900167] [fast_planner_bridge]: [FOLLOWING] pos_ned=(9.01,-2.86,-4.90) target_ned=(8.92,-2.87,-4.92) pos_cmd_age=0.00s
[INFO] [1788685912.435046433] [fast_planner_bridge]: [FOLLOWING] pos_ned=(8.97,-2.96,-4.92) target_ned=(8.96,-2.91,-4.91) pos_cmd_age=0.00s
[INFO] [1788685913.435041068] [fast_planner_bridge]: [FOLLOWING] pos_ned=(9.19,-2.76,-4.94) target_ned=(9.23,-2.67,-4.92) pos_cmd_age=0.00s
[INFO] [1788685914.435037695] [fast_planner_bridge]: [FOLLOWING] pos_ned=(9.64,-2.21,-4.95) target_ned=(9.63,-2.17,-4.94) pos_cmd_age=0.00s
[INFO] [1788685915.435072913] [fast_planner_bridge]: [FOLLOWING] pos_ned=(9.99,-1.79,-4.95) target_ned=(9.89,-1.80,-4.96) pos_cmd_age=0.00s
[WARN] [1788685915.784759448] [fast_planner_bridge]: Shutdown signal 15 received -- ceasing ARM requests, commanding AUTO.LAND, will disarm and exit once landed. If this doesn't complete and the vehicle needs to come down NOW, use emergency_stop.py instead of repeating this signal.
[INFO] [1788685915.934908040] [fast_planner_bridge]: Requesting AUTO.LAND... nav_state=14
[INFO] [1788685916.185222280] [fast_planner_bridge]: Requesting AUTO.LAND... nav_state=14
[INFO] [1788685916.235014773] [fast_planner_bridge]: AUTO.LAND confirmed -- ceasing offboard setpoints, handing off to the autopilot.
[INFO] [1788685917.434951857] [fast_planner_bridge]: Waiting for disarm (backstop disarm sent)... arming_state=2
