[INFO] [1788690208.358065068] [vslam_compare]: vslam_compare: logging per-message CSV to /workspaces/isaac_ros-dev/results/feasibility_gate/gate_sweep_poor_none_r01/vslam_compare.csv (exp_id='gate_sweep_poor_none_r01')
[INFO] [1788690208.379357477] [vslam_compare]: vslam_compare ready -- watching /visual_slam/tracking/odometry vs /ground_truth/odom
[INFO] [1788690208.380430975] [vslam_compare]: Ground truth origin set: (0.007593796122819185, 0.014282891526818275, -0.010515928268432617)
[INFO] [1788690208.392833791] [vslam_compare]: cuVSLAM origin set: (-0.029170040041208267, -0.018092123791575432, 0.03020959347486496) -- tracking initialized
[INFO] [1788690209.379696998] [vslam_compare]: gt=(-0.0, -0.0, 0.0) vslam=(-0.0, -0.0, 0.0) error=0.005m max_error=0.005m (n=1)
[INFO] [1788690210.379677147] [vslam_compare]: gt=(0.0, 0.0, 0.0) vslam=(-0.0, -0.0, 0.0) error=0.005m max_error=0.005m (n=2)
[INFO] [1788690211.379907240] [vslam_compare]: gt=(0.02, 0.01, 0.0) vslam=(-0.0, -0.0, 0.0) error=0.020m max_error=0.020m (n=3)
[INFO] [1788690212.379758913] [vslam_compare]: gt=(0.03, 0.0, 0.01) vslam=(-0.0, -0.0, 0.0) error=0.030m max_error=0.030m (n=4)
[INFO] [1788690213.380126155] [vslam_compare]: gt=(0.03, 0.01, -0.0) vslam=(-0.0, -0.0, 0.0) error=0.026m max_error=0.030m (n=5)
[INFO] [1788690214.379679444] [vslam_compare]: gt=(0.03, 0.02, -0.01) vslam=(-0.0, -0.0, 0.0) error=0.032m max_error=0.032m (n=6)
[INFO] [1788690215.379703501] [vslam_compare]: gt=(0.02, 0.0, -0.01) vslam=(-0.0, -0.0, -0.0) error=0.024m max_error=0.032m (n=7)
[INFO] [1788690216.379615928] [vslam_compare]: gt=(0.02, 0.0, -0.02) vslam=(-0.01, -0.0, 0.0) error=0.034m max_error=0.034m (n=8)
[INFO] [1788690217.379985897] [vslam_compare]: gt=(0.02, -0.01, -0.03) vslam=(-0.01, -0.0, -0.0) error=0.036m max_error=0.036m (n=9)
[INFO] [1788690218.379852790] [vslam_compare]: gt=(0.07, -0.02, -0.02) vslam=(-0.02, -0.06, 0.05) error=0.120m max_error=0.120m (n=10)
[INFO] [1788690219.379708335] [vslam_compare]: gt=(0.16, 0.05, 0.29) vslam=(0.21, -0.08, 0.38) error=0.171m max_error=0.171m (n=11)
[INFO] [1788690220.379475988] [vslam_compare]: gt=(0.04, -0.04, 1.79) vslam=(0.21, -0.07, 1.61) error=0.247m max_error=0.247m (n=12)
[INFO] [1788690221.379765375] [vslam_compare]: gt=(-0.06, -0.12, 3.4) vslam=(0.19, 0.08, 2.85) error=0.639m max_error=0.639m (n=13)
[INFO] [1788690222.379764614] [vslam_compare]: gt=(-0.04, -0.07, 4.09) vslam=(0.2, 0.27, 3.65) error=0.610m max_error=0.639m (n=14)
[INFO] [1788690223.379793099] [vslam_compare]: gt=(-0.03, 0.01, 4.42) vslam=(0.23, 0.44, 4.03) error=0.637m max_error=0.639m (n=15)
[INFO] [1788690224.380327856] [vslam_compare]: gt=(-0.05, 0.02, 4.62) vslam=(0.27, 1.22, 4.41) error=1.261m max_error=1.261m (n=16)
[INFO] [1788690225.379551379] [vslam_compare]: gt=(-0.04, 0.0, 4.71) vslam=(0.36, 1.81, 4.62) error=1.853m max_error=1.853m (n=17)
[INFO] [1788690226.379518001] [vslam_compare]: gt=(-0.04, 0.04, 4.54) vslam=(0.37, 2.07, 4.4) error=2.073m max_error=2.073m (n=18)
[INFO] [1788690227.379651535] [vslam_compare]: gt=(-0.17, 0.24, 4.43) vslam=(0.28, 2.58, 4.22) error=2.388m max_error=2.388m (n=19)
[INFO] [1788690228.379651550] [vslam_compare]: gt=(-0.29, 0.73, 4.41) vslam=(0.09, 3.04, 4.12) error=2.360m max_error=2.388m (n=20)
[INFO] [1788690229.379948119] [vslam_compare]: gt=(-0.22, 1.31, 4.48) vslam=(0.05, 3.51, 4.11) error=2.252m max_error=2.388m (n=21)
[INFO] [1788690230.379982130] [vslam_compare]: gt=(-0.09, 1.79, 4.59) vslam=(0.17, 3.98, 4.09) error=2.259m max_error=2.388m (n=22)
[INFO] [1788690231.380268987] [vslam_compare]: gt=(0.15, 1.97, 4.64) vslam=(2.05, 3.51, 3.67) error=2.637m max_error=2.637m (n=23)
[INFO] [1788690232.379627313] [vslam_compare]: gt=(1.2, 1.83, 4.56) vslam=(2.79, 3.64, 3.63) error=2.587m max_error=2.637m (n=24)
[INFO] [1788690233.379685262] [vslam_compare]: gt=(1.32, 3.31, 3.24) vslam=(5.17, 3.88, 2.89) error=3.911m max_error=3.911m (n=25)
[INFO] [1788690234.379747190] [vslam_compare]: gt=(-0.51, 2.97, -0.09) vslam=(7.31, 6.13, 4.17) error=9.441m max_error=9.441m (n=26)
[INFO] [1788690235.379954480] [vslam_compare]: gt=(-0.82, 1.81, 0.27) vslam=(6.94, 5.94, 4.45) error=9.734m max_error=9.734m (n=27)
[INFO] [1788690236.379621989] [vslam_compare]: gt=(-1.45, 2.0, -0.5) vslam=(6.61, 5.68, 4.86) error=10.356m max_error=10.356m (n=28)
[INFO] [1788690237.379980587] [vslam_compare]: gt=(-0.67, 3.05, -0.2) vslam=(5.86, 5.32, 4.04) error=8.106m max_error=10.356m (n=29)
[INFO] [1788690238.380105177] [vslam_compare]: gt=(-0.65, 2.8, 0.15) vslam=(5.98, 5.04, 3.87) error=7.920m max_error=10.356m (n=30)
[INFO] [1788690239.379720229] [vslam_compare]: gt=(-2.76, 2.21, -0.1) vslam=(6.67, 6.68, 2.5) error=10.756m max_error=10.756m (n=31)
[INFO] [1788690240.379574524] [vslam_compare]: gt=(-5.3, 0.26, 0.43) vslam=(6.62, 11.71, 5.18) error=17.199m max_error=17.199m (n=32)
[INFO] [1788690241.379457590] [vslam_compare]: gt=(-5.63, 0.12, -0.01) vslam=(7.29, 12.51, 5.17) error=18.635m max_error=18.635m (n=33)
[INFO] [1788690242.379689379] [vslam_compare]: gt=(-5.43, 0.24, 0.01) vslam=(7.16, 12.48, 4.96) error=18.243m max_error=18.635m (n=34)
[INFO] [1788690243.379621302] [vslam_compare]: gt=(-5.52, -0.21, 0.02) vslam=(7.38, 12.3, 5.12) error=18.673m max_error=18.673m (n=35)
[INFO] [1788690244.379564742] [vslam_compare]: gt=(-5.72, -0.49, 0.03) vslam=(7.49, 12.41, 5.02) error=19.125m max_error=19.125m (n=36)
[INFO] [1788690245.379544871] [vslam_compare]: gt=(-5.55, -0.59, 0.14) vslam=(7.32, 12.49, 5.09) error=19.003m max_error=19.125m (n=37)
[INFO] [1788690246.379709416] [vslam_compare]: gt=(-5.46, -0.66, 0.13) vslam=(7.21, 12.51, 5.14) error=18.947m max_error=19.125m (n=38)
[INFO] [1788690247.379648925] [vslam_compare]: gt=(-5.26, -0.75, 0.24) vslam=(7.07, 12.4, 5.34) error=18.733m max_error=19.125m (n=39)
[INFO] [1788690248.379952120] [vslam_compare]: gt=(-5.11, -0.83, 0.22) vslam=(6.84, 12.41, 5.39) error=18.569m max_error=19.125m (n=40)
Traceback (most recent call last):
  File "/workspaces/isaac_ros-dev/ros2_ws/install/px4_vslam_bridge/lib/python3.10/site-packages/px4_vslam_bridge/vslam_compare.py", line 194, in main
    rclpy.spin(node)
  File "/opt/ros/humble/local/lib/python3.10/dist-packages/rclpy/__init__.py", line 229, in spin
    executor.spin_once()
  File "/opt/ros/humble/local/lib/python3.10/dist-packages/rclpy/executors.py", line 808, in spin_once
    self._spin_once_impl(timeout_sec)
  File "/opt/ros/humble/local/lib/python3.10/dist-packages/rclpy/executors.py", line 797, in _spin_once_impl
    handler, entity, node = self.wait_for_ready_callbacks(timeout_sec=timeout_sec)
  File "/opt/ros/humble/local/lib/python3.10/dist-packages/rclpy/executors.py", line 780, in wait_for_ready_callbacks
    return next(self._cb_iter)
  File "/opt/ros/humble/local/lib/python3.10/dist-packages/rclpy/executors.py", line 681, in _wait_for_ready_callbacks
    raise ExternalShutdownException()
rclpy.executors.ExternalShutdownException

During handling of the above exception, another exception occurred:

Traceback (most recent call last):
  File "/workspaces/isaac_ros-dev/ros2_ws/install/px4_vslam_bridge/lib/px4_vslam_bridge/vslam_compare", line 33, in <module>
    sys.exit(load_entry_point('px4-vslam-bridge==0.1.0', 'console_scripts', 'vslam_compare')())
  File "/workspaces/isaac_ros-dev/ros2_ws/install/px4_vslam_bridge/lib/python3.10/site-packages/px4_vslam_bridge/vslam_compare.py", line 199, in main
    rclpy.shutdown()
  File "/opt/ros/humble/local/lib/python3.10/dist-packages/rclpy/__init__.py", line 130, in shutdown
    _shutdown(context=context)
  File "/opt/ros/humble/local/lib/python3.10/dist-packages/rclpy/utilities.py", line 58, in shutdown
    return context.shutdown()
  File "/opt/ros/humble/local/lib/python3.10/dist-packages/rclpy/context.py", line 102, in shutdown
    self.__context.shutdown()
rclpy._rclpy_pybind11.RCLError: failed to shutdown: rcl_shutdown already called on the given context, at ./src/rcl/init.c:241
