[INFO] [1788752689.691500496] [visual_odometry_bridge]: visual_odometry_bridge ready: /visual_slam/tracking/odometry -> /fmu/in/vehicle_visual_odometry
[INFO] [1788752694.648204551] [visual_odometry_bridge]: published 100 vehicle_visual_odometry samples (last NED pos=(0.00,0.00,-0.00))
[INFO] [1788752699.697803083] [visual_odometry_bridge]: published 200 vehicle_visual_odometry samples (last NED pos=(0.00,0.00,-0.00))
[INFO] [1788752709.860960056] [visual_odometry_bridge]: published 400 vehicle_visual_odometry samples (last NED pos=(-0.09,-0.01,-4.45))
[INFO] [1788752714.879399139] [visual_odometry_bridge]: published 500 vehicle_visual_odometry samples (last NED pos=(-0.04,0.29,-5.18))
[INFO] [1788752720.022110894] [visual_odometry_bridge]: published 600 vehicle_visual_odometry samples (last NED pos=(-1.02,0.51,-5.25))
[INFO] [1788752725.086633512] [visual_odometry_bridge]: published 700 vehicle_visual_odometry samples (last NED pos=(-2.06,0.54,-5.52))
[INFO] [1788752730.202078232] [visual_odometry_bridge]: published 800 vehicle_visual_odometry samples (last NED pos=(-2.42,1.06,-5.71))
[INFO] [1788752735.341303417] [visual_odometry_bridge]: published 900 vehicle_visual_odometry samples (last NED pos=(-2.86,1.34,-5.91))
[INFO] [1788752740.478246771] [visual_odometry_bridge]: published 1000 vehicle_visual_odometry samples (last NED pos=(-3.73,0.95,-6.12))
Traceback (most recent call last):
  File "/workspaces/isaac_ros-dev/ros2_ws/install/px4_vslam_bridge/lib/python3.10/site-packages/px4_vslam_bridge/visual_odometry_bridge.py", line 160, in main
    rclpy.spin(node)
  File "/opt/ros/humble/local/lib/python3.10/dist-packages/rclpy/__init__.py", line 229, in spin
    executor.spin_once()
  File "/opt/ros/humble/local/lib/python3.10/dist-packages/rclpy/executors.py", line 808, in spin_once
    self._spin_once_impl(timeout_sec)
  File "/opt/ros/humble/local/lib/python3.10/dist-packages/rclpy/executors.py", line 797, in _spin_once_impl
    handler, entity, node = self.wait_for_ready_callbacks(timeout_sec=timeout_sec)
  File "/opt/ros/humble/local/lib/python3.10/dist-packages/rclpy/executors.py", line 780, in wait_for_ready_callbacks
    return next(self._cb_iter)
  File "/opt/ros/humble/local/lib/python3.10/dist-packages/rclpy/executors.py", line 681, in _wait_for_ready_callbacks
    raise ExternalShutdownException()
rclpy.executors.ExternalShutdownException

During handling of the above exception, another exception occurred:

Traceback (most recent call last):
  File "/workspaces/isaac_ros-dev/ros2_ws/install/px4_vslam_bridge/lib/px4_vslam_bridge/visual_odometry_bridge", line 33, in <module>
    sys.exit(load_entry_point('px4-vslam-bridge==0.1.0', 'console_scripts', 'visual_odometry_bridge')())
  File "/workspaces/isaac_ros-dev/ros2_ws/install/px4_vslam_bridge/lib/python3.10/site-packages/px4_vslam_bridge/visual_odometry_bridge.py", line 165, in main
    rclpy.shutdown()
  File "/opt/ros/humble/local/lib/python3.10/dist-packages/rclpy/__init__.py", line 130, in shutdown
    _shutdown(context=context)
  File "/opt/ros/humble/local/lib/python3.10/dist-packages/rclpy/utilities.py", line 58, in shutdown
    return context.shutdown()
  File "/opt/ros/humble/local/lib/python3.10/dist-packages/rclpy/context.py", line 102, in shutdown
    self.__context.shutdown()
rclpy._rclpy_pybind11.RCLError: failed to shutdown: rcl_shutdown already called on the given context, at ./src/rcl/init.c:241
