[INFO] [1788598934.672854941] [fast_planner_bridge]: fast_planner_bridge ready -- will capture home at arm time and climb (0.0, 0.0, -5.0) NED relative to it, then follow /planning/pos_cmd from Fast-Planner
[INFO] [1788598934.673233630] [fast_planner_bridge]: >>> Press ENTER to arm and fly (or set OFFBOARD_AUTO_START=1) <<<
[INFO] [1788598937.494777707] [fast_planner_bridge]: OFFBOARD + ARMED confirmed -- home_ned=(0.010643837973475456, -0.014769986271858215, -0.006998345255851746), climbing to (0.010643837973475456, -0.014769986271858215, -5.006998345255852).
[INFO] [1788598937.645036296] [fast_planner_bridge]: [CLIMBING] pos_ned=(0.01,-0.02,-0.00) dist=5.00m
[INFO] [1788598938.644907595] [fast_planner_bridge]: [CLIMBING] pos_ned=(0.01,-0.03,0.01) dist=5.02m
[INFO] [1788598939.644764419] [fast_planner_bridge]: [CLIMBING] pos_ned=(0.01,-0.04,0.02) dist=5.03m
[INFO] [1788598940.644736085] [fast_planner_bridge]: [CLIMBING] pos_ned=(0.02,-0.04,0.01) dist=5.02m
[INFO] [1788598941.645143160] [fast_planner_bridge]: [CLIMBING] pos_ned=(0.03,0.04,0.01) dist=5.01m
[INFO] [1788598942.644862752] [fast_planner_bridge]: [CLIMBING] pos_ned=(0.02,0.07,0.01) dist=5.01m
[INFO] [1788598943.644756979] [fast_planner_bridge]: [CLIMBING] pos_ned=(-0.05,-0.06,-0.34) dist=4.67m
[INFO] [1788598944.644708147] [fast_planner_bridge]: [CLIMBING] pos_ned=(-0.25,-0.40,-1.95) dist=3.10m
[INFO] [1788598945.644872462] [fast_planner_bridge]: [CLIMBING] pos_ned=(-0.29,-0.23,-3.41) dist=1.63m
[INFO] [1788598946.644703366] [fast_planner_bridge]: [CLIMBING] pos_ned=(-0.09,-0.10,-4.04) dist=0.97m
[INFO] [1788598947.645263358] [fast_planner_bridge]: [CLIMBING] pos_ned=(0.06,-0.04,-4.37) dist=0.64m
[INFO] [1788598948.645139935] [fast_planner_bridge]: [CLIMBING] pos_ned=(0.10,0.04,-4.57) dist=0.45m
[INFO] [1788598949.644760998] [fast_planner_bridge]: [CLIMBING] pos_ned=(0.06,0.09,-4.72) dist=0.31m
[INFO] [1788598949.844976962] [fast_planner_bridge]: Climb complete (dist=0.30m) -- following Fast-Planner.
[INFO] [1788598950.644842839] [fast_planner_bridge]: [FOLLOWING] pos_ned=(0.04,0.10,-4.70) target_ned=(0.05,0.10,-4.74) pos_cmd_age=0.00s
[INFO] [1788598951.644894015] [fast_planner_bridge]: [FOLLOWING] pos_ned=(0.07,0.14,-4.66) target_ned=(0.05,0.10,-4.74) pos_cmd_age=0.00s
[INFO] [1788598952.644965231] [fast_planner_bridge]: [FOLLOWING] pos_ned=(0.13,0.12,-4.68) target_ned=(0.14,0.03,-4.74) pos_cmd_age=0.00s
[INFO] [1788598953.644754314] [fast_planner_bridge]: [FOLLOWING] pos_ned=(0.47,-0.16,-4.76) target_ned=(0.57,-0.19,-4.78) pos_cmd_age=0.00s
[INFO] [1788598954.645025405] [fast_planner_bridge]: [FOLLOWING] pos_ned=(1.19,-0.41,-4.82) target_ned=(1.27,-0.42,-4.84) pos_cmd_age=0.00s
[INFO] [1788598955.644867282] [fast_planner_bridge]: [FOLLOWING] pos_ned=(2.07,-0.64,-4.87) target_ned=(2.09,-0.60,-4.89) pos_cmd_age=0.00s
[INFO] [1788598956.644816587] [fast_planner_bridge]: [FOLLOWING] pos_ned=(2.82,-0.77,-4.89) target_ned=(2.82,-0.74,-4.91) pos_cmd_age=0.00s
[INFO] [1788598957.644893876] [fast_planner_bridge]: [FOLLOWING] pos_ned=(3.20,-0.79,-4.89) target_ned=(3.12,-0.83,-4.89) pos_cmd_age=0.00s
[INFO] [1788598958.644973413] [fast_planner_bridge]: [FOLLOWING] pos_ned=(3.40,-1.06,-4.89) target_ned=(3.41,-1.20,-4.89) pos_cmd_age=0.00s
[INFO] [1788598959.644770595] [fast_planner_bridge]: [FOLLOWING] pos_ned=(3.86,-1.75,-4.90) target_ned=(3.91,-1.88,-4.89) pos_cmd_age=0.00s
[INFO] [1788598960.644963021] [fast_planner_bridge]: [FOLLOWING] pos_ned=(4.39,-2.49,-4.92) target_ned=(4.47,-2.58,-4.91) pos_cmd_age=0.00s
[INFO] [1788598961.644775387] [fast_planner_bridge]: [FOLLOWING] pos_ned=(4.95,-3.11,-4.95) target_ned=(5.09,-3.19,-4.94) pos_cmd_age=0.00s
[INFO] [1788598962.644946927] [fast_planner_bridge]: [FOLLOWING] pos_ned=(5.52,-3.51,-4.90) target_ned=(5.57,-3.55,-4.94) pos_cmd_age=0.00s
[INFO] [1788598963.645356913] [fast_planner_bridge]: [FOLLOWING] pos_ned=(5.71,-3.57,-4.83) target_ned=(5.74,-3.58,-4.87) pos_cmd_age=0.00s
[INFO] [1788598964.644881008] [fast_planner_bridge]: [FOLLOWING] pos_ned=(5.79,-3.14,-4.63) target_ned=(5.64,-3.23,-4.76) pos_cmd_age=0.00s
[INFO] [1788598965.644675248] [fast_planner_bridge]: [FOLLOWING] pos_ned=(5.66,-2.64,-4.75) target_ned=(5.46,-2.57,-4.74) pos_cmd_age=0.00s
[INFO] [1788598966.644688186] [fast_planner_bridge]: [FOLLOWING] pos_ned=(4.17,-3.02,-4.26) target_ned=(5.14,-3.02,-4.56) pos_cmd_age=0.00s
[INFO] [1788598967.644800946] [fast_planner_bridge]: [FOLLOWING] pos_ned=(4.34,-2.69,-4.21) target_ned=(5.14,-3.02,-4.56) pos_cmd_age=0.00s
[INFO] [1788598968.644940188] [fast_planner_bridge]: [FOLLOWING] pos_ned=(5.02,-2.89,-4.38) target_ned=(5.17,-3.05,-4.56) pos_cmd_age=0.00s
[INFO] [1788598969.645028856] [fast_planner_bridge]: [FOLLOWING] pos_ned=(5.47,-3.15,-4.62) target_ned=(5.51,-3.30,-4.57) pos_cmd_age=0.00s
[INFO] [1788598970.644915432] [fast_planner_bridge]: [FOLLOWING] pos_ned=(6.10,-3.52,-4.59) target_ned=(6.17,-3.65,-4.61) pos_cmd_age=0.00s
[INFO] [1788598971.644927750] [fast_planner_bridge]: [FOLLOWING] pos_ned=(7.02,-3.75,-4.61) target_ned=(6.89,-3.92,-4.67) pos_cmd_age=0.00s
[INFO] [1788598972.645056620] [fast_planner_bridge]: [FOLLOWING] pos_ned=(7.63,-3.93,-4.84) target_ned=(7.46,-3.93,-4.75) pos_cmd_age=0.00s
[INFO] [1788598973.644712995] [fast_planner_bridge]: [FOLLOWING] pos_ned=(7.85,-3.68,-4.80) target_ned=(7.70,-3.54,-4.83) pos_cmd_age=0.00s
[INFO] [1788598974.644704509] [fast_planner_bridge]: [FOLLOWING] pos_ned=(7.76,-2.96,-4.91) target_ned=(7.65,-2.88,-4.87) pos_cmd_age=0.00s
[INFO] [1788598975.645254496] [fast_planner_bridge]: [FOLLOWING] pos_ned=(7.60,-2.22,-4.92) target_ned=(7.60,-2.24,-4.89) pos_cmd_age=0.00s
[INFO] [1788598976.644820434] [fast_planner_bridge]: [FOLLOWING] pos_ned=(7.82,-1.88,-4.92) target_ned=(7.83,-1.83,-4.90) pos_cmd_age=0.00s
[INFO] [1788598977.644809128] [fast_planner_bridge]: [FOLLOWING] pos_ned=(8.43,-1.68,-4.91) target_ned=(8.42,-1.70,-4.92) pos_cmd_age=0.00s
[WARN] [1788598977.726413549] [fast_planner_bridge]: Shutdown signal 15 received -- ceasing ARM requests, commanding AUTO.LAND, will disarm and exit once landed. If this doesn't complete and the vehicle needs to come down NOW, use emergency_stop.py instead of repeating this signal.
[INFO] [1788598977.895002238] [fast_planner_bridge]: Requesting AUTO.LAND... nav_state=14
[INFO] [1788598977.944670468] [fast_planner_bridge]: AUTO.LAND confirmed -- ceasing offboard setpoints, handing off to the autopilot.
[INFO] [1788598978.645118975] [fast_planner_bridge]: Waiting for disarm (backstop disarm sent)... arming_state=2
[INFO] [1788598980.644652208] [fast_planner_bridge]: Waiting for disarm (backstop disarm sent)... arming_state=2
