[INFO] [1788755577.213392721] [vslam_compare]: vslam_compare: logging per-message CSV to /workspaces/isaac_ros-dev/results/route2_probe/r2_2_L2_r07/vslam_compare.csv (exp_id='r2_2_L2_r07')
[INFO] [1788755577.233292416] [vslam_compare]: vslam_compare ready -- watching /visual_slam/tracking/odometry vs /ground_truth/odom
[INFO] [1788755577.234351835] [vslam_compare]: Ground truth origin set: (-0.012618022970855236, 0.04782354086637497, -0.03846663236618042)
[INFO] [1788755577.272173264] [vslam_compare]: cuVSLAM origin set: (0.0, 0.0, 0.0) -- tracking initialized
[INFO] [1788755578.233634079] [vslam_compare]: gt=(-0.01, 0.01, 0.0) vslam=(0.0, 0.0, 0.0) error=0.008m max_error=0.008m (n=1)
[INFO] [1788755579.233522717] [vslam_compare]: gt=(-0.01, 0.0, -0.0) vslam=(0.0, 0.0, 0.0) error=0.010m max_error=0.010m (n=2)
[INFO] [1788755580.233513563] [vslam_compare]: gt=(-0.01, -0.02, -0.0) vslam=(0.0, 0.0, 0.0) error=0.019m max_error=0.019m (n=3)
[INFO] [1788755581.233651783] [vslam_compare]: gt=(-0.0, -0.03, 0.0) vslam=(0.0, 0.0, 0.0) error=0.030m max_error=0.030m (n=4)
[INFO] [1788755582.233823050] [vslam_compare]: gt=(-0.0, -0.03, -0.0) vslam=(0.0, 0.0, 0.0) error=0.031m max_error=0.031m (n=5)
[INFO] [1788755583.233498521] [vslam_compare]: gt=(0.01, -0.02, -0.0) vslam=(0.0, 0.0, 0.0) error=0.024m max_error=0.031m (n=6)
[INFO] [1788755584.233784403] [vslam_compare]: gt=(0.01, -0.02, -0.01) vslam=(0.0, 0.0, 0.0) error=0.022m max_error=0.031m (n=7)
[INFO] [1788755585.233411010] [vslam_compare]: gt=(0.0, -0.01, -0.01) vslam=(0.0, 0.0, 0.0) error=0.015m max_error=0.031m (n=8)
[INFO] [1788755586.233563658] [vslam_compare]: gt=(0.0, -0.0, -0.0) vslam=(0.0, 0.0, 0.0) error=0.006m max_error=0.031m (n=9)
[INFO] [1788755587.233837170] [vslam_compare]: gt=(0.0, 0.0, -0.0) vslam=(0.0, 0.0, 0.0) error=0.004m max_error=0.031m (n=10)
[INFO] [1788755588.233871162] [vslam_compare]: gt=(-0.0, -0.0, -0.0) vslam=(0.0, 0.0, 0.0) error=0.004m max_error=0.031m (n=11)
[INFO] [1788755589.233653721] [vslam_compare]: gt=(-0.0, -0.01, -0.0) vslam=(0.0, 0.0, 0.0) error=0.008m max_error=0.031m (n=12)
[INFO] [1788755590.233394185] [vslam_compare]: gt=(-0.01, -0.01, -0.0) vslam=(0.0, 0.0, 0.0) error=0.012m max_error=0.031m (n=13)
[INFO] [1788755591.233829370] [vslam_compare]: gt=(-0.01, -0.01, 0.0) vslam=(0.0, 0.0, 0.0) error=0.018m max_error=0.031m (n=14)
[INFO] [1788755592.233687355] [vslam_compare]: gt=(-0.01, -0.01, 0.0) vslam=(-0.0, -0.01, 0.0) error=0.007m max_error=0.031m (n=15)
[INFO] [1788755593.233541536] [vslam_compare]: gt=(0.06, -0.01, 0.02) vslam=(0.08, -0.07, -0.0) error=0.066m max_error=0.066m (n=16)
[INFO] [1788755594.233715358] [vslam_compare]: gt=(0.12, -0.03, 0.76) vslam=(0.29, -0.04, 0.5) error=0.313m max_error=0.313m (n=17)
[INFO] [1788755595.233672664] [vslam_compare]: gt=(0.08, -0.19, 2.34) vslam=(0.22, -0.25, 2.14) error=0.244m max_error=0.313m (n=18)
[INFO] [1788755596.233455032] [vslam_compare]: gt=(0.01, -0.2, 3.61) vslam=(0.1, -0.26, 3.6) error=0.109m max_error=0.313m (n=19)
[INFO] [1788755597.233759273] [vslam_compare]: gt=(-0.05, -0.1, 4.26) vslam=(-0.0, -0.14, 4.49) error=0.234m max_error=0.313m (n=20)
[INFO] [1788755598.233677397] [vslam_compare]: gt=(-0.07, -0.01, 4.59) vslam=(-0.09, 0.03, 4.94) error=0.351m max_error=0.351m (n=21)
[INFO] [1788755599.233779042] [vslam_compare]: gt=(-0.07, 0.02, 4.76) vslam=(-0.09, 0.08, 5.06) error=0.302m max_error=0.351m (n=22)
[INFO] [1788755600.233446188] [vslam_compare]: gt=(-0.03, 0.02, 4.82) vslam=(-0.06, 0.09, 5.08) error=0.266m max_error=0.351m (n=23)
[INFO] [1788755601.233727443] [vslam_compare]: gt=(0.05, -0.06, 4.86) vslam=(0.1, -0.09, 5.05) error=0.194m max_error=0.351m (n=24)
[INFO] [1788755602.233555792] [vslam_compare]: gt=(0.17, -0.16, 4.91) vslam=(0.21, -0.19, 5.08) error=0.180m max_error=0.351m (n=25)
[INFO] [1788755603.233603903] [vslam_compare]: gt=(0.3, -0.27, 4.95) vslam=(0.33, -0.28, 5.13) error=0.185m max_error=0.351m (n=26)
[INFO] [1788755604.233488617] [vslam_compare]: gt=(0.42, -0.36, 5.0) vslam=(0.52, -0.45, 5.08) error=0.157m max_error=0.351m (n=27)
[INFO] [1788755605.233843087] [vslam_compare]: gt=(0.45, -0.51, 4.95) vslam=(0.55, -0.57, 5.07) error=0.173m max_error=0.351m (n=28)
[INFO] [1788755606.233564861] [vslam_compare]: gt=(0.37, -0.67, 4.97) vslam=(0.5, -0.77, 5.08) error=0.198m max_error=0.351m (n=29)
[INFO] [1788755607.233489062] [vslam_compare]: gt=(0.29, -0.84, 5.0) vslam=(0.44, -0.94, 5.11) error=0.207m max_error=0.351m (n=30)
[INFO] [1788755608.233667079] [vslam_compare]: gt=(0.24, -1.01, 5.0) vslam=(0.39, -1.09, 5.13) error=0.215m max_error=0.351m (n=31)
[INFO] [1788755609.233859919] [vslam_compare]: gt=(0.22, -1.18, 5.06) vslam=(0.35, -1.27, 5.19) error=0.211m max_error=0.351m (n=32)
[INFO] [1788755610.233643295] [vslam_compare]: gt=(0.21, -1.34, 5.11) vslam=(0.34, -1.43, 5.24) error=0.203m max_error=0.351m (n=33)
[INFO] [1788755611.233728679] [vslam_compare]: gt=(0.22, -1.5, 5.11) vslam=(0.35, -1.64, 5.28) error=0.258m max_error=0.351m (n=34)
[INFO] [1788755612.233686134] [vslam_compare]: gt=(0.25, -1.64, 5.07) vslam=(0.38, -1.8, 5.27) error=0.284m max_error=0.351m (n=35)
[INFO] [1788755613.233555315] [vslam_compare]: gt=(0.33, -1.75, 5.11) vslam=(0.46, -1.93, 5.32) error=0.303m max_error=0.351m (n=36)
[INFO] [1788755614.233765978] [vslam_compare]: gt=(0.43, -1.85, 5.15) vslam=(0.55, -2.04, 5.33) error=0.289m max_error=0.351m (n=37)
[INFO] [1788755615.233719027] [vslam_compare]: gt=(0.52, -1.93, 5.18) vslam=(0.65, -2.13, 5.36) error=0.299m max_error=0.351m (n=38)
[INFO] [1788755616.233638896] [vslam_compare]: gt=(0.62, -1.99, 5.2) vslam=(0.75, -2.18, 5.4) error=0.304m max_error=0.351m (n=39)
[INFO] [1788755617.233651335] [vslam_compare]: gt=(0.74, -2.04, 5.22) vslam=(0.84, -2.24, 5.43) error=0.310m max_error=0.351m (n=40)
[INFO] [1788755618.233618893] [vslam_compare]: gt=(0.85, -2.07, 5.25) vslam=(0.95, -2.28, 5.47) error=0.319m max_error=0.351m (n=41)
[INFO] [1788755619.233566958] [vslam_compare]: gt=(0.96, -2.12, 5.27) vslam=(1.05, -2.33, 5.5) error=0.328m max_error=0.351m (n=42)
[INFO] [1788755620.233676102] [vslam_compare]: gt=(1.1, -2.1, 5.26) vslam=(1.23, -2.33, 5.51) error=0.363m max_error=0.363m (n=43)
[INFO] [1788755621.233610990] [vslam_compare]: gt=(1.19, -2.11, 5.32) vslam=(1.36, -2.31, 5.52) error=0.333m max_error=0.363m (n=44)
[INFO] [1788755622.233604192] [vslam_compare]: gt=(1.14, -2.27, 5.36) vslam=(1.3, -2.5, 5.58) error=0.359m max_error=0.363m (n=45)
[INFO] [1788755623.233688281] [vslam_compare]: gt=(1.07, -2.46, 5.4) vslam=(1.24, -2.68, 5.64) error=0.360m max_error=0.363m (n=46)
[INFO] [1788755624.233798402] [vslam_compare]: gt=(1.0, -2.62, 5.46) vslam=(1.17, -2.86, 5.7) error=0.376m max_error=0.376m (n=47)
[INFO] [1788755625.233872820] [vslam_compare]: gt=(0.92, -2.79, 5.52) vslam=(1.12, -3.03, 5.76) error=0.391m max_error=0.391m (n=48)
[INFO] [1788755626.233592720] [vslam_compare]: gt=(0.88, -2.97, 5.57) vslam=(1.08, -3.21, 5.82) error=0.399m max_error=0.399m (n=49)
[INFO] [1788755627.233592834] [vslam_compare]: gt=(0.8, -3.13, 5.62) vslam=(1.02, -3.36, 5.84) error=0.393m max_error=0.399m (n=50)
[INFO] [1788755628.233714824] [vslam_compare]: gt=(0.71, -3.28, 5.66) vslam=(0.94, -3.51, 5.88) error=0.397m max_error=0.399m (n=51)
[INFO] [1788755629.233484750] [vslam_compare]: gt=(0.64, -3.39, 5.68) vslam=(0.86, -3.64, 5.91) error=0.403m max_error=0.403m (n=52)
[INFO] [1788755630.233931975] [vslam_compare]: gt=(0.6, -3.42, 5.69) vslam=(0.81, -3.68, 5.92) error=0.407m max_error=0.407m (n=53)
[INFO] [1788755631.233688333] [vslam_compare]: gt=(0.6, -3.41, 5.7) vslam=(0.8, -3.67, 5.93) error=0.410m max_error=0.410m (n=54)
[INFO] [1788755632.233483418] [vslam_compare]: gt=(0.6, -3.39, 5.7) vslam=(0.8, -3.67, 5.93) error=0.415m max_error=0.415m (n=55)
[INFO] [1788755633.233672204] [vslam_compare]: gt=(0.62, -3.38, 5.7) vslam=(0.81, -3.68, 5.93) error=0.416m max_error=0.416m (n=56)
[INFO] [1788755634.233715167] [vslam_compare]: gt=(0.64, -3.39, 5.7) vslam=(0.81, -3.69, 5.93) error=0.417m max_error=0.417m (n=57)
[INFO] [1788755635.233687420] [vslam_compare]: gt=(0.64, -3.41, 5.7) vslam=(0.78, -3.76, 5.97) error=0.467m max_error=0.467m (n=58)
Traceback (most recent call last):
  File "/workspaces/isaac_ros-dev/ros2_ws/install/px4_vslam_bridge/lib/python3.10/site-packages/px4_vslam_bridge/vslam_compare.py", line 194, in main
    rclpy.spin(node)
  File "/opt/ros/humble/local/lib/python3.10/dist-packages/rclpy/__init__.py", line 229, in spin
    executor.spin_once()
  File "/opt/ros/humble/local/lib/python3.10/dist-packages/rclpy/executors.py", line 808, in spin_once
    self._spin_once_impl(timeout_sec)
  File "/opt/ros/humble/local/lib/python3.10/dist-packages/rclpy/executors.py", line 797, in _spin_once_impl
    handler, entity, node = self.wait_for_ready_callbacks(timeout_sec=timeout_sec)
  File "/opt/ros/humble/local/lib/python3.10/dist-packages/rclpy/executors.py", line 780, in wait_for_ready_callbacks
    return next(self._cb_iter)
  File "/opt/ros/humble/local/lib/python3.10/dist-packages/rclpy/executors.py", line 681, in _wait_for_ready_callbacks
    raise ExternalShutdownException()
rclpy.executors.ExternalShutdownException

During handling of the above exception, another exception occurred:

Traceback (most recent call last):
  File "/workspaces/isaac_ros-dev/ros2_ws/install/px4_vslam_bridge/lib/px4_vslam_bridge/vslam_compare", line 33, in <module>
    sys.exit(load_entry_point('px4-vslam-bridge==0.1.0', 'console_scripts', 'vslam_compare')())
  File "/workspaces/isaac_ros-dev/ros2_ws/install/px4_vslam_bridge/lib/python3.10/site-packages/px4_vslam_bridge/vslam_compare.py", line 199, in main
    rclpy.shutdown()
  File "/opt/ros/humble/local/lib/python3.10/dist-packages/rclpy/__init__.py", line 130, in shutdown
    _shutdown(context=context)
  File "/opt/ros/humble/local/lib/python3.10/dist-packages/rclpy/utilities.py", line 58, in shutdown
    return context.shutdown()
  File "/opt/ros/humble/local/lib/python3.10/dist-packages/rclpy/context.py", line 102, in shutdown
    self.__context.shutdown()
rclpy._rclpy_pybind11.RCLError: failed to shutdown: rcl_shutdown already called on the given context, at ./src/rcl/init.c:241
