[INFO] [1788755715.131966296] [vslam_compare]: vslam_compare: logging per-message CSV to /workspaces/isaac_ros-dev/results/route2_probe/r2_2_L2_r12/vslam_compare.csv (exp_id='r2_2_L2_r12')
[INFO] [1788755715.150538353] [vslam_compare]: vslam_compare ready -- watching /visual_slam/tracking/odometry vs /ground_truth/odom
[INFO] [1788755715.157452788] [vslam_compare]: Ground truth origin set: (-0.0019781067967414856, 0.003772365627810359, 0.01026308536529541)
[INFO] [1788755716.106949276] [vslam_compare]: cuVSLAM origin set: (0.0, 0.0, 0.0) -- tracking initialized
[INFO] [1788755716.150888659] [vslam_compare]: gt=(-0.0, -0.01, 0.0) vslam=(0.0, 0.0, 0.0) error=0.012m max_error=0.012m (n=1)
[INFO] [1788755717.150979255] [vslam_compare]: gt=(-0.0, -0.01, 0.01) vslam=(0.0, 0.0, 0.0) error=0.016m max_error=0.016m (n=2)
[INFO] [1788755718.151408467] [vslam_compare]: gt=(0.01, -0.01, 0.01) vslam=(0.0, 0.0, 0.0) error=0.012m max_error=0.016m (n=3)
[INFO] [1788755719.150948907] [vslam_compare]: gt=(0.01, -0.0, 0.01) vslam=(0.0, 0.0, 0.0) error=0.017m max_error=0.017m (n=4)
[INFO] [1788755720.150825838] [vslam_compare]: gt=(0.02, 0.0, 0.01) vslam=(0.0, 0.0, 0.0) error=0.022m max_error=0.022m (n=5)
[INFO] [1788755721.150681682] [vslam_compare]: gt=(0.02, -0.0, 0.01) vslam=(0.0, 0.0, 0.0) error=0.023m max_error=0.023m (n=6)
[INFO] [1788755722.150675030] [vslam_compare]: gt=(0.03, -0.01, 0.01) vslam=(0.0, 0.0, 0.0) error=0.029m max_error=0.029m (n=7)
[INFO] [1788755723.150777208] [vslam_compare]: gt=(0.03, -0.01, 0.01) vslam=(0.0, 0.0, 0.0) error=0.029m max_error=0.029m (n=8)
[INFO] [1788755724.150799427] [vslam_compare]: gt=(0.02, -0.01, 0.01) vslam=(0.0, 0.0, 0.0) error=0.025m max_error=0.029m (n=9)
[INFO] [1788755725.151443439] [vslam_compare]: gt=(0.02, -0.01, 0.04) vslam=(0.0, 0.0, 0.0) error=0.045m max_error=0.045m (n=10)
[INFO] [1788755726.150946310] [vslam_compare]: gt=(0.01, -0.01, 0.07) vslam=(0.0, 0.0, 0.0) error=0.075m max_error=0.075m (n=11)
[INFO] [1788755727.150672688] [vslam_compare]: gt=(0.0, -0.02, 0.09) vslam=(0.0, 0.0, 0.0) error=0.088m max_error=0.088m (n=12)
[INFO] [1788755728.151071855] [vslam_compare]: gt=(-0.0, -0.02, 0.09) vslam=(-0.0, -0.0, 0.0) error=0.096m max_error=0.096m (n=13)
[INFO] [1788755729.150858123] [vslam_compare]: gt=(0.04, -0.02, 0.1) vslam=(-0.01, -0.06, 0.02) error=0.104m max_error=0.104m (n=14)
[INFO] [1788755730.150932902] [vslam_compare]: gt=(0.14, -0.01, 0.18) vslam=(0.25, -0.05, 0.02) error=0.199m max_error=0.199m (n=15)
[INFO] [1788755731.150922672] [vslam_compare]: gt=(0.1, -0.09, 1.33) vslam=(0.21, -0.08, 0.91) error=0.443m max_error=0.443m (n=16)
[INFO] [1788755732.150695674] [vslam_compare]: gt=(-0.03, -0.19, 2.86) vslam=(0.03, -0.24, 2.54) error=0.325m max_error=0.443m (n=17)
[INFO] [1788755733.150891802] [vslam_compare]: gt=(-0.1, -0.14, 3.89) vslam=(-0.2, 0.34, 5.68) error=1.859m max_error=1.859m (n=18)
[INFO] [1788755734.150697483] [vslam_compare]: gt=(-0.12, 0.06, 4.68) vslam=(-0.2, 0.49, 6.06) error=1.443m max_error=1.859m (n=19)
[INFO] [1788755735.150892084] [vslam_compare]: gt=(-0.1, 0.13, 4.8) vslam=(-0.18, 0.59, 6.0) error=1.287m max_error=1.859m (n=20)
[INFO] [1788755736.151118990] [vslam_compare]: gt=(-0.01, 0.05, 4.74) vslam=(0.01, 1.12, 6.06) error=1.700m max_error=1.859m (n=21)
[INFO] [1788755737.150910833] [vslam_compare]: gt=(0.12, 0.0, 4.72) vslam=(0.07, 1.44, 5.83) error=1.818m max_error=1.859m (n=22)
[INFO] [1788755738.150709704] [vslam_compare]: gt=(0.23, -0.0, 4.68) vslam=(0.13, 1.33, 5.87) error=1.790m max_error=1.859m (n=23)
[INFO] [1788755739.150854623] [vslam_compare]: gt=(0.32, -0.1, 4.68) vslam=(0.09, 2.03, 5.79) error=2.407m max_error=2.407m (n=24)
[INFO] [1788755740.151013933] [vslam_compare]: gt=(0.42, -0.11, 4.68) vslam=(0.31, 1.92, 5.75) error=2.297m max_error=2.407m (n=25)
[INFO] [1788755741.151142067] [vslam_compare]: gt=(0.55, -0.21, 4.7) vslam=(0.43, 1.86, 5.83) error=2.362m max_error=2.407m (n=26)
[INFO] [1788755742.150760257] [vslam_compare]: gt=(0.68, -0.39, 4.75) vslam=(1.13, 1.14, 6.41) error=2.302m max_error=2.407m (n=27)
[INFO] [1788755743.151038542] [vslam_compare]: gt=(0.86, -0.62, 4.86) vslam=(1.11, 1.41, 6.32) error=2.510m max_error=2.510m (n=28)
[INFO] [1788755744.150980903] [vslam_compare]: gt=(0.89, -0.81, 4.9) vslam=(1.17, 1.43, 6.3) error=2.665m max_error=2.665m (n=29)
[INFO] [1788755745.150863584] [vslam_compare]: gt=(0.89, -0.99, 4.88) vslam=(1.3, 1.15, 6.39) error=2.651m max_error=2.665m (n=30)
[INFO] [1788755746.151240786] [vslam_compare]: gt=(0.9, -1.17, 4.83) vslam=(1.28, 1.08, 6.38) error=2.755m max_error=2.755m (n=31)
[INFO] [1788755747.150655946] [vslam_compare]: gt=(0.93, -1.31, 4.88) vslam=(1.28, 0.89, 6.47) error=2.738m max_error=2.755m (n=32)
[INFO] [1788755748.150943634] [vslam_compare]: gt=(0.97, -1.42, 4.84) vslam=(1.31, 0.82, 6.5) error=2.805m max_error=2.805m (n=33)
[INFO] [1788755749.151216808] [vslam_compare]: gt=(1.03, -1.52, 4.87) vslam=(1.4, 0.75, 6.56) error=2.858m max_error=2.858m (n=34)
[INFO] [1788755750.150756133] [vslam_compare]: gt=(1.11, -1.6, 4.89) vslam=(1.47, 0.7, 6.63) error=2.900m max_error=2.900m (n=35)
[INFO] [1788755751.150950473] [vslam_compare]: gt=(1.19, -1.67, 4.9) vslam=(1.56, 0.64, 6.69) error=2.942m max_error=2.942m (n=36)
[INFO] [1788755752.150926894] [vslam_compare]: gt=(1.29, -1.73, 4.93) vslam=(1.95, -1.14, 6.67) error=1.956m max_error=2.942m (n=37)
[INFO] [1788755753.150881335] [vslam_compare]: gt=(0.37, -1.41, 4.86) vslam=(1.57, -1.03, 6.62) error=2.162m max_error=2.942m (n=38)
[INFO] [1788755754.150830950] [vslam_compare]: gt=(0.23, -1.64, 4.91) vslam=(1.33, -0.6, 6.74) error=2.380m max_error=2.942m (n=39)
[INFO] [1788755755.151824409] [vslam_compare]: gt=(0.21, -1.76, 4.98) vslam=(0.98, -0.12, 6.92) error=2.654m max_error=2.942m (n=40)
[INFO] [1788755756.150807406] [vslam_compare]: gt=(0.07, -1.72, 5.08) vslam=(0.94, -0.03, 7.01) error=2.708m max_error=2.942m (n=41)
[INFO] [1788755757.150873011] [vslam_compare]: gt=(-0.0, -1.77, 5.17) vslam=(0.89, -0.38, 7.24) error=2.645m max_error=2.942m (n=42)
[INFO] [1788755758.151184765] [vslam_compare]: gt=(-0.05, -1.96, 5.29) vslam=(0.43, -0.32, 7.42) error=2.730m max_error=2.942m (n=43)
[INFO] [1788755759.150823506] [vslam_compare]: gt=(-0.13, -2.11, 5.4) vslam=(0.24, -0.34, 7.53) error=2.788m max_error=2.942m (n=44)
[INFO] [1788755760.151149794] [vslam_compare]: gt=(-0.54, -2.35, 5.53) vslam=(0.8, -1.62, 7.26) error=2.310m max_error=2.942m (n=45)
[INFO] [1788755761.151204159] [vslam_compare]: gt=(-1.36, -2.75, 5.41) vslam=(0.27, -0.54, 6.46) error=2.938m max_error=2.942m (n=46)
[INFO] [1788755762.150768647] [vslam_compare]: gt=(-1.01, -2.84, 5.09) vslam=(-0.37, -0.57, 5.81) error=2.469m max_error=2.942m (n=47)
[INFO] [1788755763.150915844] [vslam_compare]: gt=(-0.82, -2.78, 4.97) vslam=(-0.5, -0.76, 5.54) error=2.130m max_error=2.942m (n=48)
[INFO] [1788755764.150917008] [vslam_compare]: gt=(-0.58, -2.88, 4.95) vslam=(-0.61, -0.92, 5.32) error=1.995m max_error=2.942m (n=49)
[INFO] [1788755765.150761426] [vslam_compare]: gt=(-0.47, -3.01, 4.92) vslam=(-1.05, -1.39, 4.85) error=1.716m max_error=2.942m (n=50)
[INFO] [1788755766.150943188] [vslam_compare]: gt=(-0.5, -3.11, 4.91) vslam=(-2.03, -1.51, 3.85) error=2.451m max_error=2.942m (n=51)
[INFO] [1788755767.150654720] [vslam_compare]: gt=(-0.65, -3.13, 4.8) vslam=(-2.99, -2.0, 2.99) error=3.168m max_error=3.168m (n=52)
[INFO] [1788755768.150863509] [vslam_compare]: gt=(-0.58, -3.09, 4.87) vslam=(-3.3, -2.58, 3.59) error=3.050m max_error=3.168m (n=53)
[INFO] [1788755769.150870588] [vslam_compare]: gt=(2.93, -4.43, 4.42) vslam=(-5.02, -0.83, 14.55) error=13.367m max_error=13.367m (n=54)
[INFO] [1788755770.150760237] [vslam_compare]: gt=(7.75, -6.8, 0.9) vslam=(-1.83, 2.14, 12.97) error=17.819m max_error=17.819m (n=55)
[INFO] [1788755771.150906126] [vslam_compare]: gt=(11.78, -9.01, -1.04) vslam=(0.02, 0.94, 14.26) error=21.708m max_error=21.708m (n=56)
Traceback (most recent call last):
  File "/workspaces/isaac_ros-dev/ros2_ws/install/px4_vslam_bridge/lib/python3.10/site-packages/px4_vslam_bridge/vslam_compare.py", line 194, in main
    rclpy.spin(node)
  File "/opt/ros/humble/local/lib/python3.10/dist-packages/rclpy/__init__.py", line 229, in spin
    executor.spin_once()
  File "/opt/ros/humble/local/lib/python3.10/dist-packages/rclpy/executors.py", line 808, in spin_once
    self._spin_once_impl(timeout_sec)
  File "/opt/ros/humble/local/lib/python3.10/dist-packages/rclpy/executors.py", line 797, in _spin_once_impl
    handler, entity, node = self.wait_for_ready_callbacks(timeout_sec=timeout_sec)
  File "/opt/ros/humble/local/lib/python3.10/dist-packages/rclpy/executors.py", line 780, in wait_for_ready_callbacks
    return next(self._cb_iter)
  File "/opt/ros/humble/local/lib/python3.10/dist-packages/rclpy/executors.py", line 681, in _wait_for_ready_callbacks
    raise ExternalShutdownException()
rclpy.executors.ExternalShutdownException

During handling of the above exception, another exception occurred:

Traceback (most recent call last):
  File "/workspaces/isaac_ros-dev/ros2_ws/install/px4_vslam_bridge/lib/px4_vslam_bridge/vslam_compare", line 33, in <module>
    sys.exit(load_entry_point('px4-vslam-bridge==0.1.0', 'console_scripts', 'vslam_compare')())
  File "/workspaces/isaac_ros-dev/ros2_ws/install/px4_vslam_bridge/lib/python3.10/site-packages/px4_vslam_bridge/vslam_compare.py", line 199, in main
    rclpy.shutdown()
  File "/opt/ros/humble/local/lib/python3.10/dist-packages/rclpy/__init__.py", line 130, in shutdown
    _shutdown(context=context)
  File "/opt/ros/humble/local/lib/python3.10/dist-packages/rclpy/utilities.py", line 58, in shutdown
    return context.shutdown()
  File "/opt/ros/humble/local/lib/python3.10/dist-packages/rclpy/context.py", line 102, in shutdown
    self.__context.shutdown()
rclpy._rclpy_pybind11.RCLError: failed to shutdown: rcl_shutdown already called on the given context, at ./src/rcl/init.c:241
