[INFO] [1788688756.007677371] [vslam_compare]: vslam_compare: logging per-message CSV to /workspaces/isaac_ros-dev/results/feasibility_gate/gate_sweep_poor_none_r11/vslam_compare.csv (exp_id='gate_sweep_poor_none_r11')
[INFO] [1788688756.026220166] [vslam_compare]: vslam_compare ready -- watching /visual_slam/tracking/odometry vs /ground_truth/odom
[INFO] [1788688756.027539172] [vslam_compare]: cuVSLAM origin set: (0.0, 0.0, 0.0) -- tracking initialized
[INFO] [1788688756.034252542] [vslam_compare]: Ground truth origin set: (0.01938050240278244, 0.007727096322923899, -0.013927236199378967)
[INFO] [1788688757.026333417] [vslam_compare]: gt=(-0.0, -0.02, -0.0) vslam=(0.0, 0.0, 0.0) error=0.018m max_error=0.018m (n=1)
[INFO] [1788688758.026370162] [vslam_compare]: gt=(-0.01, -0.02, 0.0) vslam=(0.0, 0.0, 0.0) error=0.021m max_error=0.021m (n=2)
[INFO] [1788688759.026667892] [vslam_compare]: gt=(-0.01, -0.01, 0.01) vslam=(0.0, 0.0, 0.0) error=0.016m max_error=0.021m (n=3)
[INFO] [1788688760.026527451] [vslam_compare]: gt=(-0.02, -0.01, 0.01) vslam=(0.0, 0.0, 0.0) error=0.023m max_error=0.023m (n=4)
[INFO] [1788688761.026445746] [vslam_compare]: gt=(-0.02, -0.02, 0.02) vslam=(0.0, 0.0, 0.0) error=0.035m max_error=0.035m (n=5)
[INFO] [1788688762.026534377] [vslam_compare]: gt=(-0.03, -0.0, 0.02) vslam=(0.0, 0.0, 0.0) error=0.037m max_error=0.037m (n=6)
[INFO] [1788688763.026371133] [vslam_compare]: gt=(-0.04, 0.01, 0.03) vslam=(0.0, 0.0, 0.0) error=0.056m max_error=0.056m (n=7)
[INFO] [1788688764.026599199] [vslam_compare]: gt=(-0.05, 0.03, 0.04) vslam=(0.0, 0.0, 0.0) error=0.068m max_error=0.068m (n=8)
[INFO] [1788688765.026463681] [vslam_compare]: gt=(-0.05, 0.04, 0.04) vslam=(0.0, 0.0, 0.0) error=0.077m max_error=0.077m (n=9)
[INFO] [1788688766.026541029] [vslam_compare]: gt=(-0.04, 0.05, 0.05) vslam=(0.0, 0.0, 0.0) error=0.078m max_error=0.078m (n=10)
[INFO] [1788688767.026314545] [vslam_compare]: gt=(-0.03, 0.04, 0.05) vslam=(0.0, 0.0, 0.0) error=0.072m max_error=0.078m (n=11)
[INFO] [1788688768.026514436] [vslam_compare]: gt=(-0.0, 0.03, 0.04) vslam=(0.05, -0.02, -0.04) error=0.112m max_error=0.112m (n=12)
[INFO] [1788688769.026393633] [vslam_compare]: gt=(0.02, 0.06, 0.44) vslam=(0.32, -0.23, 0.25) error=0.455m max_error=0.455m (n=13)
[INFO] [1788688770.026725805] [vslam_compare]: gt=(0.01, 0.05, 1.76) vslam=(0.27, -0.55, 1.51) error=0.701m max_error=0.701m (n=14)
[INFO] [1788688771.026759375] [vslam_compare]: gt=(-0.07, 0.01, 3.48) vslam=(0.13, -0.47, 3.18) error=0.604m max_error=0.701m (n=15)
[INFO] [1788688772.026719775] [vslam_compare]: gt=(-0.09, 0.03, 4.19) vslam=(0.07, -0.36, 3.85) error=0.540m max_error=0.701m (n=16)
[INFO] [1788688773.026403985] [vslam_compare]: gt=(-0.06, 0.05, 4.51) vslam=(0.17, -0.29, 3.93) error=0.706m max_error=0.706m (n=17)
[INFO] [1788688774.026435271] [vslam_compare]: gt=(-0.06, 0.04, 4.7) vslam=(0.2, -0.19, 3.9) error=0.873m max_error=0.873m (n=18)
[INFO] [1788688775.026334396] [vslam_compare]: gt=(-0.09, 0.06, 4.75) vslam=(0.56, 0.02, 3.73) error=1.212m max_error=1.212m (n=19)
[INFO] [1788688776.026602818] [vslam_compare]: gt=(-0.15, 0.16, 4.66) vslam=(0.65, 0.22, 3.4) error=1.494m max_error=1.494m (n=20)
[INFO] [1788688777.026652148] [vslam_compare]: gt=(0.04, 0.21, 4.53) vslam=(0.84, 0.33, 3.14) error=1.607m max_error=1.607m (n=21)
[INFO] [1788688778.026573204] [vslam_compare]: gt=(0.29, 0.69, 4.45) vslam=(1.43, 0.63, 2.97) error=1.874m max_error=1.874m (n=22)
[INFO] [1788688779.026496150] [vslam_compare]: gt=(0.53, 1.48, 4.66) vslam=(1.8, 1.61, 2.91) error=2.161m max_error=2.161m (n=23)
[INFO] [1788688780.026461401] [vslam_compare]: gt=(0.97, 2.24, 4.79) vslam=(1.99, 2.83, 3.18) error=2.000m max_error=2.161m (n=24)
[INFO] [1788688781.026272812] [vslam_compare]: gt=(1.3, 3.0, 4.82) vslam=(1.92, 3.51, 2.88) error=2.094m max_error=2.161m (n=25)
[INFO] [1788688782.026708105] [vslam_compare]: gt=(1.61, 3.71, 4.82) vslam=(0.81, 3.43, 2.39) error=2.578m max_error=2.578m (n=26)
[INFO] [1788688783.026464646] [vslam_compare]: gt=(1.73, 4.1, 4.86) vslam=(1.14, 4.52, 2.02) error=2.935m max_error=2.935m (n=27)
[INFO] [1788688784.026619498] [vslam_compare]: gt=(1.8, 4.08, 4.84) vslam=(2.35, 5.46, 1.58) error=3.581m max_error=3.581m (n=28)
[INFO] [1788688785.026336878] [vslam_compare]: gt=(1.72, 3.99, 4.78) vslam=(3.3, 5.47, 1.35) error=4.054m max_error=4.054m (n=29)
[INFO] [1788688786.026375836] [vslam_compare]: gt=(1.51, 4.37, 4.77) vslam=(3.87, 5.41, 1.56) error=4.109m max_error=4.109m (n=30)
[INFO] [1788688787.026339278] [vslam_compare]: gt=(1.34, 5.08, 4.78) vslam=(4.46, 5.49, 1.39) error=4.627m max_error=4.627m (n=31)
[INFO] [1788688788.026305042] [vslam_compare]: gt=(1.4, 5.93, 4.85) vslam=(5.35, 7.41, 1.39) error=5.459m max_error=5.459m (n=32)
[INFO] [1788688789.026488348] [vslam_compare]: gt=(1.51, 6.69, 4.85) vslam=(5.86, 7.36, 1.4) error=5.591m max_error=5.591m (n=33)
[INFO] [1788688790.026341122] [vslam_compare]: gt=(1.32, 7.16, 5.0) vslam=(5.63, 7.58, 1.61) error=5.496m max_error=5.591m (n=34)
[INFO] [1788688791.026588861] [vslam_compare]: gt=(0.85, 7.44, 5.04) vslam=(5.65, 7.04, 1.59) error=5.922m max_error=5.922m (n=35)
[INFO] [1788688792.026446136] [vslam_compare]: gt=(0.33, 7.57, 5.03) vslam=(5.64, 7.01, 1.58) error=6.358m max_error=6.358m (n=36)
[INFO] [1788688793.026474597] [vslam_compare]: gt=(0.14, 7.77, 5.01) vslam=(10.04, 7.49, 1.32) error=10.562m max_error=10.562m (n=37)
[INFO] [1788688794.026531087] [vslam_compare]: gt=(0.19, 7.79, 5.0) vslam=(21.97, -12.11, -4.36) error=30.949m max_error=30.949m (n=38)
[INFO] [1788688795.026468660] [vslam_compare]: gt=(0.1, 7.8, 4.99) vslam=(8.72, -57.13, -2.42) error=65.918m max_error=65.918m (n=39)
[INFO] [1788688796.026649294] [vslam_compare]: gt=(0.06, 7.81, 4.98) vslam=(8.72, -57.13, -2.42) error=65.933m max_error=65.933m (n=40)
[INFO] [1788688797.026565379] [vslam_compare]: gt=(0.07, 7.82, 4.98) vslam=(8.72, -57.13, -2.42) error=65.938m max_error=65.938m (n=41)
[INFO] [1788688798.026498221] [vslam_compare]: gt=(0.08, 7.8, 4.99) vslam=(8.72, -57.13, -2.42) error=65.921m max_error=65.938m (n=42)
[INFO] [1788688799.026650510] [vslam_compare]: gt=(0.09, 7.79, 4.99) vslam=(8.72, -57.13, -2.42) error=65.904m max_error=65.938m (n=43)
Traceback (most recent call last):
  File "/workspaces/isaac_ros-dev/ros2_ws/install/px4_vslam_bridge/lib/python3.10/site-packages/px4_vslam_bridge/vslam_compare.py", line 194, in main
    rclpy.spin(node)
  File "/opt/ros/humble/local/lib/python3.10/dist-packages/rclpy/__init__.py", line 229, in spin
    executor.spin_once()
  File "/opt/ros/humble/local/lib/python3.10/dist-packages/rclpy/executors.py", line 808, in spin_once
    self._spin_once_impl(timeout_sec)
  File "/opt/ros/humble/local/lib/python3.10/dist-packages/rclpy/executors.py", line 797, in _spin_once_impl
    handler, entity, node = self.wait_for_ready_callbacks(timeout_sec=timeout_sec)
  File "/opt/ros/humble/local/lib/python3.10/dist-packages/rclpy/executors.py", line 780, in wait_for_ready_callbacks
    return next(self._cb_iter)
  File "/opt/ros/humble/local/lib/python3.10/dist-packages/rclpy/executors.py", line 681, in _wait_for_ready_callbacks
    raise ExternalShutdownException()
rclpy.executors.ExternalShutdownException

During handling of the above exception, another exception occurred:

Traceback (most recent call last):
  File "/workspaces/isaac_ros-dev/ros2_ws/install/px4_vslam_bridge/lib/px4_vslam_bridge/vslam_compare", line 33, in <module>
    sys.exit(load_entry_point('px4-vslam-bridge==0.1.0', 'console_scripts', 'vslam_compare')())
  File "/workspaces/isaac_ros-dev/ros2_ws/install/px4_vslam_bridge/lib/python3.10/site-packages/px4_vslam_bridge/vslam_compare.py", line 199, in main
    rclpy.shutdown()
  File "/opt/ros/humble/local/lib/python3.10/dist-packages/rclpy/__init__.py", line 130, in shutdown
    _shutdown(context=context)
  File "/opt/ros/humble/local/lib/python3.10/dist-packages/rclpy/utilities.py", line 58, in shutdown
    return context.shutdown()
  File "/opt/ros/humble/local/lib/python3.10/dist-packages/rclpy/context.py", line 102, in shutdown
    self.__context.shutdown()
rclpy._rclpy_pybind11.RCLError: failed to shutdown: rcl_shutdown already called on the given context, at ./src/rcl/init.c:241
