stdin is not a terminal device. Keyboard handling disabled.[INFO] [1788529806.432748763] [rosbag2_recorder]: Press SPACE for pausing/resuming
[INFO] [1788529806.434698213] [rosbag2_storage]: Opened database '/workspaces/isaac_ros-dev/results/feasibility_gate/mini_dose_low_r5/rosbag/rosbag_0.db3' for READ_WRITE.
[INFO] [1788529806.435674355] [rosbag2_recorder]: Listening for topics...
[INFO] [1788529806.435694754] [rosbag2_recorder]: Event publisher thread: Starting
[INFO] [1788529806.435817644] [rosbag2_recorder]: Recording...
[INFO] [1788529806.538313050] [rosbag2_recorder]: Subscribed to topic '/fmu/out/estimator_status_flags'
[INFO] [1788529806.742816155] [rosbag2_recorder]: Subscribed to topic '/tf'
[INFO] [1788529806.743378420] [rosbag2_recorder]: Subscribed to topic '/tf_static'
[INFO] [1788529806.744287727] [rosbag2_recorder]: Subscribed to topic '/visual_slam/status'
[INFO] [1788529806.745368637] [rosbag2_recorder]: Subscribed to topic '/visual_slam/tracking/odometry'
[INFO] [1788529806.746454686] [rosbag2_recorder]: Subscribed to topic '/visual_slam/vis/observations_cloud'
[INFO] [1788529807.155504769] [rosbag2_recorder]: Subscribed to topic '/clock'
[INFO] [1788529807.156198361] [rosbag2_recorder]: Subscribed to topic '/stereo/left/camera_info'
[INFO] [1788529807.156825278] [rosbag2_recorder]: Subscribed to topic '/stereo/left/image'
[INFO] [1788529807.157321730] [rosbag2_recorder]: Subscribed to topic '/stereo/right/camera_info'
[INFO] [1788529807.157804877] [rosbag2_recorder]: Subscribed to topic '/stereo/right/image'
[INFO] [1788529807.364122860] [rosbag2_recorder]: Subscribed to topic '/ground_truth/odom'
[INFO] [1788529807.364200846] [rosbag2_recorder]: All requested topics are subscribed. Stopping discovery...
[INFO] [1788529849.710019921] [rosbag2_cpp]: Writing remaining messages from cache to the bag. It may take a while
[INFO] [1788529849.711421333] [rosbag2_recorder]: Event publisher thread: Exiting
[INFO] [1788529849.711500381] [rosbag2_recorder]: Recording stopped
