[INFO] [1788598274.366789867] [fast_planner_bridge]: fast_planner_bridge ready -- will capture home at arm time and climb (0.0, 0.0, -5.0) NED relative to it, then follow /planning/pos_cmd from Fast-Planner
[INFO] [1788598274.367169632] [fast_planner_bridge]: >>> Press ENTER to arm and fly (or set OFFBOARD_AUTO_START=1) <<<
[WARN] [1788598276.337303814] [fast_planner_bridge]: [tick 40] No data on /fmu/out/vehicle_local_position_v1.
[INFO] [1788598279.537287746] [fast_planner_bridge]: OFFBOARD + ARMED confirmed -- home_ned=(0.023893985897302628, 0.01962035894393921, -0.03090520203113556), climbing to (0.023893985897302628, 0.01962035894393921, -5.030905202031136).
[INFO] [1788598280.337579437] [fast_planner_bridge]: [CLIMBING] pos_ned=(0.02,0.02,-0.03) dist=5.00m
[INFO] [1788598281.337595585] [fast_planner_bridge]: [CLIMBING] pos_ned=(0.02,0.03,-0.03) dist=5.00m
[INFO] [1788598282.337548650] [fast_planner_bridge]: [CLIMBING] pos_ned=(0.02,0.04,-0.03) dist=5.01m
[INFO] [1788598283.337443482] [fast_planner_bridge]: [CLIMBING] pos_ned=(0.02,0.05,-0.02) dist=5.01m
[INFO] [1788598284.337543306] [fast_planner_bridge]: [CLIMBING] pos_ned=(0.04,0.12,-0.07) dist=4.96m
[INFO] [1788598285.337573244] [fast_planner_bridge]: [CLIMBING] pos_ned=(0.06,0.10,-1.06) dist=3.98m
[INFO] [1788598286.337573744] [fast_planner_bridge]: [CLIMBING] pos_ned=(0.01,0.01,-2.84) dist=2.20m
[INFO] [1788598287.337509977] [fast_planner_bridge]: [CLIMBING] pos_ned=(-0.02,-0.05,-3.89) dist=1.14m
[INFO] [1788598288.337444534] [fast_planner_bridge]: [CLIMBING] pos_ned=(-0.01,-0.03,-4.32) dist=0.71m
[INFO] [1788598289.337341195] [fast_planner_bridge]: [CLIMBING] pos_ned=(0.04,-0.00,-4.56) dist=0.47m
[INFO] [1788598290.337413502] [fast_planner_bridge]: Climb complete (dist=0.30m) -- following Fast-Planner.
[INFO] [1788598290.337943911] [fast_planner_bridge]: [CLIMBING] pos_ned=(0.03,0.00,-4.73) dist=0.30m
[INFO] [1788598291.337455789] [fast_planner_bridge]: [FOLLOWING] pos_ned=(0.01,0.00,-4.62) target_ned=(0.04,-0.00,-4.57) pos_cmd_age=0.00s
[INFO] [1788598292.337220788] [fast_planner_bridge]: [FOLLOWING] pos_ned=(0.07,-0.00,-4.54) target_ned=(0.13,0.04,-4.58) pos_cmd_age=0.00s
[INFO] [1788598293.337599940] [fast_planner_bridge]: [FOLLOWING] pos_ned=(0.42,0.16,-4.55) target_ned=(0.51,0.18,-4.59) pos_cmd_age=0.00s
[INFO] [1788598294.337675345] [fast_planner_bridge]: [FOLLOWING] pos_ned=(1.04,0.33,-4.58) target_ned=(1.10,0.39,-4.62) pos_cmd_age=0.00s
[INFO] [1788598295.337355801] [fast_planner_bridge]: [FOLLOWING] pos_ned=(1.75,0.58,-4.62) target_ned=(1.78,0.70,-4.67) pos_cmd_age=0.00s
[INFO] [1788598296.337610574] [fast_planner_bridge]: [FOLLOWING] pos_ned=(2.47,0.94,-4.69) target_ned=(2.52,1.04,-4.72) pos_cmd_age=0.00s
[INFO] [1788598297.337466390] [fast_planner_bridge]: [FOLLOWING] pos_ned=(3.24,1.28,-4.75) target_ned=(3.30,1.36,-4.77) pos_cmd_age=0.00s
[INFO] [1788598298.337685146] [fast_planner_bridge]: [FOLLOWING] pos_ned=(3.90,1.57,-4.79) target_ned=(3.92,1.57,-4.81) pos_cmd_age=0.00s
[INFO] [1788598299.337466812] [fast_planner_bridge]: [FOLLOWING] pos_ned=(4.16,1.65,-4.78) target_ned=(4.16,1.59,-4.81) pos_cmd_age=0.00s
[INFO] [1788598300.337467085] [fast_planner_bridge]: [FOLLOWING] pos_ned=(4.10,1.73,-4.81) target_ned=(4.11,1.61,-4.81) pos_cmd_age=0.00s
[INFO] [1788598301.337812152] [fast_planner_bridge]: [FOLLOWING] pos_ned=(4.03,1.79,-4.83) target_ned=(4.11,1.63,-4.82) pos_cmd_age=0.00s
[INFO] [1788598302.337294168] [fast_planner_bridge]: [FOLLOWING] pos_ned=(4.37,1.68,-4.84) target_ned=(4.42,1.62,-4.83) pos_cmd_age=0.00s
[INFO] [1788598303.337270470] [fast_planner_bridge]: [FOLLOWING] pos_ned=(4.99,1.63,-4.84) target_ned=(5.03,1.64,-4.83) pos_cmd_age=0.00s
[INFO] [1788598304.337358967] [fast_planner_bridge]: [FOLLOWING] pos_ned=(5.76,1.68,-4.84) target_ned=(5.83,1.72,-4.85) pos_cmd_age=0.00s
[INFO] [1788598305.337343123] [fast_planner_bridge]: [FOLLOWING] pos_ned=(6.48,1.69,-4.82) target_ned=(6.51,1.72,-4.86) pos_cmd_age=0.00s
[INFO] [1788598306.337421059] [fast_planner_bridge]: [FOLLOWING] pos_ned=(6.86,1.45,-4.84) target_ned=(6.94,1.41,-4.88) pos_cmd_age=0.00s
[INFO] [1788598307.337628343] [fast_planner_bridge]: [FOLLOWING] pos_ned=(7.25,0.92,-4.88) target_ned=(7.26,0.87,-4.92) pos_cmd_age=0.00s
[INFO] [1788598308.337394681] [fast_planner_bridge]: [FOLLOWING] pos_ned=(7.49,0.42,-4.96) target_ned=(7.51,0.43,-4.96) pos_cmd_age=0.00s
[INFO] [1788598309.337522646] [fast_planner_bridge]: [FOLLOWING] pos_ned=(7.62,0.28,-4.98) target_ned=(7.61,0.29,-4.97) pos_cmd_age=0.00s
[INFO] [1788598310.337476434] [fast_planner_bridge]: [FOLLOWING] pos_ned=(7.65,0.37,-4.98) target_ned=(7.61,0.29,-4.97) pos_cmd_age=0.00s
[INFO] [1788598311.337671541] [fast_planner_bridge]: [FOLLOWING] pos_ned=(7.67,0.33,-5.00) target_ned=(7.61,0.29,-4.97) pos_cmd_age=0.00s
[INFO] [1788598312.337592515] [fast_planner_bridge]: [FOLLOWING] pos_ned=(7.67,0.27,-5.00) target_ned=(7.61,0.29,-4.97) pos_cmd_age=0.00s
[INFO] [1788598313.337480881] [fast_planner_bridge]: [FOLLOWING] pos_ned=(7.65,0.25,-4.98) target_ned=(7.61,0.29,-4.97) pos_cmd_age=0.00s
[INFO] [1788598314.337707317] [fast_planner_bridge]: [FOLLOWING] pos_ned=(7.64,0.25,-4.99) target_ned=(7.61,0.29,-4.97) pos_cmd_age=0.00s
[INFO] [1788598315.337729533] [fast_planner_bridge]: [FOLLOWING] pos_ned=(7.62,0.26,-4.99) target_ned=(7.61,0.29,-4.97) pos_cmd_age=0.00s
[INFO] [1788598316.337429474] [fast_planner_bridge]: [FOLLOWING] pos_ned=(7.60,0.25,-4.98) target_ned=(7.61,0.29,-4.97) pos_cmd_age=0.00s
[INFO] [1788598317.337421068] [fast_planner_bridge]: [FOLLOWING] pos_ned=(7.61,0.23,-4.97) target_ned=(7.61,0.29,-4.97) pos_cmd_age=0.00s
[WARN] [1788598318.182694976] [fast_planner_bridge]: Shutdown signal 15 received -- ceasing ARM requests, commanding AUTO.LAND, will disarm and exit once landed. If this doesn't complete and the vehicle needs to come down NOW, use emergency_stop.py instead of repeating this signal.
[INFO] [1788598318.337533153] [fast_planner_bridge]: Requesting AUTO.LAND... nav_state=14
[INFO] [1788598318.387171713] [fast_planner_bridge]: AUTO.LAND confirmed -- ceasing offboard setpoints, handing off to the autopilot.
[INFO] [1788598320.337290982] [fast_planner_bridge]: Waiting for disarm (backstop disarm sent)... arming_state=2
