[INFO] [1788753662.415354384] [reactive_esdf_avoidance]: reactive_esdf_avoidance ready -- climb to (0.0, 0.0, -5.0) NED, then reactively fly to goal (7.0, 0.0, 5.0) ENU
[INFO] [1788753662.415847537] [reactive_esdf_avoidance]: >>> Press ENTER to arm and fly (or set OFFBOARD_AUTO_START=1) <<<
[INFO] [1788753665.737198078] [reactive_esdf_avoidance]: OFFBOARD + ARMED confirmed -- climbing.
[INFO] [1788753666.387139540] [reactive_esdf_avoidance]: [CLIMBING] pos_ned=(-0.04,-0.03,-0.05) dist=4.95m
[INFO] [1788753667.387615662] [reactive_esdf_avoidance]: [CLIMBING] pos_ned=(-0.03,-0.02,-0.05) dist=4.95m
[INFO] [1788753668.387282487] [reactive_esdf_avoidance]: [CLIMBING] pos_ned=(-0.03,-0.01,-0.05) dist=4.95m
[INFO] [1788753669.387830527] [reactive_esdf_avoidance]: [CLIMBING] pos_ned=(-0.03,0.00,-0.05) dist=4.95m
[INFO] [1788753670.387603215] [reactive_esdf_avoidance]: [CLIMBING] pos_ned=(-0.02,0.09,-0.07) dist=4.93m
[INFO] [1788753671.387283196] [reactive_esdf_avoidance]: [CLIMBING] pos_ned=(-0.03,0.11,-1.02) dist=3.99m
[INFO] [1788753672.387312736] [reactive_esdf_avoidance]: [CLIMBING] pos_ned=(-0.12,0.00,-2.82) dist=2.19m
[INFO] [1788753673.387619547] [reactive_esdf_avoidance]: [CLIMBING] pos_ned=(-0.09,-0.10,-3.88) dist=1.13m
[INFO] [1788753674.387330618] [reactive_esdf_avoidance]: [CLIMBING] pos_ned=(0.01,-0.11,-4.36) dist=0.65m
[INFO] [1788753675.387573207] [reactive_esdf_avoidance]: [CLIMBING] pos_ned=(0.06,-0.07,-4.60) dist=0.41m
[INFO] [1788753676.087538607] [reactive_esdf_avoidance]: Climb complete (dist=0.30m) -- starting reactive avoidance.
[INFO] [1788753676.387523777] [reactive_esdf_avoidance]: [REACTIVE NAV] pos_enu=(-0.02,0.06,4.74) goal_dist=7.02m nearest_obstacle=0.36m
[INFO] [1788753677.387338458] [reactive_esdf_avoidance]: [REACTIVE NAV] pos_enu=(0.06,0.01,4.81) goal_dist=6.94m nearest_obstacle=0.43m
[INFO] [1788753678.387242841] [reactive_esdf_avoidance]: [REACTIVE NAV] pos_enu=(0.19,-0.10,4.88) goal_dist=6.81m nearest_obstacle=0.57m
[INFO] [1788753679.387196558] [reactive_esdf_avoidance]: [REACTIVE NAV] pos_enu=(0.32,-0.22,4.97) goal_dist=6.68m nearest_obstacle=0.68m
[INFO] [1788753680.387243554] [reactive_esdf_avoidance]: [REACTIVE NAV] pos_enu=(0.45,-0.34,4.99) goal_dist=6.56m nearest_obstacle=0.68m
[INFO] [1788753681.387824781] [reactive_esdf_avoidance]: [REACTIVE NAV] pos_enu=(0.43,-0.51,5.02) goal_dist=6.59m nearest_obstacle=0.57m
[INFO] [1788753682.387450723] [reactive_esdf_avoidance]: [REACTIVE NAV] pos_enu=(0.34,-0.69,5.06) goal_dist=6.70m nearest_obstacle=0.75m
[INFO] [1788753683.387206103] [reactive_esdf_avoidance]: [REACTIVE NAV] pos_enu=(0.27,-0.91,5.10) goal_dist=6.79m nearest_obstacle=0.89m
[INFO] [1788753684.387242540] [reactive_esdf_avoidance]: [REACTIVE NAV] pos_enu=(0.22,-1.11,5.11) goal_dist=6.87m nearest_obstacle=1.12m
[INFO] [1788753685.387153318] [reactive_esdf_avoidance]: [REACTIVE NAV] pos_enu=(0.19,-1.30,5.11) goal_dist=6.93m nearest_obstacle=1.32m
[INFO] [1788753686.386998210] [reactive_esdf_avoidance]: [REACTIVE NAV] pos_enu=(0.21,-1.48,5.04) goal_dist=6.95m nearest_obstacle=1.45m
[INFO] [1788753687.387710671] [reactive_esdf_avoidance]: [REACTIVE NAV] pos_enu=(0.26,-1.63,5.06) goal_dist=6.94m nearest_obstacle=1.63m
[INFO] [1788753688.387562176] [reactive_esdf_avoidance]: [REACTIVE NAV] pos_enu=(0.34,-1.76,5.09) goal_dist=6.89m nearest_obstacle=1.71m
[INFO] [1788753689.387304002] [reactive_esdf_avoidance]: [REACTIVE NAV] pos_enu=(0.43,-1.85,5.13) goal_dist=6.83m nearest_obstacle=1.79m
[INFO] [1788753690.387338007] [reactive_esdf_avoidance]: [REACTIVE NAV] pos_enu=(0.54,-1.93,5.17) goal_dist=6.74m nearest_obstacle=1.84m
[INFO] [1788753691.387044816] [reactive_esdf_avoidance]: [REACTIVE NAV] pos_enu=(0.67,-1.98,5.20) goal_dist=6.64m nearest_obstacle=1.89m
[INFO] [1788753692.387687255] [reactive_esdf_avoidance]: [REACTIVE NAV] pos_enu=(0.81,-2.03,5.23) goal_dist=6.52m nearest_obstacle=1.92m
[INFO] [1788753693.387116665] [reactive_esdf_avoidance]: [REACTIVE NAV] pos_enu=(0.94,-2.08,5.26) goal_dist=6.41m nearest_obstacle=1.97m
[INFO] [1788753694.387097780] [reactive_esdf_avoidance]: [REACTIVE NAV] pos_enu=(1.07,-2.13,5.28) goal_dist=6.30m nearest_obstacle=0.89m
[INFO] [1788753695.387349924] [reactive_esdf_avoidance]: [REACTIVE NAV] pos_enu=(1.13,-2.19,5.34) goal_dist=6.28m nearest_obstacle=0.64m
[INFO] [1788753696.387552603] [reactive_esdf_avoidance]: [REACTIVE NAV] pos_enu=(1.06,-2.37,5.39) goal_dist=6.41m nearest_obstacle=0.68m
[INFO] [1788753697.387405795] [reactive_esdf_avoidance]: [REACTIVE NAV] pos_enu=(0.97,-2.57,5.45) goal_dist=6.57m nearest_obstacle=0.79m
[INFO] [1788753698.387060427] [reactive_esdf_avoidance]: [REACTIVE NAV] pos_enu=(0.90,-2.75,5.52) goal_dist=6.71m nearest_obstacle=0.97m
[INFO] [1788753699.387605963] [reactive_esdf_avoidance]: [REACTIVE NAV] pos_enu=(0.86,-2.94,5.58) goal_dist=6.84m nearest_obstacle=0.00m
[INFO] [1788753700.387651954] [reactive_esdf_avoidance]: [REACTIVE NAV] pos_enu=(0.76,-3.12,5.63) goal_dist=7.00m nearest_obstacle=0.00m
[INFO] [1788753701.387147564] [reactive_esdf_avoidance]: [REACTIVE NAV] pos_enu=(0.66,-3.29,5.67) goal_dist=7.17m nearest_obstacle=0.00m
[INFO] [1788753702.387501324] [reactive_esdf_avoidance]: [REACTIVE NAV] pos_enu=(0.72,-3.46,5.69) goal_dist=7.21m nearest_obstacle=0.00m
[INFO] [1788753703.387473656] [reactive_esdf_avoidance]: [REACTIVE NAV] pos_enu=(0.82,-3.62,5.72) goal_dist=7.20m nearest_obstacle=0.00m
[INFO] [1788753704.387041795] [reactive_esdf_avoidance]: [REACTIVE NAV] pos_enu=(0.91,-3.78,5.73) goal_dist=7.21m nearest_obstacle=0.00m
[INFO] [1788753705.387240289] [reactive_esdf_avoidance]: [REACTIVE NAV] pos_enu=(1.02,-3.94,5.77) goal_dist=7.21m nearest_obstacle=0.00m
[INFO] [1788753706.387314036] [reactive_esdf_avoidance]: [REACTIVE NAV] pos_enu=(1.14,-4.10,5.82) goal_dist=7.20m nearest_obstacle=0.00m
[INFO] [1788753707.387311236] [reactive_esdf_avoidance]: [REACTIVE NAV] pos_enu=(1.27,-4.27,5.87) goal_dist=7.20m nearest_obstacle=0.00m
[INFO] [1788753708.387495193] [reactive_esdf_avoidance]: [REACTIVE NAV] pos_enu=(1.34,-4.38,5.90) goal_dist=7.21m nearest_obstacle=0.00m
[INFO] [1788753709.387248668] [reactive_esdf_avoidance]: [REACTIVE NAV] pos_enu=(1.37,-4.41,5.91) goal_dist=7.21m nearest_obstacle=0.00m
[INFO] [1788753710.387322455] [reactive_esdf_avoidance]: [REACTIVE NAV] pos_enu=(1.36,-4.42,5.91) goal_dist=7.23m nearest_obstacle=0.00m
[INFO] [1788753711.387247589] [reactive_esdf_avoidance]: [REACTIVE NAV] pos_enu=(1.35,-4.41,5.91) goal_dist=7.23m nearest_obstacle=0.00m
[INFO] [1788753712.387205436] [reactive_esdf_avoidance]: [REACTIVE NAV] pos_enu=(1.36,-4.40,5.91) goal_dist=7.21m nearest_obstacle=0.00m
[INFO] [1788753713.387318090] [reactive_esdf_avoidance]: [REACTIVE NAV] pos_enu=(1.36,-4.39,5.91) goal_dist=7.21m nearest_obstacle=0.00m
[INFO] [1788753714.387446543] [reactive_esdf_avoidance]: [REACTIVE NAV] pos_enu=(1.35,-4.38,5.92) goal_dist=7.20m nearest_obstacle=0.00m
[INFO] [1788753715.387144745] [reactive_esdf_avoidance]: [REACTIVE NAV] pos_enu=(1.34,-4.39,5.92) goal_dist=7.22m nearest_obstacle=0.00m
[INFO] [1788753716.387459135] [reactive_esdf_avoidance]: [REACTIVE NAV] pos_enu=(1.34,-4.41,5.91) goal_dist=7.23m nearest_obstacle=0.00m
[INFO] [1788753717.387635741] [reactive_esdf_avoidance]: [REACTIVE NAV] pos_enu=(1.35,-4.40,5.92) goal_dist=7.22m nearest_obstacle=0.00m
Traceback (most recent call last):
  File "/workspaces/isaac_ros-dev/ros2_ws/install/px4_vslam_bridge/lib/python3.10/site-packages/px4_vslam_bridge/reactive_esdf_avoidance.py", line 393, in main
    rclpy.spin(node)
  File "/opt/ros/humble/local/lib/python3.10/dist-packages/rclpy/__init__.py", line 229, in spin
    executor.spin_once()
  File "/opt/ros/humble/local/lib/python3.10/dist-packages/rclpy/executors.py", line 808, in spin_once
    self._spin_once_impl(timeout_sec)
  File "/opt/ros/humble/local/lib/python3.10/dist-packages/rclpy/executors.py", line 797, in _spin_once_impl
    handler, entity, node = self.wait_for_ready_callbacks(timeout_sec=timeout_sec)
  File "/opt/ros/humble/local/lib/python3.10/dist-packages/rclpy/executors.py", line 780, in wait_for_ready_callbacks
    return next(self._cb_iter)
  File "/opt/ros/humble/local/lib/python3.10/dist-packages/rclpy/executors.py", line 681, in _wait_for_ready_callbacks
    raise ExternalShutdownException()
rclpy.executors.ExternalShutdownException

During handling of the above exception, another exception occurred:

Traceback (most recent call last):
  File "/workspaces/isaac_ros-dev/ros2_ws/install/px4_vslam_bridge/lib/px4_vslam_bridge/reactive_esdf_avoidance", line 33, in <module>
    sys.exit(load_entry_point('px4-vslam-bridge==0.1.0', 'console_scripts', 'reactive_esdf_avoidance')())
  File "/workspaces/isaac_ros-dev/ros2_ws/install/px4_vslam_bridge/lib/python3.10/site-packages/px4_vslam_bridge/reactive_esdf_avoidance.py", line 398, in main
    rclpy.shutdown()
  File "/opt/ros/humble/local/lib/python3.10/dist-packages/rclpy/__init__.py", line 130, in shutdown
    _shutdown(context=context)
  File "/opt/ros/humble/local/lib/python3.10/dist-packages/rclpy/utilities.py", line 58, in shutdown
    return context.shutdown()
  File "/opt/ros/humble/local/lib/python3.10/dist-packages/rclpy/context.py", line 102, in shutdown
    self.__context.shutdown()
rclpy._rclpy_pybind11.RCLError: failed to shutdown: rcl_shutdown already called on the given context, at ./src/rcl/init.c:241
