[INFO] [1788595835.192526314] [fast_planner_bridge]: fast_planner_bridge ready -- will capture home at arm time and climb (0.0, 0.0, -5.0) NED relative to it, then follow /planning/pos_cmd from Fast-Planner
[INFO] [1788595835.192956157] [fast_planner_bridge]: >>> Press ENTER to arm and fly (or set OFFBOARD_AUTO_START=1) <<<
[INFO] [1788595838.013337305] [fast_planner_bridge]: OFFBOARD + ARMED confirmed -- home_ned=(0.018764523789286613, 0.012913048267364502, -0.02053019404411316), climbing to (0.018764523789286613, 0.012913048267364502, -5.020530194044113).
[INFO] [1788595838.163418442] [fast_planner_bridge]: [CLIMBING] pos_ned=(0.02,0.01,-0.02) dist=5.00m
[INFO] [1788595839.163336187] [fast_planner_bridge]: [CLIMBING] pos_ned=(0.02,0.02,-0.02) dist=5.00m
[INFO] [1788595840.163568437] [fast_planner_bridge]: [CLIMBING] pos_ned=(0.02,0.03,-0.02) dist=5.01m
[INFO] [1788595841.163570593] [fast_planner_bridge]: [CLIMBING] pos_ned=(0.03,0.03,-0.01) dist=5.01m
[INFO] [1788595842.163245473] [fast_planner_bridge]: [CLIMBING] pos_ned=(0.06,0.05,-0.01) dist=5.01m
[INFO] [1788595843.163747981] [fast_planner_bridge]: [CLIMBING] pos_ned=(0.07,0.07,-0.36) dist=4.66m
[INFO] [1788595844.163199917] [fast_planner_bridge]: [CLIMBING] pos_ned=(0.03,0.07,-1.62) dist=3.40m
[INFO] [1788595845.163306386] [fast_planner_bridge]: [CLIMBING] pos_ned=(-0.00,-0.00,-3.30) dist=1.72m
[INFO] [1788595846.163331229] [fast_planner_bridge]: [CLIMBING] pos_ned=(-0.00,-0.06,-4.08) dist=0.95m
[INFO] [1788595847.163280556] [fast_planner_bridge]: [CLIMBING] pos_ned=(0.00,-0.04,-4.41) dist=0.61m
[INFO] [1788595848.163379857] [fast_planner_bridge]: [CLIMBING] pos_ned=(0.03,-0.00,-4.62) dist=0.40m
[INFO] [1788595848.913203717] [fast_planner_bridge]: Climb complete (dist=0.30m) -- following Fast-Planner.
[INFO] [1788595849.163215828] [fast_planner_bridge]: [FOLLOWING] pos_ned=(0.04,0.03,-4.74) target_ned=(0.21,-0.16,-4.59) pos_cmd_age=0.00s
[INFO] [1788595850.163383450] [fast_planner_bridge]: [FOLLOWING] pos_ned=(0.31,-0.15,-4.61) target_ned=(0.71,-0.44,-4.58) pos_cmd_age=0.00s
[INFO] [1788595851.163991744] [fast_planner_bridge]: [FOLLOWING] pos_ned=(1.15,-0.59,-4.57) target_ned=(0.44,-0.23,-4.59) pos_cmd_age=0.00s
[INFO] [1788595852.163465813] [fast_planner_bridge]: [FOLLOWING] pos_ned=(1.36,-0.74,-4.58) target_ned=(0.44,-0.23,-4.59) pos_cmd_age=0.00s
[INFO] [1788595853.163351538] [fast_planner_bridge]: [FOLLOWING] pos_ned=(0.84,-0.41,-4.55) target_ned=(0.45,-0.23,-4.59) pos_cmd_age=0.00s
[INFO] [1788595854.163481412] [fast_planner_bridge]: [FOLLOWING] pos_ned=(0.62,-0.22,-4.57) target_ned=(0.62,-0.34,-4.59) pos_cmd_age=0.00s
[INFO] [1788595855.163502455] [fast_planner_bridge]: [FOLLOWING] pos_ned=(0.95,-0.50,-4.59) target_ned=(1.10,-0.64,-4.60) pos_cmd_age=0.00s
[INFO] [1788595856.163446143] [fast_planner_bridge]: [FOLLOWING] pos_ned=(1.64,-0.97,-4.61) target_ned=(1.74,-1.04,-4.63) pos_cmd_age=0.00s
[INFO] [1788595857.163391072] [fast_planner_bridge]: [FOLLOWING] pos_ned=(2.17,-1.32,-4.64) target_ned=(1.77,-1.00,-4.62) pos_cmd_age=0.00s
[INFO] [1788595858.163354091] [fast_planner_bridge]: [FOLLOWING] pos_ned=(2.34,-1.24,-4.62) target_ned=(2.20,-1.05,-4.62) pos_cmd_age=0.00s
[INFO] [1788595859.163484178] [fast_planner_bridge]: [FOLLOWING] pos_ned=(2.70,-1.10,-4.64) target_ned=(2.76,-1.13,-4.65) pos_cmd_age=0.00s
[INFO] [1788595860.163466823] [fast_planner_bridge]: [FOLLOWING] pos_ned=(3.07,-1.09,-4.67) target_ned=(3.16,-1.16,-4.70) pos_cmd_age=0.00s
[INFO] [1788595861.163557683] [fast_planner_bridge]: [FOLLOWING] pos_ned=(3.22,-1.00,-4.67) target_ned=(3.16,-0.93,-4.67) pos_cmd_age=0.00s
[INFO] [1788595862.163500516] [fast_planner_bridge]: [FOLLOWING] pos_ned=(3.40,-0.47,-4.68) target_ned=(3.51,-0.45,-4.70) pos_cmd_age=0.00s
[INFO] [1788595863.163646368] [fast_planner_bridge]: [FOLLOWING] pos_ned=(3.97,0.21,-4.70) target_ned=(3.98,0.25,-4.75) pos_cmd_age=0.00s
[INFO] [1788595864.163690396] [fast_planner_bridge]: [FOLLOWING] pos_ned=(4.50,0.94,-4.83) target_ned=(4.54,0.99,-4.82) pos_cmd_age=0.00s
[INFO] [1788595865.163440710] [fast_planner_bridge]: [FOLLOWING] pos_ned=(5.05,1.51,-4.92) target_ned=(5.18,1.61,-4.91) pos_cmd_age=0.00s
[INFO] [1788595866.163366698] [fast_planner_bridge]: [FOLLOWING] pos_ned=(5.74,1.94,-4.98) target_ned=(5.89,2.03,-4.97) pos_cmd_age=0.00s
[INFO] [1788595867.163805879] [fast_planner_bridge]: [FOLLOWING] pos_ned=(6.32,2.11,-4.97) target_ned=(6.46,2.15,-4.97) pos_cmd_age=0.00s
[INFO] [1788595868.163395771] [fast_planner_bridge]: [FOLLOWING] pos_ned=(6.71,2.12,-4.96) target_ned=(6.88,2.05,-4.96) pos_cmd_age=0.00s
[INFO] [1788595869.163608359] [fast_planner_bridge]: [FOLLOWING] pos_ned=(7.19,2.01,-4.98) target_ned=(7.35,1.90,-4.98) pos_cmd_age=0.00s
[INFO] [1788595870.163315558] [fast_planner_bridge]: [FOLLOWING] pos_ned=(7.82,1.89,-5.00) target_ned=(7.94,1.80,-5.01) pos_cmd_age=0.00s
[INFO] [1788595871.163376106] [fast_planner_bridge]: [FOLLOWING] pos_ned=(8.44,1.89,-5.00) target_ned=(8.49,1.81,-5.01) pos_cmd_age=0.00s
[INFO] [1788595872.163427823] [fast_planner_bridge]: [FOLLOWING] pos_ned=(8.80,1.94,-4.99) target_ned=(8.81,1.85,-5.00) pos_cmd_age=0.00s
[INFO] [1788595873.163371912] [fast_planner_bridge]: [FOLLOWING] pos_ned=(8.85,1.89,-4.92) target_ned=(8.81,1.74,-4.99) pos_cmd_age=0.00s
[INFO] [1788595874.164068133] [fast_planner_bridge]: [FOLLOWING] pos_ned=(8.57,1.51,-4.95) target_ned=(8.56,1.26,-4.98) pos_cmd_age=0.00s
[INFO] [1788595875.163409716] [fast_planner_bridge]: [FOLLOWING] pos_ned=(8.39,0.66,-4.90) target_ned=(8.26,0.60,-4.97) pos_cmd_age=0.00s
[INFO] [1788595876.163179822] [fast_planner_bridge]: [FOLLOWING] pos_ned=(8.09,0.08,-5.03) target_ned=(8.05,0.11,-4.99) pos_cmd_age=0.00s
[INFO] [1788595877.163259937] [fast_planner_bridge]: [FOLLOWING] pos_ned=(7.96,0.02,-5.05) target_ned=(8.00,0.00,-5.00) pos_cmd_age=0.00s
[WARN] [1788595877.488617653] [fast_planner_bridge]: Shutdown signal 15 received -- ceasing ARM requests, commanding AUTO.LAND, will disarm and exit once landed. If this doesn't complete and the vehicle needs to come down NOW, use emergency_stop.py instead of repeating this signal.
[INFO] [1788595877.663336357] [fast_planner_bridge]: Requesting AUTO.LAND... nav_state=14
[INFO] [1788595877.863352899] [fast_planner_bridge]: AUTO.LAND confirmed -- ceasing offboard setpoints, handing off to the autopilot.
[INFO] [1788595879.163078926] [fast_planner_bridge]: Waiting for disarm (backstop disarm sent)... arming_state=2
