[INFO] [1788685205.659346824] [vslam_compare]: vslam_compare: logging per-message CSV to /workspaces/isaac_ros-dev/results/feasibility_gate/gate_sweep_poor_medium_r19/vslam_compare.csv (exp_id='gate_sweep_poor_medium_r19')
[INFO] [1788685205.677772737] [vslam_compare]: vslam_compare ready -- watching /visual_slam/tracking/odometry vs /ground_truth/odom
[INFO] [1788685205.687325122] [vslam_compare]: Ground truth origin set: (0.020631838589906693, -0.04206385090947151, 0.007362350821495056)
[INFO] [1788685206.316243036] [vslam_compare]: cuVSLAM origin set: (0.0, 0.0, 0.0) -- tracking initialized
[INFO] [1788685206.678099738] [vslam_compare]: gt=(0.02, -0.02, 0.01) vslam=(0.0, 0.0, 0.0) error=0.024m max_error=0.024m (n=1)
[INFO] [1788685207.678055746] [vslam_compare]: gt=(0.01, -0.02, 0.02) vslam=(0.0, 0.0, 0.0) error=0.032m max_error=0.032m (n=2)
[INFO] [1788685208.678032361] [vslam_compare]: gt=(-0.0, 0.0, 0.03) vslam=(0.0, 0.0, 0.0) error=0.030m max_error=0.032m (n=3)
[INFO] [1788685209.678128333] [vslam_compare]: gt=(-0.01, 0.01, 0.03) vslam=(0.0, 0.0, 0.0) error=0.033m max_error=0.033m (n=4)
[INFO] [1788685210.678275922] [vslam_compare]: gt=(-0.01, 0.02, 0.03) vslam=(0.0, 0.0, 0.0) error=0.038m max_error=0.038m (n=5)
[INFO] [1788685211.677993205] [vslam_compare]: gt=(0.0, 0.02, 0.04) vslam=(0.0, 0.0, 0.0) error=0.049m max_error=0.049m (n=6)
[INFO] [1788685212.678310315] [vslam_compare]: gt=(-0.0, 0.01, 0.04) vslam=(0.0, 0.0, 0.0) error=0.040m max_error=0.049m (n=7)
[INFO] [1788685213.678212197] [vslam_compare]: gt=(-0.01, 0.0, 0.04) vslam=(0.0, 0.0, 0.0) error=0.042m max_error=0.049m (n=8)
[INFO] [1788685214.678358222] [vslam_compare]: gt=(-0.0, -0.0, 0.04) vslam=(0.0, 0.0, 0.0) error=0.041m max_error=0.049m (n=9)
[INFO] [1788685215.678094850] [vslam_compare]: gt=(-0.0, 0.01, 0.03) vslam=(0.0, 0.0, 0.0) error=0.028m max_error=0.049m (n=10)
[INFO] [1788685216.678218212] [vslam_compare]: gt=(-0.0, 0.01, 0.02) vslam=(0.0, 0.0, 0.0) error=0.025m max_error=0.049m (n=11)
[INFO] [1788685217.678685806] [vslam_compare]: gt=(0.0, 0.02, 0.02) vslam=(0.0, 0.0, 0.0) error=0.029m max_error=0.049m (n=12)
[INFO] [1788685218.678398718] [vslam_compare]: gt=(0.01, 0.02, 0.02) vslam=(-0.0, 0.0, -0.0) error=0.031m max_error=0.049m (n=13)
[INFO] [1788685219.678118323] [vslam_compare]: gt=(0.06, 0.01, 0.02) vslam=(0.08, -0.03, -0.02) error=0.066m max_error=0.066m (n=14)
[INFO] [1788685220.678260800] [vslam_compare]: gt=(0.1, 0.02, 0.56) vslam=(0.27, -0.1, 0.35) error=0.295m max_error=0.295m (n=15)
[INFO] [1788685221.678350917] [vslam_compare]: gt=(0.07, 0.0, 2.06) vslam=(0.2, -0.54, 1.72) error=0.656m max_error=0.656m (n=16)
[INFO] [1788685222.677955433] [vslam_compare]: gt=(-0.01, -0.02, 3.57) vslam=(0.1, -0.39, 3.24) error=0.518m max_error=0.656m (n=17)
[INFO] [1788685223.678390144] [vslam_compare]: gt=(-0.06, -0.03, 4.19) vslam=(0.04, -0.35, 3.69) error=0.596m max_error=0.656m (n=18)
[INFO] [1788685224.678179550] [vslam_compare]: gt=(-0.04, -0.01, 4.48) vslam=(0.01, -0.2, 4.18) error=0.365m max_error=0.656m (n=19)
[INFO] [1788685225.678038819] [vslam_compare]: gt=(-0.03, 0.01, 4.66) vslam=(0.45, -1.35, 5.03) error=1.495m max_error=1.495m (n=20)
[INFO] [1788685226.678209178] [vslam_compare]: gt=(-0.02, 0.02, 4.75) vslam=(0.6, -1.75, 5.11) error=1.910m max_error=1.910m (n=21)
[INFO] [1788685227.678281752] [vslam_compare]: gt=(-0.03, 0.02, 4.62) vslam=(0.69, -1.96, 5.21) error=2.189m max_error=2.189m (n=22)
[INFO] [1788685228.678134177] [vslam_compare]: gt=(-0.02, 0.08, 4.61) vslam=(0.66, -1.96, 5.18) error=2.227m max_error=2.227m (n=23)
[INFO] [1788685229.678183286] [vslam_compare]: gt=(0.2, 0.47, 4.65) vslam=(0.97, -1.68, 5.29) error=2.366m max_error=2.366m (n=24)
[INFO] [1788685230.678407157] [vslam_compare]: gt=(0.45, 1.15, 4.69) vslam=(1.1, -0.97, 5.26) error=2.286m max_error=2.366m (n=25)
[INFO] [1788685231.677970385] [vslam_compare]: gt=(0.8, 1.91, 4.72) vslam=(1.45, -0.27, 5.11) error=2.312m max_error=2.366m (n=26)
[INFO] [1788685232.678128591] [vslam_compare]: gt=(1.18, 2.64, 4.75) vslam=(1.78, 0.31, 5.13) error=2.436m max_error=2.436m (n=27)
[INFO] [1788685233.678152743] [vslam_compare]: gt=(1.4, 3.13, 4.77) vslam=(2.21, 0.49, 5.28) error=2.813m max_error=2.813m (n=28)
[INFO] [1788685234.678098196] [vslam_compare]: gt=(1.49, 3.44, 4.74) vslam=(2.22, 0.98, 5.11) error=2.595m max_error=2.813m (n=29)
[INFO] [1788685235.678075449] [vslam_compare]: gt=(1.58, 3.88, 4.75) vslam=(2.73, -0.31, 5.69) error=4.439m max_error=4.439m (n=30)
[INFO] [1788685236.678096265] [vslam_compare]: gt=(1.76, 4.37, 4.82) vslam=(2.85, -0.63, 5.84) error=5.222m max_error=5.222m (n=31)
[INFO] [1788685237.677928963] [vslam_compare]: gt=(1.93, 4.78, 4.91) vslam=(4.13, 0.71, 5.76) error=4.704m max_error=5.222m (n=32)
[INFO] [1788685238.678273564] [vslam_compare]: gt=(2.05, 5.22, 4.96) vslam=(-0.2, -55.58, 5.44) error=60.842m max_error=60.842m (n=33)
[INFO] [1788685239.678190062] [vslam_compare]: gt=(2.08, 5.76, 4.96) vslam=(-12.52, -63.53, -7.76) error=71.942m max_error=71.942m (n=34)
[INFO] [1788685240.677995319] [vslam_compare]: gt=(1.94, 6.33, 4.95) vslam=(37.98, -142.95, -10.37) error=154.340m max_error=154.340m (n=35)
[INFO] [1788685241.678015234] [vslam_compare]: gt=(1.62, 6.73, 4.92) vslam=(49.98, -152.38, -4.37) error=166.555m max_error=166.555m (n=36)
[INFO] [1788685242.677981408] [vslam_compare]: gt=(1.06, 7.23, 4.87) vslam=(56.32, -156.8, -1.0) error=173.194m max_error=173.194m (n=37)
[INFO] [1788685243.677960566] [vslam_compare]: gt=(0.43, 7.65, 4.89) vslam=(73.19, -169.93, 5.91) error=191.906m max_error=191.906m (n=38)
[INFO] [1788685244.678089288] [vslam_compare]: gt=(0.05, 7.96, 4.95) vslam=(79.43, -174.71, 8.27) error=199.203m max_error=199.203m (n=39)
[INFO] [1788685245.678311128] [vslam_compare]: gt=(0.02, 8.08, 4.96) vslam=(176.63, -198.92, 95.4) error=286.738m max_error=286.738m (n=40)
[INFO] [1788685246.678044100] [vslam_compare]: gt=(0.04, 8.07, 4.97) vslam=(138.42, -206.2, 148.44) error=292.650m max_error=292.650m (n=41)
[INFO] [1788685247.678033629] [vslam_compare]: gt=(-0.02, 8.09, 4.98) vslam=(199.48, 905.25, 167.79) error=933.376m max_error=933.376m (n=42)
[INFO] [1788685248.678037806] [vslam_compare]: gt=(-0.04, 8.12, 4.98) vslam=(199.48, 905.25, 167.79) error=933.359m max_error=933.376m (n=43)
Traceback (most recent call last):
  File "/workspaces/isaac_ros-dev/ros2_ws/install/px4_vslam_bridge/lib/python3.10/site-packages/px4_vslam_bridge/vslam_compare.py", line 194, in main
    rclpy.spin(node)
  File "/opt/ros/humble/local/lib/python3.10/dist-packages/rclpy/__init__.py", line 229, in spin
    executor.spin_once()
  File "/opt/ros/humble/local/lib/python3.10/dist-packages/rclpy/executors.py", line 808, in spin_once
    self._spin_once_impl(timeout_sec)
  File "/opt/ros/humble/local/lib/python3.10/dist-packages/rclpy/executors.py", line 797, in _spin_once_impl
    handler, entity, node = self.wait_for_ready_callbacks(timeout_sec=timeout_sec)
  File "/opt/ros/humble/local/lib/python3.10/dist-packages/rclpy/executors.py", line 780, in wait_for_ready_callbacks
    return next(self._cb_iter)
  File "/opt/ros/humble/local/lib/python3.10/dist-packages/rclpy/executors.py", line 681, in _wait_for_ready_callbacks
    raise ExternalShutdownException()
rclpy.executors.ExternalShutdownException

During handling of the above exception, another exception occurred:

Traceback (most recent call last):
  File "/workspaces/isaac_ros-dev/ros2_ws/install/px4_vslam_bridge/lib/px4_vslam_bridge/vslam_compare", line 33, in <module>
    sys.exit(load_entry_point('px4-vslam-bridge==0.1.0', 'console_scripts', 'vslam_compare')())
  File "/workspaces/isaac_ros-dev/ros2_ws/install/px4_vslam_bridge/lib/python3.10/site-packages/px4_vslam_bridge/vslam_compare.py", line 199, in main
    rclpy.shutdown()
  File "/opt/ros/humble/local/lib/python3.10/dist-packages/rclpy/__init__.py", line 130, in shutdown
    _shutdown(context=context)
  File "/opt/ros/humble/local/lib/python3.10/dist-packages/rclpy/utilities.py", line 58, in shutdown
    return context.shutdown()
  File "/opt/ros/humble/local/lib/python3.10/dist-packages/rclpy/context.py", line 102, in shutdown
    self.__context.shutdown()
rclpy._rclpy_pybind11.RCLError: failed to shutdown: rcl_shutdown already called on the given context, at ./src/rcl/init.c:241
