[INFO] [1788599718.471217843] [vslam_compare]: vslam_compare: logging per-message CSV to /workspaces/isaac_ros-dev/results/feasibility_gate/gate_sweep_extreme_r11/vslam_compare.csv (exp_id='gate_sweep_extreme_r11')
[INFO] [1788599718.490811963] [vslam_compare]: vslam_compare ready -- watching /visual_slam/tracking/odometry vs /ground_truth/odom
[INFO] [1788599718.498101464] [vslam_compare]: Ground truth origin set: (0.026247665286064148, -0.052539195865392685, 0.059330105781555176)
[INFO] [1788599718.539938993] [vslam_compare]: cuVSLAM origin set: (0.0, 0.0, 0.0) -- tracking initialized
[INFO] [1788599719.491063935] [vslam_compare]: gt=(-0.03, -0.01, 0.01) vslam=(0.0, 0.0, 0.0) error=0.026m max_error=0.026m (n=1)
[INFO] [1788599720.491115168] [vslam_compare]: gt=(-0.03, -0.01, 0.0) vslam=(0.0, 0.0, 0.0) error=0.028m max_error=0.028m (n=2)
[INFO] [1788599721.491223442] [vslam_compare]: gt=(-0.02, -0.02, 0.0) vslam=(0.0, 0.0, 0.0) error=0.028m max_error=0.028m (n=3)
[INFO] [1788599722.491082894] [vslam_compare]: gt=(-0.01, -0.04, 0.01) vslam=(0.0, 0.0, 0.0) error=0.043m max_error=0.043m (n=4)
[INFO] [1788599723.490999558] [vslam_compare]: gt=(-0.01, -0.04, 0.02) vslam=(0.0, 0.0, 0.0) error=0.044m max_error=0.044m (n=5)
[INFO] [1788599724.490875828] [vslam_compare]: gt=(-0.01, -0.02, 0.02) vslam=(0.0, 0.0, 0.0) error=0.029m max_error=0.044m (n=6)
[INFO] [1788599725.490992900] [vslam_compare]: gt=(-0.01, -0.03, 0.01) vslam=(0.0, 0.0, 0.0) error=0.030m max_error=0.044m (n=7)
[INFO] [1788599726.491189587] [vslam_compare]: gt=(-0.02, -0.01, 0.0) vslam=(0.0, 0.0, 0.0) error=0.022m max_error=0.044m (n=8)
[INFO] [1788599727.490897584] [vslam_compare]: gt=(-0.02, -0.0, 0.01) vslam=(0.0, 0.0, 0.0) error=0.019m max_error=0.044m (n=9)
[INFO] [1788599728.491234142] [vslam_compare]: gt=(-0.01, -0.01, -0.01) vslam=(0.0, 0.0, 0.0) error=0.017m max_error=0.044m (n=10)
[INFO] [1788599729.490788603] [vslam_compare]: gt=(-0.01, 0.0, -0.02) vslam=(-0.0, -0.0, 0.0) error=0.019m max_error=0.044m (n=11)
[INFO] [1788599730.491043802] [vslam_compare]: gt=(0.04, 0.0, -0.01) vslam=(0.06, -0.08, -0.0) error=0.087m max_error=0.087m (n=12)
[INFO] [1788599731.491052423] [vslam_compare]: gt=(0.07, 0.01, 0.56) vslam=(0.26, -0.04, 0.29) error=0.342m max_error=0.342m (n=13)
[INFO] [1788599732.491045919] [vslam_compare]: gt=(0.05, -0.03, 2.12) vslam=(0.22, -0.13, 1.67) error=0.492m max_error=0.492m (n=14)
[INFO] [1788599733.491088811] [vslam_compare]: gt=(-0.03, -0.06, 3.56) vslam=(0.09, -0.23, 3.29) error=0.349m max_error=0.492m (n=15)
[INFO] [1788599734.491067634] [vslam_compare]: gt=(-0.06, -0.06, 4.16) vslam=(0.03, -0.25, 4.36) error=0.290m max_error=0.492m (n=16)
[INFO] [1788599735.491055206] [vslam_compare]: gt=(-0.04, -0.02, 4.45) vslam=(0.01, -0.15, 5.02) error=0.583m max_error=0.583m (n=17)
[INFO] [1788599736.491125108] [vslam_compare]: gt=(-0.05, -0.01, 4.64) vslam=(-0.01, -0.1, 5.31) error=0.677m max_error=0.677m (n=18)
[INFO] [1788599737.490837271] [vslam_compare]: gt=(-0.04, -0.01, 4.69) vslam=(-0.07, 0.07, 5.73) error=1.037m max_error=1.037m (n=19)
[INFO] [1788599738.491064387] [vslam_compare]: gt=(-0.05, 0.0, 4.57) vslam=(-0.04, 0.05, 5.57) error=1.003m max_error=1.037m (n=20)
[INFO] [1788599739.490942552] [vslam_compare]: gt=(-0.11, 0.09, 4.55) vslam=(-0.04, -0.06, 5.42) error=0.888m max_error=1.037m (n=21)
[INFO] [1788599740.491178280] [vslam_compare]: gt=(-0.16, 0.47, 4.55) vslam=(-0.17, 0.26, 5.34) error=0.818m max_error=1.037m (n=22)
[INFO] [1788599741.491119681] [vslam_compare]: gt=(-0.02, 1.04, 4.58) vslam=(-0.09, 0.76, 5.33) error=0.800m max_error=1.037m (n=23)
[INFO] [1788599742.491260394] [vslam_compare]: gt=(0.38, 1.7, 4.62) vslam=(0.29, 1.55, 5.33) error=0.725m max_error=1.037m (n=24)
[INFO] [1788599743.491017578] [vslam_compare]: gt=(0.61, 1.98, 4.63) vslam=(0.48, 1.83, 5.34) error=0.737m max_error=1.037m (n=25)
[INFO] [1788599744.490980668] [vslam_compare]: gt=(0.81, 2.0, 4.83) vslam=(0.75, 2.26, 5.48) error=0.704m max_error=1.037m (n=26)
[INFO] [1788599745.491234635] [vslam_compare]: gt=(0.74, 2.11, 5.27) vslam=(0.87, 2.8, 5.55) error=0.757m max_error=1.037m (n=27)
[INFO] [1788599746.490934178] [vslam_compare]: gt=(0.59, 2.05, 5.36) vslam=(0.82, 2.81, 5.57) error=0.820m max_error=1.037m (n=28)
[INFO] [1788599747.491220912] [vslam_compare]: gt=(0.39, 1.88, 5.28) vslam=(0.72, 2.57, 5.49) error=0.791m max_error=1.037m (n=29)
[INFO] [1788599748.490964463] [vslam_compare]: gt=(-0.04, 1.91, 5.15) vslam=(0.66, 2.81, 5.28) error=1.139m max_error=1.139m (n=30)
[INFO] [1788599749.491270209] [vslam_compare]: gt=(0.19, 0.47, 4.87) vslam=(2.29, 3.35, 4.1) error=3.642m max_error=3.642m (n=31)
[INFO] [1788599750.491224157] [vslam_compare]: gt=(1.55, -0.86, 4.38) vslam=(-1.09, 0.8, 2.28) error=3.756m max_error=3.756m (n=32)
[INFO] [1788599751.491350687] [vslam_compare]: gt=(3.03, -0.15, 3.15) vslam=(-2.94, 0.45, 2.94) error=6.004m max_error=6.004m (n=33)
[INFO] [1788599752.491189080] [vslam_compare]: gt=(2.61, 0.2, -0.2) vslam=(1.15, 0.49, 7.65) error=7.985m max_error=7.985m (n=34)
[INFO] [1788599753.490896105] [vslam_compare]: gt=(1.55, 0.1, -0.32) vslam=(2.79, 2.56, 10.35) error=11.015m max_error=11.015m (n=35)
[INFO] [1788599754.491072378] [vslam_compare]: gt=(0.24, -0.33, -0.54) vslam=(3.35, 1.69, 11.52) error=12.617m max_error=12.617m (n=36)
[INFO] [1788599755.491138783] [vslam_compare]: gt=(-0.81, -2.19, -0.47) vslam=(1.4, 1.03, 14.33) error=15.300m max_error=15.300m (n=37)
[INFO] [1788599756.491018325] [vslam_compare]: gt=(0.49, -2.81, -0.65) vslam=(1.66, 1.68, 14.49) error=15.833m max_error=15.833m (n=38)
[INFO] [1788599757.491035803] [vslam_compare]: gt=(1.79, -2.92, -0.43) vslam=(1.5, 2.04, 14.1) error=15.355m max_error=15.833m (n=39)
[INFO] [1788599758.491163823] [vslam_compare]: gt=(2.01, -4.72, -1.05) vslam=(0.76, 1.97, 13.44) error=16.011m max_error=16.011m (n=40)
[INFO] [1788599759.491080634] [vslam_compare]: gt=(1.51, -6.74, 1.33) vslam=(0.86, 1.79, 13.44) error=14.828m max_error=16.011m (n=41)
[INFO] [1788599760.490953994] [vslam_compare]: gt=(0.32, -9.21, 0.83) vslam=(0.99, 1.83, 13.44) error=16.764m max_error=16.764m (n=42)
[INFO] [1788599761.490956644] [vslam_compare]: gt=(-2.33, -12.42, 0.29) vslam=(0.83, 2.0, 12.86) error=19.388m max_error=19.388m (n=43)
Traceback (most recent call last):
  File "/workspaces/isaac_ros-dev/ros2_ws/install/px4_vslam_bridge/lib/python3.10/site-packages/px4_vslam_bridge/vslam_compare.py", line 194, in main
    rclpy.spin(node)
  File "/opt/ros/humble/local/lib/python3.10/dist-packages/rclpy/__init__.py", line 229, in spin
    executor.spin_once()
  File "/opt/ros/humble/local/lib/python3.10/dist-packages/rclpy/executors.py", line 808, in spin_once
    self._spin_once_impl(timeout_sec)
  File "/opt/ros/humble/local/lib/python3.10/dist-packages/rclpy/executors.py", line 797, in _spin_once_impl
    handler, entity, node = self.wait_for_ready_callbacks(timeout_sec=timeout_sec)
  File "/opt/ros/humble/local/lib/python3.10/dist-packages/rclpy/executors.py", line 780, in wait_for_ready_callbacks
    return next(self._cb_iter)
  File "/opt/ros/humble/local/lib/python3.10/dist-packages/rclpy/executors.py", line 681, in _wait_for_ready_callbacks
    raise ExternalShutdownException()
rclpy.executors.ExternalShutdownException

During handling of the above exception, another exception occurred:

Traceback (most recent call last):
  File "/workspaces/isaac_ros-dev/ros2_ws/install/px4_vslam_bridge/lib/px4_vslam_bridge/vslam_compare", line 33, in <module>
    sys.exit(load_entry_point('px4-vslam-bridge==0.1.0', 'console_scripts', 'vslam_compare')())
  File "/workspaces/isaac_ros-dev/ros2_ws/install/px4_vslam_bridge/lib/python3.10/site-packages/px4_vslam_bridge/vslam_compare.py", line 199, in main
    rclpy.shutdown()
  File "/opt/ros/humble/local/lib/python3.10/dist-packages/rclpy/__init__.py", line 130, in shutdown
    _shutdown(context=context)
  File "/opt/ros/humble/local/lib/python3.10/dist-packages/rclpy/utilities.py", line 58, in shutdown
    return context.shutdown()
  File "/opt/ros/humble/local/lib/python3.10/dist-packages/rclpy/context.py", line 102, in shutdown
    self.__context.shutdown()
rclpy._rclpy_pybind11.RCLError: failed to shutdown: rcl_shutdown already called on the given context, at ./src/rcl/init.c:241
