[INFO] [1788719876.929170896] [vslam_compare]: vslam_compare: logging per-message CSV to /workspaces/isaac_ros-dev/results/route2_probe/r2_none_r131/vslam_compare.csv (exp_id='r2_none_r131')
[INFO] [1788719876.950437004] [vslam_compare]: vslam_compare ready -- watching /visual_slam/tracking/odometry vs /ground_truth/odom
[INFO] [1788719876.951371065] [vslam_compare]: Ground truth origin set: (-0.005005745682865381, 0.011623876169323921, -0.03636036813259125)
[INFO] [1788719877.603069454] [vslam_compare]: cuVSLAM origin set: (0.0, 0.0, 0.0) -- tracking initialized
[INFO] [1788719877.950578634] [vslam_compare]: gt=(-0.01, 0.0, 0.0) vslam=(0.0, 0.0, 0.0) error=0.009m max_error=0.009m (n=1)
[INFO] [1788719878.950958294] [vslam_compare]: gt=(-0.01, 0.0, -0.0) vslam=(0.0, 0.0, 0.0) error=0.012m max_error=0.012m (n=2)
[INFO] [1788719879.950621576] [vslam_compare]: gt=(-0.01, 0.0, -0.01) vslam=(0.0, 0.0, 0.0) error=0.017m max_error=0.017m (n=3)
[INFO] [1788719880.950928452] [vslam_compare]: gt=(-0.02, -0.0, -0.01) vslam=(0.0, 0.0, 0.0) error=0.020m max_error=0.020m (n=4)
[INFO] [1788719881.950831512] [vslam_compare]: gt=(0.0, -0.01, -0.02) vslam=(0.0, 0.0, 0.0) error=0.021m max_error=0.021m (n=5)
[INFO] [1788719882.950854565] [vslam_compare]: gt=(0.0, -0.02, -0.02) vslam=(0.0, 0.0, 0.0) error=0.029m max_error=0.029m (n=6)
[INFO] [1788719883.951031484] [vslam_compare]: gt=(0.01, -0.02, -0.02) vslam=(-0.02, -0.18, -0.02) error=0.167m max_error=0.167m (n=7)
[INFO] [1788719884.950787586] [vslam_compare]: gt=(-0.02, -0.04, 0.03) vslam=(-0.22, -0.21, 0.33) error=0.395m max_error=0.395m (n=8)
[INFO] [1788719885.950557025] [vslam_compare]: gt=(-0.05, -0.05, 0.11) vslam=(-0.23, -0.2, 0.35) error=0.333m max_error=0.395m (n=9)
[INFO] [1788719886.950642746] [vslam_compare]: gt=(-0.03, -0.05, 0.14) vslam=(-0.22, -0.19, 0.37) error=0.335m max_error=0.395m (n=10)
[INFO] [1788719887.950879407] [vslam_compare]: gt=(0.15, -0.02, 0.17) vslam=(-0.46, -0.48, 0.51) error=0.835m max_error=0.835m (n=11)
[INFO] [1788719888.950860001] [vslam_compare]: gt=(0.1, -0.03, 1.08) vslam=(2.58, 8.9, 7.03) error=11.015m max_error=11.015m (n=12)
[INFO] [1788719889.950868388] [vslam_compare]: gt=(0.04, -0.18, 2.82) vslam=(3.32, 7.81, 8.41) error=10.288m max_error=11.015m (n=13)
[INFO] [1788719890.951127968] [vslam_compare]: gt=(0.03, -0.21, 3.91) vslam=(4.8, 6.05, 8.61) error=9.173m max_error=11.015m (n=14)
[INFO] [1788719891.951056473] [vslam_compare]: gt=(0.05, -0.14, 4.4) vslam=(5.1, 6.02, 8.69) error=9.047m max_error=11.015m (n=15)
[INFO] [1788719892.950740301] [vslam_compare]: gt=(0.04, -0.03, 4.56) vslam=(5.2, 6.0, 8.76) error=8.989m max_error=11.015m (n=16)
[INFO] [1788719893.950644304] [vslam_compare]: gt=(-0.01, -0.01, 4.67) vslam=(5.24, 5.98, 8.85) error=9.000m max_error=11.015m (n=17)
[INFO] [1788719894.951035702] [vslam_compare]: gt=(-0.03, -0.03, 4.64) vslam=(5.6, 5.48, 9.04) error=9.024m max_error=11.015m (n=18)
[INFO] [1788719895.950777699] [vslam_compare]: gt=(-0.02, -0.04, 4.65) vslam=(5.61, 5.49, 8.91) error=8.966m max_error=11.015m (n=19)
[INFO] [1788719896.950829566] [vslam_compare]: gt=(-0.07, 0.16, 4.63) vslam=(5.7, 5.59, 8.81) error=8.963m max_error=11.015m (n=20)
[INFO] [1788719897.950845488] [vslam_compare]: gt=(-0.22, 0.79, 4.62) vslam=(6.12, 6.09, 8.69) error=9.211m max_error=11.015m (n=21)
[INFO] [1788719898.950742312] [vslam_compare]: gt=(-0.32, 1.6, 4.63) vslam=(8.38, 5.53, 8.11) error=10.163m max_error=11.015m (n=22)
[INFO] [1788719899.950757933] [vslam_compare]: gt=(-0.21, 2.45, 4.82) vslam=(9.59, 4.8, 7.24) error=10.367m max_error=11.015m (n=23)
[INFO] [1788719900.950698176] [vslam_compare]: gt=(-0.06, 3.04, 4.85) vslam=(11.31, 6.17, 5.73) error=11.826m max_error=11.826m (n=24)
[INFO] [1788719901.950928421] [vslam_compare]: gt=(0.04, 3.36, 4.79) vslam=(11.29, 6.24, 5.76) error=11.653m max_error=11.826m (n=25)
[INFO] [1788719902.950784289] [vslam_compare]: gt=(-0.38, 3.6, 4.72) vslam=(12.57, 5.0, 4.26) error=13.032m max_error=13.032m (n=26)
[INFO] [1788719903.950899371] [vslam_compare]: gt=(-0.49, 4.15, 4.7) vslam=(13.64, 4.92, 3.98) error=14.171m max_error=14.171m (n=27)
[INFO] [1788719904.950719642] [vslam_compare]: gt=(-0.38, 4.79, 4.84) vslam=(14.72, 3.84, 3.21) error=15.220m max_error=15.220m (n=28)
[INFO] [1788719905.950797393] [vslam_compare]: gt=(-1.02, 5.1, 4.91) vslam=(16.05, 2.8, 2.6) error=17.385m max_error=17.385m (n=29)
[INFO] [1788719906.950586474] [vslam_compare]: gt=(-0.99, 5.14, 4.95) vslam=(16.1, 1.9, 2.15) error=17.617m max_error=17.617m (n=30)
[INFO] [1788719907.950724453] [vslam_compare]: gt=(0.09, 5.0, 4.95) vslam=(17.13, 1.55, 0.94) error=17.843m max_error=17.843m (n=31)
[INFO] [1788719908.950995836] [vslam_compare]: gt=(1.16, 4.95, 4.85) vslam=(19.84, -1.25, -1.39) error=20.646m max_error=20.646m (n=32)
[INFO] [1788719909.950720643] [vslam_compare]: gt=(1.36, 5.11, 4.7) vslam=(21.59, -2.78, -2.99) error=23.036m max_error=23.036m (n=33)
[INFO] [1788719910.950936890] [vslam_compare]: gt=(1.2, 5.72, 4.64) vslam=(21.99, -3.89, -3.02) error=24.150m max_error=24.150m (n=34)
[INFO] [1788719911.950606762] [vslam_compare]: gt=(0.85, 6.42, 4.74) vslam=(23.88, -6.29, -3.99) error=27.714m max_error=27.714m (n=35)
Traceback (most recent call last):
  File "/workspaces/isaac_ros-dev/ros2_ws/install/px4_vslam_bridge/lib/python3.10/site-packages/px4_vslam_bridge/vslam_compare.py", line 194, in main
    rclpy.spin(node)
  File "/opt/ros/humble/local/lib/python3.10/dist-packages/rclpy/__init__.py", line 229, in spin
    executor.spin_once()
  File "/opt/ros/humble/local/lib/python3.10/dist-packages/rclpy/executors.py", line 808, in spin_once
    self._spin_once_impl(timeout_sec)
  File "/opt/ros/humble/local/lib/python3.10/dist-packages/rclpy/executors.py", line 797, in _spin_once_impl
    handler, entity, node = self.wait_for_ready_callbacks(timeout_sec=timeout_sec)
  File "/opt/ros/humble/local/lib/python3.10/dist-packages/rclpy/executors.py", line 780, in wait_for_ready_callbacks
    return next(self._cb_iter)
  File "/opt/ros/humble/local/lib/python3.10/dist-packages/rclpy/executors.py", line 681, in _wait_for_ready_callbacks
    raise ExternalShutdownException()
rclpy.executors.ExternalShutdownException

During handling of the above exception, another exception occurred:

Traceback (most recent call last):
  File "/workspaces/isaac_ros-dev/ros2_ws/install/px4_vslam_bridge/lib/px4_vslam_bridge/vslam_compare", line 33, in <module>
    sys.exit(load_entry_point('px4-vslam-bridge==0.1.0', 'console_scripts', 'vslam_compare')())
  File "/workspaces/isaac_ros-dev/ros2_ws/install/px4_vslam_bridge/lib/python3.10/site-packages/px4_vslam_bridge/vslam_compare.py", line 199, in main
    rclpy.shutdown()
  File "/opt/ros/humble/local/lib/python3.10/dist-packages/rclpy/__init__.py", line 130, in shutdown
    _shutdown(context=context)
  File "/opt/ros/humble/local/lib/python3.10/dist-packages/rclpy/utilities.py", line 58, in shutdown
    return context.shutdown()
  File "/opt/ros/humble/local/lib/python3.10/dist-packages/rclpy/context.py", line 102, in shutdown
    self.__context.shutdown()
rclpy._rclpy_pybind11.RCLError: failed to shutdown: rcl_shutdown already called on the given context, at ./src/rcl/init.c:241
