[INFO] [1788715609.298811961] [fast_planner_bridge]: fast_planner_bridge ready -- will capture home at arm time and climb (0.0, 0.0, -5.0) NED relative to it, then follow /planning/pos_cmd from Fast-Planner
[INFO] [1788715609.299306862] [fast_planner_bridge]: >>> Press ENTER to arm and fly (or set OFFBOARD_AUTO_START=1) <<<
[INFO] [1788715613.169686284] [fast_planner_bridge]: OFFBOARD + ARMED confirmed -- home_ned=(-0.049231018871068954, -0.0023475782945752144, -0.0388626754283905), climbing to (-0.049231018871068954, -0.0023475782945752144, -5.0388626754283905).
[INFO] [1788715613.269888092] [fast_planner_bridge]: [CLIMBING] pos_ned=(-0.05,-0.00,-0.04) dist=5.00m
[INFO] [1788715614.269447481] [fast_planner_bridge]: [CLIMBING] pos_ned=(-0.03,-0.00,-0.04) dist=5.00m
[INFO] [1788715615.269712327] [fast_planner_bridge]: [CLIMBING] pos_ned=(0.33,-0.15,-0.24) dist=4.81m
[INFO] [1788715616.269770392] [fast_planner_bridge]: [CLIMBING] pos_ned=(0.51,-0.22,-0.35) dist=4.72m
[INFO] [1788715617.269582559] [fast_planner_bridge]: [CLIMBING] pos_ned=(0.51,-0.23,-0.38) dist=4.69m
[INFO] [1788715618.269332057] [fast_planner_bridge]: [CLIMBING] pos_ned=(0.35,-0.22,-0.48) dist=4.59m
[INFO] [1788715619.269641568] [fast_planner_bridge]: [CLIMBING] pos_ned=(-0.01,0.23,-1.18) dist=3.86m
[INFO] [1788715620.269409152] [fast_planner_bridge]: [CLIMBING] pos_ned=(-0.08,0.35,-2.77) dist=2.30m
[INFO] [1788715621.269598337] [fast_planner_bridge]: [CLIMBING] pos_ned=(-0.06,0.27,-3.84) dist=1.23m
[INFO] [1788715622.269503521] [fast_planner_bridge]: [CLIMBING] pos_ned=(0.12,0.35,-4.38) dist=0.76m
[INFO] [1788715623.269718267] [fast_planner_bridge]: [CLIMBING] pos_ned=(0.09,0.18,-4.59) dist=0.50m
[INFO] [1788715624.269344675] [fast_planner_bridge]: [CLIMBING] pos_ned=(-0.12,-0.10,-4.71) dist=0.35m
[INFO] [1788715625.269308251] [fast_planner_bridge]: [CLIMBING] pos_ned=(-0.22,-0.27,-4.80) dist=0.40m
[INFO] [1788715626.269556120] [fast_planner_bridge]: [CLIMBING] pos_ned=(-0.18,-0.29,-4.86) dist=0.36m
[INFO] [1788715626.919633699] [fast_planner_bridge]: Climb complete (dist=0.30m) -- following Fast-Planner.
[INFO] [1788715627.269827221] [fast_planner_bridge]: [FOLLOWING] pos_ned=(-0.11,-0.22,-4.90) target_ned=(0.01,-0.31,-4.85) pos_cmd_age=0.01s
[INFO] [1788715628.269831915] [fast_planner_bridge]: [FOLLOWING] pos_ned=(0.27,-0.26,-4.80) target_ned=(0.54,-0.38,-4.82) pos_cmd_age=0.01s
[INFO] [1788715629.269546769] [fast_planner_bridge]: [FOLLOWING] pos_ned=(0.99,-0.47,-4.56) target_ned=(1.28,-0.44,-4.79) pos_cmd_age=0.01s
[INFO] [1788715630.269562719] [fast_planner_bridge]: [FOLLOWING] pos_ned=(1.81,-0.55,-4.58) target_ned=(2.05,-0.45,-4.79) pos_cmd_age=0.01s
[INFO] [1788715631.269294530] [fast_planner_bridge]: [FOLLOWING] pos_ned=(2.76,-0.54,-4.75) target_ned=(2.83,-0.50,-4.80) pos_cmd_age=0.01s
[INFO] [1788715632.269697474] [fast_planner_bridge]: [FOLLOWING] pos_ned=(3.72,-0.47,-4.94) target_ned=(3.55,-0.51,-4.82) pos_cmd_age=0.01s
[INFO] [1788715633.269409361] [fast_planner_bridge]: [FOLLOWING] pos_ned=(4.40,-0.34,-5.06) target_ned=(4.06,-0.43,-4.85) pos_cmd_age=0.01s
[INFO] [1788715634.269975309] [fast_planner_bridge]: [FOLLOWING] pos_ned=(4.53,-0.25,-5.00) target_ned=(4.26,-0.38,-4.85) pos_cmd_age=0.01s
[INFO] [1788715635.269779602] [fast_planner_bridge]: [FOLLOWING] pos_ned=(4.27,-0.31,-4.90) target_ned=(4.18,-0.40,-4.84) pos_cmd_age=0.01s
[INFO] [1788715636.269739950] [fast_planner_bridge]: [FOLLOWING] pos_ned=(4.07,-0.36,-4.77) target_ned=(4.16,-0.41,-4.80) pos_cmd_age=0.01s
[INFO] [1788715637.269928663] [fast_planner_bridge]: [FOLLOWING] pos_ned=(4.24,-0.36,-4.73) target_ned=(4.41,-0.42,-4.78) pos_cmd_age=0.01s
[INFO] [1788715638.269397014] [fast_planner_bridge]: [FOLLOWING] pos_ned=(4.85,-0.49,-4.77) target_ned=(5.03,-0.46,-4.82) pos_cmd_age=0.01s
[INFO] [1788715639.269658417] [fast_planner_bridge]: [FOLLOWING] pos_ned=(5.66,-0.63,-4.84) target_ned=(5.83,-0.50,-4.89) pos_cmd_age=0.01s
[INFO] [1788715640.269926332] [fast_planner_bridge]: [FOLLOWING] pos_ned=(6.46,-0.59,-4.90) target_ned=(6.62,-0.42,-4.95) pos_cmd_age=0.01s
[INFO] [1788715641.269629379] [fast_planner_bridge]: [FOLLOWING] pos_ned=(7.12,-0.37,-4.92) target_ned=(7.19,-0.25,-4.97) pos_cmd_age=0.01s
[INFO] [1788715642.269437351] [fast_planner_bridge]: [FOLLOWING] pos_ned=(7.39,-0.18,-4.92) target_ned=(7.42,-0.13,-4.97) pos_cmd_age=0.01s
[INFO] [1788715643.269336260] [fast_planner_bridge]: [FOLLOWING] pos_ned=(7.43,-0.16,-4.95) target_ned=(7.52,-0.11,-4.98) pos_cmd_age=0.01s
[INFO] [1788715644.269363701] [fast_planner_bridge]: [FOLLOWING] pos_ned=(7.85,-0.10,-4.99) target_ned=(7.87,-0.03,-4.99) pos_cmd_age=0.01s
[INFO] [1788715645.269310545] [fast_planner_bridge]: [FOLLOWING] pos_ned=(8.12,0.03,-4.98) target_ned=(8.00,-0.00,-5.00) pos_cmd_age=0.01s
[WARN] [1788715645.419084240] [fast_planner_bridge]: Shutdown signal 15 received -- ceasing ARM requests, commanding AUTO.LAND, will disarm and exit once landed. If this doesn't complete and the vehicle needs to come down NOW, use emergency_stop.py instead of repeating this signal.
[INFO] [1788715645.520221720] [fast_planner_bridge]: Requesting AUTO.LAND... nav_state=14
[INFO] [1788715645.569754491] [fast_planner_bridge]: AUTO.LAND confirmed -- ceasing offboard setpoints, handing off to the autopilot.
[INFO] [1788715647.269293857] [fast_planner_bridge]: Waiting for disarm (backstop disarm sent)... arming_state=2
