[INFO] [1788715602.329671210] [visual_odometry_bridge]: visual_odometry_bridge ready: /visual_slam/tracking/odometry -> /fmu/in/vehicle_visual_odometry
[INFO] [1788715608.122903803] [visual_odometry_bridge]: published 100 vehicle_visual_odometry samples (last NED pos=(0.00,0.00,-0.00))
[WARN] [1788715613.599597623] [visual_odometry_bridge]: Rejected cuVSLAM update: implied speed 61.6 m/s (jumped 1.97m in 32ms) -- holding last known-good position, not forwarding to EKF2. (1 rejected total)
[WARN] [1788715617.795190906] [visual_odometry_bridge]: Rejected cuVSLAM update: implied speed 13.4 m/s (jumped 0.48m in 36ms) -- holding last known-good position, not forwarding to EKF2. (8 rejected total)
[INFO] [1788715619.264721650] [visual_odometry_bridge]: published 300 vehicle_visual_odometry samples (last NED pos=(5.03,-0.86,-3.99))
[WARN] [1788715620.286482754] [visual_odometry_bridge]: Rejected cuVSLAM update: implied speed 10.5 m/s (jumped 0.34m in 32ms) -- holding last known-good position, not forwarding to EKF2. (26 rejected total)
[INFO] [1788715624.566155842] [visual_odometry_bridge]: published 400 vehicle_visual_odometry samples (last NED pos=(1.74,-1.33,-6.41))
[WARN] [1788715627.967683355] [visual_odometry_bridge]: Rejected cuVSLAM update: implied speed 48.8 m/s (jumped 1.56m in 32ms) -- holding last known-good position, not forwarding to EKF2. (33 rejected total)
[INFO] [1788715629.757284617] [visual_odometry_bridge]: published 500 vehicle_visual_odometry samples (last NED pos=(1.87,-0.31,-5.51))
[WARN] [1788715631.007037311] [visual_odometry_bridge]: Rejected cuVSLAM update: implied speed 16.6 m/s (jumped 0.53m in 32ms) -- holding last known-good position, not forwarding to EKF2. (38 rejected total)
[INFO] [1788715634.967822264] [visual_odometry_bridge]: published 600 vehicle_visual_odometry samples (last NED pos=(-1.98,1.84,-4.80))
[WARN] [1788715635.066698438] [visual_odometry_bridge]: Rejected cuVSLAM update: implied speed 16.0 m/s (jumped 0.58m in 36ms) -- holding last known-good position, not forwarding to EKF2. (43 rejected total)
Traceback (most recent call last):
  File "/workspaces/isaac_ros-dev/ros2_ws/install/px4_vslam_bridge/lib/python3.10/site-packages/px4_vslam_bridge/visual_odometry_bridge.py", line 160, in main
    rclpy.spin(node)
  File "/opt/ros/humble/local/lib/python3.10/dist-packages/rclpy/__init__.py", line 229, in spin
    executor.spin_once()
  File "/opt/ros/humble/local/lib/python3.10/dist-packages/rclpy/executors.py", line 808, in spin_once
    self._spin_once_impl(timeout_sec)
  File "/opt/ros/humble/local/lib/python3.10/dist-packages/rclpy/executors.py", line 797, in _spin_once_impl
    handler, entity, node = self.wait_for_ready_callbacks(timeout_sec=timeout_sec)
  File "/opt/ros/humble/local/lib/python3.10/dist-packages/rclpy/executors.py", line 780, in wait_for_ready_callbacks
    return next(self._cb_iter)
  File "/opt/ros/humble/local/lib/python3.10/dist-packages/rclpy/executors.py", line 681, in _wait_for_ready_callbacks
    raise ExternalShutdownException()
rclpy.executors.ExternalShutdownException

During handling of the above exception, another exception occurred:

Traceback (most recent call last):
  File "/workspaces/isaac_ros-dev/ros2_ws/install/px4_vslam_bridge/lib/px4_vslam_bridge/visual_odometry_bridge", line 33, in <module>
    sys.exit(load_entry_point('px4-vslam-bridge==0.1.0', 'console_scripts', 'visual_odometry_bridge')())
  File "/workspaces/isaac_ros-dev/ros2_ws/install/px4_vslam_bridge/lib/python3.10/site-packages/px4_vslam_bridge/visual_odometry_bridge.py", line 165, in main
    rclpy.shutdown()
  File "/opt/ros/humble/local/lib/python3.10/dist-packages/rclpy/__init__.py", line 130, in shutdown
    _shutdown(context=context)
  File "/opt/ros/humble/local/lib/python3.10/dist-packages/rclpy/utilities.py", line 58, in shutdown
    return context.shutdown()
  File "/opt/ros/humble/local/lib/python3.10/dist-packages/rclpy/context.py", line 102, in shutdown
    self.__context.shutdown()
rclpy._rclpy_pybind11.RCLError: failed to shutdown: rcl_shutdown already called on the given context, at ./src/rcl/init.c:241
