[INFO] [1788601726.456128069] [vslam_compare]: vslam_compare: logging per-message CSV to /workspaces/isaac_ros-dev/results/feasibility_gate/gate_sweep_low_r09/vslam_compare.csv (exp_id='gate_sweep_low_r09')
[INFO] [1788601726.475215569] [vslam_compare]: vslam_compare ready -- watching /visual_slam/tracking/odometry vs /ground_truth/odom
[INFO] [1788601726.479305160] [vslam_compare]: Ground truth origin set: (-0.027534332126379013, -0.0638422742486, 0.0021649450063705444)
[INFO] [1788601726.501168272] [vslam_compare]: cuVSLAM origin set: (0.0, 0.0, 0.0) -- tracking initialized
[INFO] [1788601727.475447329] [vslam_compare]: gt=(-0.0, 0.02, 0.0) vslam=(0.0, 0.0, 0.0) error=0.017m max_error=0.017m (n=1)
[INFO] [1788601728.475719598] [vslam_compare]: gt=(0.0, 0.03, 0.02) vslam=(0.0, 0.0, 0.0) error=0.032m max_error=0.032m (n=2)
[INFO] [1788601729.475661803] [vslam_compare]: gt=(0.02, 0.01, 0.04) vslam=(0.0, 0.0, 0.0) error=0.048m max_error=0.048m (n=3)
[INFO] [1788601730.475331571] [vslam_compare]: gt=(0.03, 0.01, 0.04) vslam=(0.0, 0.0, 0.0) error=0.049m max_error=0.049m (n=4)
[INFO] [1788601731.475437939] [vslam_compare]: gt=(0.01, 0.01, 0.03) vslam=(0.0, 0.0, 0.0) error=0.038m max_error=0.049m (n=5)
[INFO] [1788601732.475535294] [vslam_compare]: gt=(0.02, 0.01, 0.03) vslam=(0.0, 0.0, 0.0) error=0.035m max_error=0.049m (n=6)
[INFO] [1788601733.475452665] [vslam_compare]: gt=(0.01, 0.01, 0.02) vslam=(0.0, 0.0, 0.0) error=0.025m max_error=0.049m (n=7)
[INFO] [1788601734.475681352] [vslam_compare]: gt=(0.01, 0.01, 0.01) vslam=(0.0, 0.0, 0.0) error=0.018m max_error=0.049m (n=8)
[INFO] [1788601735.475753880] [vslam_compare]: gt=(0.02, -0.01, 0.0) vslam=(0.0, 0.0, 0.0) error=0.021m max_error=0.049m (n=9)
[INFO] [1788601736.475534875] [vslam_compare]: gt=(0.03, -0.01, 0.01) vslam=(-0.0, -0.01, 0.0) error=0.038m max_error=0.049m (n=10)
[INFO] [1788601737.475698680] [vslam_compare]: gt=(0.11, 0.01, 0.01) vslam=(0.04, -0.11, 0.03) error=0.137m max_error=0.137m (n=11)
[INFO] [1788601738.475588144] [vslam_compare]: gt=(0.13, 0.05, 0.62) vslam=(0.27, 0.03, 0.24) error=0.407m max_error=0.407m (n=12)
[INFO] [1788601739.475506425] [vslam_compare]: gt=(-0.06, -0.15, 2.37) vslam=(0.03, -0.26, 1.85) error=0.544m max_error=0.544m (n=13)
[INFO] [1788601740.475433366] [vslam_compare]: gt=(-0.13, -0.21, 3.65) vslam=(-0.15, -0.4, 3.42) error=0.307m max_error=0.544m (n=14)
[INFO] [1788601741.475954752] [vslam_compare]: gt=(-0.09, -0.07, 4.18) vslam=(-0.21, -0.28, 4.43) error=0.343m max_error=0.544m (n=15)
[INFO] [1788601742.475666716] [vslam_compare]: gt=(-0.07, 0.05, 4.46) vslam=(-0.25, -0.05, 5.09) error=0.662m max_error=0.662m (n=16)
[INFO] [1788601743.476187897] [vslam_compare]: gt=(-0.04, 0.07, 4.63) vslam=(-0.31, 0.22, 5.77) error=1.181m max_error=1.181m (n=17)
[INFO] [1788601744.475884378] [vslam_compare]: gt=(0.01, 0.06, 4.75) vslam=(-0.29, 0.26, 5.96) error=1.260m max_error=1.260m (n=18)
[INFO] [1788601745.475766148] [vslam_compare]: gt=(0.01, 0.06, 4.63) vslam=(-0.25, 0.24, 5.84) error=1.255m max_error=1.260m (n=19)
[INFO] [1788601746.475622895] [vslam_compare]: gt=(-0.03, 0.1, 4.59) vslam=(-0.27, 0.25, 5.78) error=1.227m max_error=1.260m (n=20)
[INFO] [1788601747.475374257] [vslam_compare]: gt=(-0.05, 0.23, 4.59) vslam=(-0.28, 0.31, 5.78) error=1.215m max_error=1.260m (n=21)
[INFO] [1788601748.475432847] [vslam_compare]: gt=(-0.1, 0.68, 4.6) vslam=(-0.23, 0.64, 5.57) error=0.974m max_error=1.260m (n=22)
[INFO] [1788601749.475726198] [vslam_compare]: gt=(-0.17, 1.19, 4.6) vslam=(-0.31, 1.34, 5.58) error=1.000m max_error=1.260m (n=23)
[INFO] [1788601750.475510400] [vslam_compare]: gt=(-0.16, 1.55, 4.61) vslam=(-0.38, 1.83, 5.63) error=1.086m max_error=1.260m (n=24)
[INFO] [1788601751.475509918] [vslam_compare]: gt=(0.17, 1.81, 4.63) vslam=(0.05, 2.39, 5.6) error=1.133m max_error=1.260m (n=25)
[INFO] [1788601752.475887545] [vslam_compare]: gt=(0.62, 2.16, 4.67) vslam=(0.52, 3.03, 5.62) error=1.288m max_error=1.288m (n=26)
[INFO] [1788601753.475639014] [vslam_compare]: gt=(1.04, 2.66, 4.73) vslam=(0.73, 3.76, 5.67) error=1.485m max_error=1.485m (n=27)
[INFO] [1788601754.475567206] [vslam_compare]: gt=(1.47, 3.3, 4.82) vslam=(1.25, 4.58, 5.77) error=1.608m max_error=1.608m (n=28)
[INFO] [1788601755.475681308] [vslam_compare]: gt=(1.9, 4.0, 4.9) vslam=(1.69, 5.7, 5.92) error=1.988m max_error=1.988m (n=29)
[INFO] [1788601756.475667654] [vslam_compare]: gt=(2.22, 4.49, 4.86) vslam=(2.15, 6.49, 5.96) error=2.278m max_error=2.278m (n=30)
[INFO] [1788601757.475307975] [vslam_compare]: gt=(2.3, 4.92, 4.86) vslam=(2.33, 7.36, 5.98) error=2.687m max_error=2.687m (n=31)
[INFO] [1788601758.475614996] [vslam_compare]: gt=(2.46, 5.49, 4.89) vslam=(2.53, 8.0, 6.02) error=2.758m max_error=2.758m (n=32)
[INFO] [1788601759.475575722] [vslam_compare]: gt=(2.66, 6.08, 4.88) vslam=(3.02, 8.97, 6.1) error=3.165m max_error=3.165m (n=33)
[INFO] [1788601760.475604898] [vslam_compare]: gt=(2.57, 6.48, 4.95) vslam=(2.85, 9.84, 6.06) error=3.548m max_error=3.548m (n=34)
[INFO] [1788601761.475538688] [vslam_compare]: gt=(2.52, 6.56, 4.94) vslam=(2.69, 10.08, 6.0) error=3.683m max_error=3.683m (n=35)
[INFO] [1788601762.475530950] [vslam_compare]: gt=(2.6, 6.44, 4.9) vslam=(2.73, 10.1, 6.01) error=3.837m max_error=3.837m (n=36)
[INFO] [1788601763.475638871] [vslam_compare]: gt=(2.55, 6.57, 4.85) vslam=(2.68, 10.24, 5.92) error=3.831m max_error=3.837m (n=37)
[INFO] [1788601764.475828597] [vslam_compare]: gt=(2.34, 7.04, 4.9) vslam=(2.53, 10.7, 5.86) error=3.792m max_error=3.837m (n=38)
[INFO] [1788601765.475566921] [vslam_compare]: gt=(2.18, 7.73, 4.96) vslam=(2.43, 11.38, 5.95) error=3.794m max_error=3.837m (n=39)
[INFO] [1788601766.475440190] [vslam_compare]: gt=(2.08, 8.18, 4.97) vslam=(2.38, 11.98, 5.94) error=3.940m max_error=3.940m (n=40)
[INFO] [1788601767.475592734] [vslam_compare]: gt=(2.0, 8.3, 4.9) vslam=(2.46, 12.22, 5.92) error=4.077m max_error=4.077m (n=41)
[INFO] [1788601768.475480484] [vslam_compare]: gt=(1.66, 8.25, 4.92) vslam=(2.14, 12.36, 5.71) error=4.208m max_error=4.208m (n=42)
Traceback (most recent call last):
  File "/workspaces/isaac_ros-dev/ros2_ws/install/px4_vslam_bridge/lib/python3.10/site-packages/px4_vslam_bridge/vslam_compare.py", line 194, in main
    rclpy.spin(node)
  File "/opt/ros/humble/local/lib/python3.10/dist-packages/rclpy/__init__.py", line 229, in spin
    executor.spin_once()
  File "/opt/ros/humble/local/lib/python3.10/dist-packages/rclpy/executors.py", line 808, in spin_once
    self._spin_once_impl(timeout_sec)
  File "/opt/ros/humble/local/lib/python3.10/dist-packages/rclpy/executors.py", line 797, in _spin_once_impl
    handler, entity, node = self.wait_for_ready_callbacks(timeout_sec=timeout_sec)
  File "/opt/ros/humble/local/lib/python3.10/dist-packages/rclpy/executors.py", line 780, in wait_for_ready_callbacks
    return next(self._cb_iter)
  File "/opt/ros/humble/local/lib/python3.10/dist-packages/rclpy/executors.py", line 681, in _wait_for_ready_callbacks
    raise ExternalShutdownException()
rclpy.executors.ExternalShutdownException

During handling of the above exception, another exception occurred:

Traceback (most recent call last):
  File "/workspaces/isaac_ros-dev/ros2_ws/install/px4_vslam_bridge/lib/px4_vslam_bridge/vslam_compare", line 33, in <module>
    sys.exit(load_entry_point('px4-vslam-bridge==0.1.0', 'console_scripts', 'vslam_compare')())
  File "/workspaces/isaac_ros-dev/ros2_ws/install/px4_vslam_bridge/lib/python3.10/site-packages/px4_vslam_bridge/vslam_compare.py", line 199, in main
    rclpy.shutdown()
  File "/opt/ros/humble/local/lib/python3.10/dist-packages/rclpy/__init__.py", line 130, in shutdown
    _shutdown(context=context)
  File "/opt/ros/humble/local/lib/python3.10/dist-packages/rclpy/utilities.py", line 58, in shutdown
    return context.shutdown()
  File "/opt/ros/humble/local/lib/python3.10/dist-packages/rclpy/context.py", line 102, in shutdown
    self.__context.shutdown()
rclpy._rclpy_pybind11.RCLError: failed to shutdown: rcl_shutdown already called on the given context, at ./src/rcl/init.c:241
