[INFO] [1788713020.376915354] [fast_planner_bridge]: fast_planner_bridge ready -- will capture home at arm time and climb (0.0, 0.0, -5.0) NED relative to it, then follow /planning/pos_cmd from Fast-Planner
[INFO] [1788713020.377362120] [fast_planner_bridge]: >>> Press ENTER to arm and fly (or set OFFBOARD_AUTO_START=1) <<<
[WARN] [1788713022.339695815] [fast_planner_bridge]: [tick 40] No data on /fmu/out/vehicle_local_position_v1.
[INFO] [1788713025.789297688] [fast_planner_bridge]: OFFBOARD + ARMED confirmed -- home_ned=(-0.024688350036740303, 0.006073072087019682, 0.026795685291290283), climbing to (-0.024688350036740303, 0.006073072087019682, -4.97320431470871).
[INFO] [1788713026.340020215] [fast_planner_bridge]: [CLIMBING] pos_ned=(-0.03,0.00,0.03) dist=5.00m
[INFO] [1788713027.339796576] [fast_planner_bridge]: [CLIMBING] pos_ned=(-0.02,-0.08,0.03) dist=5.01m
[INFO] [1788713028.339801492] [fast_planner_bridge]: [CLIMBING] pos_ned=(0.00,-0.17,0.03) dist=5.01m
[INFO] [1788713029.339828157] [fast_planner_bridge]: [CLIMBING] pos_ned=(0.01,-0.18,0.03) dist=5.01m
[INFO] [1788713030.339730671] [fast_planner_bridge]: [CLIMBING] pos_ned=(0.02,-0.06,0.03) dist=5.00m
[INFO] [1788713031.339534643] [fast_planner_bridge]: [CLIMBING] pos_ned=(0.03,0.01,0.01) dist=4.99m
[INFO] [1788713032.339467960] [fast_planner_bridge]: [CLIMBING] pos_ned=(-0.01,-0.10,-0.23) dist=4.74m
[INFO] [1788713033.339640102] [fast_planner_bridge]: [CLIMBING] pos_ned=(-0.19,-0.38,-1.40) dist=3.59m
[INFO] [1788713034.339656763] [fast_planner_bridge]: [CLIMBING] pos_ned=(-0.33,-0.18,-3.03) dist=1.98m
[INFO] [1788713035.339369089] [fast_planner_bridge]: [CLIMBING] pos_ned=(-0.33,0.04,-3.84) dist=1.17m
[INFO] [1788713036.339770481] [fast_planner_bridge]: [CLIMBING] pos_ned=(-0.50,0.15,-4.26) dist=0.86m
[INFO] [1788713037.339665912] [fast_planner_bridge]: [CLIMBING] pos_ned=(-0.52,0.15,-4.42) dist=0.75m
[INFO] [1788713038.339312984] [fast_planner_bridge]: [CLIMBING] pos_ned=(-0.19,0.13,-4.49) dist=0.53m
[INFO] [1788713039.339354840] [fast_planner_bridge]: [CLIMBING] pos_ned=(0.15,0.10,-4.57) dist=0.45m
[INFO] [1788713040.339579393] [fast_planner_bridge]: [CLIMBING] pos_ned=(0.32,0.01,-4.69) dist=0.45m
[INFO] [1788713041.339407654] [fast_planner_bridge]: [CLIMBING] pos_ned=(0.32,-0.05,-4.80) dist=0.39m
[INFO] [1788713042.089410147] [fast_planner_bridge]: Climb complete (dist=0.30m) -- following Fast-Planner.
[INFO] [1788713042.339697797] [fast_planner_bridge]: [FOLLOWING] pos_ned=(0.22,-0.05,-4.88) target_ned=(0.33,-0.04,-4.77) pos_cmd_age=0.00s
[INFO] [1788713043.339547274] [fast_planner_bridge]: [FOLLOWING] pos_ned=(0.20,-0.04,-4.83) target_ned=(0.33,-0.04,-4.77) pos_cmd_age=0.00s
[INFO] [1788713044.339466702] [fast_planner_bridge]: [FOLLOWING] pos_ned=(0.37,-0.06,-4.83) target_ned=(0.47,-0.10,-4.78) pos_cmd_age=0.00s
[INFO] [1788713045.339495677] [fast_planner_bridge]: [FOLLOWING] pos_ned=(0.82,-0.28,-4.89) target_ned=(0.92,-0.32,-4.82) pos_cmd_age=0.00s
[INFO] [1788713046.339468392] [fast_planner_bridge]: [FOLLOWING] pos_ned=(1.47,-0.50,-4.91) target_ned=(1.57,-0.58,-4.89) pos_cmd_age=0.00s
[INFO] [1788713047.339682407] [fast_planner_bridge]: [FOLLOWING] pos_ned=(2.26,-0.73,-4.91) target_ned=(2.33,-0.79,-4.94) pos_cmd_age=0.00s
[INFO] [1788713048.339365703] [fast_planner_bridge]: [FOLLOWING] pos_ned=(2.80,-0.71,-4.85) target_ned=(2.88,-0.77,-4.93) pos_cmd_age=0.00s
[INFO] [1788713049.339750490] [fast_planner_bridge]: [FOLLOWING] pos_ned=(3.08,-0.34,-4.81) target_ned=(3.17,-0.42,-4.90) pos_cmd_age=0.00s
[INFO] [1788713050.339597344] [fast_planner_bridge]: [FOLLOWING] pos_ned=(3.37,0.20,-4.90) target_ned=(3.34,0.20,-4.87) pos_cmd_age=0.00s
[INFO] [1788713051.339532134] [fast_planner_bridge]: [FOLLOWING] pos_ned=(3.77,0.62,-4.96) target_ned=(3.68,0.72,-4.87) pos_cmd_age=0.00s
[INFO] [1788713052.339944666] [fast_planner_bridge]: [FOLLOWING] pos_ned=(4.33,0.92,-5.01) target_ned=(4.18,1.06,-4.90) pos_cmd_age=0.00s
[INFO] [1788713053.339743672] [fast_planner_bridge]: [FOLLOWING] pos_ned=(4.77,1.16,-5.06) target_ned=(4.68,1.29,-4.97) pos_cmd_age=0.00s
[INFO] [1788713054.339520853] [fast_planner_bridge]: [FOLLOWING] pos_ned=(5.28,1.55,-5.13) target_ned=(5.26,1.63,-5.04) pos_cmd_age=0.00s
[INFO] [1788713055.339655807] [fast_planner_bridge]: [FOLLOWING] pos_ned=(5.86,2.01,-5.13) target_ned=(5.87,2.04,-5.07) pos_cmd_age=0.00s
[INFO] [1788713056.339636484] [fast_planner_bridge]: [FOLLOWING] pos_ned=(6.38,2.28,-5.09) target_ned=(6.41,2.27,-5.05) pos_cmd_age=0.00s
[WARN] [1788713056.649101585] [fast_planner_bridge]: Shutdown signal 15 received -- ceasing ARM requests, commanding AUTO.LAND, will disarm and exit once landed. If this doesn't complete and the vehicle needs to come down NOW, use emergency_stop.py instead of repeating this signal.
[INFO] [1788713056.839745796] [fast_planner_bridge]: Requesting AUTO.LAND... nav_state=14
[INFO] [1788713057.039813261] [fast_planner_bridge]: AUTO.LAND confirmed -- ceasing offboard setpoints, handing off to the autopilot.
[INFO] [1788713058.339474463] [fast_planner_bridge]: Waiting for disarm (backstop disarm sent)... arming_state=2
