[INFO] [1788596718.409008415] [fast_planner_bridge]: fast_planner_bridge ready -- will capture home at arm time and climb (0.0, 0.0, -5.0) NED relative to it, then follow /planning/pos_cmd from Fast-Planner
[INFO] [1788596718.409403699] [fast_planner_bridge]: >>> Press ENTER to arm and fly (or set OFFBOARD_AUTO_START=1) <<<
[INFO] [1788596722.830725825] [fast_planner_bridge]: OFFBOARD + ARMED confirmed -- home_ned=(-0.009622086770832539, 0.007892140187323093, -0.07023972272872925), climbing to (-0.009622086770832539, 0.007892140187323093, -5.070239722728729).
[INFO] [1788596723.380588618] [fast_planner_bridge]: [CLIMBING] pos_ned=(-0.01,0.01,-0.07) dist=5.00m
[INFO] [1788596724.380898823] [fast_planner_bridge]: [CLIMBING] pos_ned=(-0.01,0.01,-0.07) dist=5.00m
[INFO] [1788596725.380661133] [fast_planner_bridge]: [CLIMBING] pos_ned=(-0.02,0.01,-0.07) dist=5.00m
[INFO] [1788596726.380526317] [fast_planner_bridge]: [CLIMBING] pos_ned=(-0.02,0.01,-0.06) dist=5.01m
[INFO] [1788596727.380888980] [fast_planner_bridge]: [CLIMBING] pos_ned=(-0.02,0.06,-0.06) dist=5.01m
[INFO] [1788596728.380876922] [fast_planner_bridge]: [CLIMBING] pos_ned=(0.02,0.10,-0.70) dist=4.37m
[INFO] [1788596729.380972646] [fast_planner_bridge]: [CLIMBING] pos_ned=(-0.10,0.02,-2.42) dist=2.65m
[INFO] [1788596730.380568813] [fast_planner_bridge]: [CLIMBING] pos_ned=(-0.10,-0.05,-3.74) dist=1.34m
[INFO] [1788596731.380717742] [fast_planner_bridge]: [CLIMBING] pos_ned=(-0.02,-0.04,-4.26) dist=0.81m
[INFO] [1788596732.380658870] [fast_planner_bridge]: [CLIMBING] pos_ned=(-0.00,-0.00,-4.54) dist=0.53m
[INFO] [1788596733.380834666] [fast_planner_bridge]: [CLIMBING] pos_ned=(-0.02,0.01,-4.70) dist=0.37m
[INFO] [1788596733.930545491] [fast_planner_bridge]: Climb complete (dist=0.29m) -- following Fast-Planner.
[INFO] [1788596734.380767041] [fast_planner_bridge]: [FOLLOWING] pos_ned=(-0.01,0.01,-4.77) target_ned=(-0.01,0.01,-4.64) pos_cmd_age=0.00s
[INFO] [1788596735.380686943] [fast_planner_bridge]: [FOLLOWING] pos_ned=(0.00,0.01,-4.62) target_ned=(0.00,-0.00,-4.64) pos_cmd_age=0.00s
[INFO] [1788596736.380991096] [fast_planner_bridge]: [FOLLOWING] pos_ned=(0.19,-0.06,-4.61) target_ned=(0.27,-0.07,-4.64) pos_cmd_age=0.00s
[INFO] [1788596737.380644185] [fast_planner_bridge]: [FOLLOWING] pos_ned=(0.74,-0.22,-4.64) target_ned=(0.83,-0.18,-4.66) pos_cmd_age=0.00s
[INFO] [1788596738.380714181] [fast_planner_bridge]: [FOLLOWING] pos_ned=(1.49,-0.35,-4.67) target_ned=(1.55,-0.30,-4.70) pos_cmd_age=0.00s
[INFO] [1788596739.380831817] [fast_planner_bridge]: [FOLLOWING] pos_ned=(2.25,-0.54,-4.72) target_ned=(2.32,-0.48,-4.74) pos_cmd_age=0.00s
[INFO] [1788596740.380661207] [fast_planner_bridge]: [FOLLOWING] pos_ned=(2.87,-0.68,-4.74) target_ned=(2.89,-0.60,-4.77) pos_cmd_age=0.00s
[INFO] [1788596741.380580591] [fast_planner_bridge]: [FOLLOWING] pos_ned=(3.19,-0.66,-4.76) target_ned=(3.15,-0.64,-4.78) pos_cmd_age=0.00s
[INFO] [1788596742.380546638] [fast_planner_bridge]: [FOLLOWING] pos_ned=(3.52,-0.62,-4.77) target_ned=(3.42,-0.68,-4.79) pos_cmd_age=0.00s
[INFO] [1788596743.380950570] [fast_planner_bridge]: [FOLLOWING] pos_ned=(3.53,-0.58,-4.77) target_ned=(3.47,-0.69,-4.79) pos_cmd_age=0.00s
[INFO] [1788596744.380882806] [fast_planner_bridge]: [FOLLOWING] pos_ned=(3.62,-0.58,-4.79) target_ned=(3.69,-0.71,-4.80) pos_cmd_age=0.00s
[INFO] [1788596745.380700810] [fast_planner_bridge]: [FOLLOWING] pos_ned=(3.62,-0.55,-4.80) target_ned=(3.67,-0.54,-4.80) pos_cmd_age=0.00s
[INFO] [1788596746.381074880] [fast_planner_bridge]: [FOLLOWING] pos_ned=(3.70,-0.50,-4.76) target_ned=(3.96,-0.44,-4.82) pos_cmd_age=0.00s
[INFO] [1788596747.380945055] [fast_planner_bridge]: [FOLLOWING] pos_ned=(4.25,-0.25,-4.70) target_ned=(4.53,-0.39,-4.86) pos_cmd_age=0.00s
[INFO] [1788596748.380533854] [fast_planner_bridge]: [FOLLOWING] pos_ned=(5.11,-0.27,-4.73) target_ned=(5.26,-0.33,-4.91) pos_cmd_age=0.00s
[INFO] [1788596749.380552433] [fast_planner_bridge]: [FOLLOWING] pos_ned=(6.03,-0.22,-4.94) target_ned=(6.02,-0.09,-4.94) pos_cmd_age=0.00s
[INFO] [1788596750.380738636] [fast_planner_bridge]: [FOLLOWING] pos_ned=(6.79,0.01,-5.01) target_ned=(6.62,0.20,-4.96) pos_cmd_age=0.00s
[INFO] [1788596751.380605983] [fast_planner_bridge]: [FOLLOWING] pos_ned=(7.02,0.27,-5.06) target_ned=(6.88,0.35,-4.97) pos_cmd_age=0.00s
[INFO] [1788596752.380966580] [fast_planner_bridge]: [FOLLOWING] pos_ned=(6.92,0.34,-5.05) target_ned=(6.84,0.31,-4.96) pos_cmd_age=0.00s
[INFO] [1788596753.380984415] [fast_planner_bridge]: [FOLLOWING] pos_ned=(6.81,0.19,-5.01) target_ned=(6.83,0.18,-4.94) pos_cmd_age=0.00s
[INFO] [1788596754.380698940] [fast_planner_bridge]: [FOLLOWING] pos_ned=(7.10,0.16,-4.91) target_ned=(7.13,0.10,-4.92) pos_cmd_age=0.00s
[INFO] [1788596755.380576866] [fast_planner_bridge]: [FOLLOWING] pos_ned=(7.69,0.14,-5.00) target_ned=(7.61,0.05,-4.95) pos_cmd_age=0.00s
[INFO] [1788596756.380696983] [fast_planner_bridge]: [FOLLOWING] pos_ned=(8.06,-0.03,-5.03) target_ned=(7.95,0.01,-4.99) pos_cmd_age=0.00s
[INFO] [1788596757.380735185] [fast_planner_bridge]: [FOLLOWING] pos_ned=(8.05,-0.03,-5.02) target_ned=(8.00,0.00,-5.00) pos_cmd_age=0.00s
[INFO] [1788596758.380559795] [fast_planner_bridge]: [FOLLOWING] pos_ned=(7.99,0.01,-5.01) target_ned=(8.00,0.00,-5.00) pos_cmd_age=0.00s
[INFO] [1788596759.380958196] [fast_planner_bridge]: [FOLLOWING] pos_ned=(8.02,0.02,-5.01) target_ned=(8.00,0.00,-5.00) pos_cmd_age=0.00s
[INFO] [1788596760.380837841] [fast_planner_bridge]: [FOLLOWING] pos_ned=(8.03,0.01,-5.01) target_ned=(8.00,0.00,-5.00) pos_cmd_age=0.00s
[WARN] [1788596761.078765924] [fast_planner_bridge]: Shutdown signal 15 received -- ceasing ARM requests, commanding AUTO.LAND, will disarm and exit once landed. If this doesn't complete and the vehicle needs to come down NOW, use emergency_stop.py instead of repeating this signal.
[INFO] [1788596761.130918239] [fast_planner_bridge]: Requesting AUTO.LAND... nav_state=14
[INFO] [1788596761.180684807] [fast_planner_bridge]: AUTO.LAND confirmed -- ceasing offboard setpoints, handing off to the autopilot.
[INFO] [1788596762.381067613] [fast_planner_bridge]: Waiting for disarm (backstop disarm sent)... arming_state=2
