[INFO] [1788597379.359178236] [vslam_compare]: vslam_compare: logging per-message CSV to /workspaces/isaac_ros-dev/results/feasibility_gate/gate_sweep_extreme_r16/vslam_compare.csv (exp_id='gate_sweep_extreme_r16')
[INFO] [1788597379.375806402] [vslam_compare]: vslam_compare ready -- watching /visual_slam/tracking/odometry vs /ground_truth/odom
[WARN] [1788597380.376280933] [vslam_compare]: No /ground_truth/odom data yet.
[INFO] [1788597381.329832083] [vslam_compare]: cuVSLAM origin set: (0.0, 0.0, 0.0) -- tracking initialized
[INFO] [1788597381.344326832] [vslam_compare]: Ground truth origin set: (-0.016078762710094452, 0.021582642570137978, 0.018959298729896545)
[INFO] [1788597381.376204714] [vslam_compare]: gt=(-0.0, -0.0, -0.0) vslam=(0.0, 0.0, 0.0) error=0.000m max_error=0.000m (n=1)
[INFO] [1788597382.376221010] [vslam_compare]: gt=(0.0, -0.0, 0.0) vslam=(0.0, 0.0, 0.0) error=0.003m max_error=0.003m (n=2)
[INFO] [1788597383.376015393] [vslam_compare]: gt=(0.0, 0.01, 0.0) vslam=(0.0, 0.0, 0.0) error=0.009m max_error=0.009m (n=3)
[INFO] [1788597384.376671829] [vslam_compare]: gt=(0.01, 0.02, -0.01) vslam=(0.0, 0.0, 0.0) error=0.023m max_error=0.023m (n=4)
[INFO] [1788597385.376206653] [vslam_compare]: gt=(0.02, 0.01, -0.01) vslam=(0.0, 0.0, 0.0) error=0.029m max_error=0.029m (n=5)
[INFO] [1788597386.376280086] [vslam_compare]: gt=(0.03, 0.01, -0.01) vslam=(0.0, 0.0, 0.0) error=0.028m max_error=0.029m (n=6)
[INFO] [1788597387.376212163] [vslam_compare]: gt=(0.03, 0.01, -0.02) vslam=(0.0, 0.0, 0.0) error=0.034m max_error=0.034m (n=7)
[INFO] [1788597388.376577495] [vslam_compare]: gt=(0.04, 0.0, -0.02) vslam=(0.0, 0.0, 0.0) error=0.044m max_error=0.044m (n=8)
[INFO] [1788597389.376130796] [vslam_compare]: gt=(0.02, -0.0, -0.01) vslam=(0.0, 0.0, 0.0) error=0.027m max_error=0.044m (n=9)
[INFO] [1788597390.376087635] [vslam_compare]: gt=(0.04, 0.01, -0.01) vslam=(0.0, -0.03, 0.0) error=0.054m max_error=0.054m (n=10)
[INFO] [1788597391.376110651] [vslam_compare]: gt=(0.14, 0.04, 0.02) vslam=(0.18, -0.08, 0.06) error=0.132m max_error=0.132m (n=11)
[INFO] [1788597392.376211305] [vslam_compare]: gt=(0.12, 0.01, 0.96) vslam=(0.22, -0.1, 0.84) error=0.186m max_error=0.186m (n=12)
[INFO] [1788597393.376252354] [vslam_compare]: gt=(0.04, -0.13, 2.67) vslam=(0.15, -0.21, 2.42) error=0.286m max_error=0.286m (n=13)
[INFO] [1788597394.376089518] [vslam_compare]: gt=(-0.02, -0.11, 3.76) vslam=(0.07, -0.22, 3.62) error=0.199m max_error=0.286m (n=14)
[INFO] [1788597395.376413483] [vslam_compare]: gt=(-0.05, -0.03, 4.22) vslam=(-0.01, -0.11, 4.3) error=0.122m max_error=0.286m (n=15)
[INFO] [1788597396.376167707] [vslam_compare]: gt=(-0.05, 0.02, 4.48) vslam=(-0.02, -0.04, 4.62) error=0.157m max_error=0.286m (n=16)
[INFO] [1788597397.375962371] [vslam_compare]: gt=(-0.03, 0.04, 4.65) vslam=(-0.01, 0.01, 4.85) error=0.206m max_error=0.286m (n=17)
[INFO] [1788597398.376496282] [vslam_compare]: gt=(-0.02, 0.04, 4.7) vslam=(0.01, 0.03, 4.95) error=0.256m max_error=0.286m (n=18)
[INFO] [1788597399.376106672] [vslam_compare]: gt=(-0.01, 0.05, 4.58) vslam=(0.04, 0.03, 4.83) error=0.260m max_error=0.286m (n=19)
[INFO] [1788597400.376155971] [vslam_compare]: gt=(0.02, 0.12, 4.57) vslam=(0.04, -0.03, 4.76) error=0.240m max_error=0.286m (n=20)
[INFO] [1788597401.376165915] [vslam_compare]: gt=(0.3, 0.51, 4.59) vslam=(0.32, 0.3, 4.71) error=0.246m max_error=0.286m (n=21)
[INFO] [1788597402.376155352] [vslam_compare]: gt=(0.5, 1.21, 4.61) vslam=(0.52, 0.79, 4.73) error=0.439m max_error=0.439m (n=22)
[INFO] [1788597403.376255215] [vslam_compare]: gt=(0.77, 1.89, 4.65) vslam=(0.8, 1.52, 4.7) error=0.381m max_error=0.439m (n=23)
[INFO] [1788597404.376663586] [vslam_compare]: gt=(1.16, 2.58, 4.7) vslam=(1.23, 2.22, 4.72) error=0.364m max_error=0.439m (n=24)
[INFO] [1788597405.376047892] [vslam_compare]: gt=(1.48, 3.29, 4.76) vslam=(1.58, 3.03, 4.74) error=0.284m max_error=0.439m (n=25)
[INFO] [1788597406.376503280] [vslam_compare]: gt=(1.69, 3.96, 4.82) vslam=(1.87, 3.77, 4.77) error=0.263m max_error=0.439m (n=26)
[INFO] [1788597407.376098020] [vslam_compare]: gt=(1.79, 4.34, 4.82) vslam=(2.0, 4.38, 4.75) error=0.222m max_error=0.439m (n=27)
[INFO] [1788597408.376101934] [vslam_compare]: gt=(1.89, 4.4, 4.82) vslam=(2.14, 4.51, 4.75) error=0.285m max_error=0.439m (n=28)
[INFO] [1788597409.376075484] [vslam_compare]: gt=(1.8, 4.34, 4.89) vslam=(2.14, 4.42, 4.74) error=0.377m max_error=0.439m (n=29)
[INFO] [1788597410.376332415] [vslam_compare]: gt=(1.64, 4.61, 4.97) vslam=(1.91, 4.64, 4.79) error=0.328m max_error=0.439m (n=30)
[INFO] [1788597411.376234806] [vslam_compare]: gt=(1.53, 5.2, 4.98) vslam=(1.76, 5.1, 4.85) error=0.288m max_error=0.439m (n=31)
[INFO] [1788597412.376225133] [vslam_compare]: gt=(1.48, 5.92, 4.97) vslam=(1.62, 5.81, 4.85) error=0.219m max_error=0.439m (n=32)
[INFO] [1788597413.376249630] [vslam_compare]: gt=(1.6, 6.57, 4.94) vslam=(1.81, 6.51, 4.86) error=0.235m max_error=0.439m (n=33)
[INFO] [1788597414.376223175] [vslam_compare]: gt=(1.53, 7.05, 4.86) vslam=(1.89, 7.96, 5.12) error=1.016m max_error=1.016m (n=34)
[INFO] [1788597415.376289576] [vslam_compare]: gt=(1.15, 7.41, 4.83) vslam=(1.6, 8.18, 5.09) error=0.931m max_error=1.016m (n=35)
[INFO] [1788597416.376260838] [vslam_compare]: gt=(0.61, 7.64, 4.93) vslam=(1.34, 8.77, 5.29) error=1.398m max_error=1.398m (n=36)
[INFO] [1788597417.376291202] [vslam_compare]: gt=(0.23, 7.77, 4.98) vslam=(1.04, 9.22, 5.39) error=1.711m max_error=1.711m (n=37)
[INFO] [1788597418.376218754] [vslam_compare]: gt=(0.15, 7.89, 5.01) vslam=(1.64, 10.32, 5.49) error=2.891m max_error=2.891m (n=38)
[INFO] [1788597419.376079083] [vslam_compare]: gt=(0.19, 7.9, 5.01) vslam=(2.1, 10.66, 5.59) error=3.407m max_error=3.407m (n=39)
[INFO] [1788597420.376086724] [vslam_compare]: gt=(0.12, 7.91, 5.0) vslam=(2.66, 11.04, 5.58) error=4.076m max_error=4.076m (n=40)
[INFO] [1788597421.376145762] [vslam_compare]: gt=(0.05, 7.91, 4.98) vslam=(2.86, 11.21, 5.6) error=4.376m max_error=4.376m (n=41)
Traceback (most recent call last):
  File "/workspaces/isaac_ros-dev/ros2_ws/install/px4_vslam_bridge/lib/python3.10/site-packages/px4_vslam_bridge/vslam_compare.py", line 194, in main
    rclpy.spin(node)
  File "/opt/ros/humble/local/lib/python3.10/dist-packages/rclpy/__init__.py", line 229, in spin
    executor.spin_once()
  File "/opt/ros/humble/local/lib/python3.10/dist-packages/rclpy/executors.py", line 808, in spin_once
    self._spin_once_impl(timeout_sec)
  File "/opt/ros/humble/local/lib/python3.10/dist-packages/rclpy/executors.py", line 797, in _spin_once_impl
    handler, entity, node = self.wait_for_ready_callbacks(timeout_sec=timeout_sec)
  File "/opt/ros/humble/local/lib/python3.10/dist-packages/rclpy/executors.py", line 780, in wait_for_ready_callbacks
    return next(self._cb_iter)
  File "/opt/ros/humble/local/lib/python3.10/dist-packages/rclpy/executors.py", line 653, in _wait_for_ready_callbacks
    wait_set = _rclpy.WaitSet(
rclpy._rclpy_pybind11.RCLError: failed to initialize wait set: the given context is not valid, either rcl_init() was not called or rcl_shutdown() was called., at ./src/rcl/wait.c:130

During handling of the above exception, another exception occurred:

Traceback (most recent call last):
  File "/workspaces/isaac_ros-dev/ros2_ws/install/px4_vslam_bridge/lib/px4_vslam_bridge/vslam_compare", line 33, in <module>
    sys.exit(load_entry_point('px4-vslam-bridge==0.1.0', 'console_scripts', 'vslam_compare')())
  File "/workspaces/isaac_ros-dev/ros2_ws/install/px4_vslam_bridge/lib/python3.10/site-packages/px4_vslam_bridge/vslam_compare.py", line 199, in main
    rclpy.shutdown()
  File "/opt/ros/humble/local/lib/python3.10/dist-packages/rclpy/__init__.py", line 130, in shutdown
    _shutdown(context=context)
  File "/opt/ros/humble/local/lib/python3.10/dist-packages/rclpy/utilities.py", line 58, in shutdown
    return context.shutdown()
  File "/opt/ros/humble/local/lib/python3.10/dist-packages/rclpy/context.py", line 102, in shutdown
    self.__context.shutdown()
rclpy._rclpy_pybind11.RCLError: failed to shutdown: rcl_shutdown already called on the given context, at ./src/rcl/init.c:241
