[INFO] [1788686309.937186147] [vslam_compare]: vslam_compare: logging per-message CSV to /workspaces/isaac_ros-dev/results/feasibility_gate/gate_sweep_poor_high_r14/vslam_compare.csv (exp_id='gate_sweep_poor_high_r14')
[INFO] [1788686309.955170119] [vslam_compare]: vslam_compare ready -- watching /visual_slam/tracking/odometry vs /ground_truth/odom
[WARN] [1788686310.955751548] [vslam_compare]: No /ground_truth/odom data yet.
[INFO] [1788686311.354381506] [vslam_compare]: cuVSLAM origin set: (0.0, 0.0, 0.0) -- tracking initialized
[INFO] [1788686311.910796375] [vslam_compare]: Ground truth origin set: (-0.035195909440517426, -0.030224964022636414, -0.025409311056137085)
[INFO] [1788686311.955380565] [vslam_compare]: gt=(0.0, -0.0, -0.0) vslam=(0.0, 0.0, 0.0) error=0.001m max_error=0.001m (n=1)
[INFO] [1788686312.955449283] [vslam_compare]: gt=(0.01, -0.01, -0.01) vslam=(0.0, 0.0, 0.0) error=0.014m max_error=0.014m (n=2)
[INFO] [1788686313.955296094] [vslam_compare]: gt=(0.01, -0.0, -0.0) vslam=(0.0, 0.0, 0.0) error=0.013m max_error=0.014m (n=3)
[INFO] [1788686314.955635707] [vslam_compare]: gt=(0.02, 0.01, 0.0) vslam=(0.0, 0.0, 0.0) error=0.025m max_error=0.025m (n=4)
[INFO] [1788686315.955556867] [vslam_compare]: gt=(0.03, 0.03, -0.01) vslam=(0.0, 0.0, 0.0) error=0.042m max_error=0.042m (n=5)
[INFO] [1788686316.955554083] [vslam_compare]: gt=(0.03, 0.03, 0.0) vslam=(0.0, 0.0, 0.0) error=0.039m max_error=0.042m (n=6)
[INFO] [1788686317.955543489] [vslam_compare]: gt=(0.03, 0.03, 0.01) vslam=(0.0, 0.0, 0.0) error=0.038m max_error=0.042m (n=7)
[INFO] [1788686318.955468020] [vslam_compare]: gt=(0.03, 0.02, 0.01) vslam=(0.0, 0.0, 0.0) error=0.036m max_error=0.042m (n=8)
[INFO] [1788686319.955532355] [vslam_compare]: gt=(0.03, 0.01, 0.01) vslam=(0.0, 0.0, 0.0) error=0.039m max_error=0.042m (n=9)
[INFO] [1788686320.955647099] [vslam_compare]: gt=(0.04, 0.01, 0.01) vslam=(0.0, 0.0, 0.0) error=0.045m max_error=0.045m (n=10)
[INFO] [1788686321.955501944] [vslam_compare]: gt=(0.05, 0.01, 0.02) vslam=(0.06, -0.01, -0.13) error=0.151m max_error=0.151m (n=11)
[INFO] [1788686322.955451910] [vslam_compare]: gt=(0.13, 0.02, 0.09) vslam=(0.24, -0.06, -0.02) error=0.177m max_error=0.177m (n=12)
[INFO] [1788686323.955222357] [vslam_compare]: gt=(0.13, 0.03, 1.05) vslam=(0.3, -0.18, 0.73) error=0.420m max_error=0.420m (n=13)
[INFO] [1788686324.955460827] [vslam_compare]: gt=(0.04, -0.03, 2.75) vslam=(0.15, -0.25, 2.12) error=0.683m max_error=0.683m (n=14)
[INFO] [1788686325.956483770] [vslam_compare]: gt=(-0.05, -0.04, 3.81) vslam=(0.14, -0.3, 2.34) error=1.502m max_error=1.502m (n=15)
[INFO] [1788686326.955569746] [vslam_compare]: gt=(-0.05, -0.02, 4.27) vslam=(0.48, -0.58, 2.05) error=2.356m max_error=2.356m (n=16)
[INFO] [1788686327.955361278] [vslam_compare]: gt=(-0.02, 0.05, 4.52) vslam=(0.71, -0.83, 1.49) error=3.230m max_error=3.230m (n=17)
[INFO] [1788686328.955475834] [vslam_compare]: gt=(0.0, 0.09, 4.66) vslam=(0.8, -1.15, 1.17) error=3.790m max_error=3.790m (n=18)
[INFO] [1788686329.955715636] [vslam_compare]: gt=(0.02, 0.07, 4.72) vslam=(0.87, -1.26, 0.67) error=4.346m max_error=4.346m (n=19)
[INFO] [1788686330.955319711] [vslam_compare]: gt=(0.02, 0.08, 4.61) vslam=(0.83, -1.66, 0.44) error=4.587m max_error=4.587m (n=20)
[INFO] [1788686331.955355220] [vslam_compare]: gt=(0.01, 0.08, 4.61) vslam=(0.83, -1.71, 0.42) error=4.627m max_error=4.627m (n=21)
[INFO] [1788686332.955692223] [vslam_compare]: gt=(0.03, 0.07, 4.61) vslam=(0.83, -1.72, 0.42) error=4.622m max_error=4.627m (n=22)
[INFO] [1788686333.955666465] [vslam_compare]: gt=(0.03, 0.08, 4.62) vslam=(0.8, -2.65, 0.55) error=4.957m max_error=4.957m (n=23)
[INFO] [1788686334.955293646] [vslam_compare]: gt=(0.03, 0.09, 4.63) vslam=(0.82, -2.69, 0.51) error=5.027m max_error=5.027m (n=24)
[INFO] [1788686335.955444983] [vslam_compare]: gt=(0.02, 0.08, 4.64) vslam=(0.8, -2.7, 0.51) error=5.042m max_error=5.042m (n=25)
[INFO] [1788686336.955547002] [vslam_compare]: gt=(0.01, 0.07, 4.65) vslam=(0.67, -3.54, 0.67) error=5.415m max_error=5.415m (n=26)
[INFO] [1788686337.955315002] [vslam_compare]: gt=(-0.18, 0.25, 4.68) vslam=(0.57, -4.41, 0.64) error=6.208m max_error=6.208m (n=27)
[INFO] [1788686338.955535897] [vslam_compare]: gt=(-0.58, 0.75, 4.71) vslam=(0.36, -3.98, 0.44) error=6.433m max_error=6.433m (n=28)
[INFO] [1788686339.955393950] [vslam_compare]: gt=(-0.9, 1.49, 4.73) vslam=(-0.03, -3.25, 0.52) error=6.404m max_error=6.433m (n=29)
[INFO] [1788686340.955334219] [vslam_compare]: gt=(-1.12, 2.28, 4.77) vslam=(-0.2, -2.71, 0.57) error=6.588m max_error=6.588m (n=30)
[INFO] [1788686341.955474371] [vslam_compare]: gt=(-1.09, 2.96, 4.78) vslam=(-0.19, -1.99, 0.47) error=6.624m max_error=6.624m (n=31)
[INFO] [1788686342.955488151] [vslam_compare]: gt=(-1.05, 3.28, 4.8) vslam=(-0.21, -1.41, 0.05) error=6.728m max_error=6.728m (n=32)
[INFO] [1788686343.955565451] [vslam_compare]: gt=(-1.22, 3.46, 4.81) vslam=(-0.72, -0.66, -0.24) error=6.533m max_error=6.728m (n=33)
[INFO] [1788686344.955450946] [vslam_compare]: gt=(-1.52, 3.84, 4.82) vslam=(-0.51, 0.52, 1.0) error=5.164m max_error=6.728m (n=34)
[INFO] [1788686345.955769488] [vslam_compare]: gt=(-1.92, 4.26, 4.84) vslam=(-0.81, 0.65, 0.92) error=5.444m max_error=6.728m (n=35)
[INFO] [1788686346.955602570] [vslam_compare]: gt=(-2.19, 4.63, 4.88) vslam=(-0.43, -0.55, 0.71) error=6.871m max_error=6.871m (n=36)
[INFO] [1788686347.955485176] [vslam_compare]: gt=(-2.42, 5.17, 4.93) vslam=(0.23, -1.25, 0.23) error=8.383m max_error=8.383m (n=37)
[INFO] [1788686348.955570400] [vslam_compare]: gt=(-2.72, 5.39, 4.89) vslam=(-3.38, 4.16, 0.01) error=5.071m max_error=8.383m (n=38)
[INFO] [1788686349.955512539] [vslam_compare]: gt=(-2.35, 5.31, 4.75) vslam=(-10.5, 12.22, 5.27) error=10.696m max_error=10.696m (n=39)
[INFO] [1788686350.955341951] [vslam_compare]: gt=(-3.14, 5.04, 4.27) vslam=(-5.09, 23.77, 5.67) error=18.880m max_error=18.880m (n=40)
[INFO] [1788686351.955455772] [vslam_compare]: gt=(-3.31, 5.44, 4.19) vslam=(-4.6, 24.59, 5.86) error=19.266m max_error=19.266m (n=41)
[INFO] [1788686352.955447508] [vslam_compare]: gt=(-2.83, 5.6, 4.29) vslam=(-4.41, 24.25, 5.63) error=18.769m max_error=19.266m (n=42)
Traceback (most recent call last):
  File "/workspaces/isaac_ros-dev/ros2_ws/install/px4_vslam_bridge/lib/python3.10/site-packages/px4_vslam_bridge/vslam_compare.py", line 194, in main
    rclpy.spin(node)
  File "/opt/ros/humble/local/lib/python3.10/dist-packages/rclpy/__init__.py", line 229, in spin
    executor.spin_once()
  File "/opt/ros/humble/local/lib/python3.10/dist-packages/rclpy/executors.py", line 808, in spin_once
    self._spin_once_impl(timeout_sec)
  File "/opt/ros/humble/local/lib/python3.10/dist-packages/rclpy/executors.py", line 797, in _spin_once_impl
    handler, entity, node = self.wait_for_ready_callbacks(timeout_sec=timeout_sec)
  File "/opt/ros/humble/local/lib/python3.10/dist-packages/rclpy/executors.py", line 780, in wait_for_ready_callbacks
    return next(self._cb_iter)
  File "/opt/ros/humble/local/lib/python3.10/dist-packages/rclpy/executors.py", line 681, in _wait_for_ready_callbacks
    raise ExternalShutdownException()
rclpy.executors.ExternalShutdownException

During handling of the above exception, another exception occurred:

Traceback (most recent call last):
  File "/workspaces/isaac_ros-dev/ros2_ws/install/px4_vslam_bridge/lib/px4_vslam_bridge/vslam_compare", line 33, in <module>
    sys.exit(load_entry_point('px4-vslam-bridge==0.1.0', 'console_scripts', 'vslam_compare')())
  File "/workspaces/isaac_ros-dev/ros2_ws/install/px4_vslam_bridge/lib/python3.10/site-packages/px4_vslam_bridge/vslam_compare.py", line 199, in main
    rclpy.shutdown()
  File "/opt/ros/humble/local/lib/python3.10/dist-packages/rclpy/__init__.py", line 130, in shutdown
    _shutdown(context=context)
  File "/opt/ros/humble/local/lib/python3.10/dist-packages/rclpy/utilities.py", line 58, in shutdown
    return context.shutdown()
  File "/opt/ros/humble/local/lib/python3.10/dist-packages/rclpy/context.py", line 102, in shutdown
    self.__context.shutdown()
rclpy._rclpy_pybind11.RCLError: failed to shutdown: rcl_shutdown already called on the given context, at ./src/rcl/init.c:241
