[INFO] [1788750904.971420640] [reactive_esdf_avoidance]: reactive_esdf_avoidance ready -- climb to (0.0, 0.0, -5.0) NED, then reactively fly to goal (7.0, 0.0, 5.0) ENU
[INFO] [1788750904.971810132] [reactive_esdf_avoidance]: >>> Press ENTER to arm and fly (or set OFFBOARD_AUTO_START=1) <<<
[INFO] [1788750907.991292215] [reactive_esdf_avoidance]: OFFBOARD + ARMED confirmed -- climbing.
[INFO] [1788750908.941525582] [reactive_esdf_avoidance]: [CLIMBING] pos_ned=(-0.00,-0.01,-0.04) dist=4.96m
[INFO] [1788750909.941209377] [reactive_esdf_avoidance]: [CLIMBING] pos_ned=(0.01,-0.01,-0.04) dist=4.96m
[INFO] [1788750910.941711596] [reactive_esdf_avoidance]: [CLIMBING] pos_ned=(0.01,-0.01,-0.04) dist=4.96m
[INFO] [1788750911.941280230] [reactive_esdf_avoidance]: [CLIMBING] pos_ned=(0.01,0.03,-0.04) dist=4.96m
[INFO] [1788750912.941674422] [reactive_esdf_avoidance]: [CLIMBING] pos_ned=(0.01,0.11,-0.21) dist=4.79m
[INFO] [1788750913.941683905] [reactive_esdf_avoidance]: [CLIMBING] pos_ned=(-0.07,0.09,-1.54) dist=3.46m
[INFO] [1788750914.941161268] [reactive_esdf_avoidance]: [CLIMBING] pos_ned=(-0.11,-0.03,-3.27) dist=1.73m
[INFO] [1788750915.941238528] [reactive_esdf_avoidance]: [CLIMBING] pos_ned=(-0.06,-0.12,-4.12) dist=0.89m
[INFO] [1788750916.941500475] [reactive_esdf_avoidance]: [CLIMBING] pos_ned=(0.00,-0.12,-4.50) dist=0.51m
[INFO] [1788750917.941570881] [reactive_esdf_avoidance]: [CLIMBING] pos_ned=(0.05,-0.05,-4.71) dist=0.30m
[INFO] [1788750917.991440991] [reactive_esdf_avoidance]: Climb complete (dist=0.29m) -- starting reactive avoidance.
[INFO] [1788750918.941477519] [reactive_esdf_avoidance]: [REACTIVE NAV] pos_enu=(0.01,0.06,4.78) goal_dist=6.99m nearest_obstacle=0.36m
[INFO] [1788750919.941471478] [reactive_esdf_avoidance]: [REACTIVE NAV] pos_enu=(0.15,-0.03,4.83) goal_dist=6.85m nearest_obstacle=0.43m
[INFO] [1788750920.941330314] [reactive_esdf_avoidance]: [REACTIVE NAV] pos_enu=(0.30,-0.16,4.89) goal_dist=6.70m nearest_obstacle=0.61m
[INFO] [1788750921.941460991] [reactive_esdf_avoidance]: [REACTIVE NAV] pos_enu=(0.46,-0.29,4.93) goal_dist=6.55m nearest_obstacle=0.46m
[INFO] [1788750922.941323712] [reactive_esdf_avoidance]: [REACTIVE NAV] pos_enu=(0.45,-0.48,4.94) goal_dist=6.57m nearest_obstacle=0.50m
[INFO] [1788750923.941400966] [reactive_esdf_avoidance]: [REACTIVE NAV] pos_enu=(0.37,-0.68,4.98) goal_dist=6.67m nearest_obstacle=0.76m
[INFO] [1788750924.941309422] [reactive_esdf_avoidance]: [REACTIVE NAV] pos_enu=(0.28,-0.90,5.03) goal_dist=6.78m nearest_obstacle=0.99m
[INFO] [1788750925.941538624] [reactive_esdf_avoidance]: [REACTIVE NAV] pos_enu=(0.23,-1.10,5.09) goal_dist=6.86m nearest_obstacle=1.12m
[INFO] [1788750926.941464972] [reactive_esdf_avoidance]: [REACTIVE NAV] pos_enu=(0.21,-1.29,5.14) goal_dist=6.91m nearest_obstacle=1.34m
[INFO] [1788750927.941480324] [reactive_esdf_avoidance]: [REACTIVE NAV] pos_enu=(0.25,-1.48,5.16) goal_dist=6.91m nearest_obstacle=1.46m
[INFO] [1788750928.941329012] [reactive_esdf_avoidance]: [REACTIVE NAV] pos_enu=(0.30,-1.61,5.22) goal_dist=6.89m nearest_obstacle=1.61m
[INFO] [1788750929.941347608] [reactive_esdf_avoidance]: [REACTIVE NAV] pos_enu=(0.38,-1.71,5.26) goal_dist=6.84m nearest_obstacle=1.72m
[INFO] [1788750930.941642764] [reactive_esdf_avoidance]: [REACTIVE NAV] pos_enu=(0.47,-1.80,5.26) goal_dist=6.78m nearest_obstacle=1.76m
[INFO] [1788750931.941266044] [reactive_esdf_avoidance]: [REACTIVE NAV] pos_enu=(0.59,-1.87,5.26) goal_dist=6.69m nearest_obstacle=1.83m
[INFO] [1788750932.941569966] [reactive_esdf_avoidance]: [REACTIVE NAV] pos_enu=(0.71,-1.94,5.30) goal_dist=6.59m nearest_obstacle=1.86m
[INFO] [1788750933.941372715] [reactive_esdf_avoidance]: [REACTIVE NAV] pos_enu=(0.83,-1.99,5.32) goal_dist=6.49m nearest_obstacle=1.90m
[INFO] [1788750934.941532489] [reactive_esdf_avoidance]: [REACTIVE NAV] pos_enu=(0.96,-2.05,5.33) goal_dist=6.38m nearest_obstacle=1.95m
[INFO] [1788750935.941328894] [reactive_esdf_avoidance]: [REACTIVE NAV] pos_enu=(1.11,-2.07,5.32) goal_dist=6.25m nearest_obstacle=0.71m
[INFO] [1788750936.941363788] [reactive_esdf_avoidance]: [REACTIVE NAV] pos_enu=(1.21,-2.09,5.38) goal_dist=6.16m nearest_obstacle=0.39m
[INFO] [1788750937.941318552] [reactive_esdf_avoidance]: [REACTIVE NAV] pos_enu=(1.14,-2.25,5.42) goal_dist=6.29m nearest_obstacle=0.46m
[INFO] [1788750938.941208206] [reactive_esdf_avoidance]: [REACTIVE NAV] pos_enu=(1.05,-2.45,5.47) goal_dist=6.45m nearest_obstacle=0.72m
[INFO] [1788750939.941479190] [reactive_esdf_avoidance]: [REACTIVE NAV] pos_enu=(0.97,-2.62,5.54) goal_dist=6.60m nearest_obstacle=0.87m
[INFO] [1788750940.941543354] [reactive_esdf_avoidance]: [REACTIVE NAV] pos_enu=(0.91,-2.80,5.56) goal_dist=6.73m nearest_obstacle=0.00m
[INFO] [1788750941.941536345] [reactive_esdf_avoidance]: [REACTIVE NAV] pos_enu=(0.85,-2.97,5.58) goal_dist=6.86m nearest_obstacle=0.00m
[INFO] [1788750942.941294532] [reactive_esdf_avoidance]: [REACTIVE NAV] pos_enu=(0.75,-3.15,5.61) goal_dist=7.02m nearest_obstacle=0.00m
[INFO] [1788750943.941599756] [reactive_esdf_avoidance]: [REACTIVE NAV] pos_enu=(0.67,-3.31,5.64) goal_dist=7.17m nearest_obstacle=0.00m
[INFO] [1788750944.941471907] [reactive_esdf_avoidance]: [REACTIVE NAV] pos_enu=(0.76,-3.49,5.66) goal_dist=7.18m nearest_obstacle=0.00m
[INFO] [1788750945.941179469] [reactive_esdf_avoidance]: [REACTIVE NAV] pos_enu=(0.85,-3.66,5.69) goal_dist=7.19m nearest_obstacle=0.00m
[INFO] [1788750946.941577380] [reactive_esdf_avoidance]: [REACTIVE NAV] pos_enu=(0.96,-3.81,5.74) goal_dist=7.18m nearest_obstacle=0.00m
[INFO] [1788750947.941229292] [reactive_esdf_avoidance]: [REACTIVE NAV] pos_enu=(1.09,-3.97,5.78) goal_dist=7.16m nearest_obstacle=0.00m
[INFO] [1788750948.941605699] [reactive_esdf_avoidance]: [REACTIVE NAV] pos_enu=(1.21,-4.14,5.83) goal_dist=7.16m nearest_obstacle=0.00m
[INFO] [1788750949.941376524] [reactive_esdf_avoidance]: [REACTIVE NAV] pos_enu=(1.34,-4.30,5.88) goal_dist=7.17m nearest_obstacle=0.10m
[INFO] [1788750950.941274315] [reactive_esdf_avoidance]: [REACTIVE NAV] pos_enu=(1.42,-4.44,5.91) goal_dist=7.19m nearest_obstacle=0.10m
[INFO] [1788750951.941485677] [reactive_esdf_avoidance]: [REACTIVE NAV] pos_enu=(1.47,-4.50,5.92) goal_dist=7.20m nearest_obstacle=0.10m
[INFO] [1788750952.941642579] [reactive_esdf_avoidance]: [REACTIVE NAV] pos_enu=(1.47,-4.51,5.92) goal_dist=7.20m nearest_obstacle=0.10m
[INFO] [1788750953.941380445] [reactive_esdf_avoidance]: [REACTIVE NAV] pos_enu=(1.46,-4.49,5.93) goal_dist=7.19m nearest_obstacle=0.10m
[INFO] [1788750954.941640109] [reactive_esdf_avoidance]: [REACTIVE NAV] pos_enu=(1.46,-4.48,5.93) goal_dist=7.18m nearest_obstacle=0.10m
[INFO] [1788750955.941190483] [reactive_esdf_avoidance]: [REACTIVE NAV] pos_enu=(1.46,-4.47,5.92) goal_dist=7.18m nearest_obstacle=0.10m
[INFO] [1788750956.941567417] [reactive_esdf_avoidance]: [REACTIVE NAV] pos_enu=(1.47,-4.48,5.93) goal_dist=7.18m nearest_obstacle=0.10m
[INFO] [1788750957.941408342] [reactive_esdf_avoidance]: [REACTIVE NAV] pos_enu=(1.47,-4.48,5.93) goal_dist=7.17m nearest_obstacle=0.10m
[INFO] [1788750958.941872980] [reactive_esdf_avoidance]: [REACTIVE NAV] pos_enu=(1.46,-4.47,5.93) goal_dist=7.17m nearest_obstacle=0.10m
[INFO] [1788750959.941418959] [reactive_esdf_avoidance]: [REACTIVE NAV] pos_enu=(1.46,-4.46,5.93) goal_dist=7.17m nearest_obstacle=0.10m
[INFO] [1788750960.941389019] [reactive_esdf_avoidance]: [REACTIVE NAV] pos_enu=(1.44,-4.47,5.92) goal_dist=7.19m nearest_obstacle=0.10m
[INFO] [1788750961.941298999] [reactive_esdf_avoidance]: [REACTIVE NAV] pos_enu=(1.44,-4.46,5.93) goal_dist=7.19m nearest_obstacle=0.10m
[INFO] [1788750962.941569127] [reactive_esdf_avoidance]: [REACTIVE NAV] pos_enu=(1.45,-4.46,5.93) goal_dist=7.18m nearest_obstacle=0.10m
[INFO] [1788750963.941712317] [reactive_esdf_avoidance]: [REACTIVE NAV] pos_enu=(1.45,-4.46,5.92) goal_dist=7.18m nearest_obstacle=0.10m
Traceback (most recent call last):
  File "/workspaces/isaac_ros-dev/ros2_ws/install/px4_vslam_bridge/lib/python3.10/site-packages/px4_vslam_bridge/reactive_esdf_avoidance.py", line 393, in main
    rclpy.spin(node)
  File "/opt/ros/humble/local/lib/python3.10/dist-packages/rclpy/__init__.py", line 229, in spin
    executor.spin_once()
  File "/opt/ros/humble/local/lib/python3.10/dist-packages/rclpy/executors.py", line 808, in spin_once
    self._spin_once_impl(timeout_sec)
  File "/opt/ros/humble/local/lib/python3.10/dist-packages/rclpy/executors.py", line 797, in _spin_once_impl
    handler, entity, node = self.wait_for_ready_callbacks(timeout_sec=timeout_sec)
  File "/opt/ros/humble/local/lib/python3.10/dist-packages/rclpy/executors.py", line 780, in wait_for_ready_callbacks
    return next(self._cb_iter)
  File "/opt/ros/humble/local/lib/python3.10/dist-packages/rclpy/executors.py", line 681, in _wait_for_ready_callbacks
    raise ExternalShutdownException()
rclpy.executors.ExternalShutdownException

During handling of the above exception, another exception occurred:

Traceback (most recent call last):
  File "/workspaces/isaac_ros-dev/ros2_ws/install/px4_vslam_bridge/lib/px4_vslam_bridge/reactive_esdf_avoidance", line 33, in <module>
    sys.exit(load_entry_point('px4-vslam-bridge==0.1.0', 'console_scripts', 'reactive_esdf_avoidance')())
  File "/workspaces/isaac_ros-dev/ros2_ws/install/px4_vslam_bridge/lib/python3.10/site-packages/px4_vslam_bridge/reactive_esdf_avoidance.py", line 398, in main
    rclpy.shutdown()
  File "/opt/ros/humble/local/lib/python3.10/dist-packages/rclpy/__init__.py", line 130, in shutdown
    _shutdown(context=context)
  File "/opt/ros/humble/local/lib/python3.10/dist-packages/rclpy/utilities.py", line 58, in shutdown
    return context.shutdown()
  File "/opt/ros/humble/local/lib/python3.10/dist-packages/rclpy/context.py", line 102, in shutdown
    self.__context.shutdown()
rclpy._rclpy_pybind11.RCLError: failed to shutdown: rcl_shutdown already called on the given context, at ./src/rcl/init.c:241
