[INFO] [1788750901.436187582] [vslam_compare]: vslam_compare: logging per-message CSV to /workspaces/isaac_ros-dev/results/route2_probe/r2_2_L0_r07/vslam_compare.csv (exp_id='r2_2_L0_r07')
[INFO] [1788750901.454778291] [vslam_compare]: vslam_compare ready -- watching /visual_slam/tracking/odometry vs /ground_truth/odom
[INFO] [1788750901.455716249] [vslam_compare]: Ground truth origin set: (0.013186067342758179, 0.022934800013899803, 0.002778291702270508)
[INFO] [1788750901.471857830] [vslam_compare]: cuVSLAM origin set: (0.0, 0.0, 0.0) -- tracking initialized
[INFO] [1788750902.455221504] [vslam_compare]: gt=(-0.0, -0.01, 0.01) vslam=(0.0, 0.0, 0.0) error=0.013m max_error=0.013m (n=1)
[INFO] [1788750903.455488236] [vslam_compare]: gt=(-0.01, -0.01, 0.01) vslam=(0.0, 0.0, 0.0) error=0.020m max_error=0.020m (n=2)
[INFO] [1788750904.455322788] [vslam_compare]: gt=(-0.03, -0.02, 0.02) vslam=(0.0, 0.0, 0.0) error=0.040m max_error=0.040m (n=3)
[INFO] [1788750905.455331878] [vslam_compare]: gt=(-0.04, -0.03, 0.03) vslam=(0.0, 0.0, 0.0) error=0.054m max_error=0.054m (n=4)
[INFO] [1788750906.455126644] [vslam_compare]: gt=(-0.03, -0.04, 0.03) vslam=(0.0, 0.0, 0.0) error=0.058m max_error=0.058m (n=5)
[INFO] [1788750907.454955850] [vslam_compare]: gt=(-0.03, -0.03, 0.03) vslam=(0.0, 0.0, 0.0) error=0.051m max_error=0.058m (n=6)
[INFO] [1788750908.455388130] [vslam_compare]: gt=(-0.03, -0.02, 0.03) vslam=(0.0, 0.0, 0.0) error=0.048m max_error=0.058m (n=7)
[INFO] [1788750909.455169754] [vslam_compare]: gt=(-0.02, -0.02, 0.04) vslam=(0.0, 0.0, 0.0) error=0.048m max_error=0.058m (n=8)
[INFO] [1788750910.455480812] [vslam_compare]: gt=(-0.02, -0.01, 0.04) vslam=(0.0, 0.0, 0.0) error=0.046m max_error=0.058m (n=9)
[INFO] [1788750911.455505057] [vslam_compare]: gt=(-0.02, -0.01, 0.04) vslam=(-0.0, -0.0, -0.0) error=0.042m max_error=0.058m (n=10)
[INFO] [1788750912.454963699] [vslam_compare]: gt=(0.04, -0.02, 0.04) vslam=(0.03, -0.08, -0.0) error=0.075m max_error=0.075m (n=11)
[INFO] [1788750913.455037046] [vslam_compare]: gt=(0.1, -0.04, 0.78) vslam=(0.25, -0.07, 0.56) error=0.268m max_error=0.268m (n=12)
[INFO] [1788750914.455110338] [vslam_compare]: gt=(0.03, -0.13, 2.48) vslam=(0.11, -0.19, 2.28) error=0.223m max_error=0.268m (n=13)
[INFO] [1788750915.455185318] [vslam_compare]: gt=(-0.1, -0.11, 3.79) vslam=(-0.1, -0.2, 3.61) error=0.201m max_error=0.268m (n=14)
[INFO] [1788750916.455349000] [vslam_compare]: gt=(-0.15, -0.05, 4.34) vslam=(-0.22, -0.11, 4.4) error=0.111m max_error=0.268m (n=15)
[INFO] [1788750917.455248183] [vslam_compare]: gt=(-0.1, 0.01, 4.62) vslam=(-0.19, 0.03, 4.75) error=0.158m max_error=0.268m (n=16)
[INFO] [1788750918.455126170] [vslam_compare]: gt=(-0.04, 0.05, 4.76) vslam=(-0.14, 0.07, 4.85) error=0.134m max_error=0.268m (n=17)
[INFO] [1788750919.455099983] [vslam_compare]: gt=(0.07, -0.0, 4.8) vslam=(-0.02, 0.02, 4.91) error=0.139m max_error=0.268m (n=18)
[INFO] [1788750920.455005170] [vslam_compare]: gt=(0.22, -0.12, 4.87) vslam=(0.12, -0.11, 4.95) error=0.131m max_error=0.268m (n=19)
[INFO] [1788750921.454912225] [vslam_compare]: gt=(0.37, -0.25, 4.92) vslam=(0.33, -0.31, 4.89) error=0.078m max_error=0.268m (n=20)
[INFO] [1788750922.455215188] [vslam_compare]: gt=(0.47, -0.41, 4.93) vslam=(0.44, -0.46, 4.94) error=0.056m max_error=0.268m (n=21)
[INFO] [1788750923.455243402] [vslam_compare]: gt=(0.39, -0.6, 4.95) vslam=(0.4, -0.71, 4.95) error=0.110m max_error=0.268m (n=22)
[INFO] [1788750924.455051289] [vslam_compare]: gt=(0.31, -0.82, 5.0) vslam=(0.31, -0.9, 5.0) error=0.077m max_error=0.268m (n=23)
[INFO] [1788750925.455433425] [vslam_compare]: gt=(0.23, -1.03, 5.05) vslam=(0.22, -1.1, 5.05) error=0.077m max_error=0.268m (n=24)
[INFO] [1788750926.455104641] [vslam_compare]: gt=(0.2, -1.22, 5.12) vslam=(0.18, -1.29, 5.13) error=0.073m max_error=0.268m (n=25)
[INFO] [1788750927.454900467] [vslam_compare]: gt=(0.21, -1.41, 5.13) vslam=(0.18, -1.5, 5.18) error=0.105m max_error=0.268m (n=26)
[INFO] [1788750928.455052757] [vslam_compare]: gt=(0.26, -1.58, 5.2) vslam=(0.21, -1.66, 5.23) error=0.097m max_error=0.268m (n=27)
[INFO] [1788750929.455163872] [vslam_compare]: gt=(0.33, -1.69, 5.24) vslam=(0.27, -1.79, 5.27) error=0.120m max_error=0.268m (n=28)
[INFO] [1788750930.455252479] [vslam_compare]: gt=(0.42, -1.78, 5.28) vslam=(0.36, -1.9, 5.31) error=0.130m max_error=0.268m (n=29)
[INFO] [1788750931.455099308] [vslam_compare]: gt=(0.51, -1.86, 5.23) vslam=(0.45, -1.97, 5.31) error=0.147m max_error=0.268m (n=30)
[INFO] [1788750932.454890956] [vslam_compare]: gt=(0.64, -1.93, 5.28) vslam=(0.57, -2.08, 5.34) error=0.171m max_error=0.268m (n=31)
[INFO] [1788750933.455157694] [vslam_compare]: gt=(0.76, -1.99, 5.31) vslam=(0.69, -2.14, 5.36) error=0.173m max_error=0.268m (n=32)
[INFO] [1788750934.455404377] [vslam_compare]: gt=(0.89, -2.05, 5.32) vslam=(0.81, -2.2, 5.39) error=0.186m max_error=0.268m (n=33)
[INFO] [1788750935.454953634] [vslam_compare]: gt=(1.02, -2.1, 5.33) vslam=(0.93, -2.25, 5.42) error=0.203m max_error=0.268m (n=34)
[INFO] [1788750936.455036302] [vslam_compare]: gt=(1.19, -2.07, 5.35) vslam=(1.16, -2.22, 5.39) error=0.151m max_error=0.268m (n=35)
[INFO] [1788750937.455105077] [vslam_compare]: gt=(1.17, -2.19, 5.39) vslam=(1.15, -2.34, 5.44) error=0.164m max_error=0.268m (n=36)
[INFO] [1788750938.454989364] [vslam_compare]: gt=(1.08, -2.37, 5.44) vslam=(1.06, -2.54, 5.5) error=0.180m max_error=0.268m (n=37)
[INFO] [1788750939.454951663] [vslam_compare]: gt=(1.0, -2.56, 5.5) vslam=(0.98, -2.72, 5.56) error=0.169m max_error=0.268m (n=38)
[INFO] [1788750940.455060275] [vslam_compare]: gt=(0.92, -2.74, 5.53) vslam=(0.91, -2.9, 5.6) error=0.170m max_error=0.268m (n=39)
[INFO] [1788750941.455416783] [vslam_compare]: gt=(0.86, -2.91, 5.58) vslam=(0.84, -3.09, 5.64) error=0.188m max_error=0.268m (n=40)
[INFO] [1788750942.454917011] [vslam_compare]: gt=(0.79, -3.09, 5.58) vslam=(0.77, -3.28, 5.66) error=0.205m max_error=0.268m (n=41)
[INFO] [1788750943.455214704] [vslam_compare]: gt=(0.68, -3.26, 5.63) vslam=(0.64, -3.46, 5.7) error=0.218m max_error=0.268m (n=42)
[INFO] [1788750944.454994092] [vslam_compare]: gt=(0.7, -3.43, 5.65) vslam=(0.64, -3.63, 5.73) error=0.218m max_error=0.268m (n=43)
[INFO] [1788750945.455394307] [vslam_compare]: gt=(0.79, -3.59, 5.67) vslam=(0.73, -3.8, 5.76) error=0.226m max_error=0.268m (n=44)
[INFO] [1788750946.455302197] [vslam_compare]: gt=(0.89, -3.75, 5.71) vslam=(0.85, -3.96, 5.8) error=0.229m max_error=0.268m (n=45)
[INFO] [1788750947.455048653] [vslam_compare]: gt=(1.01, -3.91, 5.76) vslam=(0.96, -4.12, 5.85) error=0.236m max_error=0.268m (n=46)
[INFO] [1788750948.455371171] [vslam_compare]: gt=(1.15, -4.09, 5.81) vslam=(1.07, -4.29, 5.91) error=0.236m max_error=0.268m (n=47)
[INFO] [1788750949.454961686] [vslam_compare]: gt=(1.27, -4.25, 5.86) vslam=(1.18, -4.45, 5.97) error=0.245m max_error=0.268m (n=48)
[INFO] [1788750950.455360857] [vslam_compare]: gt=(1.37, -4.4, 5.9) vslam=(1.3, -4.62, 6.02) error=0.261m max_error=0.268m (n=49)
[INFO] [1788750951.455244047] [vslam_compare]: gt=(1.43, -4.51, 5.92) vslam=(1.37, -4.74, 6.04) error=0.273m max_error=0.273m (n=50)
[INFO] [1788750952.455368700] [vslam_compare]: gt=(1.46, -4.54, 5.92) vslam=(1.39, -4.78, 6.05) error=0.287m max_error=0.287m (n=51)
[INFO] [1788750953.455088134] [vslam_compare]: gt=(1.45, -4.53, 5.92) vslam=(1.38, -4.78, 6.05) error=0.294m max_error=0.294m (n=52)
[INFO] [1788750954.455054312] [vslam_compare]: gt=(1.45, -4.51, 5.93) vslam=(1.37, -4.77, 6.05) error=0.297m max_error=0.297m (n=53)
[INFO] [1788750955.455140733] [vslam_compare]: gt=(1.45, -4.49, 5.92) vslam=(1.37, -4.76, 6.05) error=0.303m max_error=0.303m (n=54)
[INFO] [1788750956.455241484] [vslam_compare]: gt=(1.45, -4.5, 5.92) vslam=(1.36, -4.76, 6.05) error=0.299m max_error=0.303m (n=55)
[INFO] [1788750957.455131165] [vslam_compare]: gt=(1.46, -4.5, 5.93) vslam=(1.36, -4.76, 6.05) error=0.302m max_error=0.303m (n=56)
[INFO] [1788750958.455263643] [vslam_compare]: gt=(1.46, -4.5, 5.92) vslam=(1.35, -4.75, 6.05) error=0.300m max_error=0.303m (n=57)
[INFO] [1788750959.455012262] [vslam_compare]: gt=(1.45, -4.48, 5.92) vslam=(1.34, -4.74, 6.05) error=0.309m max_error=0.309m (n=58)
Traceback (most recent call last):
  File "/workspaces/isaac_ros-dev/ros2_ws/install/px4_vslam_bridge/lib/python3.10/site-packages/px4_vslam_bridge/vslam_compare.py", line 194, in main
    rclpy.spin(node)
  File "/opt/ros/humble/local/lib/python3.10/dist-packages/rclpy/__init__.py", line 229, in spin
    executor.spin_once()
  File "/opt/ros/humble/local/lib/python3.10/dist-packages/rclpy/executors.py", line 808, in spin_once
    self._spin_once_impl(timeout_sec)
  File "/opt/ros/humble/local/lib/python3.10/dist-packages/rclpy/executors.py", line 797, in _spin_once_impl
    handler, entity, node = self.wait_for_ready_callbacks(timeout_sec=timeout_sec)
  File "/opt/ros/humble/local/lib/python3.10/dist-packages/rclpy/executors.py", line 780, in wait_for_ready_callbacks
    return next(self._cb_iter)
  File "/opt/ros/humble/local/lib/python3.10/dist-packages/rclpy/executors.py", line 681, in _wait_for_ready_callbacks
    raise ExternalShutdownException()
rclpy.executors.ExternalShutdownException

During handling of the above exception, another exception occurred:

Traceback (most recent call last):
  File "/workspaces/isaac_ros-dev/ros2_ws/install/px4_vslam_bridge/lib/px4_vslam_bridge/vslam_compare", line 33, in <module>
    sys.exit(load_entry_point('px4-vslam-bridge==0.1.0', 'console_scripts', 'vslam_compare')())
  File "/workspaces/isaac_ros-dev/ros2_ws/install/px4_vslam_bridge/lib/python3.10/site-packages/px4_vslam_bridge/vslam_compare.py", line 199, in main
    rclpy.shutdown()
  File "/opt/ros/humble/local/lib/python3.10/dist-packages/rclpy/__init__.py", line 130, in shutdown
    _shutdown(context=context)
  File "/opt/ros/humble/local/lib/python3.10/dist-packages/rclpy/utilities.py", line 58, in shutdown
    return context.shutdown()
  File "/opt/ros/humble/local/lib/python3.10/dist-packages/rclpy/context.py", line 102, in shutdown
    self.__context.shutdown()
rclpy._rclpy_pybind11.RCLError: failed to shutdown: rcl_shutdown already called on the given context, at ./src/rcl/init.c:241
