[INFO] [1788717418.540551834] [visual_odometry_bridge]: visual_odometry_bridge ready: /visual_slam/tracking/odometry -> /fmu/in/vehicle_visual_odometry
[INFO] [1788717423.410620461] [visual_odometry_bridge]: published 100 vehicle_visual_odometry samples (last NED pos=(0.00,0.00,-0.00))
[WARN] [1788717429.445788372] [visual_odometry_bridge]: Rejected cuVSLAM update: implied speed 48.8 m/s (jumped 1.56m in 32ms) -- holding last known-good position, not forwarding to EKF2. (1 rejected total)
[INFO] [1788717433.275563549] [visual_odometry_bridge]: published 300 vehicle_visual_odometry samples (last NED pos=(1.36,-3.60,0.64))
[WARN] [1788717435.357387180] [visual_odometry_bridge]: Rejected cuVSLAM update: implied speed 9.0 m/s (jumped 0.29m in 32ms) -- holding last known-good position, not forwarding to EKF2. (16 rejected total)
[WARN] [1788717436.475366542] [visual_odometry_bridge]: Rejected cuVSLAM update: implied speed 13.5 m/s (jumped 0.43m in 32ms) -- holding last known-good position, not forwarding to EKF2. (22 rejected total)
[INFO] [1788717438.401356840] [visual_odometry_bridge]: published 400 vehicle_visual_odometry samples (last NED pos=(8.69,-4.07,-1.70))
[WARN] [1788717441.249777935] [visual_odometry_bridge]: Rejected cuVSLAM update: implied speed 21.2 m/s (jumped 0.68m in 32ms) -- holding last known-good position, not forwarding to EKF2. (27 rejected total)
[WARN] [1788717444.134865050] [visual_odometry_bridge]: Rejected cuVSLAM update: implied speed 10.1 m/s (jumped 0.32m in 32ms) -- holding last known-good position, not forwarding to EKF2. (30 rejected total)
[WARN] [1788717446.297739216] [visual_odometry_bridge]: Rejected cuVSLAM update: implied speed 10.0 m/s (jumped 0.32m in 32ms) -- holding last known-good position, not forwarding to EKF2. (32 rejected total)
[WARN] [1788717447.434908293] [visual_odometry_bridge]: Rejected cuVSLAM update: implied speed 36.6 m/s (jumped 1.17m in 32ms) -- holding last known-good position, not forwarding to EKF2. (33 rejected total)
[INFO] [1788717448.675100954] [visual_odometry_bridge]: published 600 vehicle_visual_odometry samples (last NED pos=(11.65,0.88,0.97))
[WARN] [1788717449.250943760] [visual_odometry_bridge]: Rejected cuVSLAM update: implied speed 11.2 m/s (jumped 0.40m in 36ms) -- holding last known-good position, not forwarding to EKF2. (42 rejected total)
[WARN] [1788717452.470294306] [visual_odometry_bridge]: Rejected cuVSLAM update: implied speed 12.6 m/s (jumped 0.40m in 32ms) -- holding last known-good position, not forwarding to EKF2. (43 rejected total)
[WARN] [1788717453.498940640] [visual_odometry_bridge]: Rejected cuVSLAM update: implied speed 8.1 m/s (jumped 0.55m in 68ms) -- holding last known-good position, not forwarding to EKF2. (50 rejected total)
Traceback (most recent call last):
  File "/workspaces/isaac_ros-dev/ros2_ws/install/px4_vslam_bridge/lib/python3.10/site-packages/px4_vslam_bridge/visual_odometry_bridge.py", line 160, in main
    rclpy.spin(node)
  File "/opt/ros/humble/local/lib/python3.10/dist-packages/rclpy/__init__.py", line 229, in spin
    executor.spin_once()
  File "/opt/ros/humble/local/lib/python3.10/dist-packages/rclpy/executors.py", line 808, in spin_once
    self._spin_once_impl(timeout_sec)
  File "/opt/ros/humble/local/lib/python3.10/dist-packages/rclpy/executors.py", line 797, in _spin_once_impl
    handler, entity, node = self.wait_for_ready_callbacks(timeout_sec=timeout_sec)
  File "/opt/ros/humble/local/lib/python3.10/dist-packages/rclpy/executors.py", line 780, in wait_for_ready_callbacks
    return next(self._cb_iter)
  File "/opt/ros/humble/local/lib/python3.10/dist-packages/rclpy/executors.py", line 681, in _wait_for_ready_callbacks
    raise ExternalShutdownException()
rclpy.executors.ExternalShutdownException

During handling of the above exception, another exception occurred:

Traceback (most recent call last):
  File "/workspaces/isaac_ros-dev/ros2_ws/install/px4_vslam_bridge/lib/px4_vslam_bridge/visual_odometry_bridge", line 33, in <module>
    sys.exit(load_entry_point('px4-vslam-bridge==0.1.0', 'console_scripts', 'visual_odometry_bridge')())
  File "/workspaces/isaac_ros-dev/ros2_ws/install/px4_vslam_bridge/lib/python3.10/site-packages/px4_vslam_bridge/visual_odometry_bridge.py", line 165, in main
    rclpy.shutdown()
  File "/opt/ros/humble/local/lib/python3.10/dist-packages/rclpy/__init__.py", line 130, in shutdown
    _shutdown(context=context)
  File "/opt/ros/humble/local/lib/python3.10/dist-packages/rclpy/utilities.py", line 58, in shutdown
    return context.shutdown()
  File "/opt/ros/humble/local/lib/python3.10/dist-packages/rclpy/context.py", line 102, in shutdown
    self.__context.shutdown()
rclpy._rclpy_pybind11.RCLError: failed to shutdown: rcl_shutdown already called on the given context, at ./src/rcl/init.c:241
