[INFO] [1788749536.331616845] [vslam_compare]: vslam_compare: logging per-message CSV to /workspaces/isaac_ros-dev/results/route2_probe/r2_2_L1_r12/vslam_compare.csv (exp_id='r2_2_L1_r12')
[INFO] [1788749536.350155262] [vslam_compare]: vslam_compare ready -- watching /visual_slam/tracking/odometry vs /ground_truth/odom
[INFO] [1788749536.351090169] [vslam_compare]: Ground truth origin set: (0.01941249705851078, 0.011231103911995888, 0.029050230979919434)
[INFO] [1788749537.001096326] [vslam_compare]: cuVSLAM origin set: (0.0, 0.0, 0.0) -- tracking initialized
[INFO] [1788749537.350354794] [vslam_compare]: gt=(-0.0, -0.0, 0.0) vslam=(0.0, 0.0, 0.0) error=0.005m max_error=0.005m (n=1)
[INFO] [1788749538.350515484] [vslam_compare]: gt=(0.0, -0.0, 0.01) vslam=(0.0, 0.0, 0.0) error=0.009m max_error=0.009m (n=2)
[INFO] [1788749539.350561565] [vslam_compare]: gt=(0.0, -0.0, 0.01) vslam=(0.0, 0.0, 0.0) error=0.011m max_error=0.011m (n=3)
[INFO] [1788749540.350541862] [vslam_compare]: gt=(0.01, -0.01, 0.01) vslam=(0.0, 0.0, 0.0) error=0.015m max_error=0.015m (n=4)
[INFO] [1788749541.350594149] [vslam_compare]: gt=(0.01, -0.01, 0.0) vslam=(0.0, 0.0, 0.0) error=0.016m max_error=0.016m (n=5)
[INFO] [1788749542.350542659] [vslam_compare]: gt=(0.01, -0.0, 0.0) vslam=(0.0, 0.0, 0.0) error=0.010m max_error=0.016m (n=6)
[INFO] [1788749543.350359738] [vslam_compare]: gt=(0.0, 0.01, 0.0) vslam=(0.0, 0.0, 0.0) error=0.008m max_error=0.016m (n=7)
[INFO] [1788749544.350762395] [vslam_compare]: gt=(-0.0, 0.02, 0.01) vslam=(0.0, 0.0, 0.0) error=0.017m max_error=0.017m (n=8)
[INFO] [1788749545.350364915] [vslam_compare]: gt=(-0.0, 0.01, 0.01) vslam=(0.0, 0.0, 0.0) error=0.011m max_error=0.017m (n=9)
[INFO] [1788749546.350324784] [vslam_compare]: gt=(-0.01, 0.0, 0.0) vslam=(0.0, 0.0, 0.0) error=0.011m max_error=0.017m (n=10)
[INFO] [1788749547.350420988] [vslam_compare]: gt=(-0.02, -0.0, 0.0) vslam=(0.0, 0.0, 0.0) error=0.018m max_error=0.018m (n=11)
[INFO] [1788749548.350337928] [vslam_compare]: gt=(-0.02, -0.01, 0.0) vslam=(0.0, 0.0, 0.0) error=0.022m max_error=0.022m (n=12)
[INFO] [1788749549.350342860] [vslam_compare]: gt=(-0.01, -0.02, 0.01) vslam=(0.0, 0.0, 0.0) error=0.023m max_error=0.023m (n=13)
[INFO] [1788749550.350773262] [vslam_compare]: gt=(0.01, -0.01, 0.01) vslam=(0.0, -0.02, 0.0) error=0.013m max_error=0.023m (n=14)
[INFO] [1788749551.350769330] [vslam_compare]: gt=(0.09, 0.01, 0.06) vslam=(0.21, -0.08, 0.01) error=0.155m max_error=0.155m (n=15)
[INFO] [1788749552.350462649] [vslam_compare]: gt=(0.09, -0.04, 1.07) vslam=(0.22, -0.1, 0.88) error=0.242m max_error=0.242m (n=16)
[INFO] [1788749553.350520620] [vslam_compare]: gt=(-0.0, -0.14, 2.8) vslam=(0.09, -0.22, 2.56) error=0.272m max_error=0.272m (n=17)
[INFO] [1788749554.350671342] [vslam_compare]: gt=(-0.11, -0.12, 3.88) vslam=(-0.07, -0.22, 3.84) error=0.106m max_error=0.272m (n=18)
[INFO] [1788749555.350626620] [vslam_compare]: gt=(-0.13, -0.02, 4.36) vslam=(-0.12, -0.09, 4.44) error=0.109m max_error=0.272m (n=19)
[INFO] [1788749556.350563313] [vslam_compare]: gt=(-0.11, 0.07, 4.6) vslam=(-0.08, -0.01, 4.67) error=0.108m max_error=0.272m (n=20)
[INFO] [1788749557.350612135] [vslam_compare]: gt=(-0.04, 0.06, 4.72) vslam=(-0.01, -0.02, 4.77) error=0.097m max_error=0.272m (n=21)
[INFO] [1788749558.350231632] [vslam_compare]: gt=(0.05, 0.01, 4.78) vslam=(0.08, -0.07, 4.83) error=0.093m max_error=0.272m (n=22)
[INFO] [1788749559.350432580] [vslam_compare]: gt=(0.17, -0.1, 4.84) vslam=(0.19, -0.18, 4.86) error=0.083m max_error=0.272m (n=23)
[INFO] [1788749560.350298685] [vslam_compare]: gt=(0.29, -0.22, 4.91) vslam=(0.32, -0.29, 4.97) error=0.098m max_error=0.272m (n=24)
[INFO] [1788749561.350275265] [vslam_compare]: gt=(0.42, -0.32, 4.99) vslam=(0.49, -0.46, 4.97) error=0.154m max_error=0.272m (n=25)
[INFO] [1788749562.350528669] [vslam_compare]: gt=(0.47, -0.48, 5.0) vslam=(0.56, -0.6, 5.01) error=0.153m max_error=0.272m (n=26)
[INFO] [1788749563.350362177] [vslam_compare]: gt=(0.4, -0.68, 5.03) vslam=(0.49, -0.81, 5.05) error=0.156m max_error=0.272m (n=27)
[INFO] [1788749564.350538376] [vslam_compare]: gt=(0.32, -0.88, 5.08) vslam=(0.42, -0.99, 5.1) error=0.147m max_error=0.272m (n=28)
[INFO] [1788749565.350623381] [vslam_compare]: gt=(0.26, -1.06, 5.1) vslam=(0.35, -1.21, 5.11) error=0.176m max_error=0.272m (n=29)
[INFO] [1788749566.350716334] [vslam_compare]: gt=(0.23, -1.25, 5.16) vslam=(0.32, -1.41, 5.15) error=0.182m max_error=0.272m (n=30)
[INFO] [1788749567.350374993] [vslam_compare]: gt=(0.23, -1.44, 5.22) vslam=(0.33, -1.59, 5.17) error=0.188m max_error=0.272m (n=31)
[INFO] [1788749568.350673064] [vslam_compare]: gt=(0.28, -1.6, 5.26) vslam=(0.38, -1.76, 5.2) error=0.192m max_error=0.272m (n=32)
[INFO] [1788749569.350619640] [vslam_compare]: gt=(0.36, -1.72, 5.29) vslam=(0.45, -1.89, 5.26) error=0.199m max_error=0.272m (n=33)
[INFO] [1788749570.350437200] [vslam_compare]: gt=(0.46, -1.81, 5.34) vslam=(0.54, -1.99, 5.32) error=0.200m max_error=0.272m (n=34)
[INFO] [1788749571.350356438] [vslam_compare]: gt=(0.56, -1.89, 5.38) vslam=(0.64, -2.06, 5.37) error=0.194m max_error=0.272m (n=35)
[INFO] [1788749572.350272491] [vslam_compare]: gt=(0.67, -1.94, 5.41) vslam=(0.75, -2.12, 5.41) error=0.194m max_error=0.272m (n=36)
[INFO] [1788749573.350595168] [vslam_compare]: gt=(0.78, -2.0, 5.43) vslam=(0.87, -2.18, 5.45) error=0.202m max_error=0.272m (n=37)
[INFO] [1788749574.350286051] [vslam_compare]: gt=(0.92, -2.05, 5.46) vslam=(0.98, -2.24, 5.48) error=0.199m max_error=0.272m (n=38)
[INFO] [1788749575.350658417] [vslam_compare]: gt=(1.05, -2.09, 5.47) vslam=(1.12, -2.29, 5.5) error=0.213m max_error=0.272m (n=39)
[INFO] [1788749576.350316190] [vslam_compare]: gt=(1.14, -2.12, 5.53) vslam=(1.28, -2.3, 5.51) error=0.229m max_error=0.272m (n=40)
[INFO] [1788749577.350313879] [vslam_compare]: gt=(1.08, -2.28, 5.57) vslam=(1.22, -2.48, 5.56) error=0.240m max_error=0.272m (n=41)
[INFO] [1788749578.350516433] [vslam_compare]: gt=(1.0, -2.47, 5.63) vslam=(1.15, -2.66, 5.62) error=0.238m max_error=0.272m (n=42)
[INFO] [1788749579.350606904] [vslam_compare]: gt=(0.93, -2.65, 5.69) vslam=(1.08, -2.84, 5.68) error=0.244m max_error=0.272m (n=43)
[INFO] [1788749580.350498794] [vslam_compare]: gt=(0.88, -2.83, 5.75) vslam=(1.03, -3.02, 5.74) error=0.246m max_error=0.272m (n=44)
[INFO] [1788749581.350561174] [vslam_compare]: gt=(0.82, -3.01, 5.79) vslam=(0.96, -3.2, 5.78) error=0.232m max_error=0.272m (n=45)
[INFO] [1788749582.350487685] [vslam_compare]: gt=(0.72, -3.18, 5.83) vslam=(0.85, -3.37, 5.82) error=0.239m max_error=0.272m (n=46)
[INFO] [1788749583.350315276] [vslam_compare]: gt=(0.64, -3.35, 5.87) vslam=(0.74, -3.54, 5.86) error=0.221m max_error=0.272m (n=47)
[INFO] [1788749584.350377661] [vslam_compare]: gt=(0.69, -3.51, 5.91) vslam=(0.79, -3.7, 5.9) error=0.209m max_error=0.272m (n=48)
[INFO] [1788749585.350528608] [vslam_compare]: gt=(0.75, -3.66, 5.95) vslam=(0.84, -3.85, 5.95) error=0.210m max_error=0.272m (n=49)
[INFO] [1788749586.350685198] [vslam_compare]: gt=(0.85, -3.81, 5.98) vslam=(0.94, -4.02, 5.98) error=0.233m max_error=0.272m (n=50)
[INFO] [1788749587.350398226] [vslam_compare]: gt=(0.94, -3.94, 6.01) vslam=(1.04, -4.16, 6.01) error=0.242m max_error=0.272m (n=51)
[INFO] [1788749588.350454125] [vslam_compare]: gt=(0.99, -4.0, 6.02) vslam=(1.09, -4.24, 6.02) error=0.257m max_error=0.272m (n=52)
[INFO] [1788749589.350603225] [vslam_compare]: gt=(0.99, -4.02, 6.02) vslam=(1.1, -4.26, 6.03) error=0.267m max_error=0.272m (n=53)
[INFO] [1788749590.350793786] [vslam_compare]: gt=(0.99, -4.01, 6.02) vslam=(1.09, -4.26, 6.04) error=0.273m max_error=0.273m (n=54)
[INFO] [1788749591.350295044] [vslam_compare]: gt=(0.99, -4.01, 6.02) vslam=(1.09, -4.26, 6.04) error=0.276m max_error=0.276m (n=55)
[INFO] [1788749592.350447495] [vslam_compare]: gt=(1.0, -4.0, 6.02) vslam=(1.1, -4.26, 6.05) error=0.278m max_error=0.278m (n=56)
Traceback (most recent call last):
  File "/workspaces/isaac_ros-dev/ros2_ws/install/px4_vslam_bridge/lib/python3.10/site-packages/px4_vslam_bridge/vslam_compare.py", line 194, in main
    rclpy.spin(node)
  File "/opt/ros/humble/local/lib/python3.10/dist-packages/rclpy/__init__.py", line 229, in spin
    executor.spin_once()
  File "/opt/ros/humble/local/lib/python3.10/dist-packages/rclpy/executors.py", line 808, in spin_once
    self._spin_once_impl(timeout_sec)
  File "/opt/ros/humble/local/lib/python3.10/dist-packages/rclpy/executors.py", line 797, in _spin_once_impl
    handler, entity, node = self.wait_for_ready_callbacks(timeout_sec=timeout_sec)
  File "/opt/ros/humble/local/lib/python3.10/dist-packages/rclpy/executors.py", line 780, in wait_for_ready_callbacks
    return next(self._cb_iter)
  File "/opt/ros/humble/local/lib/python3.10/dist-packages/rclpy/executors.py", line 681, in _wait_for_ready_callbacks
    raise ExternalShutdownException()
rclpy.executors.ExternalShutdownException

During handling of the above exception, another exception occurred:

Traceback (most recent call last):
  File "/workspaces/isaac_ros-dev/ros2_ws/install/px4_vslam_bridge/lib/px4_vslam_bridge/vslam_compare", line 33, in <module>
    sys.exit(load_entry_point('px4-vslam-bridge==0.1.0', 'console_scripts', 'vslam_compare')())
  File "/workspaces/isaac_ros-dev/ros2_ws/install/px4_vslam_bridge/lib/python3.10/site-packages/px4_vslam_bridge/vslam_compare.py", line 199, in main
    rclpy.shutdown()
  File "/opt/ros/humble/local/lib/python3.10/dist-packages/rclpy/__init__.py", line 130, in shutdown
    _shutdown(context=context)
  File "/opt/ros/humble/local/lib/python3.10/dist-packages/rclpy/utilities.py", line 58, in shutdown
    return context.shutdown()
  File "/opt/ros/humble/local/lib/python3.10/dist-packages/rclpy/context.py", line 102, in shutdown
    self.__context.shutdown()
rclpy._rclpy_pybind11.RCLError: failed to shutdown: rcl_shutdown already called on the given context, at ./src/rcl/init.c:241
