[INFO] [1788712267.076936029] [visual_odometry_bridge]: visual_odometry_bridge ready: /visual_slam/tracking/odometry -> /fmu/in/vehicle_visual_odometry
[INFO] [1788712272.551969525] [visual_odometry_bridge]: published 100 vehicle_visual_odometry samples (last NED pos=(0.00,0.00,-0.00))
[WARN] [1788712278.015214512] [visual_odometry_bridge]: Rejected cuVSLAM update: implied speed 78.9 m/s (jumped 2.84m in 36ms) -- holding last known-good position, not forwarding to EKF2. (1 rejected total)
[WARN] [1788712280.779161861] [visual_odometry_bridge]: Rejected cuVSLAM update: implied speed 13.2 m/s (jumped 0.48m in 36ms) -- holding last known-good position, not forwarding to EKF2. (14 rejected total)
[WARN] [1788712282.368412317] [visual_odometry_bridge]: Rejected cuVSLAM update: implied speed 27.9 m/s (jumped 0.89m in 32ms) -- holding last known-good position, not forwarding to EKF2. (15 rejected total)
[INFO] [1788712283.557319002] [visual_odometry_bridge]: published 300 vehicle_visual_odometry samples (last NED pos=(-4.65,-0.56,-4.15))
[WARN] [1788712283.701175000] [visual_odometry_bridge]: Rejected cuVSLAM update: implied speed 8.5 m/s (jumped 0.27m in 32ms) -- holding last known-good position, not forwarding to EKF2. (26 rejected total)
[WARN] [1788712284.704654172] [visual_odometry_bridge]: Rejected cuVSLAM update: implied speed 27.2 m/s (jumped 0.87m in 32ms) -- holding last known-good position, not forwarding to EKF2. (28 rejected total)
[WARN] [1788712285.711283431] [visual_odometry_bridge]: Rejected cuVSLAM update: implied speed 9.8 m/s (jumped 4.86m in 496ms) -- holding last known-good position, not forwarding to EKF2. (46 rejected total)
[WARN] [1788712287.313041199] [visual_odometry_bridge]: Rejected cuVSLAM update: implied speed 28.9 m/s (jumped 0.93m in 32ms) -- holding last known-good position, not forwarding to EKF2. (52 rejected total)
[WARN] [1788712288.922980907] [visual_odometry_bridge]: Rejected cuVSLAM update: implied speed 12.7 m/s (jumped 0.40m in 32ms) -- holding last known-good position, not forwarding to EKF2. (59 rejected total)
[INFO] [1788712290.167270553] [visual_odometry_bridge]: published 400 vehicle_visual_odometry samples (last NED pos=(-4.79,-10.94,-4.27))
[WARN] [1788712291.689114240] [visual_odometry_bridge]: Rejected cuVSLAM update: implied speed 9.6 m/s (jumped 0.31m in 32ms) -- holding last known-good position, not forwarding to EKF2. (62 rejected total)
[WARN] [1788712293.635823510] [visual_odometry_bridge]: Rejected cuVSLAM update: implied speed 24.2 m/s (jumped 0.77m in 32ms) -- holding last known-good position, not forwarding to EKF2. (63 rejected total)
[WARN] [1788712294.685311512] [visual_odometry_bridge]: Rejected cuVSLAM update: implied speed 10.3 m/s (jumped 0.33m in 32ms) -- holding last known-good position, not forwarding to EKF2. (68 rejected total)
[INFO] [1788712295.962272279] [visual_odometry_bridge]: published 500 vehicle_visual_odometry samples (last NED pos=(-3.98,-13.39,-2.98))
[WARN] [1788712296.595528079] [visual_odometry_bridge]: Rejected cuVSLAM update: implied speed 13.9 m/s (jumped 0.45m in 32ms) -- holding last known-good position, not forwarding to EKF2. (77 rejected total)
[WARN] [1788712297.889491746] [visual_odometry_bridge]: Rejected cuVSLAM update: implied speed 28.6 m/s (jumped 1.03m in 36ms) -- holding last known-good position, not forwarding to EKF2. (79 rejected total)
[WARN] [1788712298.924945662] [visual_odometry_bridge]: Rejected cuVSLAM update: implied speed 8.0 m/s (jumped 1.61m in 200ms) -- holding last known-good position, not forwarding to EKF2. (87 rejected total)
[WARN] [1788712300.789633028] [visual_odometry_bridge]: Rejected cuVSLAM update: implied speed 9.3 m/s (jumped 0.30m in 32ms) -- holding last known-good position, not forwarding to EKF2. (89 rejected total)
[INFO] [1788712301.818143449] [visual_odometry_bridge]: published 600 vehicle_visual_odometry samples (last NED pos=(-1.89,-15.85,-1.23))
[WARN] [1788712302.612382381] [visual_odometry_bridge]: Rejected cuVSLAM update: implied speed 23.1 m/s (jumped 0.74m in 32ms) -- holding last known-good position, not forwarding to EKF2. (93 rejected total)
Traceback (most recent call last):
  File "/workspaces/isaac_ros-dev/ros2_ws/install/px4_vslam_bridge/lib/python3.10/site-packages/px4_vslam_bridge/visual_odometry_bridge.py", line 160, in main
    rclpy.spin(node)
  File "/opt/ros/humble/local/lib/python3.10/dist-packages/rclpy/__init__.py", line 229, in spin
    executor.spin_once()
  File "/opt/ros/humble/local/lib/python3.10/dist-packages/rclpy/executors.py", line 808, in spin_once
    self._spin_once_impl(timeout_sec)
  File "/opt/ros/humble/local/lib/python3.10/dist-packages/rclpy/executors.py", line 797, in _spin_once_impl
    handler, entity, node = self.wait_for_ready_callbacks(timeout_sec=timeout_sec)
  File "/opt/ros/humble/local/lib/python3.10/dist-packages/rclpy/executors.py", line 780, in wait_for_ready_callbacks
    return next(self._cb_iter)
  File "/opt/ros/humble/local/lib/python3.10/dist-packages/rclpy/executors.py", line 681, in _wait_for_ready_callbacks
    raise ExternalShutdownException()
rclpy.executors.ExternalShutdownException

During handling of the above exception, another exception occurred:

Traceback (most recent call last):
  File "/workspaces/isaac_ros-dev/ros2_ws/install/px4_vslam_bridge/lib/px4_vslam_bridge/visual_odometry_bridge", line 33, in <module>
    sys.exit(load_entry_point('px4-vslam-bridge==0.1.0', 'console_scripts', 'visual_odometry_bridge')())
  File "/workspaces/isaac_ros-dev/ros2_ws/install/px4_vslam_bridge/lib/python3.10/site-packages/px4_vslam_bridge/visual_odometry_bridge.py", line 165, in main
    rclpy.shutdown()
  File "/opt/ros/humble/local/lib/python3.10/dist-packages/rclpy/__init__.py", line 130, in shutdown
    _shutdown(context=context)
  File "/opt/ros/humble/local/lib/python3.10/dist-packages/rclpy/utilities.py", line 58, in shutdown
    return context.shutdown()
  File "/opt/ros/humble/local/lib/python3.10/dist-packages/rclpy/context.py", line 102, in shutdown
    self.__context.shutdown()
rclpy._rclpy_pybind11.RCLError: failed to shutdown: rcl_shutdown already called on the given context, at ./src/rcl/init.c:241
