[INFO] [1788720841.202924910] [visual_odometry_bridge]: visual_odometry_bridge ready: /visual_slam/tracking/odometry -> /fmu/in/vehicle_visual_odometry
[INFO] [1788720846.164139504] [visual_odometry_bridge]: published 100 vehicle_visual_odometry samples (last NED pos=(0.00,0.00,-0.00))
[WARN] [1788720851.260848446] [visual_odometry_bridge]: Rejected cuVSLAM update: implied speed 14.1 m/s (jumped 0.45m in 32ms) -- holding last known-good position, not forwarding to EKF2. (1 rejected total)
[WARN] [1788720854.254465331] [visual_odometry_bridge]: Rejected cuVSLAM update: implied speed 17.2 m/s (jumped 0.62m in 36ms) -- holding last known-good position, not forwarding to EKF2. (12 rejected total)
[WARN] [1788720855.587998137] [visual_odometry_bridge]: Rejected cuVSLAM update: implied speed 12.3 m/s (jumped 0.40m in 32ms) -- holding last known-good position, not forwarding to EKF2. (17 rejected total)
[WARN] [1788720857.204202372] [visual_odometry_bridge]: Rejected cuVSLAM update: implied speed 9.9 m/s (jumped 0.32m in 32ms) -- holding last known-good position, not forwarding to EKF2. (21 rejected total)
[INFO] [1788720857.454946012] [visual_odometry_bridge]: published 300 vehicle_visual_odometry samples (last NED pos=(-2.87,-1.96,-1.22))
[WARN] [1788720858.671469431] [visual_odometry_bridge]: Rejected cuVSLAM update: implied speed 8.7 m/s (jumped 0.28m in 32ms) -- holding last known-good position, not forwarding to EKF2. (23 rejected total)
[WARN] [1788720860.455190096] [visual_odometry_bridge]: Rejected cuVSLAM update: implied speed 8.6 m/s (jumped 0.27m in 32ms) -- holding last known-good position, not forwarding to EKF2. (27 rejected total)
[WARN] [1788720861.478060424] [visual_odometry_bridge]: Rejected cuVSLAM update: implied speed 8.8 m/s (jumped 2.01m in 228ms) -- holding last known-good position, not forwarding to EKF2. (39 rejected total)
[WARN] [1788720863.779714328] [visual_odometry_bridge]: Rejected cuVSLAM update: implied speed 113.5 m/s (jumped 4.09m in 36ms) -- holding last known-good position, not forwarding to EKF2. (45 rejected total)
[INFO] [1788720864.659217171] [visual_odometry_bridge]: published 400 vehicle_visual_odometry samples (last NED pos=(4.90,10.10,-5.31))
[WARN] [1788720867.295668753] [visual_odometry_bridge]: Rejected cuVSLAM update: implied speed 34.3 m/s (jumped 1.10m in 32ms) -- holding last known-good position, not forwarding to EKF2. (62 rejected total)
[WARN] [1788720869.706453982] [visual_odometry_bridge]: Rejected cuVSLAM update: implied speed 8.3 m/s (jumped 0.26m in 32ms) -- holding last known-good position, not forwarding to EKF2. (67 rejected total)
[INFO] [1788720870.188420753] [visual_odometry_bridge]: published 500 vehicle_visual_odometry samples (last NED pos=(4.48,11.05,-5.80))
[WARN] [1788720870.736093649] [visual_odometry_bridge]: Rejected cuVSLAM update: implied speed 13.0 m/s (jumped 0.42m in 32ms) -- holding last known-good position, not forwarding to EKF2. (71 rejected total)
[WARN] [1788720872.574425391] [visual_odometry_bridge]: Rejected cuVSLAM update: implied speed 19.0 m/s (jumped 0.61m in 32ms) -- holding last known-good position, not forwarding to EKF2. (73 rejected total)
[WARN] [1788720873.753217069] [visual_odometry_bridge]: Rejected cuVSLAM update: implied speed 22.4 m/s (jumped 0.72m in 32ms) -- holding last known-good position, not forwarding to EKF2. (81 rejected total)
[WARN] [1788720874.851297028] [visual_odometry_bridge]: Rejected cuVSLAM update: implied speed 9.6 m/s (jumped 0.31m in 32ms) -- holding last known-good position, not forwarding to EKF2. (92 rejected total)
[WARN] [1788720875.950101409] [visual_odometry_bridge]: Rejected cuVSLAM update: implied speed 12.9 m/s (jumped 0.41m in 32ms) -- holding last known-good position, not forwarding to EKF2. (98 rejected total)
Traceback (most recent call last):
  File "/workspaces/isaac_ros-dev/ros2_ws/install/px4_vslam_bridge/lib/python3.10/site-packages/px4_vslam_bridge/visual_odometry_bridge.py", line 160, in main
    rclpy.spin(node)
  File "/opt/ros/humble/local/lib/python3.10/dist-packages/rclpy/__init__.py", line 229, in spin
    executor.spin_once()
  File "/opt/ros/humble/local/lib/python3.10/dist-packages/rclpy/executors.py", line 808, in spin_once
    self._spin_once_impl(timeout_sec)
  File "/opt/ros/humble/local/lib/python3.10/dist-packages/rclpy/executors.py", line 797, in _spin_once_impl
    handler, entity, node = self.wait_for_ready_callbacks(timeout_sec=timeout_sec)
  File "/opt/ros/humble/local/lib/python3.10/dist-packages/rclpy/executors.py", line 780, in wait_for_ready_callbacks
    return next(self._cb_iter)
  File "/opt/ros/humble/local/lib/python3.10/dist-packages/rclpy/executors.py", line 681, in _wait_for_ready_callbacks
    raise ExternalShutdownException()
rclpy.executors.ExternalShutdownException

During handling of the above exception, another exception occurred:

Traceback (most recent call last):
  File "/workspaces/isaac_ros-dev/ros2_ws/install/px4_vslam_bridge/lib/px4_vslam_bridge/visual_odometry_bridge", line 33, in <module>
    sys.exit(load_entry_point('px4-vslam-bridge==0.1.0', 'console_scripts', 'visual_odometry_bridge')())
  File "/workspaces/isaac_ros-dev/ros2_ws/install/px4_vslam_bridge/lib/python3.10/site-packages/px4_vslam_bridge/visual_odometry_bridge.py", line 165, in main
    rclpy.shutdown()
  File "/opt/ros/humble/local/lib/python3.10/dist-packages/rclpy/__init__.py", line 130, in shutdown
    _shutdown(context=context)
  File "/opt/ros/humble/local/lib/python3.10/dist-packages/rclpy/utilities.py", line 58, in shutdown
    return context.shutdown()
  File "/opt/ros/humble/local/lib/python3.10/dist-packages/rclpy/context.py", line 102, in shutdown
    self.__context.shutdown()
rclpy._rclpy_pybind11.RCLError: failed to shutdown: rcl_shutdown already called on the given context, at ./src/rcl/init.c:241
