[INFO] [1788720844.380357740] [vslam_compare]: vslam_compare: logging per-message CSV to /workspaces/isaac_ros-dev/results/route2_probe/r2_high_r131/vslam_compare.csv (exp_id='r2_high_r131')
[INFO] [1788720844.398221228] [vslam_compare]: vslam_compare ready -- watching /visual_slam/tracking/odometry vs /ground_truth/odom
[INFO] [1788720844.422881826] [vslam_compare]: Ground truth origin set: (0.022316770628094673, 0.014122308231890202, 0.026054292917251587)
[WARN] [1788720845.398530498] [vslam_compare]: No /visual_slam/tracking/odometry data yet -- cuVSLAM not tracking (or not launched).
[INFO] [1788720846.147552348] [vslam_compare]: cuVSLAM origin set: (0.0, 0.0, 0.0) -- tracking initialized
[INFO] [1788720846.398542956] [vslam_compare]: gt=(-0.0, 0.0, -0.01) vslam=(0.0, 0.0, 0.0) error=0.007m max_error=0.007m (n=1)
[INFO] [1788720847.398476553] [vslam_compare]: gt=(-0.01, 0.01, -0.01) vslam=(0.0, 0.0, 0.0) error=0.015m max_error=0.015m (n=2)
[INFO] [1788720848.398559960] [vslam_compare]: gt=(-0.01, 0.0, -0.01) vslam=(0.0, 0.0, 0.0) error=0.016m max_error=0.016m (n=3)
[INFO] [1788720849.398459388] [vslam_compare]: gt=(-0.02, 0.01, -0.01) vslam=(0.0, 0.0, 0.0) error=0.021m max_error=0.021m (n=4)
[INFO] [1788720850.398782179] [vslam_compare]: gt=(-0.02, 0.01, -0.0) vslam=(0.0, 0.0, 0.0) error=0.026m max_error=0.026m (n=5)
[INFO] [1788720851.398345348] [vslam_compare]: gt=(-0.03, -0.0, -0.0) vslam=(-2.02, -2.22, -0.11) error=2.988m max_error=2.988m (n=6)
[INFO] [1788720852.398420678] [vslam_compare]: gt=(-0.14, -0.11, -0.0) vslam=(-2.0, -2.21, -0.1) error=2.810m max_error=2.988m (n=7)
[INFO] [1788720853.398470257] [vslam_compare]: gt=(-0.8, -0.72, -0.03) vslam=(-2.08, -2.21, -0.13) error=1.967m max_error=2.988m (n=8)
[INFO] [1788720854.398660738] [vslam_compare]: gt=(-0.99, -0.94, -0.03) vslam=(-1.53, -3.12, 0.36) error=2.275m max_error=2.988m (n=9)
[INFO] [1788720855.398457174] [vslam_compare]: gt=(-0.54, -0.98, 0.08) vslam=(-0.57, -3.77, 0.77) error=2.870m max_error=2.988m (n=10)
[INFO] [1788720856.398381608] [vslam_compare]: gt=(0.0, -0.63, 0.43) vslam=(-2.17, -2.57, 0.15) error=2.928m max_error=2.988m (n=11)
[INFO] [1788720857.398451583] [vslam_compare]: gt=(-0.34, -0.14, 1.38) vslam=(-2.37, -2.65, 1.08) error=3.241m max_error=3.241m (n=12)
[INFO] [1788720858.398523378] [vslam_compare]: gt=(-0.36, 0.11, 2.92) vslam=(-1.07, -2.61, 2.26) error=2.886m max_error=3.241m (n=13)
[INFO] [1788720859.398408980] [vslam_compare]: gt=(0.01, 0.11, 3.8) vslam=(0.34, -1.49, 3.05) error=1.788m max_error=3.241m (n=14)
[INFO] [1788720860.398585135] [vslam_compare]: gt=(0.36, 0.25, 4.21) vslam=(1.38, -0.19, 3.48) error=1.332m max_error=3.241m (n=15)
[INFO] [1788720861.398452957] [vslam_compare]: gt=(0.5, 0.5, 4.5) vslam=(3.16, 3.62, 3.24) error=4.291m max_error=4.291m (n=16)
[INFO] [1788720862.398330474] [vslam_compare]: gt=(0.12, 0.43, 4.64) vslam=(4.79, 3.33, 3.86) error=5.551m max_error=5.551m (n=17)
[INFO] [1788720863.398352580] [vslam_compare]: gt=(-0.5, -0.04, 4.83) vslam=(5.6, 3.36, 4.05) error=7.026m max_error=7.026m (n=18)
[INFO] [1788720864.398473108] [vslam_compare]: gt=(-0.51, -0.36, 4.95) vslam=(10.03, 4.78, 5.3) error=11.731m max_error=11.731m (n=19)
[INFO] [1788720865.398689573] [vslam_compare]: gt=(-0.34, -0.45, 4.98) vslam=(10.14, 5.12, 5.31) error=11.874m max_error=11.874m (n=20)
[INFO] [1788720866.398633171] [vslam_compare]: gt=(-0.16, -0.37, 5.0) vslam=(10.0, 5.29, 5.27) error=11.633m max_error=11.874m (n=21)
[INFO] [1788720867.398497397] [vslam_compare]: gt=(-0.03, -0.22, 5.02) vslam=(11.03, 5.03, 5.56) error=12.264m max_error=12.264m (n=22)
[INFO] [1788720868.398379652] [vslam_compare]: gt=(-0.06, -0.21, 5.05) vslam=(11.13, 5.02, 5.6) error=12.368m max_error=12.368m (n=23)
[INFO] [1788720869.398865100] [vslam_compare]: gt=(-0.39, -0.02, 5.02) vslam=(10.75, 5.23, 5.55) error=12.326m max_error=12.368m (n=24)
[INFO] [1788720870.398413821] [vslam_compare]: gt=(-0.58, 0.59, 5.07) vslam=(11.05, 4.37, 5.82) error=12.252m max_error=12.368m (n=25)
[INFO] [1788720871.398530798] [vslam_compare]: gt=(-0.76, 1.37, 5.09) vslam=(12.29, 4.34, 6.29) error=13.437m max_error=13.437m (n=26)
[INFO] [1788720872.398862887] [vslam_compare]: gt=(-1.17, 2.0, 5.12) vslam=(12.77, 4.62, 6.61) error=14.262m max_error=14.262m (n=27)
[INFO] [1788720873.398436634] [vslam_compare]: gt=(-1.4, 2.6, 5.12) vslam=(14.61, 2.88, 7.48) error=16.184m max_error=16.184m (n=28)
[INFO] [1788720874.398333516] [vslam_compare]: gt=(-1.61, 3.17, 5.02) vslam=(16.28, 2.41, 7.97) error=18.148m max_error=18.148m (n=29)
[INFO] [1788720875.398454937] [vslam_compare]: gt=(-1.61, 3.47, 5.01) vslam=(17.19, 2.28, 8.11) error=19.089m max_error=19.089m (n=30)
[INFO] [1788720876.398913219] [vslam_compare]: gt=(-1.3, 3.74, 4.99) vslam=(18.04, 2.61, 8.13) error=19.626m max_error=19.626m (n=31)
[INFO] [1788720877.398392424] [vslam_compare]: gt=(-0.11, 3.92, 5.09) vslam=(17.4, 4.53, 7.93) error=17.751m max_error=19.626m (n=32)
[INFO] [1788720878.398596950] [vslam_compare]: gt=(0.92, 4.19, 5.1) vslam=(18.0, 4.25, 8.21) error=17.367m max_error=19.626m (n=33)
[INFO] [1788720879.398563154] [vslam_compare]: gt=(1.38, 4.79, 5.07) vslam=(17.72, 4.03, 8.4) error=16.686m max_error=19.626m (n=34)
[INFO] [1788720880.398522852] [vslam_compare]: gt=(1.48, 5.27, 4.92) vslam=(17.83, 3.62, 8.64) error=16.846m max_error=19.626m (n=35)
Traceback (most recent call last):
  File "/workspaces/isaac_ros-dev/ros2_ws/install/px4_vslam_bridge/lib/python3.10/site-packages/px4_vslam_bridge/vslam_compare.py", line 194, in main
    rclpy.spin(node)
  File "/opt/ros/humble/local/lib/python3.10/dist-packages/rclpy/__init__.py", line 229, in spin
    executor.spin_once()
  File "/opt/ros/humble/local/lib/python3.10/dist-packages/rclpy/executors.py", line 808, in spin_once
    self._spin_once_impl(timeout_sec)
  File "/opt/ros/humble/local/lib/python3.10/dist-packages/rclpy/executors.py", line 797, in _spin_once_impl
    handler, entity, node = self.wait_for_ready_callbacks(timeout_sec=timeout_sec)
  File "/opt/ros/humble/local/lib/python3.10/dist-packages/rclpy/executors.py", line 780, in wait_for_ready_callbacks
    return next(self._cb_iter)
  File "/opt/ros/humble/local/lib/python3.10/dist-packages/rclpy/executors.py", line 681, in _wait_for_ready_callbacks
    raise ExternalShutdownException()
rclpy.executors.ExternalShutdownException

During handling of the above exception, another exception occurred:

Traceback (most recent call last):
  File "/workspaces/isaac_ros-dev/ros2_ws/install/px4_vslam_bridge/lib/px4_vslam_bridge/vslam_compare", line 33, in <module>
    sys.exit(load_entry_point('px4-vslam-bridge==0.1.0', 'console_scripts', 'vslam_compare')())
  File "/workspaces/isaac_ros-dev/ros2_ws/install/px4_vslam_bridge/lib/python3.10/site-packages/px4_vslam_bridge/vslam_compare.py", line 199, in main
    rclpy.shutdown()
  File "/opt/ros/humble/local/lib/python3.10/dist-packages/rclpy/__init__.py", line 130, in shutdown
    _shutdown(context=context)
  File "/opt/ros/humble/local/lib/python3.10/dist-packages/rclpy/utilities.py", line 58, in shutdown
    return context.shutdown()
  File "/opt/ros/humble/local/lib/python3.10/dist-packages/rclpy/context.py", line 102, in shutdown
    self.__context.shutdown()
rclpy._rclpy_pybind11.RCLError: failed to shutdown: rcl_shutdown already called on the given context, at ./src/rcl/init.c:241
