[INFO] [1788709586.034159590] [visual_odometry_bridge]: visual_odometry_bridge ready: /visual_slam/tracking/odometry -> /fmu/in/vehicle_visual_odometry
[INFO] [1788709591.039232700] [visual_odometry_bridge]: published 100 vehicle_visual_odometry samples (last NED pos=(0.00,0.00,-0.00))
[WARN] [1788709595.512048966] [visual_odometry_bridge]: Rejected cuVSLAM update: implied speed 96.7 m/s (jumped 3.48m in 36ms) -- holding last known-good position, not forwarding to EKF2. (1 rejected total)
[WARN] [1788709596.546844281] [visual_odometry_bridge]: Rejected cuVSLAM update: implied speed 23.4 m/s (jumped 16.29m in 696ms) -- holding last known-good position, not forwarding to EKF2. (21 rejected total)
[WARN] [1788709597.567221368] [visual_odometry_bridge]: Rejected cuVSLAM update: implied speed 12.0 m/s (jumped 16.26m in 1356ms) -- holding last known-good position, not forwarding to EKF2. (41 rejected total)
[WARN] [1788709598.581835509] [visual_odometry_bridge]: Rejected cuVSLAM update: implied speed 8.0 m/s (jumped 16.23m in 2016ms) -- holding last known-good position, not forwarding to EKF2. (61 rejected total)
[INFO] [1788709599.168428150] [visual_odometry_bridge]: published 200 vehicle_visual_odometry samples (last NED pos=(-1.63,-16.06,1.20))
[WARN] [1788709599.635058076] [visual_odometry_bridge]: Rejected cuVSLAM update: implied speed 35.1 m/s (jumped 1.12m in 32ms) -- holding last known-good position, not forwarding to EKF2. (62 rejected total)
[WARN] [1788709600.678121879] [visual_odometry_bridge]: Rejected cuVSLAM update: implied speed 47.0 m/s (jumped 28.04m in 596ms) -- holding last known-good position, not forwarding to EKF2. (80 rejected total)
[WARN] [1788709601.701689071] [visual_odometry_bridge]: Rejected cuVSLAM update: implied speed 23.2 m/s (jumped 29.17m in 1256ms) -- holding last known-good position, not forwarding to EKF2. (100 rejected total)
[WARN] [1788709602.721458150] [visual_odometry_bridge]: Rejected cuVSLAM update: implied speed 16.1 m/s (jumped 30.87m in 1916ms) -- holding last known-good position, not forwarding to EKF2. (120 rejected total)
[WARN] [1788709603.730836524] [visual_odometry_bridge]: Rejected cuVSLAM update: implied speed 12.3 m/s (jumped 31.61m in 2576ms) -- holding last known-good position, not forwarding to EKF2. (140 rejected total)
[WARN] [1788709604.743904798] [visual_odometry_bridge]: Rejected cuVSLAM update: implied speed 9.8 m/s (jumped 31.68m in 3236ms) -- holding last known-good position, not forwarding to EKF2. (160 rejected total)
[WARN] [1788709605.779555614] [visual_odometry_bridge]: Rejected cuVSLAM update: implied speed 8.1 m/s (jumped 31.70m in 3896ms) -- holding last known-good position, not forwarding to EKF2. (180 rejected total)
[WARN] [1788709609.053591219] [visual_odometry_bridge]: Rejected cuVSLAM update: implied speed 27.3 m/s (jumped 0.87m in 32ms) -- holding last known-good position, not forwarding to EKF2. (183 rejected total)
[WARN] [1788709610.066081563] [visual_odometry_bridge]: Rejected cuVSLAM update: implied speed 8.1 m/s (jumped 2.70m in 332ms) -- holding last known-good position, not forwarding to EKF2. (195 rejected total)
[INFO] [1788709611.244894435] [visual_odometry_bridge]: published 300 vehicle_visual_odometry samples (last NED pos=(-11.76,13.71,14.19))
[WARN] [1788709611.449327064] [visual_odometry_bridge]: Rejected cuVSLAM update: implied speed 13.5 m/s (jumped 0.43m in 32ms) -- holding last known-good position, not forwarding to EKF2. (196 rejected total)
[WARN] [1788709614.039394266] [visual_odometry_bridge]: Rejected cuVSLAM update: implied speed 13.3 m/s (jumped 0.42m in 32ms) -- holding last known-good position, not forwarding to EKF2. (204 rejected total)
[WARN] [1788709616.238978543] [visual_odometry_bridge]: Rejected cuVSLAM update: implied speed 10.1 m/s (jumped 0.32m in 32ms) -- holding last known-good position, not forwarding to EKF2. (208 rejected total)
[INFO] [1788709617.116962232] [visual_odometry_bridge]: published 400 vehicle_visual_odometry samples (last NED pos=(-13.96,14.72,13.48))
[WARN] [1788709618.836937687] [visual_odometry_bridge]: Rejected cuVSLAM update: implied speed 49.6 m/s (jumped 1.59m in 32ms) -- holding last known-good position, not forwarding to EKF2. (209 rejected total)
Traceback (most recent call last):
  File "/workspaces/isaac_ros-dev/ros2_ws/install/px4_vslam_bridge/lib/python3.10/site-packages/px4_vslam_bridge/visual_odometry_bridge.py", line 160, in main
    rclpy.spin(node)
  File "/opt/ros/humble/local/lib/python3.10/dist-packages/rclpy/__init__.py", line 229, in spin
    executor.spin_once()
  File "/opt/ros/humble/local/lib/python3.10/dist-packages/rclpy/executors.py", line 808, in spin_once
    self._spin_once_impl(timeout_sec)
  File "/opt/ros/humble/local/lib/python3.10/dist-packages/rclpy/executors.py", line 797, in _spin_once_impl
    handler, entity, node = self.wait_for_ready_callbacks(timeout_sec=timeout_sec)
  File "/opt/ros/humble/local/lib/python3.10/dist-packages/rclpy/executors.py", line 780, in wait_for_ready_callbacks
    return next(self._cb_iter)
  File "/opt/ros/humble/local/lib/python3.10/dist-packages/rclpy/executors.py", line 681, in _wait_for_ready_callbacks
    raise ExternalShutdownException()
rclpy.executors.ExternalShutdownException

During handling of the above exception, another exception occurred:

Traceback (most recent call last):
  File "/workspaces/isaac_ros-dev/ros2_ws/install/px4_vslam_bridge/lib/px4_vslam_bridge/visual_odometry_bridge", line 33, in <module>
    sys.exit(load_entry_point('px4-vslam-bridge==0.1.0', 'console_scripts', 'visual_odometry_bridge')())
  File "/workspaces/isaac_ros-dev/ros2_ws/install/px4_vslam_bridge/lib/python3.10/site-packages/px4_vslam_bridge/visual_odometry_bridge.py", line 165, in main
    rclpy.shutdown()
  File "/opt/ros/humble/local/lib/python3.10/dist-packages/rclpy/__init__.py", line 130, in shutdown
    _shutdown(context=context)
  File "/opt/ros/humble/local/lib/python3.10/dist-packages/rclpy/utilities.py", line 58, in shutdown
    return context.shutdown()
  File "/opt/ros/humble/local/lib/python3.10/dist-packages/rclpy/context.py", line 102, in shutdown
    self.__context.shutdown()
rclpy._rclpy_pybind11.RCLError: failed to shutdown: rcl_shutdown already called on the given context, at ./src/rcl/init.c:241
