[INFO] [1788751593.630523958] [visual_odometry_bridge]: visual_odometry_bridge ready: /visual_slam/tracking/odometry -> /fmu/in/vehicle_visual_odometry
[INFO] [1788751600.317827211] [visual_odometry_bridge]: published 100 vehicle_visual_odometry samples (last NED pos=(0.00,0.00,-0.00))
[INFO] [1788751610.065790941] [visual_odometry_bridge]: published 300 vehicle_visual_odometry samples (last NED pos=(-0.25,-0.12,-1.04))
[WARN] [1788751616.616150393] [visual_odometry_bridge]: Rejected cuVSLAM update: implied speed 35.7 m/s (jumped 1.14m in 32ms) -- holding last known-good position, not forwarding to EKF2. (1 rejected total)
[WARN] [1788751618.576576901] [visual_odometry_bridge]: Rejected cuVSLAM update: implied speed 12.1 m/s (jumped 0.39m in 32ms) -- holding last known-good position, not forwarding to EKF2. (6 rejected total)
[WARN] [1788751619.587266116] [visual_odometry_bridge]: Rejected cuVSLAM update: implied speed 11.1 m/s (jumped 0.71m in 64ms) -- holding last known-good position, not forwarding to EKF2. (10 rejected total)
[INFO] [1788751620.417029768] [visual_odometry_bridge]: published 500 vehicle_visual_odometry samples (last NED pos=(-4.25,1.34,-3.37))
[WARN] [1788751623.408013407] [visual_odometry_bridge]: Rejected cuVSLAM update: implied speed 12.1 m/s (jumped 0.39m in 32ms) -- holding last known-good position, not forwarding to EKF2. (12 rejected total)
[WARN] [1788751624.846649574] [visual_odometry_bridge]: Rejected cuVSLAM update: implied speed 12.5 m/s (jumped 0.40m in 32ms) -- holding last known-good position, not forwarding to EKF2. (13 rejected total)
[INFO] [1788751625.986783482] [visual_odometry_bridge]: published 600 vehicle_visual_odometry samples (last NED pos=(-8.44,0.07,-3.81))
[WARN] [1788751628.503992244] [visual_odometry_bridge]: Rejected cuVSLAM update: implied speed 23.2 m/s (jumped 0.74m in 32ms) -- holding last known-good position, not forwarding to EKF2. (25 rejected total)
[WARN] [1788751629.825094822] [visual_odometry_bridge]: Rejected cuVSLAM update: implied speed 37.7 m/s (jumped 1.36m in 36ms) -- holding last known-good position, not forwarding to EKF2. (28 rejected total)
[WARN] [1788751631.098035039] [visual_odometry_bridge]: Rejected cuVSLAM update: implied speed 28.7 m/s (jumped 0.92m in 32ms) -- holding last known-good position, not forwarding to EKF2. (41 rejected total)
[INFO] [1788751631.876643405] [visual_odometry_bridge]: published 700 vehicle_visual_odometry samples (last NED pos=(-16.21,-2.71,-5.32))
[WARN] [1788751635.807549243] [visual_odometry_bridge]: Rejected cuVSLAM update: implied speed 34.6 m/s (jumped 1.11m in 32ms) -- holding last known-good position, not forwarding to EKF2. (46 rejected total)
[INFO] [1788751637.221327379] [visual_odometry_bridge]: published 800 vehicle_visual_odometry samples (last NED pos=(-19.17,-2.56,-6.29))
[WARN] [1788751637.717617718] [visual_odometry_bridge]: Rejected cuVSLAM update: implied speed 13.7 m/s (jumped 0.44m in 32ms) -- holding last known-good position, not forwarding to EKF2. (55 rejected total)
[INFO] [1788751642.304247772] [visual_odometry_bridge]: published 900 vehicle_visual_odometry samples (last NED pos=(-20.23,-1.93,-6.18))
[WARN] [1788751643.131799582] [visual_odometry_bridge]: Rejected cuVSLAM update: implied speed 28.6 m/s (jumped 0.92m in 32ms) -- holding last known-good position, not forwarding to EKF2. (58 rejected total)
[INFO] [1788751647.392201164] [visual_odometry_bridge]: published 1000 vehicle_visual_odometry samples (last NED pos=(-21.97,-1.26,-6.52))
Traceback (most recent call last):
  File "/workspaces/isaac_ros-dev/ros2_ws/install/px4_vslam_bridge/lib/python3.10/site-packages/px4_vslam_bridge/visual_odometry_bridge.py", line 160, in main
    rclpy.spin(node)
  File "/opt/ros/humble/local/lib/python3.10/dist-packages/rclpy/__init__.py", line 229, in spin
    executor.spin_once()
  File "/opt/ros/humble/local/lib/python3.10/dist-packages/rclpy/executors.py", line 808, in spin_once
    self._spin_once_impl(timeout_sec)
  File "/opt/ros/humble/local/lib/python3.10/dist-packages/rclpy/executors.py", line 797, in _spin_once_impl
    handler, entity, node = self.wait_for_ready_callbacks(timeout_sec=timeout_sec)
  File "/opt/ros/humble/local/lib/python3.10/dist-packages/rclpy/executors.py", line 780, in wait_for_ready_callbacks
    return next(self._cb_iter)
  File "/opt/ros/humble/local/lib/python3.10/dist-packages/rclpy/executors.py", line 681, in _wait_for_ready_callbacks
    raise ExternalShutdownException()
rclpy.executors.ExternalShutdownException

During handling of the above exception, another exception occurred:

Traceback (most recent call last):
  File "/workspaces/isaac_ros-dev/ros2_ws/install/px4_vslam_bridge/lib/px4_vslam_bridge/visual_odometry_bridge", line 33, in <module>
    sys.exit(load_entry_point('px4-vslam-bridge==0.1.0', 'console_scripts', 'visual_odometry_bridge')())
  File "/workspaces/isaac_ros-dev/ros2_ws/install/px4_vslam_bridge/lib/python3.10/site-packages/px4_vslam_bridge/visual_odometry_bridge.py", line 165, in main
    rclpy.shutdown()
  File "/opt/ros/humble/local/lib/python3.10/dist-packages/rclpy/__init__.py", line 130, in shutdown
    _shutdown(context=context)
  File "/opt/ros/humble/local/lib/python3.10/dist-packages/rclpy/utilities.py", line 58, in shutdown
    return context.shutdown()
  File "/opt/ros/humble/local/lib/python3.10/dist-packages/rclpy/context.py", line 102, in shutdown
    self.__context.shutdown()
rclpy._rclpy_pybind11.RCLError: failed to shutdown: rcl_shutdown already called on the given context, at ./src/rcl/init.c:241
