[INFO] [1788530132.925870994] [vslam_compare]: vslam_compare: logging per-message CSV to /workspaces/isaac_ros-dev/results/feasibility_gate/mini_dose_high_r3/vslam_compare.csv (exp_id='mini_dose_high_r3')
[INFO] [1788530132.944342415] [vslam_compare]: vslam_compare ready -- watching /visual_slam/tracking/odometry vs /ground_truth/odom
[WARN] [1788530133.944587246] [vslam_compare]: No /ground_truth/odom data yet.
[INFO] [1788530134.388993941] [vslam_compare]: cuVSLAM origin set: (0.0, 0.0, 0.0) -- tracking initialized
[INFO] [1788530135.216365548] [vslam_compare]: Ground truth origin set: (-0.028709454461932182, 0.026529720053076744, 0.07236175239086151)
[INFO] [1788530135.944461739] [vslam_compare]: gt=(-0.01, -0.01, -0.01) vslam=(0.0, 0.0, 0.0) error=0.018m max_error=0.018m (n=1)
[INFO] [1788530136.944755730] [vslam_compare]: gt=(-0.01, -0.01, -0.01) vslam=(0.0, 0.0, 0.0) error=0.010m max_error=0.018m (n=2)
[INFO] [1788530137.944687548] [vslam_compare]: gt=(-0.0, 0.02, -0.0) vslam=(0.0, 0.0, 0.0) error=0.016m max_error=0.018m (n=3)
[INFO] [1788530138.944722898] [vslam_compare]: gt=(-0.02, 0.04, -0.0) vslam=(0.0, 0.0, 0.0) error=0.039m max_error=0.039m (n=4)
[INFO] [1788530139.945042666] [vslam_compare]: gt=(-0.01, 0.04, 0.01) vslam=(0.0, 0.0, 0.0) error=0.039m max_error=0.039m (n=5)
[INFO] [1788530140.944746518] [vslam_compare]: gt=(0.01, 0.03, 0.01) vslam=(0.0, 0.0, 0.0) error=0.033m max_error=0.039m (n=6)
[INFO] [1788530141.944700170] [vslam_compare]: gt=(0.01, 0.03, -0.0) vslam=(0.0, 0.0, 0.0) error=0.027m max_error=0.039m (n=7)
[INFO] [1788530142.944686101] [vslam_compare]: gt=(-0.01, 0.03, 0.0) vslam=(0.0, 0.0, 0.0) error=0.027m max_error=0.039m (n=8)
[INFO] [1788530143.944711586] [vslam_compare]: gt=(0.02, 0.02, 0.01) vslam=(0.0, -0.02, 0.0) error=0.048m max_error=0.048m (n=9)
[INFO] [1788530144.944765232] [vslam_compare]: gt=(0.12, 0.05, 0.11) vslam=(0.2, -0.07, 0.06) error=0.147m max_error=0.147m (n=10)
[INFO] [1788530145.944589189] [vslam_compare]: gt=(0.06, 0.01, 1.31) vslam=(0.18, -0.09, 1.0) error=0.355m max_error=0.355m (n=11)
[INFO] [1788530146.944656534] [vslam_compare]: gt=(-0.05, -0.08, 3.04) vslam=(0.09, -0.19, 2.64) error=0.429m max_error=0.429m (n=12)
[INFO] [1788530147.944756190] [vslam_compare]: gt=(-0.07, -0.07, 3.91) vslam=(-0.06, -0.22, 3.62) error=0.330m max_error=0.429m (n=13)
[INFO] [1788530148.944666488] [vslam_compare]: gt=(-0.06, 0.03, 4.3) vslam=(-0.08, -0.13, 4.15) error=0.224m max_error=0.429m (n=14)
[INFO] [1788530149.944857041] [vslam_compare]: gt=(-0.05, 0.08, 4.54) vslam=(-0.07, -0.08, 4.43) error=0.199m max_error=0.429m (n=15)
[INFO] [1788530150.944681410] [vslam_compare]: gt=(-0.03, 0.07, 4.68) vslam=(-0.04, -0.09, 4.6) error=0.186m max_error=0.429m (n=16)
[INFO] [1788530151.944618646] [vslam_compare]: gt=(0.01, 0.08, 4.66) vslam=(-0.03, -0.14, 4.62) error=0.220m max_error=0.429m (n=17)
[INFO] [1788530152.944732647] [vslam_compare]: gt=(0.05, 0.12, 4.54) vslam=(0.19, -0.22, 4.46) error=0.372m max_error=0.429m (n=18)
[INFO] [1788530153.944702184] [vslam_compare]: gt=(-0.08, 0.2, 4.34) vslam=(0.49, -0.32, 4.43) error=0.769m max_error=0.769m (n=19)
[INFO] [1788530154.944541898] [vslam_compare]: gt=(-0.11, 0.51, 4.4) vslam=(0.64, -0.15, 4.26) error=1.016m max_error=1.016m (n=20)
[INFO] [1788530155.944615003] [vslam_compare]: gt=(-0.11, 1.05, 4.5) vslam=(0.94, 0.14, 3.87) error=1.526m max_error=1.526m (n=21)
[INFO] [1788530156.944799113] [vslam_compare]: gt=(-0.33, 1.71, 4.59) vslam=(1.13, 0.72, 3.45) error=2.092m max_error=2.092m (n=22)
[INFO] [1788530157.944720762] [vslam_compare]: gt=(-0.45, 2.1, 4.59) vslam=(1.25, 1.34, 3.28) error=2.280m max_error=2.280m (n=23)
[INFO] [1788530158.944783037] [vslam_compare]: gt=(-0.02, 1.05, 4.28) vslam=(-2.04, -0.96, 3.2) error=3.046m max_error=3.046m (n=24)
[INFO] [1788530159.944534154] [vslam_compare]: gt=(1.53, -0.31, 3.51) vslam=(-2.04, -3.94, 5.2) error=5.360m max_error=5.360m (n=25)
[INFO] [1788530160.944725672] [vslam_compare]: gt=(1.23, -0.69, 2.61) vslam=(0.49, -1.59, 4.64) error=2.342m max_error=5.360m (n=26)
[INFO] [1788530161.944691006] [vslam_compare]: gt=(-0.62, 0.49, 1.35) vslam=(-2.03, -0.65, 7.58) error=6.490m max_error=6.490m (n=27)
[INFO] [1788530162.944748138] [vslam_compare]: gt=(-1.03, 1.93, -1.7) vslam=(-3.32, -0.92, 6.5) error=8.971m max_error=8.971m (n=28)
[INFO] [1788530163.944703678] [vslam_compare]: gt=(-0.7, 4.17, 0.01) vslam=(-1.57, 0.4, 7.26) error=8.217m max_error=8.971m (n=29)
[INFO] [1788530164.944643710] [vslam_compare]: gt=(-0.77, 5.62, -0.12) vslam=(-1.02, 1.29, 7.59) error=8.845m max_error=8.971m (n=30)
[INFO] [1788530165.944791856] [vslam_compare]: gt=(0.25, 5.96, -0.01) vslam=(-0.72, 1.51, 7.28) error=8.594m max_error=8.971m (n=31)
[INFO] [1788530166.944653719] [vslam_compare]: gt=(1.64, 5.49, -0.17) vslam=(-3.21, -8.21, -3.49) error=14.902m max_error=14.902m (n=32)
[INFO] [1788530167.944735841] [vslam_compare]: gt=(1.19, 4.94, -0.04) vslam=(-2.53, -8.98, -1.73) error=14.509m max_error=14.902m (n=33)
[INFO] [1788530168.944779450] [vslam_compare]: gt=(0.41, 4.51, -0.29) vslam=(-2.73, -6.2, -3.85) error=11.714m max_error=14.902m (n=34)
[INFO] [1788530169.944698644] [vslam_compare]: gt=(0.03, 4.18, -0.36) vslam=(-2.45, -5.31, -4.05) error=10.477m max_error=14.902m (n=35)
[INFO] [1788530170.944954083] [vslam_compare]: gt=(-0.54, 3.88, -0.3) vslam=(-4.54, -3.38, -5.24) error=9.644m max_error=14.902m (n=36)
[INFO] [1788530171.944642885] [vslam_compare]: gt=(-0.31, 4.5, 0.16) vslam=(-4.45, -2.76, -5.63) error=10.171m max_error=14.902m (n=37)
[INFO] [1788530172.944577070] [vslam_compare]: gt=(-0.39, 4.4, 0.03) vslam=(-6.59, -5.11, -4.54) error=12.239m max_error=14.902m (n=38)
[INFO] [1788530173.944720734] [vslam_compare]: gt=(-0.37, 4.3, -0.15) vslam=(-7.62, -6.61, -4.54) error=13.820m max_error=14.902m (n=39)
Traceback (most recent call last):
  File "/workspaces/isaac_ros-dev/ros2_ws/install/px4_vslam_bridge/lib/python3.10/site-packages/px4_vslam_bridge/vslam_compare.py", line 194, in main
    rclpy.spin(node)
  File "/opt/ros/humble/local/lib/python3.10/dist-packages/rclpy/__init__.py", line 229, in spin
    executor.spin_once()
  File "/opt/ros/humble/local/lib/python3.10/dist-packages/rclpy/executors.py", line 808, in spin_once
    self._spin_once_impl(timeout_sec)
  File "/opt/ros/humble/local/lib/python3.10/dist-packages/rclpy/executors.py", line 797, in _spin_once_impl
    handler, entity, node = self.wait_for_ready_callbacks(timeout_sec=timeout_sec)
  File "/opt/ros/humble/local/lib/python3.10/dist-packages/rclpy/executors.py", line 780, in wait_for_ready_callbacks
    return next(self._cb_iter)
  File "/opt/ros/humble/local/lib/python3.10/dist-packages/rclpy/executors.py", line 653, in _wait_for_ready_callbacks
    wait_set = _rclpy.WaitSet(
rclpy._rclpy_pybind11.RCLError: failed to initialize wait set: the given context is not valid, either rcl_init() was not called or rcl_shutdown() was called., at ./src/rcl/wait.c:130

During handling of the above exception, another exception occurred:

Traceback (most recent call last):
  File "/workspaces/isaac_ros-dev/ros2_ws/install/px4_vslam_bridge/lib/px4_vslam_bridge/vslam_compare", line 33, in <module>
    sys.exit(load_entry_point('px4-vslam-bridge==0.1.0', 'console_scripts', 'vslam_compare')())
  File "/workspaces/isaac_ros-dev/ros2_ws/install/px4_vslam_bridge/lib/python3.10/site-packages/px4_vslam_bridge/vslam_compare.py", line 199, in main
    rclpy.shutdown()
  File "/opt/ros/humble/local/lib/python3.10/dist-packages/rclpy/__init__.py", line 130, in shutdown
    _shutdown(context=context)
  File "/opt/ros/humble/local/lib/python3.10/dist-packages/rclpy/utilities.py", line 58, in shutdown
    return context.shutdown()
  File "/opt/ros/humble/local/lib/python3.10/dist-packages/rclpy/context.py", line 102, in shutdown
    self.__context.shutdown()
rclpy._rclpy_pybind11.RCLError: failed to shutdown: rcl_shutdown already called on the given context, at ./src/rcl/init.c:241
