[INFO] [1788751180.656700499] [reactive_esdf_avoidance]: reactive_esdf_avoidance ready -- climb to (0.0, 0.0, -5.0) NED, then reactively fly to goal (7.0, 0.0, 5.0) ENU
[INFO] [1788751180.657119549] [reactive_esdf_avoidance]: >>> Press ENTER to arm and fly (or set OFFBOARD_AUTO_START=1) <<<
[INFO] [1788751183.425557512] [reactive_esdf_avoidance]: OFFBOARD + ARMED confirmed -- climbing.
[INFO] [1788751183.625631333] [reactive_esdf_avoidance]: [CLIMBING] pos_ned=(-0.04,-0.01,0.02) dist=5.02m
[INFO] [1788751184.625685289] [reactive_esdf_avoidance]: [CLIMBING] pos_ned=(-0.04,-0.02,0.01) dist=5.01m
[INFO] [1788751185.625693397] [reactive_esdf_avoidance]: [CLIMBING] pos_ned=(-0.03,-0.01,0.01) dist=5.01m
[INFO] [1788751186.626469649] [reactive_esdf_avoidance]: [CLIMBING] pos_ned=(-0.03,-0.01,0.02) dist=5.02m
[INFO] [1788751187.625963612] [reactive_esdf_avoidance]: [CLIMBING] pos_ned=(-0.02,0.05,0.02) dist=5.02m
[INFO] [1788751188.625717670] [reactive_esdf_avoidance]: [CLIMBING] pos_ned=(-0.05,0.07,0.02) dist=5.02m
[INFO] [1788751189.625877561] [reactive_esdf_avoidance]: [CLIMBING] pos_ned=(-0.08,0.01,-0.16) dist=4.84m
[INFO] [1788751190.626060263] [reactive_esdf_avoidance]: [CLIMBING] pos_ned=(-0.22,-0.35,-1.44) dist=3.58m
[INFO] [1788751191.625913956] [reactive_esdf_avoidance]: [CLIMBING] pos_ned=(-0.28,-0.25,-2.92) dist=2.12m
[INFO] [1788751192.626084122] [reactive_esdf_avoidance]: [CLIMBING] pos_ned=(-0.13,-0.13,-3.68) dist=1.33m
[INFO] [1788751193.625880251] [reactive_esdf_avoidance]: [CLIMBING] pos_ned=(-0.02,-0.05,-4.12) dist=0.88m
[INFO] [1788751194.625786390] [reactive_esdf_avoidance]: [CLIMBING] pos_ned=(0.03,0.03,-4.45) dist=0.55m
[INFO] [1788751195.625780965] [reactive_esdf_avoidance]: [CLIMBING] pos_ned=(0.07,0.08,-4.66) dist=0.35m
[INFO] [1788751196.026464329] [reactive_esdf_avoidance]: Climb complete (dist=0.29m) -- starting reactive avoidance.
[INFO] [1788751196.625621574] [reactive_esdf_avoidance]: [REACTIVE NAV] pos_enu=(0.10,0.08,4.80) goal_dist=6.91m nearest_obstacle=0.15m
[INFO] [1788751197.625870832] [reactive_esdf_avoidance]: [REACTIVE NAV] pos_enu=(0.21,0.05,4.89) goal_dist=6.79m nearest_obstacle=0.15m
[INFO] [1788751198.626724722] [reactive_esdf_avoidance]: [REACTIVE NAV] pos_enu=(0.38,-0.02,5.01) goal_dist=6.62m nearest_obstacle=0.29m
[INFO] [1788751199.625799354] [reactive_esdf_avoidance]: [REACTIVE NAV] pos_enu=(0.54,-0.09,5.13) goal_dist=6.47m nearest_obstacle=0.46m
[INFO] [1788751200.625822745] [reactive_esdf_avoidance]: [REACTIVE NAV] pos_enu=(0.67,-0.18,5.22) goal_dist=6.33m nearest_obstacle=0.14m
[INFO] [1788751201.625844461] [reactive_esdf_avoidance]: [REACTIVE NAV] pos_enu=(0.64,-0.33,5.28) goal_dist=6.38m nearest_obstacle=0.18m
[INFO] [1788751202.625627099] [reactive_esdf_avoidance]: [REACTIVE NAV] pos_enu=(0.56,-0.50,5.34) goal_dist=6.47m nearest_obstacle=0.40m
[INFO] [1788751203.625852320] [reactive_esdf_avoidance]: [REACTIVE NAV] pos_enu=(0.47,-0.68,5.41) goal_dist=6.58m nearest_obstacle=0.60m
[INFO] [1788751204.625424222] [reactive_esdf_avoidance]: [REACTIVE NAV] pos_enu=(0.38,-0.86,5.48) goal_dist=6.69m nearest_obstacle=0.83m
[INFO] [1788751205.625814705] [reactive_esdf_avoidance]: [REACTIVE NAV] pos_enu=(0.32,-1.04,5.52) goal_dist=6.78m nearest_obstacle=1.03m
[INFO] [1788751206.625663010] [reactive_esdf_avoidance]: [REACTIVE NAV] pos_enu=(0.30,-1.20,5.57) goal_dist=6.83m nearest_obstacle=1.16m
[INFO] [1788751207.625948088] [reactive_esdf_avoidance]: [REACTIVE NAV] pos_enu=(0.28,-1.37,5.56) goal_dist=6.88m nearest_obstacle=1.34m
[INFO] [1788751208.625650611] [reactive_esdf_avoidance]: [REACTIVE NAV] pos_enu=(0.31,-1.53,5.62) goal_dist=6.89m nearest_obstacle=1.50m
[INFO] [1788751209.626011730] [reactive_esdf_avoidance]: [REACTIVE NAV] pos_enu=(0.38,-1.65,5.62) goal_dist=6.85m nearest_obstacle=1.62m
[INFO] [1788751210.625870538] [reactive_esdf_avoidance]: [REACTIVE NAV] pos_enu=(0.47,-1.76,5.67) goal_dist=6.80m nearest_obstacle=1.71m
[INFO] [1788751211.626062280] [reactive_esdf_avoidance]: [REACTIVE NAV] pos_enu=(0.58,-1.85,5.70) goal_dist=6.72m nearest_obstacle=1.80m
[INFO] [1788751212.625669223] [reactive_esdf_avoidance]: [REACTIVE NAV] pos_enu=(0.69,-1.93,5.72) goal_dist=6.64m nearest_obstacle=1.87m
[INFO] [1788751213.625747083] [reactive_esdf_avoidance]: [REACTIVE NAV] pos_enu=(0.82,-1.99,5.74) goal_dist=6.54m nearest_obstacle=1.91m
[INFO] [1788751214.625774174] [reactive_esdf_avoidance]: [REACTIVE NAV] pos_enu=(0.95,-2.04,5.75) goal_dist=6.43m nearest_obstacle=1.96m
[INFO] [1788751215.625816502] [reactive_esdf_avoidance]: [REACTIVE NAV] pos_enu=(1.09,-2.09,5.77) goal_dist=6.32m nearest_obstacle=0.75m
[INFO] [1788751216.625627216] [reactive_esdf_avoidance]: [REACTIVE NAV] pos_enu=(1.13,-2.17,5.82) goal_dist=6.31m nearest_obstacle=0.57m
[INFO] [1788751217.626239538] [reactive_esdf_avoidance]: [REACTIVE NAV] pos_enu=(1.06,-2.35,5.84) goal_dist=6.45m nearest_obstacle=0.68m
[INFO] [1788751218.625515106] [reactive_esdf_avoidance]: [REACTIVE NAV] pos_enu=(0.97,-2.53,5.87) goal_dist=6.59m nearest_obstacle=0.75m
[INFO] [1788751219.625574438] [reactive_esdf_avoidance]: [REACTIVE NAV] pos_enu=(0.91,-2.71,5.93) goal_dist=6.73m nearest_obstacle=0.97m
[INFO] [1788751220.625991932] [reactive_esdf_avoidance]: [REACTIVE NAV] pos_enu=(0.87,-2.88,5.98) goal_dist=6.85m nearest_obstacle=0.00m
[INFO] [1788751221.625768761] [reactive_esdf_avoidance]: [REACTIVE NAV] pos_enu=(0.78,-3.05,6.02) goal_dist=7.00m nearest_obstacle=0.00m
[INFO] [1788751222.625723858] [reactive_esdf_avoidance]: [REACTIVE NAV] pos_enu=(0.69,-3.22,6.07) goal_dist=7.16m nearest_obstacle=0.00m
[INFO] [1788751223.625816856] [reactive_esdf_avoidance]: [REACTIVE NAV] pos_enu=(0.69,-3.38,6.11) goal_dist=7.25m nearest_obstacle=0.00m
[INFO] [1788751224.625659303] [reactive_esdf_avoidance]: [REACTIVE NAV] pos_enu=(0.76,-3.55,6.16) goal_dist=7.27m nearest_obstacle=0.00m
[INFO] [1788751225.625434770] [reactive_esdf_avoidance]: [REACTIVE NAV] pos_enu=(0.83,-3.72,6.19) goal_dist=7.30m nearest_obstacle=0.00m
[INFO] [1788751226.625568940] [reactive_esdf_avoidance]: [REACTIVE NAV] pos_enu=(0.91,-3.86,6.21) goal_dist=7.31m nearest_obstacle=0.00m
[INFO] [1788751227.625907648] [reactive_esdf_avoidance]: [REACTIVE NAV] pos_enu=(0.97,-3.92,6.22) goal_dist=7.30m nearest_obstacle=0.00m
[INFO] [1788751228.625495981] [reactive_esdf_avoidance]: [REACTIVE NAV] pos_enu=(0.98,-3.94,6.23) goal_dist=7.30m nearest_obstacle=0.00m
[INFO] [1788751229.625779530] [reactive_esdf_avoidance]: [REACTIVE NAV] pos_enu=(0.97,-3.94,6.23) goal_dist=7.31m nearest_obstacle=0.00m
[INFO] [1788751230.625435678] [reactive_esdf_avoidance]: [REACTIVE NAV] pos_enu=(0.97,-3.92,6.23) goal_dist=7.29m nearest_obstacle=0.00m
[INFO] [1788751231.625575367] [reactive_esdf_avoidance]: [REACTIVE NAV] pos_enu=(0.98,-3.90,6.23) goal_dist=7.27m nearest_obstacle=0.00m
[INFO] [1788751232.625732076] [reactive_esdf_avoidance]: [REACTIVE NAV] pos_enu=(0.99,-3.90,6.23) goal_dist=7.27m nearest_obstacle=0.00m
[INFO] [1788751233.625906317] [reactive_esdf_avoidance]: [REACTIVE NAV] pos_enu=(0.99,-3.89,6.23) goal_dist=7.26m nearest_obstacle=0.00m
[INFO] [1788751234.625452936] [reactive_esdf_avoidance]: [REACTIVE NAV] pos_enu=(1.00,-3.89,6.24) goal_dist=7.26m nearest_obstacle=0.00m
[INFO] [1788751235.625678881] [reactive_esdf_avoidance]: [REACTIVE NAV] pos_enu=(0.98,-3.90,6.24) goal_dist=7.28m nearest_obstacle=0.00m
[INFO] [1788751236.625524216] [reactive_esdf_avoidance]: [REACTIVE NAV] pos_enu=(0.97,-3.91,6.23) goal_dist=7.29m nearest_obstacle=0.00m
[INFO] [1788751237.625672608] [reactive_esdf_avoidance]: [REACTIVE NAV] pos_enu=(1.00,-3.94,6.24) goal_dist=7.28m nearest_obstacle=0.00m
[INFO] [1788751238.625615685] [reactive_esdf_avoidance]: [REACTIVE NAV] pos_enu=(1.03,-3.92,6.24) goal_dist=7.25m nearest_obstacle=0.00m
[INFO] [1788751239.625536397] [reactive_esdf_avoidance]: [REACTIVE NAV] pos_enu=(1.00,-3.90,6.24) goal_dist=7.26m nearest_obstacle=0.00m
Traceback (most recent call last):
  File "/workspaces/isaac_ros-dev/ros2_ws/install/px4_vslam_bridge/lib/python3.10/site-packages/px4_vslam_bridge/reactive_esdf_avoidance.py", line 393, in main
    rclpy.spin(node)
  File "/opt/ros/humble/local/lib/python3.10/dist-packages/rclpy/__init__.py", line 229, in spin
    executor.spin_once()
  File "/opt/ros/humble/local/lib/python3.10/dist-packages/rclpy/executors.py", line 808, in spin_once
    self._spin_once_impl(timeout_sec)
  File "/opt/ros/humble/local/lib/python3.10/dist-packages/rclpy/executors.py", line 797, in _spin_once_impl
    handler, entity, node = self.wait_for_ready_callbacks(timeout_sec=timeout_sec)
  File "/opt/ros/humble/local/lib/python3.10/dist-packages/rclpy/executors.py", line 780, in wait_for_ready_callbacks
    return next(self._cb_iter)
  File "/opt/ros/humble/local/lib/python3.10/dist-packages/rclpy/executors.py", line 681, in _wait_for_ready_callbacks
    raise ExternalShutdownException()
rclpy.executors.ExternalShutdownException

During handling of the above exception, another exception occurred:

Traceback (most recent call last):
  File "/workspaces/isaac_ros-dev/ros2_ws/install/px4_vslam_bridge/lib/px4_vslam_bridge/reactive_esdf_avoidance", line 33, in <module>
    sys.exit(load_entry_point('px4-vslam-bridge==0.1.0', 'console_scripts', 'reactive_esdf_avoidance')())
  File "/workspaces/isaac_ros-dev/ros2_ws/install/px4_vslam_bridge/lib/python3.10/site-packages/px4_vslam_bridge/reactive_esdf_avoidance.py", line 398, in main
    rclpy.shutdown()
  File "/opt/ros/humble/local/lib/python3.10/dist-packages/rclpy/__init__.py", line 130, in shutdown
    _shutdown(context=context)
  File "/opt/ros/humble/local/lib/python3.10/dist-packages/rclpy/utilities.py", line 58, in shutdown
    return context.shutdown()
  File "/opt/ros/humble/local/lib/python3.10/dist-packages/rclpy/context.py", line 102, in shutdown
    self.__context.shutdown()
rclpy._rclpy_pybind11.RCLError: failed to shutdown: rcl_shutdown already called on the given context, at ./src/rcl/init.c:241
