[INFO] [1788751178.102095737] [vslam_compare]: vslam_compare: logging per-message CSV to /workspaces/isaac_ros-dev/results/route2_probe/r2_2_L0_r18/vslam_compare.csv (exp_id='r2_2_L0_r18')
[INFO] [1788751178.119702756] [vslam_compare]: vslam_compare ready -- watching /visual_slam/tracking/odometry vs /ground_truth/odom
[WARN] [1788751179.119979952] [vslam_compare]: No /ground_truth/odom data yet.
[INFO] [1788751180.060019141] [vslam_compare]: cuVSLAM origin set: (0.0, 0.0, 0.0) -- tracking initialized
[INFO] [1788751180.077089866] [vslam_compare]: Ground truth origin set: (0.00013865018263459206, -0.040557533502578735, -0.03540898859500885)
[INFO] [1788751180.120028090] [vslam_compare]: gt=(0.0, 0.0, 0.0) vslam=(0.0, 0.0, 0.0) error=0.000m max_error=0.000m (n=1)
[INFO] [1788751181.119861696] [vslam_compare]: gt=(0.01, -0.0, 0.01) vslam=(0.0, 0.0, 0.0) error=0.010m max_error=0.010m (n=2)
[INFO] [1788751182.120252194] [vslam_compare]: gt=(0.01, -0.0, 0.01) vslam=(0.0, 0.0, 0.0) error=0.014m max_error=0.014m (n=3)
[INFO] [1788751183.120476844] [vslam_compare]: gt=(-0.0, -0.0, 0.02) vslam=(0.0, 0.0, 0.0) error=0.016m max_error=0.016m (n=4)
[INFO] [1788751184.119847733] [vslam_compare]: gt=(-0.01, 0.0, 0.02) vslam=(0.0, 0.0, 0.0) error=0.022m max_error=0.022m (n=5)
[INFO] [1788751185.120000131] [vslam_compare]: gt=(-0.01, 0.01, 0.02) vslam=(0.0, 0.0, 0.0) error=0.028m max_error=0.028m (n=6)
[INFO] [1788751186.120028161] [vslam_compare]: gt=(-0.02, 0.01, 0.02) vslam=(0.0, 0.0, 0.0) error=0.028m max_error=0.028m (n=7)
[INFO] [1788751187.120012506] [vslam_compare]: gt=(0.01, 0.02, 0.01) vslam=(-0.0, -0.01, 0.0) error=0.034m max_error=0.034m (n=8)
[INFO] [1788751188.119991509] [vslam_compare]: gt=(0.08, 0.01, 0.02) vslam=(0.05, -0.1, 0.02) error=0.118m max_error=0.118m (n=9)
[INFO] [1788751189.120015135] [vslam_compare]: gt=(0.07, -0.04, 0.03) vslam=(0.12, -0.09, -0.02) error=0.093m max_error=0.118m (n=10)
[INFO] [1788751190.119967394] [vslam_compare]: gt=(-0.2, -0.1, 0.7) vslam=(-0.07, -0.11, 0.45) error=0.281m max_error=0.281m (n=11)
[INFO] [1788751191.119958645] [vslam_compare]: gt=(-0.34, -0.24, 2.27) vslam=(-0.21, -0.26, 1.39) error=0.881m max_error=0.881m (n=12)
[INFO] [1788751192.120227665] [vslam_compare]: gt=(-0.18, -0.17, 3.39) vslam=(-0.17, -0.35, 2.24) error=1.168m max_error=1.168m (n=13)
[INFO] [1788751193.120083875] [vslam_compare]: gt=(-0.09, -0.02, 3.95) vslam=(-0.06, -0.35, 2.81) error=1.183m max_error=1.183m (n=14)
[INFO] [1788751194.119972506] [vslam_compare]: gt=(-0.01, 0.05, 4.33) vslam=(0.06, -0.32, 3.21) error=1.191m max_error=1.191m (n=15)
[INFO] [1788751195.120036008] [vslam_compare]: gt=(0.06, 0.09, 4.6) vslam=(0.13, -0.28, 3.46) error=1.202m max_error=1.202m (n=16)
[INFO] [1788751196.120043532] [vslam_compare]: gt=(0.09, 0.11, 4.78) vslam=(0.15, -0.27, 3.61) error=1.233m max_error=1.233m (n=17)
[INFO] [1788751197.120129805] [vslam_compare]: gt=(0.13, 0.12, 4.87) vslam=(0.18, -0.26, 3.75) error=1.183m max_error=1.233m (n=18)
[INFO] [1788751198.120050309] [vslam_compare]: gt=(0.29, 0.05, 4.99) vslam=(0.3, -0.31, 3.84) error=1.206m max_error=1.233m (n=19)
[INFO] [1788751199.119938119] [vslam_compare]: gt=(0.46, -0.02, 5.11) vslam=(0.47, -0.4, 3.93) error=1.236m max_error=1.236m (n=20)
[INFO] [1788751200.120372440] [vslam_compare]: gt=(0.62, -0.09, 5.23) vslam=(0.64, -0.49, 4.06) error=1.232m max_error=1.236m (n=21)
[INFO] [1788751201.120207747] [vslam_compare]: gt=(0.67, -0.21, 5.29) vslam=(0.69, -0.59, 4.07) error=1.274m max_error=1.274m (n=22)
[INFO] [1788751202.120369133] [vslam_compare]: gt=(0.6, -0.37, 5.35) vslam=(0.63, -0.78, 4.12) error=1.287m max_error=1.287m (n=23)
[INFO] [1788751203.120213573] [vslam_compare]: gt=(0.51, -0.55, 5.41) vslam=(0.54, -0.95, 4.15) error=1.326m max_error=1.326m (n=24)
[INFO] [1788751204.120129818] [vslam_compare]: gt=(0.42, -0.73, 5.48) vslam=(0.46, -1.12, 4.18) error=1.366m max_error=1.366m (n=25)
[INFO] [1788751205.120036443] [vslam_compare]: gt=(0.35, -0.9, 5.55) vslam=(0.39, -1.29, 4.22) error=1.381m max_error=1.381m (n=26)
[INFO] [1788751206.120096158] [vslam_compare]: gt=(0.31, -1.08, 5.57) vslam=(0.33, -1.43, 4.24) error=1.378m max_error=1.381m (n=27)
[INFO] [1788751207.120066401] [vslam_compare]: gt=(0.29, -1.25, 5.58) vslam=(0.29, -1.59, 4.24) error=1.385m max_error=1.385m (n=28)
[INFO] [1788751208.119990413] [vslam_compare]: gt=(0.29, -1.41, 5.63) vslam=(0.28, -1.74, 4.21) error=1.456m max_error=1.456m (n=29)
[INFO] [1788751209.120109336] [vslam_compare]: gt=(0.34, -1.56, 5.64) vslam=(0.33, -1.87, 4.25) error=1.422m max_error=1.456m (n=30)
[INFO] [1788751210.119910780] [vslam_compare]: gt=(0.42, -1.67, 5.69) vslam=(0.39, -1.98, 4.28) error=1.445m max_error=1.456m (n=31)
[INFO] [1788751211.119926000] [vslam_compare]: gt=(0.52, -1.77, 5.72) vslam=(0.47, -2.07, 4.29) error=1.468m max_error=1.468m (n=32)
[INFO] [1788751212.119792315] [vslam_compare]: gt=(0.63, -1.85, 5.75) vslam=(0.56, -2.15, 4.28) error=1.500m max_error=1.500m (n=33)
[INFO] [1788751213.119855132] [vslam_compare]: gt=(0.75, -1.92, 5.77) vslam=(0.66, -2.2, 4.27) error=1.527m max_error=1.527m (n=34)
[INFO] [1788751214.119890805] [vslam_compare]: gt=(0.89, -1.98, 5.78) vslam=(0.79, -2.27, 4.28) error=1.532m max_error=1.532m (n=35)
[INFO] [1788751215.119797992] [vslam_compare]: gt=(1.02, -2.02, 5.8) vslam=(0.9, -2.32, 4.29) error=1.543m max_error=1.543m (n=36)
[INFO] [1788751216.119792412] [vslam_compare]: gt=(1.14, -2.07, 5.83) vslam=(1.02, -2.32, 4.26) error=1.601m max_error=1.601m (n=37)
[INFO] [1788751217.120291023] [vslam_compare]: gt=(1.1, -2.22, 5.88) vslam=(1.0, -2.46, 4.27) error=1.626m max_error=1.626m (n=38)
[INFO] [1788751218.120268618] [vslam_compare]: gt=(1.01, -2.4, 5.86) vslam=(0.93, -2.62, 4.31) error=1.571m max_error=1.626m (n=39)
[INFO] [1788751219.119787474] [vslam_compare]: gt=(0.94, -2.58, 5.94) vslam=(0.87, -2.81, 4.33) error=1.622m max_error=1.626m (n=40)
[INFO] [1788751220.120086918] [vslam_compare]: gt=(0.89, -2.75, 6.0) vslam=(0.82, -2.97, 4.36) error=1.659m max_error=1.659m (n=41)
[INFO] [1788751221.119965397] [vslam_compare]: gt=(0.83, -2.92, 6.04) vslam=(0.76, -3.15, 4.39) error=1.670m max_error=1.670m (n=42)
[INFO] [1788751222.119949555] [vslam_compare]: gt=(0.74, -3.09, 6.08) vslam=(0.67, -3.3, 4.41) error=1.686m max_error=1.686m (n=43)
[INFO] [1788751223.119860432] [vslam_compare]: gt=(0.67, -3.26, 6.13) vslam=(0.57, -3.46, 4.44) error=1.703m max_error=1.703m (n=44)
[INFO] [1788751224.119918717] [vslam_compare]: gt=(0.73, -3.43, 6.17) vslam=(0.6, -3.63, 4.47) error=1.717m max_error=1.717m (n=45)
[INFO] [1788751225.120013210] [vslam_compare]: gt=(0.8, -3.6, 6.22) vslam=(0.65, -3.81, 4.51) error=1.729m max_error=1.729m (n=46)
[INFO] [1788751226.119979315] [vslam_compare]: gt=(0.87, -3.76, 6.24) vslam=(0.73, -3.96, 4.51) error=1.740m max_error=1.740m (n=47)
[INFO] [1788751227.120050508] [vslam_compare]: gt=(0.95, -3.86, 6.25) vslam=(0.8, -4.07, 4.54) error=1.729m max_error=1.740m (n=48)
[INFO] [1788751228.120085300] [vslam_compare]: gt=(0.98, -3.89, 6.26) vslam=(0.82, -4.16, 4.55) error=1.743m max_error=1.743m (n=49)
[INFO] [1788751229.119997656] [vslam_compare]: gt=(0.98, -3.9, 6.27) vslam=(0.82, -4.17, 4.52) error=1.770m max_error=1.770m (n=50)
[INFO] [1788751230.120045979] [vslam_compare]: gt=(0.97, -3.89, 6.26) vslam=(0.81, -4.16, 4.51) error=1.777m max_error=1.777m (n=51)
[INFO] [1788751231.119852337] [vslam_compare]: gt=(0.98, -3.86, 6.26) vslam=(0.8, -4.14, 4.51) error=1.784m max_error=1.784m (n=52)
[INFO] [1788751232.120145093] [vslam_compare]: gt=(0.99, -3.86, 6.26) vslam=(0.82, -4.14, 4.49) error=1.803m max_error=1.803m (n=53)
[INFO] [1788751233.119902082] [vslam_compare]: gt=(0.99, -3.85, 6.26) vslam=(0.82, -4.14, 4.49) error=1.802m max_error=1.803m (n=54)
[INFO] [1788751234.120012885] [vslam_compare]: gt=(1.0, -3.85, 6.27) vslam=(0.82, -4.14, 4.5) error=1.804m max_error=1.804m (n=55)
[INFO] [1788751235.119980152] [vslam_compare]: gt=(0.99, -3.85, 6.28) vslam=(0.82, -4.15, 4.5) error=1.814m max_error=1.814m (n=56)
Traceback (most recent call last):
  File "/workspaces/isaac_ros-dev/ros2_ws/install/px4_vslam_bridge/lib/px4_vslam_bridge/vslam_compare", line 33, in <module>
    sys.exit(load_entry_point('px4-vslam-bridge==0.1.0', 'console_scripts', 'vslam_compare')())
  File "/workspaces/isaac_ros-dev/ros2_ws/install/px4_vslam_bridge/lib/python3.10/site-packages/px4_vslam_bridge/vslam_compare.py", line 199, in main
    rclpy.shutdown()
  File "/opt/ros/humble/local/lib/python3.10/dist-packages/rclpy/__init__.py", line 130, in shutdown
    _shutdown(context=context)
  File "/opt/ros/humble/local/lib/python3.10/dist-packages/rclpy/utilities.py", line 58, in shutdown
    return context.shutdown()
  File "/opt/ros/humble/local/lib/python3.10/dist-packages/rclpy/context.py", line 102, in shutdown
    self.__context.shutdown()
rclpy._rclpy_pybind11.RCLError: failed to shutdown: rcl_shutdown already called on the given context, at ./src/rcl/init.c:241
