[INFO] [1788715709.257180198] [visual_odometry_bridge]: visual_odometry_bridge ready: /visual_slam/tracking/odometry -> /fmu/in/vehicle_visual_odometry
[INFO] [1788715714.154380022] [visual_odometry_bridge]: published 100 vehicle_visual_odometry samples (last NED pos=(0.00,0.00,-0.00))
[WARN] [1788715720.619922085] [visual_odometry_bridge]: Rejected cuVSLAM update: implied speed 14.8 m/s (jumped 0.53m in 36ms) -- holding last known-good position, not forwarding to EKF2. (1 rejected total)
[WARN] [1788715721.663326112] [visual_odometry_bridge]: Rejected cuVSLAM update: implied speed 9.7 m/s (jumped 3.83m in 396ms) -- holding last known-good position, not forwarding to EKF2. (17 rejected total)
[WARN] [1788715724.571423178] [visual_odometry_bridge]: Rejected cuVSLAM update: implied speed 555.6 m/s (jumped 17.78m in 32ms) -- holding last known-good position, not forwarding to EKF2. (21 rejected total)
[WARN] [1788715725.593589023] [visual_odometry_bridge]: Rejected cuVSLAM update: implied speed 24.7 m/s (jumped 17.09m in 692ms) -- holding last known-good position, not forwarding to EKF2. (41 rejected total)
[WARN] [1788715726.604878519] [visual_odometry_bridge]: Rejected cuVSLAM update: implied speed 12.3 m/s (jumped 16.96m in 1384ms) -- holding last known-good position, not forwarding to EKF2. (62 rejected total)
[WARN] [1788715727.733632475] [visual_odometry_bridge]: Rejected cuVSLAM update: implied speed 19.2 m/s (jumped 0.62m in 32ms) -- holding last known-good position, not forwarding to EKF2. (82 rejected total)
[INFO] [1788715728.324853335] [visual_odometry_bridge]: published 300 vehicle_visual_odometry samples (last NED pos=(6.68,4.46,-8.05))
[WARN] [1788715733.957498266] [visual_odometry_bridge]: Rejected cuVSLAM update: implied speed 53.9 m/s (jumped 1.72m in 32ms) -- holding last known-good position, not forwarding to EKF2. (88 rejected total)
[WARN] [1788715736.742418319] [visual_odometry_bridge]: Rejected cuVSLAM update: implied speed 11.1 m/s (jumped 0.35m in 32ms) -- holding last known-good position, not forwarding to EKF2. (94 rejected total)
[WARN] [1788715738.070527964] [visual_odometry_bridge]: Rejected cuVSLAM update: implied speed 14.2 m/s (jumped 0.45m in 32ms) -- holding last known-good position, not forwarding to EKF2. (98 rejected total)
[INFO] [1788715739.064277714] [visual_odometry_bridge]: published 500 vehicle_visual_odometry samples (last NED pos=(6.72,-1.03,-9.49))
[WARN] [1788715739.263597397] [visual_odometry_bridge]: Rejected cuVSLAM update: implied speed 17.8 m/s (jumped 0.64m in 36ms) -- holding last known-good position, not forwarding to EKF2. (102 rejected total)
[WARN] [1788715743.488067385] [visual_odometry_bridge]: Rejected cuVSLAM update: implied speed 13.2 m/s (jumped 0.42m in 32ms) -- holding last known-good position, not forwarding to EKF2. (108 rejected total)
Traceback (most recent call last):
  File "/workspaces/isaac_ros-dev/ros2_ws/install/px4_vslam_bridge/lib/python3.10/site-packages/px4_vslam_bridge/visual_odometry_bridge.py", line 160, in main
    rclpy.spin(node)
  File "/opt/ros/humble/local/lib/python3.10/dist-packages/rclpy/__init__.py", line 229, in spin
    executor.spin_once()
  File "/opt/ros/humble/local/lib/python3.10/dist-packages/rclpy/executors.py", line 808, in spin_once
    self._spin_once_impl(timeout_sec)
  File "/opt/ros/humble/local/lib/python3.10/dist-packages/rclpy/executors.py", line 797, in _spin_once_impl
    handler, entity, node = self.wait_for_ready_callbacks(timeout_sec=timeout_sec)
  File "/opt/ros/humble/local/lib/python3.10/dist-packages/rclpy/executors.py", line 780, in wait_for_ready_callbacks
    return next(self._cb_iter)
  File "/opt/ros/humble/local/lib/python3.10/dist-packages/rclpy/executors.py", line 681, in _wait_for_ready_callbacks
    raise ExternalShutdownException()
rclpy.executors.ExternalShutdownException

During handling of the above exception, another exception occurred:

Traceback (most recent call last):
  File "/workspaces/isaac_ros-dev/ros2_ws/install/px4_vslam_bridge/lib/px4_vslam_bridge/visual_odometry_bridge", line 33, in <module>
    sys.exit(load_entry_point('px4-vslam-bridge==0.1.0', 'console_scripts', 'visual_odometry_bridge')())
  File "/workspaces/isaac_ros-dev/ros2_ws/install/px4_vslam_bridge/lib/python3.10/site-packages/px4_vslam_bridge/visual_odometry_bridge.py", line 165, in main
    rclpy.shutdown()
  File "/opt/ros/humble/local/lib/python3.10/dist-packages/rclpy/__init__.py", line 130, in shutdown
    _shutdown(context=context)
  File "/opt/ros/humble/local/lib/python3.10/dist-packages/rclpy/utilities.py", line 58, in shutdown
    return context.shutdown()
  File "/opt/ros/humble/local/lib/python3.10/dist-packages/rclpy/context.py", line 102, in shutdown
    self.__context.shutdown()
rclpy._rclpy_pybind11.RCLError: failed to shutdown: rcl_shutdown already called on the given context, at ./src/rcl/init.c:241
