[INFO] [1788711942.728309937] [visual_odometry_bridge]: visual_odometry_bridge ready: /visual_slam/tracking/odometry -> /fmu/in/vehicle_visual_odometry
[INFO] [1788711947.581386156] [visual_odometry_bridge]: published 100 vehicle_visual_odometry samples (last NED pos=(0.00,0.00,-0.00))
[WARN] [1788711956.713594903] [visual_odometry_bridge]: Rejected cuVSLAM update: implied speed 9.2 m/s (jumped 0.30m in 32ms) -- holding last known-good position, not forwarding to EKF2. (1 rejected total)
[INFO] [1788711957.997446494] [visual_odometry_bridge]: published 300 vehicle_visual_odometry samples (last NED pos=(0.29,-1.19,-0.96))
[WARN] [1788711959.626380990] [visual_odometry_bridge]: Rejected cuVSLAM update: implied speed 19.9 m/s (jumped 0.64m in 32ms) -- holding last known-good position, not forwarding to EKF2. (8 rejected total)
[WARN] [1788711961.319839802] [visual_odometry_bridge]: Rejected cuVSLAM update: implied speed 9.7 m/s (jumped 0.31m in 32ms) -- holding last known-good position, not forwarding to EKF2. (15 rejected total)
[INFO] [1788711963.423873365] [visual_odometry_bridge]: published 400 vehicle_visual_odometry samples (last NED pos=(-2.07,1.48,-4.14))
[WARN] [1788711966.562707897] [visual_odometry_bridge]: Rejected cuVSLAM update: implied speed 8.3 m/s (jumped 0.26m in 32ms) -- holding last known-good position, not forwarding to EKF2. (16 rejected total)
[INFO] [1788711968.585138060] [visual_odometry_bridge]: published 500 vehicle_visual_odometry samples (last NED pos=(-3.10,1.38,-4.45))
[WARN] [1788711968.685087452] [visual_odometry_bridge]: Rejected cuVSLAM update: implied speed 22.1 m/s (jumped 0.71m in 32ms) -- holding last known-good position, not forwarding to EKF2. (18 rejected total)
[WARN] [1788711972.034329985] [visual_odometry_bridge]: Rejected cuVSLAM update: implied speed 8.9 m/s (jumped 0.29m in 32ms) -- holding last known-good position, not forwarding to EKF2. (25 rejected total)
[INFO] [1788711974.104881485] [visual_odometry_bridge]: published 600 vehicle_visual_odometry samples (last NED pos=(-5.63,2.60,-4.69))
[WARN] [1788711977.588121890] [visual_odometry_bridge]: Rejected cuVSLAM update: implied speed 17.2 m/s (jumped 0.62m in 36ms) -- holding last known-good position, not forwarding to EKF2. (27 rejected total)
[WARN] [1788711979.135800323] [visual_odometry_bridge]: Rejected cuVSLAM update: implied speed 31.7 m/s (jumped 1.01m in 32ms) -- holding last known-good position, not forwarding to EKF2. (30 rejected total)
[INFO] [1788711979.946089110] [visual_odometry_bridge]: published 700 vehicle_visual_odometry samples (last NED pos=(-8.90,7.15,-4.37))
Traceback (most recent call last):
  File "/workspaces/isaac_ros-dev/ros2_ws/install/px4_vslam_bridge/lib/python3.10/site-packages/px4_vslam_bridge/visual_odometry_bridge.py", line 160, in main
    rclpy.spin(node)
  File "/opt/ros/humble/local/lib/python3.10/dist-packages/rclpy/__init__.py", line 229, in spin
    executor.spin_once()
  File "/opt/ros/humble/local/lib/python3.10/dist-packages/rclpy/executors.py", line 808, in spin_once
    self._spin_once_impl(timeout_sec)
  File "/opt/ros/humble/local/lib/python3.10/dist-packages/rclpy/executors.py", line 797, in _spin_once_impl
    handler, entity, node = self.wait_for_ready_callbacks(timeout_sec=timeout_sec)
  File "/opt/ros/humble/local/lib/python3.10/dist-packages/rclpy/executors.py", line 780, in wait_for_ready_callbacks
    return next(self._cb_iter)
  File "/opt/ros/humble/local/lib/python3.10/dist-packages/rclpy/executors.py", line 681, in _wait_for_ready_callbacks
    raise ExternalShutdownException()
rclpy.executors.ExternalShutdownException

During handling of the above exception, another exception occurred:

Traceback (most recent call last):
  File "/workspaces/isaac_ros-dev/ros2_ws/install/px4_vslam_bridge/lib/px4_vslam_bridge/visual_odometry_bridge", line 33, in <module>
    sys.exit(load_entry_point('px4-vslam-bridge==0.1.0', 'console_scripts', 'visual_odometry_bridge')())
  File "/workspaces/isaac_ros-dev/ros2_ws/install/px4_vslam_bridge/lib/python3.10/site-packages/px4_vslam_bridge/visual_odometry_bridge.py", line 165, in main
    rclpy.shutdown()
  File "/opt/ros/humble/local/lib/python3.10/dist-packages/rclpy/__init__.py", line 130, in shutdown
    _shutdown(context=context)
  File "/opt/ros/humble/local/lib/python3.10/dist-packages/rclpy/utilities.py", line 58, in shutdown
    return context.shutdown()
  File "/opt/ros/humble/local/lib/python3.10/dist-packages/rclpy/context.py", line 102, in shutdown
    self.__context.shutdown()
rclpy._rclpy_pybind11.RCLError: failed to shutdown: rcl_shutdown already called on the given context, at ./src/rcl/init.c:241
