[INFO] [1788717209.817547423] [vslam_compare]: vslam_compare: logging per-message CSV to /workspaces/isaac_ros-dev/results/route2_probe/r2_medium_r130/vslam_compare.csv (exp_id='r2_medium_r130')
[INFO] [1788717209.834644696] [vslam_compare]: vslam_compare ready -- watching /visual_slam/tracking/odometry vs /ground_truth/odom
[INFO] [1788717209.899750729] [vslam_compare]: cuVSLAM origin set: (0.0, 0.0, 0.0) -- tracking initialized
[INFO] [1788717210.050575060] [vslam_compare]: Ground truth origin set: (-0.013473575934767723, 0.032232824712991714, -0.0069627463817596436)
[INFO] [1788717210.835222204] [vslam_compare]: gt=(-0.0, -0.01, -0.0) vslam=(0.0, 0.0, 0.0) error=0.007m max_error=0.007m (n=1)
[INFO] [1788717211.835177649] [vslam_compare]: gt=(0.0, -0.01, -0.0) vslam=(0.0, 0.0, 0.0) error=0.012m max_error=0.012m (n=2)
[INFO] [1788717212.835295510] [vslam_compare]: gt=(0.0, -0.02, -0.0) vslam=(0.0, 0.0, 0.0) error=0.017m max_error=0.017m (n=3)
[INFO] [1788717213.834981972] [vslam_compare]: gt=(0.0, -0.01, -0.01) vslam=(0.0, 0.0, 0.0) error=0.014m max_error=0.017m (n=4)
[INFO] [1788717214.835035260] [vslam_compare]: gt=(0.01, -0.01, -0.01) vslam=(0.0, 0.0, 0.0) error=0.014m max_error=0.017m (n=5)
[INFO] [1788717215.835042606] [vslam_compare]: gt=(0.01, -0.01, -0.01) vslam=(0.0, 0.0, 0.0) error=0.018m max_error=0.018m (n=6)
[INFO] [1788717216.835074794] [vslam_compare]: gt=(0.01, -0.01, -0.0) vslam=(-1.02, 0.08, -0.0) error=1.037m max_error=1.037m (n=7)
[INFO] [1788717217.835258578] [vslam_compare]: gt=(-0.07, 0.05, 0.06) vslam=(-0.59, 0.46, 0.38) error=0.735m max_error=1.037m (n=8)
[INFO] [1788717218.835011674] [vslam_compare]: gt=(-0.15, 0.14, 0.12) vslam=(-0.58, 0.5, 0.37) error=0.609m max_error=1.037m (n=9)
[INFO] [1788717219.835095007] [vslam_compare]: gt=(-0.17, 0.17, 0.14) vslam=(-0.58, 0.5, 0.37) error=0.575m max_error=1.037m (n=10)
[INFO] [1788717220.835191550] [vslam_compare]: gt=(-0.11, 0.17, 0.13) vslam=(-0.2, 0.04, 0.42) error=0.332m max_error=1.037m (n=11)
[INFO] [1788717221.835099668] [vslam_compare]: gt=(0.09, 0.05, 0.3) vslam=(0.48, -0.63, 0.46) error=0.804m max_error=1.037m (n=12)
[INFO] [1788717222.834962546] [vslam_compare]: gt=(0.17, -0.19, 1.4) vslam=(0.33, -0.13, -0.39) error=1.797m max_error=1.797m (n=13)
[INFO] [1788717223.835013327] [vslam_compare]: gt=(0.15, -0.21, 2.56) vslam=(-0.42, -0.27, -4.27) error=6.855m max_error=6.855m (n=14)
[INFO] [1788717224.834798938] [vslam_compare]: gt=(-0.09, -0.22, 3.7) vslam=(-0.82, -0.3, -6.49) error=10.211m max_error=10.211m (n=15)
[INFO] [1788717225.834884818] [vslam_compare]: gt=(-0.33, -0.4, 4.36) vslam=(-0.98, -0.38, -7.11) error=11.490m max_error=11.490m (n=16)
[INFO] [1788717226.834920597] [vslam_compare]: gt=(-0.24, -0.28, 4.69) vslam=(-0.95, -0.73, -7.43) error=12.149m max_error=12.149m (n=17)
[INFO] [1788717227.835203765] [vslam_compare]: gt=(-0.08, -0.14, 4.82) vslam=(-0.84, -1.11, -7.51) error=12.391m max_error=12.391m (n=18)
[INFO] [1788717228.835046537] [vslam_compare]: gt=(-0.06, -0.18, 4.67) vslam=(-0.81, -1.2, -7.39) error=12.119m max_error=12.391m (n=19)
[INFO] [1788717229.834923750] [vslam_compare]: gt=(-0.26, 0.02, 4.77) vslam=(-0.88, -1.4, -7.42) error=12.286m max_error=12.391m (n=20)
[INFO] [1788717230.835282658] [vslam_compare]: gt=(-0.57, 0.62, 4.78) vslam=(-1.29, -1.88, -7.27) error=12.328m max_error=12.391m (n=21)
[INFO] [1788717231.835211621] [vslam_compare]: gt=(-0.9, 1.39, 4.77) vslam=(-3.33, -5.14, -7.45) error=14.059m max_error=14.059m (n=22)
[INFO] [1788717232.835117796] [vslam_compare]: gt=(-1.3, 2.34, 5.13) vslam=(-3.79, -5.6, -7.58) error=15.185m max_error=15.185m (n=23)
[INFO] [1788717233.834974142] [vslam_compare]: gt=(-1.55, 3.07, 5.12) vslam=(-5.25, -7.86, -6.77) error=16.566m max_error=16.566m (n=24)
[INFO] [1788717234.835329075] [vslam_compare]: gt=(-1.62, 3.39, 5.34) vslam=(-5.57, -12.96, -4.68) error=19.574m max_error=19.574m (n=25)
[INFO] [1788717235.835065843] [vslam_compare]: gt=(-1.65, 3.69, 5.09) vslam=(-5.67, -13.05, -4.2) error=19.564m max_error=19.574m (n=26)
[INFO] [1788717236.835104743] [vslam_compare]: gt=(-1.78, 4.06, 4.76) vslam=(-6.07, -13.69, -7.89) error=22.218m max_error=22.218m (n=27)
[INFO] [1788717237.834995987] [vslam_compare]: gt=(-1.89, 4.21, 4.6) vslam=(-6.17, -13.74, -7.83) error=22.238m max_error=22.238m (n=28)
[INFO] [1788717238.834896164] [vslam_compare]: gt=(-2.04, 4.43, 4.53) vslam=(-6.31, -13.78, -7.83) error=22.417m max_error=22.417m (n=29)
[INFO] [1788717239.835138279] [vslam_compare]: gt=(-2.28, 4.99, 4.54) vslam=(-6.67, -14.16, -7.84) error=23.224m max_error=23.224m (n=30)
[INFO] [1788717240.834942043] [vslam_compare]: gt=(-2.39, 5.66, 4.61) vslam=(-10.95, -20.07, -9.41) error=30.521m max_error=30.521m (n=31)
[INFO] [1788717241.835059121] [vslam_compare]: gt=(-2.3, 6.26, 4.66) vslam=(-11.08, -21.08, -10.0) error=32.245m max_error=32.245m (n=32)
[INFO] [1788717242.835118073] [vslam_compare]: gt=(-2.14, 6.9, 4.71) vslam=(-11.21, -22.26, -10.26) error=34.013m max_error=34.013m (n=33)
[INFO] [1788717243.835033928] [vslam_compare]: gt=(-1.93, 7.39, 4.79) vslam=(-11.23, -23.46, -11.3) error=36.023m max_error=36.023m (n=34)
[INFO] [1788717244.835118099] [vslam_compare]: gt=(-1.57, 7.64, 4.93) vslam=(-11.4, -24.46, -12.68) error=37.911m max_error=37.911m (n=35)
[INFO] [1788717245.835037732] [vslam_compare]: gt=(-0.92, 8.0, 5.01) vslam=(-7.16, -28.24, -14.88) error=41.806m max_error=41.806m (n=36)
Traceback (most recent call last):
  File "/workspaces/isaac_ros-dev/ros2_ws/install/px4_vslam_bridge/lib/python3.10/site-packages/px4_vslam_bridge/vslam_compare.py", line 194, in main
    rclpy.spin(node)
  File "/opt/ros/humble/local/lib/python3.10/dist-packages/rclpy/__init__.py", line 229, in spin
    executor.spin_once()
  File "/opt/ros/humble/local/lib/python3.10/dist-packages/rclpy/executors.py", line 808, in spin_once
    self._spin_once_impl(timeout_sec)
  File "/opt/ros/humble/local/lib/python3.10/dist-packages/rclpy/executors.py", line 797, in _spin_once_impl
    handler, entity, node = self.wait_for_ready_callbacks(timeout_sec=timeout_sec)
  File "/opt/ros/humble/local/lib/python3.10/dist-packages/rclpy/executors.py", line 780, in wait_for_ready_callbacks
    return next(self._cb_iter)
  File "/opt/ros/humble/local/lib/python3.10/dist-packages/rclpy/executors.py", line 653, in _wait_for_ready_callbacks
    wait_set = _rclpy.WaitSet(
rclpy._rclpy_pybind11.RCLError: failed to initialize wait set: the given context is not valid, either rcl_init() was not called or rcl_shutdown() was called., at ./src/rcl/wait.c:130

During handling of the above exception, another exception occurred:

Traceback (most recent call last):
  File "/workspaces/isaac_ros-dev/ros2_ws/install/px4_vslam_bridge/lib/px4_vslam_bridge/vslam_compare", line 33, in <module>
    sys.exit(load_entry_point('px4-vslam-bridge==0.1.0', 'console_scripts', 'vslam_compare')())
  File "/workspaces/isaac_ros-dev/ros2_ws/install/px4_vslam_bridge/lib/python3.10/site-packages/px4_vslam_bridge/vslam_compare.py", line 199, in main
    rclpy.shutdown()
  File "/opt/ros/humble/local/lib/python3.10/dist-packages/rclpy/__init__.py", line 130, in shutdown
    _shutdown(context=context)
  File "/opt/ros/humble/local/lib/python3.10/dist-packages/rclpy/utilities.py", line 58, in shutdown
    return context.shutdown()
  File "/opt/ros/humble/local/lib/python3.10/dist-packages/rclpy/context.py", line 102, in shutdown
    self.__context.shutdown()
rclpy._rclpy_pybind11.RCLError: failed to shutdown: rcl_shutdown already called on the given context, at ./src/rcl/init.c:241
