[INFO] [1788718384.117125432] [fast_planner_bridge]: fast_planner_bridge ready -- will capture home at arm time and climb (0.0, 0.0, -5.0) NED relative to it, then follow /planning/pos_cmd from Fast-Planner
[INFO] [1788718384.117533921] [fast_planner_bridge]: >>> Press ENTER to arm and fly (or set OFFBOARD_AUTO_START=1) <<<
[WARN] [1788718386.084891380] [fast_planner_bridge]: [tick 40] No data on /fmu/out/vehicle_local_position_v1.
[INFO] [1788718388.935318329] [fast_planner_bridge]: OFFBOARD + ARMED confirmed -- home_ned=(0.0054909405298531055, -0.01727774366736412, 0.016725152730941772), climbing to (0.0054909405298531055, -0.01727774366736412, -4.983274847269058).
[INFO] [1788718389.084919399] [fast_planner_bridge]: [CLIMBING] pos_ned=(0.00,-0.02,0.02) dist=5.00m
[INFO] [1788718390.085075893] [fast_planner_bridge]: [CLIMBING] pos_ned=(-0.01,-0.01,0.01) dist=5.00m
[INFO] [1788718391.084975618] [fast_planner_bridge]: [CLIMBING] pos_ned=(-0.07,0.23,0.00) dist=4.99m
[INFO] [1788718392.085168551] [fast_planner_bridge]: [CLIMBING] pos_ned=(-0.09,0.33,0.00) dist=5.00m
[INFO] [1788718393.085234272] [fast_planner_bridge]: [CLIMBING] pos_ned=(-0.07,0.28,-0.01) dist=4.99m
[INFO] [1788718394.084987878] [fast_planner_bridge]: [CLIMBING] pos_ned=(-0.01,0.06,-0.08) dist=4.90m
[INFO] [1788718395.085216069] [fast_planner_bridge]: [CLIMBING] pos_ned=(0.22,-0.20,-1.04) dist=3.96m
[INFO] [1788718396.085022316] [fast_planner_bridge]: [CLIMBING] pos_ned=(0.23,-0.14,-2.67) dist=2.32m
[INFO] [1788718397.084954462] [fast_planner_bridge]: [CLIMBING] pos_ned=(0.07,-0.14,-3.72) dist=1.27m
[INFO] [1788718398.085170430] [fast_planner_bridge]: [CLIMBING] pos_ned=(-0.03,-0.12,-4.21) dist=0.78m
[INFO] [1788718399.084957229] [fast_planner_bridge]: [CLIMBING] pos_ned=(-0.01,-0.08,-4.52) dist=0.46m
[INFO] [1788718400.035028922] [fast_planner_bridge]: Climb complete (dist=0.29m) -- following Fast-Planner.
[INFO] [1788718400.084966753] [fast_planner_bridge]: [FOLLOWING] pos_ned=(0.00,-0.05,-4.70) target_ned=(-0.01,-0.08,-4.54) pos_cmd_age=0.01s
[INFO] [1788718401.085244560] [fast_planner_bridge]: [FOLLOWING] pos_ned=(-0.01,-0.04,-4.60) target_ned=(-0.01,-0.08,-4.54) pos_cmd_age=0.01s
[INFO] [1788718402.085175093] [fast_planner_bridge]: [FOLLOWING] pos_ned=(-0.00,-0.08,-4.55) target_ned=(0.05,-0.11,-4.55) pos_cmd_age=0.01s
[INFO] [1788718403.084918320] [fast_planner_bridge]: [FOLLOWING] pos_ned=(0.31,-0.29,-4.63) target_ned=(0.43,-0.26,-4.61) pos_cmd_age=0.01s
[INFO] [1788718404.085137554] [fast_planner_bridge]: [FOLLOWING] pos_ned=(0.95,-0.58,-4.74) target_ned=(1.05,-0.50,-4.72) pos_cmd_age=0.01s
[INFO] [1788718405.085410211] [fast_planner_bridge]: [FOLLOWING] pos_ned=(1.69,-0.90,-4.81) target_ned=(1.75,-0.83,-4.82) pos_cmd_age=0.01s
[INFO] [1788718406.084929130] [fast_planner_bridge]: [FOLLOWING] pos_ned=(2.35,-1.20,-4.83) target_ned=(2.46,-1.15,-4.85) pos_cmd_age=0.01s
[INFO] [1788718407.085100774] [fast_planner_bridge]: [FOLLOWING] pos_ned=(2.92,-1.36,-4.82) target_ned=(3.00,-1.36,-4.84) pos_cmd_age=0.01s
[INFO] [1788718408.085106080] [fast_planner_bridge]: [FOLLOWING] pos_ned=(3.29,-1.40,-4.71) target_ned=(3.28,-1.38,-4.81) pos_cmd_age=0.01s
[INFO] [1788718409.084949548] [fast_planner_bridge]: [FOLLOWING] pos_ned=(3.41,-1.13,-4.72) target_ned=(3.37,-1.10,-4.78) pos_cmd_age=0.01s
[INFO] [1788718410.085093579] [fast_planner_bridge]: [FOLLOWING] pos_ned=(3.54,-0.47,-4.68) target_ned=(3.35,-0.51,-4.77) pos_cmd_age=0.01s
[INFO] [1788718411.085126990] [fast_planner_bridge]: [FOLLOWING] pos_ned=(3.49,0.32,-4.80) target_ned=(3.51,0.22,-4.79) pos_cmd_age=0.01s
[INFO] [1788718412.085122859] [fast_planner_bridge]: [FOLLOWING] pos_ned=(3.47,0.65,-4.81) target_ned=(3.71,0.01,-4.80) pos_cmd_age=0.01s
[INFO] [1788718413.085034617] [fast_planner_bridge]: [FOLLOWING] pos_ned=(3.50,0.11,-4.71) target_ned=(3.44,0.46,-4.73) pos_cmd_age=0.01s
[INFO] [1788718414.085197374] [fast_planner_bridge]: [FOLLOWING] pos_ned=(3.71,0.09,-4.58) target_ned=(3.44,0.46,-4.73) pos_cmd_age=0.01s
[INFO] [1788718415.084933518] [fast_planner_bridge]: [FOLLOWING] pos_ned=(3.61,0.38,-4.75) target_ned=(3.45,0.46,-4.73) pos_cmd_age=0.01s
[INFO] [1788718416.084902165] [fast_planner_bridge]: [FOLLOWING] pos_ned=(3.64,0.37,-4.83) target_ned=(3.66,0.44,-4.73) pos_cmd_age=0.01s
[INFO] [1788718417.085008946] [fast_planner_bridge]: [FOLLOWING] pos_ned=(3.96,0.52,-4.80) target_ned=(4.02,0.61,-4.70) pos_cmd_age=0.01s
[INFO] [1788718418.084962244] [fast_planner_bridge]: [FOLLOWING] pos_ned=(4.48,0.92,-4.76) target_ned=(4.51,1.06,-4.69) pos_cmd_age=0.01s
[INFO] [1788718419.085217157] [fast_planner_bridge]: [FOLLOWING] pos_ned=(5.07,1.58,-4.77) target_ned=(5.10,1.70,-4.72) pos_cmd_age=0.01s
[INFO] [1788718420.084880722] [fast_planner_bridge]: [FOLLOWING] pos_ned=(5.75,2.19,-4.84) target_ned=(5.78,2.28,-4.79) pos_cmd_age=0.01s
[INFO] [1788718421.085242029] [fast_planner_bridge]: [FOLLOWING] pos_ned=(6.31,2.45,-4.88) target_ned=(6.37,2.50,-4.85) pos_cmd_age=0.01s
[WARN] [1788718421.325889141] [fast_planner_bridge]: Shutdown signal 15 received -- ceasing ARM requests, commanding AUTO.LAND, will disarm and exit once landed. If this doesn't complete and the vehicle needs to come down NOW, use emergency_stop.py instead of repeating this signal.
[INFO] [1788718421.335242651] [fast_planner_bridge]: Requesting AUTO.LAND... nav_state=14
[INFO] [1788718421.384883276] [fast_planner_bridge]: AUTO.LAND confirmed -- ceasing offboard setpoints, handing off to the autopilot.
[INFO] [1788718422.085095546] [fast_planner_bridge]: Waiting for disarm (backstop disarm sent)... arming_state=2
[INFO] [1788718424.084907773] [fast_planner_bridge]: Waiting for disarm (backstop disarm sent)... arming_state=2
