[INFO] [1788718378.079405845] [visual_odometry_bridge]: visual_odometry_bridge ready: /visual_slam/tracking/odometry -> /fmu/in/vehicle_visual_odometry
[INFO] [1788718382.820283740] [visual_odometry_bridge]: published 100 vehicle_visual_odometry samples (last NED pos=(0.00,0.00,-0.00))
[WARN] [1788718389.327328973] [visual_odometry_bridge]: Rejected cuVSLAM update: implied speed 9.2 m/s (jumped 0.29m in 32ms) -- holding last known-good position, not forwarding to EKF2. (1 rejected total)
[WARN] [1788718392.240667230] [visual_odometry_bridge]: Rejected cuVSLAM update: implied speed 14.5 m/s (jumped 0.46m in 32ms) -- holding last known-good position, not forwarding to EKF2. (7 rejected total)
[WARN] [1788718393.281618827] [visual_odometry_bridge]: Rejected cuVSLAM update: implied speed 8.8 m/s (jumped 6.40m in 724ms) -- holding last known-good position, not forwarding to EKF2. (28 rejected total)
[INFO] [1788718394.724804047] [visual_odometry_bridge]: published 300 vehicle_visual_odometry samples (last NED pos=(-2.02,5.51,-4.50))
[WARN] [1788718394.932056031] [visual_odometry_bridge]: Rejected cuVSLAM update: implied speed 22.8 m/s (jumped 0.73m in 32ms) -- holding last known-good position, not forwarding to EKF2. (40 rejected total)
[WARN] [1788718395.951464897] [visual_odometry_bridge]: Rejected cuVSLAM update: implied speed 8.7 m/s (jumped 0.83m in 96ms) -- holding last known-good position, not forwarding to EKF2. (58 rejected total)
[WARN] [1788718396.989433114] [visual_odometry_bridge]: Rejected cuVSLAM update: implied speed 19.4 m/s (jumped 1.94m in 100ms) -- holding last known-good position, not forwarding to EKF2. (67 rejected total)
[WARN] [1788718398.003267858] [visual_odometry_bridge]: Rejected cuVSLAM update: implied speed 9.9 m/s (jumped 7.49m in 760ms) -- holding last known-good position, not forwarding to EKF2. (87 rejected total)
[WARN] [1788718399.995817029] [visual_odometry_bridge]: Rejected cuVSLAM update: implied speed 177.9 m/s (jumped 6.41m in 36ms) -- holding last known-good position, not forwarding to EKF2. (93 rejected total)
[WARN] [1788718401.035118048] [visual_odometry_bridge]: Rejected cuVSLAM update: implied speed 9.4 m/s (jumped 6.88m in 728ms) -- holding last known-good position, not forwarding to EKF2. (114 rejected total)
[WARN] [1788718403.476243927] [visual_odometry_bridge]: Rejected cuVSLAM update: implied speed 8.7 m/s (jumped 0.28m in 32ms) -- holding last known-good position, not forwarding to EKF2. (119 rejected total)
[WARN] [1788718404.517941367] [visual_odometry_bridge]: Rejected cuVSLAM update: implied speed 10.2 m/s (jumped 5.72m in 560ms) -- holding last known-good position, not forwarding to EKF2. (137 rejected total)
[WARN] [1788718405.551371659] [visual_odometry_bridge]: Rejected cuVSLAM update: implied speed 8.6 m/s (jumped 10.25m in 1188ms) -- holding last known-good position, not forwarding to EKF2. (156 rejected total)
[WARN] [1788718406.575806863] [visual_odometry_bridge]: Rejected cuVSLAM update: implied speed 55.7 m/s (jumped 3.56m in 64ms) -- holding last known-good position, not forwarding to EKF2. (174 rejected total)
[INFO] [1788718407.709473306] [visual_odometry_bridge]: published 400 vehicle_visual_odometry samples (last NED pos=(-25.82,33.06,-25.88))
[WARN] [1788718410.601036943] [visual_odometry_bridge]: Rejected cuVSLAM update: implied speed 12.0 m/s (jumped 0.38m in 32ms) -- holding last known-good position, not forwarding to EKF2. (194 rejected total)
[WARN] [1788718412.578497635] [visual_odometry_bridge]: Rejected cuVSLAM update: implied speed 9.4 m/s (jumped 0.34m in 36ms) -- holding last known-good position, not forwarding to EKF2. (200 rejected total)
Traceback (most recent call last):
  File "/workspaces/isaac_ros-dev/ros2_ws/install/px4_vslam_bridge/lib/python3.10/site-packages/px4_vslam_bridge/visual_odometry_bridge.py", line 160, in main
    rclpy.spin(node)
  File "/opt/ros/humble/local/lib/python3.10/dist-packages/rclpy/__init__.py", line 229, in spin
    executor.spin_once()
  File "/opt/ros/humble/local/lib/python3.10/dist-packages/rclpy/executors.py", line 808, in spin_once
    self._spin_once_impl(timeout_sec)
  File "/opt/ros/humble/local/lib/python3.10/dist-packages/rclpy/executors.py", line 797, in _spin_once_impl
    handler, entity, node = self.wait_for_ready_callbacks(timeout_sec=timeout_sec)
  File "/opt/ros/humble/local/lib/python3.10/dist-packages/rclpy/executors.py", line 780, in wait_for_ready_callbacks
    return next(self._cb_iter)
  File "/opt/ros/humble/local/lib/python3.10/dist-packages/rclpy/executors.py", line 681, in _wait_for_ready_callbacks
    raise ExternalShutdownException()
rclpy.executors.ExternalShutdownException

During handling of the above exception, another exception occurred:

Traceback (most recent call last):
  File "/workspaces/isaac_ros-dev/ros2_ws/install/px4_vslam_bridge/lib/px4_vslam_bridge/visual_odometry_bridge", line 33, in <module>
    sys.exit(load_entry_point('px4-vslam-bridge==0.1.0', 'console_scripts', 'visual_odometry_bridge')())
  File "/workspaces/isaac_ros-dev/ros2_ws/install/px4_vslam_bridge/lib/python3.10/site-packages/px4_vslam_bridge/visual_odometry_bridge.py", line 165, in main
    rclpy.shutdown()
  File "/opt/ros/humble/local/lib/python3.10/dist-packages/rclpy/__init__.py", line 130, in shutdown
    _shutdown(context=context)
  File "/opt/ros/humble/local/lib/python3.10/dist-packages/rclpy/utilities.py", line 58, in shutdown
    return context.shutdown()
  File "/opt/ros/humble/local/lib/python3.10/dist-packages/rclpy/context.py", line 102, in shutdown
    self.__context.shutdown()
rclpy._rclpy_pybind11.RCLError: failed to shutdown: rcl_shutdown already called on the given context, at ./src/rcl/init.c:241
