[INFO] [1788682546.441423072] [fast_planner_bridge]: fast_planner_bridge ready -- will capture home at arm time and climb (0.0, 0.0, -5.0) NED relative to it, then follow /planning/pos_cmd from Fast-Planner
[INFO] [1788682546.441856594] [fast_planner_bridge]: >>> Press ENTER to arm and fly (or set OFFBOARD_AUTO_START=1) <<<
[INFO] [1788682549.259712631] [fast_planner_bridge]: OFFBOARD + ARMED confirmed -- home_ned=(0.010516442358493805, -0.010542351752519608, -0.05699068307876587), climbing to (0.010516442358493805, -0.010542351752519608, -5.056990683078766).
[INFO] [1788682549.410069306] [fast_planner_bridge]: [CLIMBING] pos_ned=(0.01,-0.01,-0.06) dist=5.00m
[INFO] [1788682550.410062551] [fast_planner_bridge]: [CLIMBING] pos_ned=(0.00,-0.01,-0.06) dist=5.00m
[INFO] [1788682551.410008088] [fast_planner_bridge]: [CLIMBING] pos_ned=(0.01,-0.01,-0.06) dist=5.00m
[INFO] [1788682552.409910757] [fast_planner_bridge]: [CLIMBING] pos_ned=(-0.01,0.00,-0.06) dist=4.99m
[INFO] [1788682553.410030755] [fast_planner_bridge]: [CLIMBING] pos_ned=(-0.02,0.04,-0.07) dist=4.99m
[INFO] [1788682554.410251895] [fast_planner_bridge]: [CLIMBING] pos_ned=(0.01,0.12,-0.26) dist=4.80m
[INFO] [1788682555.410123564] [fast_planner_bridge]: [CLIMBING] pos_ned=(-0.05,0.07,-1.58) dist=3.48m
[INFO] [1788682556.410283966] [fast_planner_bridge]: [CLIMBING] pos_ned=(-0.11,-0.04,-3.27) dist=1.79m
[INFO] [1788682557.409917524] [fast_planner_bridge]: [CLIMBING] pos_ned=(-0.06,-0.09,-4.07) dist=0.99m
[INFO] [1788682558.409923343] [fast_planner_bridge]: [CLIMBING] pos_ned=(0.01,-0.05,-4.42) dist=0.64m
[INFO] [1788682559.410065681] [fast_planner_bridge]: [CLIMBING] pos_ned=(0.05,-0.04,-4.63) dist=0.43m
[INFO] [1788682560.359977464] [fast_planner_bridge]: Climb complete (dist=0.30m) -- following Fast-Planner.
[INFO] [1788682560.410195860] [fast_planner_bridge]: [FOLLOWING] pos_ned=(0.07,-0.04,-4.77) target_ned=(0.05,-0.04,-4.65) pos_cmd_age=0.01s
[INFO] [1788682561.410074643] [fast_planner_bridge]: [FOLLOWING] pos_ned=(0.07,-0.04,-4.65) target_ned=(0.05,-0.04,-4.65) pos_cmd_age=0.01s
[INFO] [1788682562.410238213] [fast_planner_bridge]: [FOLLOWING] pos_ned=(0.08,-0.03,-4.59) target_ned=(0.09,-0.03,-4.60) pos_cmd_age=0.01s
[INFO] [1788682563.410144405] [fast_planner_bridge]: [FOLLOWING] pos_ned=(0.23,-0.10,-4.57) target_ned=(0.31,-0.14,-4.59) pos_cmd_age=0.01s
[INFO] [1788682564.410060240] [fast_planner_bridge]: [FOLLOWING] pos_ned=(0.78,-0.33,-4.56) target_ned=(0.85,-0.29,-4.58) pos_cmd_age=0.01s
[INFO] [1788682565.410018199] [fast_planner_bridge]: [FOLLOWING] pos_ned=(1.44,-0.35,-4.60) target_ned=(1.45,-0.25,-4.62) pos_cmd_age=0.01s
[INFO] [1788682566.410253472] [fast_planner_bridge]: [FOLLOWING] pos_ned=(1.83,-0.14,-4.65) target_ned=(1.81,-0.06,-4.68) pos_cmd_age=0.01s
[INFO] [1788682567.410065207] [fast_planner_bridge]: [FOLLOWING] pos_ned=(1.95,0.26,-4.74) target_ned=(1.98,0.34,-4.75) pos_cmd_age=0.01s
[INFO] [1788682568.410054230] [fast_planner_bridge]: [FOLLOWING] pos_ned=(2.17,0.89,-4.81) target_ned=(2.17,0.91,-4.81) pos_cmd_age=0.01s
[INFO] [1788682569.410200053] [fast_planner_bridge]: [FOLLOWING] pos_ned=(2.49,1.49,-4.82) target_ned=(2.44,1.50,-4.83) pos_cmd_age=0.01s
[INFO] [1788682570.409813123] [fast_planner_bridge]: [FOLLOWING] pos_ned=(2.88,2.00,-4.81) target_ned=(2.87,2.03,-4.83) pos_cmd_age=0.01s
[INFO] [1788682571.409952906] [fast_planner_bridge]: [FOLLOWING] pos_ned=(3.39,2.42,-4.83) target_ned=(3.39,2.52,-4.83) pos_cmd_age=0.01s
[INFO] [1788682572.409901207] [fast_planner_bridge]: [FOLLOWING] pos_ned=(3.90,2.88,-4.88) target_ned=(3.94,2.97,-4.87) pos_cmd_age=0.01s
[INFO] [1788682573.410096787] [fast_planner_bridge]: [FOLLOWING] pos_ned=(4.50,3.29,-4.94) target_ned=(4.59,3.39,-4.93) pos_cmd_age=0.01s
[INFO] [1788682574.410017941] [fast_planner_bridge]: [FOLLOWING] pos_ned=(5.22,3.71,-4.98) target_ned=(5.32,3.74,-4.98) pos_cmd_age=0.01s
[INFO] [1788682575.410448344] [fast_planner_bridge]: [FOLLOWING] pos_ned=(5.90,3.90,-4.98) target_ned=(5.95,3.90,-4.99) pos_cmd_age=0.01s
[INFO] [1788682576.410064571] [fast_planner_bridge]: [FOLLOWING] pos_ned=(6.25,3.95,-4.94) target_ned=(6.34,3.87,-4.96) pos_cmd_age=0.01s
[INFO] [1788682577.410334068] [fast_planner_bridge]: [FOLLOWING] pos_ned=(6.56,3.91,-4.91) target_ned=(6.71,3.78,-4.92) pos_cmd_age=0.01s
[INFO] [1788682578.409986388] [fast_planner_bridge]: [FOLLOWING] pos_ned=(7.15,3.80,-4.89) target_ned=(7.25,3.72,-4.89) pos_cmd_age=0.01s
[INFO] [1788682579.409958233] [fast_planner_bridge]: [FOLLOWING] pos_ned=(7.82,3.75,-4.90) target_ned=(7.87,3.69,-4.90) pos_cmd_age=0.01s
[INFO] [1788682580.410018612] [fast_planner_bridge]: [FOLLOWING] pos_ned=(8.46,3.56,-4.96) target_ned=(8.45,3.51,-4.92) pos_cmd_age=0.01s
[INFO] [1788682581.409868886] [fast_planner_bridge]: [FOLLOWING] pos_ned=(8.80,3.25,-4.96) target_ned=(8.72,3.26,-4.93) pos_cmd_age=0.01s
[INFO] [1788682582.410302981] [fast_planner_bridge]: [FOLLOWING] pos_ned=(8.81,3.21,-4.93) target_ned=(8.76,3.21,-4.93) pos_cmd_age=0.01s
[INFO] [1788682583.409996910] [fast_planner_bridge]: [FOLLOWING] pos_ned=(8.83,3.30,-4.93) target_ned=(8.85,3.16,-4.93) pos_cmd_age=0.01s
[INFO] [1788682584.410047615] [fast_planner_bridge]: [FOLLOWING] pos_ned=(9.22,2.95,-4.93) target_ned=(9.22,2.81,-4.94) pos_cmd_age=0.01s
[INFO] [1788682585.410215748] [fast_planner_bridge]: [FOLLOWING] pos_ned=(9.77,2.22,-4.95) target_ned=(9.73,2.30,-4.95) pos_cmd_age=0.01s
[INFO] [1788682586.409894846] [fast_planner_bridge]: [FOLLOWING] pos_ned=(9.98,1.97,-4.96) target_ned=(9.89,1.99,-4.96) pos_cmd_age=0.01s
[INFO] [1788682587.410045466] [fast_planner_bridge]: [FOLLOWING] pos_ned=(9.68,1.86,-4.86) target_ned=(9.57,1.67,-4.96) pos_cmd_age=0.01s
[INFO] [1788682588.410008304] [fast_planner_bridge]: [FOLLOWING] pos_ned=(9.08,1.21,-4.82) target_ned=(8.98,1.03,-4.96) pos_cmd_age=0.01s
[WARN] [1788682588.432900863] [fast_planner_bridge]: Shutdown signal 15 received -- ceasing ARM requests, commanding AUTO.LAND, will disarm and exit once landed. If this doesn't complete and the vehicle needs to come down NOW, use emergency_stop.py instead of repeating this signal.
[INFO] [1788682588.659965250] [fast_planner_bridge]: Requesting AUTO.LAND... nav_state=14
[INFO] [1788682588.709789956] [fast_planner_bridge]: AUTO.LAND confirmed -- ceasing offboard setpoints, handing off to the autopilot.
[INFO] [1788682590.409666709] [fast_planner_bridge]: Waiting for disarm (backstop disarm sent)... arming_state=2
