[INFO] [1788682541.165419220] [vslam_compare]: vslam_compare: logging per-message CSV to /workspaces/isaac_ros-dev/results/feasibility_gate/gate_sweep_poor_extreme_r11/vslam_compare.csv (exp_id='gate_sweep_poor_extreme_r11')
[INFO] [1788682541.183631160] [vslam_compare]: vslam_compare ready -- watching /visual_slam/tracking/odometry vs /ground_truth/odom
[WARN] [1788682542.184163643] [vslam_compare]: No /ground_truth/odom data yet.
[INFO] [1788682542.628832574] [vslam_compare]: cuVSLAM origin set: (0.0, 0.0, 0.0) -- tracking initialized
[INFO] [1788682543.198945720] [vslam_compare]: Ground truth origin set: (0.004230311140418053, -0.045264434069395065, 0.00644470751285553)
[INFO] [1788682544.183903476] [vslam_compare]: gt=(-0.01, 0.0, 0.01) vslam=(0.0, 0.0, 0.0) error=0.013m max_error=0.013m (n=1)
[INFO] [1788682545.183747048] [vslam_compare]: gt=(-0.02, 0.01, 0.01) vslam=(0.0, 0.0, 0.0) error=0.021m max_error=0.021m (n=2)
[INFO] [1788682546.183733960] [vslam_compare]: gt=(-0.01, 0.01, 0.02) vslam=(0.0, 0.0, 0.0) error=0.022m max_error=0.022m (n=3)
[INFO] [1788682547.183946184] [vslam_compare]: gt=(-0.01, 0.02, 0.02) vslam=(0.0, 0.0, 0.0) error=0.031m max_error=0.031m (n=4)
[INFO] [1788682548.183910185] [vslam_compare]: gt=(-0.02, 0.04, 0.04) vslam=(0.0, 0.0, 0.0) error=0.059m max_error=0.059m (n=5)
[INFO] [1788682549.183859129] [vslam_compare]: gt=(-0.01, 0.06, 0.05) vslam=(0.0, 0.0, 0.0) error=0.077m max_error=0.077m (n=6)
[INFO] [1788682550.183934621] [vslam_compare]: gt=(-0.01, 0.05, 0.05) vslam=(0.0, 0.0, 0.0) error=0.068m max_error=0.077m (n=7)
[INFO] [1788682551.183707858] [vslam_compare]: gt=(-0.01, 0.05, 0.05) vslam=(0.0, 0.0, 0.0) error=0.076m max_error=0.077m (n=8)
[INFO] [1788682552.183810966] [vslam_compare]: gt=(-0.0, 0.04, 0.06) vslam=(0.0, 0.0, 0.0) error=0.072m max_error=0.077m (n=9)
[INFO] [1788682553.183943841] [vslam_compare]: gt=(0.02, 0.02, 0.06) vslam=(0.02, -0.02, -0.09) error=0.157m max_error=0.157m (n=10)
[INFO] [1788682554.184156017] [vslam_compare]: gt=(0.1, 0.03, 0.12) vslam=(0.22, -0.14, -0.0) error=0.245m max_error=0.245m (n=11)
[INFO] [1788682555.183962437] [vslam_compare]: gt=(0.08, 0.02, 1.2) vslam=(0.31, -0.37, 0.9) error=0.543m max_error=0.543m (n=12)
[INFO] [1788682556.183973111] [vslam_compare]: gt=(-0.02, -0.06, 2.97) vslam=(-0.28, -0.59, 2.49) error=0.759m max_error=0.759m (n=13)
[INFO] [1788682557.184038381] [vslam_compare]: gt=(-0.09, -0.03, 3.94) vslam=(-0.63, -0.52, 3.74) error=0.748m max_error=0.759m (n=14)
[INFO] [1788682558.183729203] [vslam_compare]: gt=(-0.07, 0.04, 4.36) vslam=(-0.67, -0.37, 4.26) error=0.735m max_error=0.759m (n=15)
[INFO] [1788682559.183884127] [vslam_compare]: gt=(-0.04, 0.09, 4.59) vslam=(-0.82, -0.24, 4.35) error=0.875m max_error=0.875m (n=16)
[INFO] [1788682560.184186752] [vslam_compare]: gt=(-0.04, 0.11, 4.74) vslam=(-1.03, -0.39, 4.23) error=1.219m max_error=1.219m (n=17)
[INFO] [1788682561.184227480] [vslam_compare]: gt=(-0.04, 0.12, 4.68) vslam=(-1.11, -0.33, 3.73) error=1.500m max_error=1.500m (n=18)
[INFO] [1788682562.183729884] [vslam_compare]: gt=(-0.04, 0.13, 4.59) vslam=(-1.34, -0.3, 3.42) error=1.808m max_error=1.808m (n=19)
[INFO] [1788682563.183944898] [vslam_compare]: gt=(-0.07, 0.22, 4.57) vslam=(-1.43, -0.28, 3.2) error=1.988m max_error=1.988m (n=20)
[INFO] [1788682564.183849424] [vslam_compare]: gt=(-0.29, 0.69, 4.55) vslam=(-1.62, 0.12, 3.04) error=2.089m max_error=2.089m (n=21)
[INFO] [1788682565.183953669] [vslam_compare]: gt=(-0.38, 1.36, 4.58) vslam=(-1.75, 0.78, 3.01) error=2.164m max_error=2.164m (n=22)
[INFO] [1788682566.183972800] [vslam_compare]: gt=(-0.2, 1.82, 4.63) vslam=(-1.59, 1.36, 3.04) error=2.157m max_error=2.164m (n=23)
[INFO] [1788682567.184147247] [vslam_compare]: gt=(0.14, 1.97, 4.71) vslam=(-1.88, 2.19, 3.01) error=2.650m max_error=2.650m (n=24)
[INFO] [1788682568.184298736] [vslam_compare]: gt=(0.75, 2.15, 4.8) vslam=(-0.98, 2.19, 2.8) error=2.646m max_error=2.650m (n=25)
[INFO] [1788682569.183919718] [vslam_compare]: gt=(1.36, 2.47, 4.81) vslam=(-1.0, 2.42, 2.57) error=3.259m max_error=3.259m (n=26)
[INFO] [1788682570.183829176] [vslam_compare]: gt=(1.88, 2.82, 4.81) vslam=(-1.19, 2.56, 2.02) error=4.156m max_error=4.156m (n=27)
[INFO] [1788682571.184015368] [vslam_compare]: gt=(2.33, 3.32, 4.82) vslam=(-1.37, 2.66, 1.87) error=4.774m max_error=4.774m (n=28)
[INFO] [1788682572.183832876] [vslam_compare]: gt=(2.78, 3.83, 4.86) vslam=(-1.45, 2.7, 1.8) error=5.338m max_error=5.338m (n=29)
[INFO] [1788682573.184032967] [vslam_compare]: gt=(3.18, 4.39, 4.92) vslam=(7.05, 17.63, -1.88) error=15.378m max_error=15.378m (n=30)
[INFO] [1788682574.184046796] [vslam_compare]: gt=(3.62, 5.09, 4.96) vslam=(-42613.91, -13376.16, 42668.36) error=61769.544m max_error=61769.544m (n=31)
[INFO] [1788682575.183910511] [vslam_compare]: gt=(3.88, 5.83, 4.98) vslam=(-42610.41, -13388.18, 42669.03) error=61770.525m max_error=61770.525m (n=32)
[INFO] [1788682576.183918863] [vslam_compare]: gt=(3.94, 6.24, 4.95) vslam=(-42609.41, -13388.46, 42669.1) error=61770.110m max_error=61770.525m (n=33)
[INFO] [1788682577.184166130] [vslam_compare]: gt=(3.91, 6.52, 4.91) vslam=(-42611.34, -13377.16, 42665.02) error=61766.235m max_error=61770.525m (n=34)
[INFO] [1788682578.184036991] [vslam_compare]: gt=(3.82, 7.03, 4.89) vslam=(-42611.83, -13371.32, 42663.42) error=61764.264m max_error=61770.525m (n=35)
[INFO] [1788682579.183971057] [vslam_compare]: gt=(3.75, 7.73, 4.89) vslam=(-42612.27, -13368.91, 42662.55) error=61763.549m max_error=61770.525m (n=36)
[INFO] [1788682580.183962910] [vslam_compare]: gt=(3.62, 8.39, 4.95) vslam=(-42619.98, -13371.46, 42660.7) error=61768.151m max_error=61770.525m (n=37)
[INFO] [1788682581.183844794] [vslam_compare]: gt=(3.29, 8.8, 4.96) vslam=(-42617.68, -13403.47, 42665.64) error=61776.780m max_error=61776.780m (n=38)
[INFO] [1788682582.183917816] [vslam_compare]: gt=(3.18, 8.88, 4.93) vslam=(-42603.23, -13422.3, 42674.34) error=61776.871m max_error=61776.871m (n=39)
[INFO] [1788682583.183911046] [vslam_compare]: gt=(3.31, 8.83, 4.92) vslam=(-42532.59, -13615.44, 42666.29) error=61765.007m max_error=61776.871m (n=40)
[INFO] [1788682584.183841307] [vslam_compare]: gt=(3.09, 9.14, 4.92) vslam=(-42464.55, -13860.25, 42645.05) error=61757.914m max_error=61776.871m (n=41)
Traceback (most recent call last):
  File "/workspaces/isaac_ros-dev/ros2_ws/install/px4_vslam_bridge/lib/python3.10/site-packages/px4_vslam_bridge/vslam_compare.py", line 194, in main
    rclpy.spin(node)
  File "/opt/ros/humble/local/lib/python3.10/dist-packages/rclpy/__init__.py", line 229, in spin
    executor.spin_once()
  File "/opt/ros/humble/local/lib/python3.10/dist-packages/rclpy/executors.py", line 808, in spin_once
    self._spin_once_impl(timeout_sec)
  File "/opt/ros/humble/local/lib/python3.10/dist-packages/rclpy/executors.py", line 797, in _spin_once_impl
    handler, entity, node = self.wait_for_ready_callbacks(timeout_sec=timeout_sec)
  File "/opt/ros/humble/local/lib/python3.10/dist-packages/rclpy/executors.py", line 780, in wait_for_ready_callbacks
    return next(self._cb_iter)
  File "/opt/ros/humble/local/lib/python3.10/dist-packages/rclpy/executors.py", line 681, in _wait_for_ready_callbacks
    raise ExternalShutdownException()
rclpy.executors.ExternalShutdownException

During handling of the above exception, another exception occurred:

Traceback (most recent call last):
  File "/workspaces/isaac_ros-dev/ros2_ws/install/px4_vslam_bridge/lib/px4_vslam_bridge/vslam_compare", line 33, in <module>
    sys.exit(load_entry_point('px4-vslam-bridge==0.1.0', 'console_scripts', 'vslam_compare')())
  File "/workspaces/isaac_ros-dev/ros2_ws/install/px4_vslam_bridge/lib/python3.10/site-packages/px4_vslam_bridge/vslam_compare.py", line 199, in main
    rclpy.shutdown()
  File "/opt/ros/humble/local/lib/python3.10/dist-packages/rclpy/__init__.py", line 130, in shutdown
    _shutdown(context=context)
  File "/opt/ros/humble/local/lib/python3.10/dist-packages/rclpy/utilities.py", line 58, in shutdown
    return context.shutdown()
  File "/opt/ros/humble/local/lib/python3.10/dist-packages/rclpy/context.py", line 102, in shutdown
    self.__context.shutdown()
rclpy._rclpy_pybind11.RCLError: failed to shutdown: rcl_shutdown already called on the given context, at ./src/rcl/init.c:241
