[INFO] [1788688873.997536690] [fast_planner_bridge]: fast_planner_bridge ready -- will capture home at arm time and climb (0.0, 0.0, -5.0) NED relative to it, then follow /planning/pos_cmd from Fast-Planner
[INFO] [1788688873.997934775] [fast_planner_bridge]: >>> Press ENTER to arm and fly (or set OFFBOARD_AUTO_START=1) <<<
[INFO] [1788688878.015827113] [fast_planner_bridge]: OFFBOARD + ARMED confirmed -- home_ned=(0.018039682880043983, -0.020210441201925278, -0.007176071405410767), climbing to (0.018039682880043983, -0.020210441201925278, -5.007176071405411).
[INFO] [1788688878.966324667] [fast_planner_bridge]: [CLIMBING] pos_ned=(0.02,-0.02,-0.01) dist=4.99m
[INFO] [1788688879.965733602] [fast_planner_bridge]: [CLIMBING] pos_ned=(0.01,-0.01,-0.01) dist=4.99m
[INFO] [1788688880.966388533] [fast_planner_bridge]: [CLIMBING] pos_ned=(0.01,-0.01,-0.01) dist=5.00m
[INFO] [1788688881.966022035] [fast_planner_bridge]: [CLIMBING] pos_ned=(0.01,0.01,-0.02) dist=4.99m
[INFO] [1788688882.966222643] [fast_planner_bridge]: [CLIMBING] pos_ned=(0.04,0.11,-0.07) dist=4.94m
[INFO] [1788688883.966226555] [fast_planner_bridge]: [CLIMBING] pos_ned=(0.02,0.08,-1.09) dist=3.92m
[INFO] [1788688884.966293940] [fast_planner_bridge]: [CLIMBING] pos_ned=(-0.09,0.01,-2.92) dist=2.09m
[INFO] [1788688885.965883293] [fast_planner_bridge]: [CLIMBING] pos_ned=(-0.08,-0.06,-3.91) dist=1.10m
[INFO] [1788688886.966367515] [fast_planner_bridge]: [CLIMBING] pos_ned=(-0.03,-0.09,-4.30) dist=0.71m
[INFO] [1788688887.965794311] [fast_planner_bridge]: [CLIMBING] pos_ned=(0.03,-0.07,-4.54) dist=0.47m
[INFO] [1788688888.965844908] [fast_planner_bridge]: [CLIMBING] pos_ned=(0.09,-0.05,-4.70) dist=0.32m
[INFO] [1788688889.116028399] [fast_planner_bridge]: Climb complete (dist=0.30m) -- following Fast-Planner.
[INFO] [1788688889.966214615] [fast_planner_bridge]: [FOLLOWING] pos_ned=(0.10,-0.05,-4.64) target_ned=(0.06,-0.06,-4.62) pos_cmd_age=0.00s
[INFO] [1788688890.966572063] [fast_planner_bridge]: [FOLLOWING] pos_ned=(0.08,-0.08,-4.57) target_ned=(0.08,-0.04,-4.62) pos_cmd_age=0.00s
[INFO] [1788688891.966200960] [fast_planner_bridge]: [FOLLOWING] pos_ned=(0.29,0.11,-4.60) target_ned=(0.37,0.16,-4.62) pos_cmd_age=0.00s
[INFO] [1788688892.966165379] [fast_planner_bridge]: [FOLLOWING] pos_ned=(0.86,0.40,-4.62) target_ned=(0.92,0.43,-4.64) pos_cmd_age=0.00s
[INFO] [1788688893.966248062] [fast_planner_bridge]: [FOLLOWING] pos_ned=(1.61,0.63,-4.64) target_ned=(1.62,0.76,-4.67) pos_cmd_age=0.00s
[INFO] [1788688894.966223127] [fast_planner_bridge]: [FOLLOWING] pos_ned=(2.31,0.98,-4.68) target_ned=(2.36,1.09,-4.72) pos_cmd_age=0.00s
[INFO] [1788688895.966414209] [fast_planner_bridge]: [FOLLOWING] pos_ned=(2.94,1.29,-4.72) target_ned=(2.98,1.35,-4.75) pos_cmd_age=0.00s
[INFO] [1788688896.965954597] [fast_planner_bridge]: [FOLLOWING] pos_ned=(3.32,1.52,-4.74) target_ned=(3.41,1.50,-4.76) pos_cmd_age=0.00s
[INFO] [1788688897.966021973] [fast_planner_bridge]: [FOLLOWING] pos_ned=(3.74,1.66,-4.74) target_ned=(3.86,1.62,-4.76) pos_cmd_age=0.00s
[INFO] [1788688898.965860946] [fast_planner_bridge]: [FOLLOWING] pos_ned=(4.30,1.81,-4.78) target_ned=(4.34,1.73,-4.79) pos_cmd_age=0.00s
[INFO] [1788688899.966067590] [fast_planner_bridge]: [FOLLOWING] pos_ned=(4.81,1.91,-4.82) target_ned=(4.81,1.84,-4.83) pos_cmd_age=0.00s
[INFO] [1788688900.966355689] [fast_planner_bridge]: [FOLLOWING] pos_ned=(5.33,1.97,-4.85) target_ned=(5.40,1.92,-4.86) pos_cmd_age=0.00s
[INFO] [1788688901.965828605] [fast_planner_bridge]: [FOLLOWING] pos_ned=(6.07,2.00,-4.88) target_ned=(6.13,1.97,-4.89) pos_cmd_age=0.00s
[INFO] [1788688902.966147338] [fast_planner_bridge]: [FOLLOWING] pos_ned=(6.72,1.94,-4.92) target_ned=(6.72,1.92,-4.91) pos_cmd_age=0.00s
[INFO] [1788688903.965987407] [fast_planner_bridge]: [FOLLOWING] pos_ned=(7.02,1.75,-4.93) target_ned=(6.98,1.74,-4.93) pos_cmd_age=0.00s
[INFO] [1788688904.966033966] [fast_planner_bridge]: [FOLLOWING] pos_ned=(7.06,1.75,-4.92) target_ned=(7.00,1.73,-4.93) pos_cmd_age=0.00s
[INFO] [1788688905.965782991] [fast_planner_bridge]: [FOLLOWING] pos_ned=(7.02,1.88,-4.87) target_ned=(7.02,1.75,-4.88) pos_cmd_age=0.00s
[INFO] [1788688906.965792286] [fast_planner_bridge]: [FOLLOWING] pos_ned=(7.20,1.63,-4.81) target_ned=(7.21,1.48,-4.81) pos_cmd_age=0.00s
[INFO] [1788688907.966060478] [fast_planner_bridge]: [FOLLOWING] pos_ned=(7.53,0.99,-4.84) target_ned=(7.54,0.90,-4.82) pos_cmd_age=0.00s
[INFO] [1788688908.966515302] [fast_planner_bridge]: [FOLLOWING] pos_ned=(7.81,0.31,-4.93) target_ned=(7.83,0.32,-4.92) pos_cmd_age=0.00s
[INFO] [1788688909.965942466] [fast_planner_bridge]: [FOLLOWING] pos_ned=(7.97,-0.01,-4.98) target_ned=(7.99,0.02,-4.99) pos_cmd_age=0.00s
[INFO] [1788688910.966101051] [fast_planner_bridge]: [FOLLOWING] pos_ned=(8.00,0.03,-4.99) target_ned=(8.00,0.00,-5.00) pos_cmd_age=0.00s
[INFO] [1788688911.965828453] [fast_planner_bridge]: [FOLLOWING] pos_ned=(8.03,0.04,-5.00) target_ned=(8.00,0.00,-5.00) pos_cmd_age=0.00s
[INFO] [1788688912.966168393] [fast_planner_bridge]: [FOLLOWING] pos_ned=(8.07,-0.04,-5.00) target_ned=(8.00,0.00,-5.00) pos_cmd_age=0.00s
[INFO] [1788688913.965905127] [fast_planner_bridge]: [FOLLOWING] pos_ned=(8.05,-0.07,-5.00) target_ned=(8.00,0.00,-5.00) pos_cmd_age=0.00s
[INFO] [1788688914.965943608] [fast_planner_bridge]: [FOLLOWING] pos_ned=(8.02,-0.07,-5.00) target_ned=(8.00,0.00,-5.00) pos_cmd_age=0.00s
[INFO] [1788688915.966372152] [fast_planner_bridge]: [FOLLOWING] pos_ned=(8.01,-0.05,-4.99) target_ned=(8.00,0.00,-5.00) pos_cmd_age=0.00s
[WARN] [1788688916.460616782] [fast_planner_bridge]: Shutdown signal 15 received -- ceasing ARM requests, commanding AUTO.LAND, will disarm and exit once landed. If this doesn't complete and the vehicle needs to come down NOW, use emergency_stop.py instead of repeating this signal.
[INFO] [1788688916.465857572] [fast_planner_bridge]: Requesting AUTO.LAND... nav_state=14
[INFO] [1788688916.516524620] [fast_planner_bridge]: AUTO.LAND confirmed -- ceasing offboard setpoints, handing off to the autopilot.
[INFO] [1788688917.965915891] [fast_planner_bridge]: Waiting for disarm (backstop disarm sent)... arming_state=2
