[INFO] [1788601176.943467030] [fast_planner_bridge]: fast_planner_bridge ready -- will capture home at arm time and climb (0.0, 0.0, -5.0) NED relative to it, then follow /planning/pos_cmd from Fast-Planner
[INFO] [1788601176.943894604] [fast_planner_bridge]: >>> Press ENTER to arm and fly (or set OFFBOARD_AUTO_START=1) <<<
[WARN] [1788601178.913720968] [fast_planner_bridge]: [tick 40] No data on /fmu/out/vehicle_local_position_v1.
[INFO] [1788601182.413673770] [fast_planner_bridge]: Requesting ARM... arming_state=1
[INFO] [1788601182.513735998] [fast_planner_bridge]: OFFBOARD + ARMED confirmed -- home_ned=(0.01595519483089447, 0.016584422439336777, -0.020360201597213745), climbing to (0.01595519483089447, 0.016584422439336777, -5.020360201597214).
[INFO] [1788601182.913587631] [fast_planner_bridge]: [CLIMBING] pos_ned=(0.02,0.02,-0.02) dist=5.00m
[INFO] [1788601183.913648561] [fast_planner_bridge]: [CLIMBING] pos_ned=(0.03,0.02,-0.01) dist=5.01m
[INFO] [1788601184.914207103] [fast_planner_bridge]: [CLIMBING] pos_ned=(0.04,0.02,-0.02) dist=5.01m
[INFO] [1788601185.913547541] [fast_planner_bridge]: [CLIMBING] pos_ned=(0.05,0.02,-0.02) dist=5.00m
[INFO] [1788601186.913937007] [fast_planner_bridge]: [CLIMBING] pos_ned=(0.04,0.03,-0.02) dist=5.00m
[INFO] [1788601187.913953798] [fast_planner_bridge]: [CLIMBING] pos_ned=(0.04,0.09,-0.08) dist=4.94m
[INFO] [1788601188.914037982] [fast_planner_bridge]: [CLIMBING] pos_ned=(0.02,0.10,-1.07) dist=3.96m
[INFO] [1788601189.913827628] [fast_planner_bridge]: [CLIMBING] pos_ned=(-0.03,0.07,-2.74) dist=2.28m
[INFO] [1788601190.913804469] [fast_planner_bridge]: [CLIMBING] pos_ned=(-0.04,-0.01,-3.84) dist=1.18m
[INFO] [1788601191.913828656] [fast_planner_bridge]: [CLIMBING] pos_ned=(-0.01,-0.03,-4.27) dist=0.75m
[INFO] [1788601192.913839336] [fast_planner_bridge]: [CLIMBING] pos_ned=(0.05,-0.00,-4.50) dist=0.52m
[INFO] [1788601193.913613003] [fast_planner_bridge]: [CLIMBING] pos_ned=(0.06,-0.00,-4.67) dist=0.36m
[INFO] [1788601194.463637714] [fast_planner_bridge]: Climb complete (dist=0.30m) -- following Fast-Planner.
[INFO] [1788601194.913630952] [fast_planner_bridge]: [FOLLOWING] pos_ned=(0.04,0.00,-4.76) target_ned=(0.02,0.02,-5.02) pos_cmd_age=0.00s
[INFO] [1788601195.913925773] [fast_planner_bridge]: [FOLLOWING] pos_ned=(0.03,0.00,-4.83) target_ned=(0.02,0.02,-5.02) pos_cmd_age=0.00s
[INFO] [1788601196.913792176] [fast_planner_bridge]: [FOLLOWING] pos_ned=(0.02,0.02,-4.89) target_ned=(0.02,0.02,-5.02) pos_cmd_age=0.00s
[INFO] [1788601197.913758351] [fast_planner_bridge]: [FOLLOWING] pos_ned=(0.02,0.03,-4.92) target_ned=(0.02,0.02,-5.02) pos_cmd_age=0.00s
[INFO] [1788601198.913971864] [fast_planner_bridge]: [FOLLOWING] pos_ned=(0.02,0.02,-4.95) target_ned=(0.02,0.02,-5.02) pos_cmd_age=0.00s
[INFO] [1788601199.913641353] [fast_planner_bridge]: [FOLLOWING] pos_ned=(0.01,0.01,-4.97) target_ned=(0.02,0.02,-5.02) pos_cmd_age=0.00s
[INFO] [1788601200.913902899] [fast_planner_bridge]: [FOLLOWING] pos_ned=(0.02,0.01,-4.98) target_ned=(0.02,0.02,-5.02) pos_cmd_age=0.00s
[INFO] [1788601201.913489829] [fast_planner_bridge]: [FOLLOWING] pos_ned=(0.03,0.01,-4.99) target_ned=(0.02,0.02,-5.02) pos_cmd_age=0.00s
[INFO] [1788601202.913738987] [fast_planner_bridge]: [FOLLOWING] pos_ned=(0.03,0.02,-5.00) target_ned=(0.02,0.02,-5.02) pos_cmd_age=0.00s
[INFO] [1788601203.913951564] [fast_planner_bridge]: [FOLLOWING] pos_ned=(0.01,0.04,-5.01) target_ned=(0.02,0.02,-5.02) pos_cmd_age=0.00s
[INFO] [1788601204.913885930] [fast_planner_bridge]: [FOLLOWING] pos_ned=(0.01,0.04,-5.02) target_ned=(0.02,0.02,-5.02) pos_cmd_age=0.00s
[INFO] [1788601205.914019234] [fast_planner_bridge]: [FOLLOWING] pos_ned=(0.02,0.03,-5.01) target_ned=(0.02,0.02,-5.02) pos_cmd_age=0.00s
[INFO] [1788601206.913620836] [fast_planner_bridge]: [FOLLOWING] pos_ned=(0.01,0.02,-5.02) target_ned=(0.02,0.02,-5.02) pos_cmd_age=0.00s
[INFO] [1788601207.913776855] [fast_planner_bridge]: [FOLLOWING] pos_ned=(0.00,0.02,-5.03) target_ned=(0.02,0.02,-5.02) pos_cmd_age=0.00s
[INFO] [1788601208.913970000] [fast_planner_bridge]: [FOLLOWING] pos_ned=(-0.01,0.02,-5.03) target_ned=(0.02,0.02,-5.02) pos_cmd_age=0.00s
[INFO] [1788601209.913854498] [fast_planner_bridge]: [FOLLOWING] pos_ned=(-0.01,0.02,-5.01) target_ned=(0.02,0.02,-5.02) pos_cmd_age=0.00s
[INFO] [1788601210.913672339] [fast_planner_bridge]: [FOLLOWING] pos_ned=(0.00,0.00,-5.00) target_ned=(0.02,0.02,-5.02) pos_cmd_age=0.00s
[INFO] [1788601211.913877025] [fast_planner_bridge]: [FOLLOWING] pos_ned=(0.02,-0.02,-5.00) target_ned=(0.02,0.02,-5.02) pos_cmd_age=0.00s
[INFO] [1788601212.914099250] [fast_planner_bridge]: [FOLLOWING] pos_ned=(0.03,-0.01,-5.00) target_ned=(0.02,0.02,-5.02) pos_cmd_age=0.00s
[INFO] [1788601213.913784404] [fast_planner_bridge]: [FOLLOWING] pos_ned=(0.02,0.01,-5.00) target_ned=(0.02,0.02,-5.02) pos_cmd_age=0.00s
[INFO] [1788601214.913935633] [fast_planner_bridge]: [FOLLOWING] pos_ned=(0.02,0.03,-5.02) target_ned=(0.02,0.02,-5.02) pos_cmd_age=0.00s
[INFO] [1788601215.913710395] [fast_planner_bridge]: [FOLLOWING] pos_ned=(0.02,0.04,-5.02) target_ned=(0.02,0.02,-5.02) pos_cmd_age=0.00s
[INFO] [1788601216.913879897] [fast_planner_bridge]: [FOLLOWING] pos_ned=(0.02,0.04,-5.02) target_ned=(0.02,0.02,-5.02) pos_cmd_age=0.00s
[INFO] [1788601217.913589340] [fast_planner_bridge]: [FOLLOWING] pos_ned=(0.02,0.04,-5.02) target_ned=(0.02,0.02,-5.02) pos_cmd_age=0.00s
[INFO] [1788601218.913799971] [fast_planner_bridge]: [FOLLOWING] pos_ned=(0.02,0.03,-5.02) target_ned=(0.02,0.02,-5.02) pos_cmd_age=0.00s
[WARN] [1788601219.098300950] [fast_planner_bridge]: Shutdown signal 15 received -- ceasing ARM requests, commanding AUTO.LAND, will disarm and exit once landed. If this doesn't complete and the vehicle needs to come down NOW, use emergency_stop.py instead of repeating this signal.
[INFO] [1788601219.164001487] [fast_planner_bridge]: Requesting AUTO.LAND... nav_state=14
[INFO] [1788601219.213756526] [fast_planner_bridge]: AUTO.LAND confirmed -- ceasing offboard setpoints, handing off to the autopilot.
[INFO] [1788601220.913797472] [fast_planner_bridge]: Waiting for disarm (backstop disarm sent)... arming_state=2
