[INFO] [1788716888.168401946] [fast_planner_bridge]: fast_planner_bridge ready -- will capture home at arm time and climb (0.0, 0.0, -5.0) NED relative to it, then follow /planning/pos_cmd from Fast-Planner
[INFO] [1788716888.168823111] [fast_planner_bridge]: >>> Press ENTER to arm and fly (or set OFFBOARD_AUTO_START=1) <<<
[INFO] [1788716891.037291427] [fast_planner_bridge]: OFFBOARD + ARMED confirmed -- home_ned=(0.05532943084836006, -0.010291814804077148, -0.016914620995521545), climbing to (0.05532943084836006, -0.010291814804077148, -5.0169146209955215).
[INFO] [1788716891.137519515] [fast_planner_bridge]: [CLIMBING] pos_ned=(0.05,-0.01,-0.02) dist=5.00m
[INFO] [1788716892.137607330] [fast_planner_bridge]: [CLIMBING] pos_ned=(0.05,-0.03,-0.03) dist=4.99m
[INFO] [1788716893.137581118] [fast_planner_bridge]: [CLIMBING] pos_ned=(0.04,-0.05,-0.14) dist=4.88m
[INFO] [1788716894.137599162] [fast_planner_bridge]: [CLIMBING] pos_ned=(0.04,-0.06,-0.21) dist=4.81m
[INFO] [1788716895.137693073] [fast_planner_bridge]: [CLIMBING] pos_ned=(0.03,-0.04,-0.22) dist=4.79m
[INFO] [1788716896.137826731] [fast_planner_bridge]: [CLIMBING] pos_ned=(0.06,0.06,-0.23) dist=4.79m
[INFO] [1788716897.137894063] [fast_planner_bridge]: [CLIMBING] pos_ned=(0.06,0.15,-1.03) dist=3.99m
[INFO] [1788716898.137572233] [fast_planner_bridge]: [CLIMBING] pos_ned=(-0.10,0.05,-2.15) dist=2.87m
[INFO] [1788716899.137767423] [fast_planner_bridge]: [CLIMBING] pos_ned=(0.03,-0.13,-3.47) dist=1.56m
[INFO] [1788716900.137743204] [fast_planner_bridge]: [CLIMBING] pos_ned=(0.54,-0.26,-4.28) dist=0.92m
[INFO] [1788716901.137604468] [fast_planner_bridge]: [CLIMBING] pos_ned=(0.33,-0.16,-4.65) dist=0.48m
[INFO] [1788716901.487940502] [fast_planner_bridge]: Climb complete (dist=0.30m) -- following Fast-Planner.
[INFO] [1788716902.137596253] [fast_planner_bridge]: [FOLLOWING] pos_ned=(-0.12,0.02,-4.69) target_ned=(0.54,-0.26,-4.27) pos_cmd_age=0.01s
[INFO] [1788716903.137746663] [fast_planner_bridge]: [FOLLOWING] pos_ned=(-0.05,-0.05,-4.57) target_ned=(-0.09,0.07,-4.60) pos_cmd_age=0.01s
[INFO] [1788716904.137838302] [fast_planner_bridge]: [FOLLOWING] pos_ned=(0.13,0.01,-4.67) target_ned=(0.09,0.17,-4.61) pos_cmd_age=0.01s
[INFO] [1788716905.137854608] [fast_planner_bridge]: [FOLLOWING] pos_ned=(0.15,0.06,-4.71) target_ned=(0.22,0.09,-4.69) pos_cmd_age=0.01s
[INFO] [1788716906.137503002] [fast_planner_bridge]: [FOLLOWING] pos_ned=(0.44,0.21,-4.75) target_ned=(0.56,0.30,-4.70) pos_cmd_age=0.01s
[INFO] [1788716907.137733561] [fast_planner_bridge]: [FOLLOWING] pos_ned=(1.07,0.52,-4.77) target_ned=(1.16,0.58,-4.74) pos_cmd_age=0.01s
[INFO] [1788716908.137939715] [fast_planner_bridge]: [FOLLOWING] pos_ned=(1.75,0.94,-4.70) target_ned=(1.89,0.91,-4.78) pos_cmd_age=0.01s
[INFO] [1788716909.137521627] [fast_planner_bridge]: [FOLLOWING] pos_ned=(2.51,1.28,-4.75) target_ned=(2.60,1.23,-4.82) pos_cmd_age=0.01s
[INFO] [1788716910.137889463] [fast_planner_bridge]: [FOLLOWING] pos_ned=(3.12,1.52,-4.75) target_ned=(3.18,1.47,-4.83) pos_cmd_age=0.01s
[INFO] [1788716911.137749439] [fast_planner_bridge]: [FOLLOWING] pos_ned=(3.60,1.65,-4.61) target_ned=(3.64,1.56,-4.83) pos_cmd_age=0.01s
[INFO] [1788716912.137668971] [fast_planner_bridge]: [FOLLOWING] pos_ned=(4.09,1.70,-4.70) target_ned=(4.10,1.63,-4.84) pos_cmd_age=0.01s
[INFO] [1788716913.137461452] [fast_planner_bridge]: [FOLLOWING] pos_ned=(4.46,1.82,-4.80) target_ned=(4.44,1.75,-4.87) pos_cmd_age=0.01s
[INFO] [1788716914.137663568] [fast_planner_bridge]: [FOLLOWING] pos_ned=(4.65,1.89,-4.94) target_ned=(4.68,1.82,-4.91) pos_cmd_age=0.01s
[INFO] [1788716915.137664550] [fast_planner_bridge]: [FOLLOWING] pos_ned=(4.97,1.85,-5.05) target_ned=(5.06,1.82,-4.97) pos_cmd_age=0.01s
[INFO] [1788716916.137724688] [fast_planner_bridge]: [FOLLOWING] pos_ned=(5.57,1.87,-5.11) target_ned=(5.66,1.79,-5.02) pos_cmd_age=0.01s
[INFO] [1788716917.137667623] [fast_planner_bridge]: [FOLLOWING] pos_ned=(6.27,1.79,-5.10) target_ned=(5.90,1.79,-5.11) pos_cmd_age=0.01s
[INFO] [1788716918.138000765] [fast_planner_bridge]: [FOLLOWING] pos_ned=(6.56,1.59,-5.05) target_ned=(6.26,1.49,-5.12) pos_cmd_age=0.01s
[INFO] [1788716919.137439830] [fast_planner_bridge]: [FOLLOWING] pos_ned=(6.92,1.14,-5.01) target_ned=(6.88,0.98,-5.11) pos_cmd_age=0.01s
[INFO] [1788716920.137605336] [fast_planner_bridge]: [FOLLOWING] pos_ned=(7.44,0.52,-5.05) target_ned=(7.53,0.44,-5.08) pos_cmd_age=0.01s
[INFO] [1788716921.138148896] [fast_planner_bridge]: [FOLLOWING] pos_ned=(7.74,-0.03,-5.09) target_ned=(7.92,0.08,-5.02) pos_cmd_age=0.01s
[INFO] [1788716922.137712023] [fast_planner_bridge]: [FOLLOWING] pos_ned=(7.84,-0.11,-5.13) target_ned=(8.00,-0.00,-5.00) pos_cmd_age=0.01s
[INFO] [1788716923.137643827] [fast_planner_bridge]: [FOLLOWING] pos_ned=(7.90,-0.01,-5.13) target_ned=(8.00,-0.00,-5.00) pos_cmd_age=0.01s
[INFO] [1788716924.137414686] [fast_planner_bridge]: [FOLLOWING] pos_ned=(8.03,-0.05,-5.11) target_ned=(8.00,-0.00,-5.00) pos_cmd_age=0.01s
[INFO] [1788716925.137716230] [fast_planner_bridge]: [FOLLOWING] pos_ned=(8.07,-0.07,-5.09) target_ned=(8.00,-0.00,-5.00) pos_cmd_age=0.01s
[INFO] [1788716926.137509324] [fast_planner_bridge]: [FOLLOWING] pos_ned=(8.05,-0.05,-5.07) target_ned=(8.00,-0.00,-5.00) pos_cmd_age=0.01s
[WARN] [1788716927.018249157] [fast_planner_bridge]: Shutdown signal 15 received -- ceasing ARM requests, commanding AUTO.LAND, will disarm and exit once landed. If this doesn't complete and the vehicle needs to come down NOW, use emergency_stop.py instead of repeating this signal.
[INFO] [1788716927.137770926] [fast_planner_bridge]: Requesting AUTO.LAND... nav_state=14
[INFO] [1788716927.187958766] [fast_planner_bridge]: AUTO.LAND confirmed -- ceasing offboard setpoints, handing off to the autopilot.
[INFO] [1788716928.137912400] [fast_planner_bridge]: Waiting for disarm (backstop disarm sent)... arming_state=2
[INFO] [1788716930.137543197] [fast_planner_bridge]: Waiting for disarm (backstop disarm sent)... arming_state=2
