[INFO] [1788716881.494864444] [visual_odometry_bridge]: visual_odometry_bridge ready: /visual_slam/tracking/odometry -> /fmu/in/vehicle_visual_odometry
[INFO] [1788716886.363038621] [visual_odometry_bridge]: published 100 vehicle_visual_odometry samples (last NED pos=(0.00,0.00,-0.00))
[WARN] [1788716891.850779780] [visual_odometry_bridge]: Rejected cuVSLAM update: implied speed 15.3 m/s (jumped 0.49m in 32ms) -- holding last known-good position, not forwarding to EKF2. (1 rejected total)
[WARN] [1788716895.365096872] [visual_odometry_bridge]: Rejected cuVSLAM update: implied speed 9.8 m/s (jumped 0.35m in 36ms) -- holding last known-good position, not forwarding to EKF2. (2 rejected total)
[INFO] [1788716896.604315078] [visual_odometry_bridge]: published 300 vehicle_visual_odometry samples (last NED pos=(-0.29,0.66,-0.17))
[WARN] [1788716897.737522192] [visual_odometry_bridge]: Rejected cuVSLAM update: implied speed 17.1 m/s (jumped 0.55m in 32ms) -- holding last known-good position, not forwarding to EKF2. (7 rejected total)
[WARN] [1788716898.780659184] [visual_odometry_bridge]: Rejected cuVSLAM update: implied speed 8.5 m/s (jumped 3.05m in 360ms) -- holding last known-good position, not forwarding to EKF2. (25 rejected total)
[WARN] [1788716899.819114876] [visual_odometry_bridge]: Rejected cuVSLAM update: implied speed 11.6 m/s (jumped 1.52m in 132ms) -- holding last known-good position, not forwarding to EKF2. (31 rejected total)
[INFO] [1788716903.100909307] [visual_odometry_bridge]: published 400 vehicle_visual_odometry samples (last NED pos=(3.22,-1.64,10.26))
[WARN] [1788716906.245275120] [visual_odometry_bridge]: Rejected cuVSLAM update: implied speed 43.4 m/s (jumped 1.39m in 32ms) -- holding last known-good position, not forwarding to EKF2. (37 rejected total)
[INFO] [1788716908.704664744] [visual_odometry_bridge]: published 500 vehicle_visual_odometry samples (last NED pos=(3.21,2.14,10.75))
[WARN] [1788716909.170774939] [visual_odometry_bridge]: Rejected cuVSLAM update: implied speed 10.3 m/s (jumped 0.33m in 32ms) -- holding last known-good position, not forwarding to EKF2. (44 rejected total)
[WARN] [1788716914.216314677] [visual_odometry_bridge]: Rejected cuVSLAM update: implied speed 28.9 m/s (jumped 1.04m in 36ms) -- holding last known-good position, not forwarding to EKF2. (52 rejected total)
[INFO] [1788716914.414836906] [visual_odometry_bridge]: published 600 vehicle_visual_odometry samples (last NED pos=(5.32,6.51,13.47))
[WARN] [1788716916.087382108] [visual_odometry_bridge]: Rejected cuVSLAM update: implied speed 23.8 m/s (jumped 0.86m in 36ms) -- holding last known-good position, not forwarding to EKF2. (56 rejected total)
[WARN] [1788716917.760070067] [visual_odometry_bridge]: Rejected cuVSLAM update: implied speed 10.1 m/s (jumped 0.32m in 32ms) -- holding last known-good position, not forwarding to EKF2. (61 rejected total)
[WARN] [1788716919.336194897] [visual_odometry_bridge]: Rejected cuVSLAM update: implied speed 11.2 m/s (jumped 0.40m in 36ms) -- holding last known-good position, not forwarding to EKF2. (62 rejected total)
Traceback (most recent call last):
  File "/workspaces/isaac_ros-dev/ros2_ws/install/px4_vslam_bridge/lib/python3.10/site-packages/px4_vslam_bridge/visual_odometry_bridge.py", line 160, in main
    rclpy.spin(node)
  File "/opt/ros/humble/local/lib/python3.10/dist-packages/rclpy/__init__.py", line 229, in spin
    executor.spin_once()
  File "/opt/ros/humble/local/lib/python3.10/dist-packages/rclpy/executors.py", line 808, in spin_once
    self._spin_once_impl(timeout_sec)
  File "/opt/ros/humble/local/lib/python3.10/dist-packages/rclpy/executors.py", line 797, in _spin_once_impl
    handler, entity, node = self.wait_for_ready_callbacks(timeout_sec=timeout_sec)
  File "/opt/ros/humble/local/lib/python3.10/dist-packages/rclpy/executors.py", line 780, in wait_for_ready_callbacks
    return next(self._cb_iter)
  File "/opt/ros/humble/local/lib/python3.10/dist-packages/rclpy/executors.py", line 681, in _wait_for_ready_callbacks
    raise ExternalShutdownException()
rclpy.executors.ExternalShutdownException

During handling of the above exception, another exception occurred:

Traceback (most recent call last):
  File "/workspaces/isaac_ros-dev/ros2_ws/install/px4_vslam_bridge/lib/px4_vslam_bridge/visual_odometry_bridge", line 33, in <module>
    sys.exit(load_entry_point('px4-vslam-bridge==0.1.0', 'console_scripts', 'visual_odometry_bridge')())
  File "/workspaces/isaac_ros-dev/ros2_ws/install/px4_vslam_bridge/lib/python3.10/site-packages/px4_vslam_bridge/visual_odometry_bridge.py", line 165, in main
    rclpy.shutdown()
  File "/opt/ros/humble/local/lib/python3.10/dist-packages/rclpy/__init__.py", line 130, in shutdown
    _shutdown(context=context)
  File "/opt/ros/humble/local/lib/python3.10/dist-packages/rclpy/utilities.py", line 58, in shutdown
    return context.shutdown()
  File "/opt/ros/humble/local/lib/python3.10/dist-packages/rclpy/context.py", line 102, in shutdown
    self.__context.shutdown()
rclpy._rclpy_pybind11.RCLError: failed to shutdown: rcl_shutdown already called on the given context, at ./src/rcl/init.c:241
