[INFO] [1788752829.156750743] [r2_killswitch]: r2_killswitch armed: ALTITUDE_LIMIT_M=8.0 HORIZONTAL_LIMIT_M=15.0 ALTITUDE_LOWER_LIMIT_M=-0.5 DESCENT_RATE_LIMIT_MPS=1.5 DIVERGENCE_LIMIT_M=10.0 (bridge-kill-before-disarm, pattern='fast_planner_bridge', breach_file=/workspaces/isaac_ros-dev/results/route2_probe/r2_2_L2_r02/runaway_event.json)
[ERROR] [1788752870.274611822] [r2_killswitch]: BREACH DETECTED: descent_rate=1.547m/s > limit=1.5m/s (altitude=4.574m, divergence=0.021619589451573443) -- killing bridge before disarm
[WARN] [1788752870.300225758] [r2_killswitch]: no fast_planner_bridge process found -- proceeding straight to disarm.
[WARN] [1788752870.301174381] [r2_killswitch]: force-disarm published, breach->sent latency = 26.6 ms
[WARN] [1788752870.306245593] [r2_killswitch]: CUTOFF CONFIRMED: arming_state==DISARMED. latency = 31.5 ms
Traceback (most recent call last):
  File "/workspaces/isaac_ros-dev/tools/route2_probe/r2_killswitch.py", line 236, in <module>
    main()
  File "/workspaces/isaac_ros-dev/tools/route2_probe/r2_killswitch.py", line 228, in main
    rclpy.spin(node)
  File "/opt/ros/humble/local/lib/python3.10/dist-packages/rclpy/__init__.py", line 229, in spin
    executor.spin_once()
  File "/opt/ros/humble/local/lib/python3.10/dist-packages/rclpy/executors.py", line 808, in spin_once
    self._spin_once_impl(timeout_sec)
  File "/opt/ros/humble/local/lib/python3.10/dist-packages/rclpy/executors.py", line 797, in _spin_once_impl
    handler, entity, node = self.wait_for_ready_callbacks(timeout_sec=timeout_sec)
  File "/opt/ros/humble/local/lib/python3.10/dist-packages/rclpy/executors.py", line 780, in wait_for_ready_callbacks
    return next(self._cb_iter)
  File "/opt/ros/humble/local/lib/python3.10/dist-packages/rclpy/executors.py", line 681, in _wait_for_ready_callbacks
    raise ExternalShutdownException()
rclpy.executors.ExternalShutdownException
