[INFO] [1788719445.415575483] [visual_odometry_bridge]: visual_odometry_bridge ready: /visual_slam/tracking/odometry -> /fmu/in/vehicle_visual_odometry
[INFO] [1788719450.673783584] [visual_odometry_bridge]: published 100 vehicle_visual_odometry samples (last NED pos=(0.00,0.00,-0.00))
[WARN] [1788719456.723663444] [visual_odometry_bridge]: Rejected cuVSLAM update: implied speed 21.5 m/s (jumped 0.69m in 32ms) -- holding last known-good position, not forwarding to EKF2. (1 rejected total)
[INFO] [1788719460.132804520] [visual_odometry_bridge]: published 300 vehicle_visual_odometry samples (last NED pos=(0.16,0.04,0.01))
[WARN] [1788719462.212555208] [visual_odometry_bridge]: Rejected cuVSLAM update: implied speed 9.2 m/s (jumped 0.29m in 32ms) -- holding last known-good position, not forwarding to EKF2. (4 rejected total)
[WARN] [1788719463.332831827] [visual_odometry_bridge]: Rejected cuVSLAM update: implied speed 18.8 m/s (jumped 0.60m in 32ms) -- holding last known-good position, not forwarding to EKF2. (17 rejected total)
[WARN] [1788719464.947689154] [visual_odometry_bridge]: Rejected cuVSLAM update: implied speed 87.7 m/s (jumped 2.81m in 32ms) -- holding last known-good position, not forwarding to EKF2. (22 rejected total)
[INFO] [1788719466.236034732] [visual_odometry_bridge]: published 400 vehicle_visual_odometry samples (last NED pos=(-7.36,0.11,4.79))
[WARN] [1788719471.782004950] [visual_odometry_bridge]: Rejected cuVSLAM update: implied speed 15.5 m/s (jumped 0.56m in 36ms) -- holding last known-good position, not forwarding to EKF2. (35 rejected total)
[WARN] [1788719473.404733230] [visual_odometry_bridge]: Rejected cuVSLAM update: implied speed 50.0 m/s (jumped 1.60m in 32ms) -- holding last known-good position, not forwarding to EKF2. (37 rejected total)
[WARN] [1788719475.050483783] [visual_odometry_bridge]: Rejected cuVSLAM update: implied speed 27.6 m/s (jumped 0.88m in 32ms) -- holding last known-good position, not forwarding to EKF2. (43 rejected total)
[WARN] [1788719476.104700918] [visual_odometry_bridge]: Rejected cuVSLAM update: implied speed 49.1 m/s (jumped 1.77m in 36ms) -- holding last known-good position, not forwarding to EKF2. (55 rejected total)
[WARN] [1788719477.105745851] [visual_odometry_bridge]: Rejected cuVSLAM update: implied speed 13.3 m/s (jumped 9.70m in 728ms) -- holding last known-good position, not forwarding to EKF2. (76 rejected total)
[WARN] [1788719478.108100472] [visual_odometry_bridge]: Rejected cuVSLAM update: implied speed 9.5 m/s (jumped 0.30m in 32ms) -- holding last known-good position, not forwarding to EKF2. (92 rejected total)
[INFO] [1788719478.456517112] [visual_odometry_bridge]: published 600 vehicle_visual_odometry samples (last NED pos=(-15.52,3.97,11.47))
[WARN] [1788719479.108816868] [visual_odometry_bridge]: Rejected cuVSLAM update: implied speed 37.6 m/s (jumped 1.20m in 32ms) -- holding last known-good position, not forwarding to EKF2. (96 rejected total)
Traceback (most recent call last):
  File "/workspaces/isaac_ros-dev/ros2_ws/install/px4_vslam_bridge/lib/python3.10/site-packages/px4_vslam_bridge/visual_odometry_bridge.py", line 160, in main
    rclpy.spin(node)
  File "/opt/ros/humble/local/lib/python3.10/dist-packages/rclpy/__init__.py", line 229, in spin
    executor.spin_once()
  File "/opt/ros/humble/local/lib/python3.10/dist-packages/rclpy/executors.py", line 808, in spin_once
    self._spin_once_impl(timeout_sec)
  File "/opt/ros/humble/local/lib/python3.10/dist-packages/rclpy/executors.py", line 797, in _spin_once_impl
    handler, entity, node = self.wait_for_ready_callbacks(timeout_sec=timeout_sec)
  File "/opt/ros/humble/local/lib/python3.10/dist-packages/rclpy/executors.py", line 780, in wait_for_ready_callbacks
    return next(self._cb_iter)
  File "/opt/ros/humble/local/lib/python3.10/dist-packages/rclpy/executors.py", line 681, in _wait_for_ready_callbacks
    raise ExternalShutdownException()
rclpy.executors.ExternalShutdownException

During handling of the above exception, another exception occurred:

Traceback (most recent call last):
  File "/workspaces/isaac_ros-dev/ros2_ws/install/px4_vslam_bridge/lib/px4_vslam_bridge/visual_odometry_bridge", line 33, in <module>
    sys.exit(load_entry_point('px4-vslam-bridge==0.1.0', 'console_scripts', 'visual_odometry_bridge')())
  File "/workspaces/isaac_ros-dev/ros2_ws/install/px4_vslam_bridge/lib/python3.10/site-packages/px4_vslam_bridge/visual_odometry_bridge.py", line 165, in main
    rclpy.shutdown()
  File "/opt/ros/humble/local/lib/python3.10/dist-packages/rclpy/__init__.py", line 130, in shutdown
    _shutdown(context=context)
  File "/opt/ros/humble/local/lib/python3.10/dist-packages/rclpy/utilities.py", line 58, in shutdown
    return context.shutdown()
  File "/opt/ros/humble/local/lib/python3.10/dist-packages/rclpy/context.py", line 102, in shutdown
    self.__context.shutdown()
rclpy._rclpy_pybind11.RCLError: failed to shutdown: rcl_shutdown already called on the given context, at ./src/rcl/init.c:241
