[INFO] [1788599611.042113569] [fast_planner_bridge]: fast_planner_bridge ready -- will capture home at arm time and climb (0.0, 0.0, -5.0) NED relative to it, then follow /planning/pos_cmd from Fast-Planner
[INFO] [1788599611.042519182] [fast_planner_bridge]: >>> Press ENTER to arm and fly (or set OFFBOARD_AUTO_START=1) <<<
[INFO] [1788599615.411493659] [fast_planner_bridge]: OFFBOARD + ARMED confirmed -- home_ned=(-0.0007848987588658929, 0.010516776703298092, -0.001646667718887329), climbing to (-0.0007848987588658929, 0.010516776703298092, -5.001646667718887).
[INFO] [1788599616.011698044] [fast_planner_bridge]: [CLIMBING] pos_ned=(-0.00,0.00,0.00) dist=5.01m
[INFO] [1788599617.011727435] [fast_planner_bridge]: [CLIMBING] pos_ned=(-0.00,-0.00,0.01) dist=5.01m
[INFO] [1788599618.011481646] [fast_planner_bridge]: [CLIMBING] pos_ned=(0.01,-0.00,0.02) dist=5.02m
[INFO] [1788599619.011922348] [fast_planner_bridge]: [CLIMBING] pos_ned=(0.01,-0.00,0.02) dist=5.02m
[INFO] [1788599620.011528974] [fast_planner_bridge]: [CLIMBING] pos_ned=(0.02,0.05,0.03) dist=5.03m
[INFO] [1788599621.011778489] [fast_planner_bridge]: [CLIMBING] pos_ned=(0.05,0.14,-0.48) dist=4.53m
[INFO] [1788599622.011561678] [fast_planner_bridge]: [CLIMBING] pos_ned=(-0.08,0.06,-2.03) dist=2.98m
[INFO] [1788599623.012181655] [fast_planner_bridge]: [CLIMBING] pos_ned=(-0.14,-0.02,-3.47) dist=1.54m
[INFO] [1788599624.011840104] [fast_planner_bridge]: [CLIMBING] pos_ned=(-0.08,-0.03,-4.10) dist=0.90m
[INFO] [1788599625.011748251] [fast_planner_bridge]: [CLIMBING] pos_ned=(-0.00,-0.02,-4.42) dist=0.59m
[INFO] [1788599626.011511005] [fast_planner_bridge]: [CLIMBING] pos_ned=(0.03,-0.04,-4.61) dist=0.39m
[INFO] [1788599626.861580410] [fast_planner_bridge]: Climb complete (dist=0.30m) -- following Fast-Planner.
[INFO] [1788599627.011938720] [fast_planner_bridge]: [FOLLOWING] pos_ned=(0.04,-0.04,-4.72) target_ned=(-0.00,0.01,-5.00) pos_cmd_age=0.00s
[INFO] [1788599628.011676332] [fast_planner_bridge]: [FOLLOWING] pos_ned=(0.04,-0.01,-4.81) target_ned=(-0.00,0.01,-5.00) pos_cmd_age=0.00s
[INFO] [1788599629.011884695] [fast_planner_bridge]: [FOLLOWING] pos_ned=(0.03,0.02,-4.87) target_ned=(-0.00,0.01,-5.00) pos_cmd_age=0.00s
[INFO] [1788599630.012040151] [fast_planner_bridge]: [FOLLOWING] pos_ned=(0.03,0.02,-4.91) target_ned=(-0.00,0.01,-5.00) pos_cmd_age=0.00s
[INFO] [1788599631.011698653] [fast_planner_bridge]: [FOLLOWING] pos_ned=(0.02,0.01,-4.93) target_ned=(-0.00,0.01,-5.00) pos_cmd_age=0.00s
[INFO] [1788599632.011524096] [fast_planner_bridge]: [FOLLOWING] pos_ned=(0.02,0.01,-4.96) target_ned=(-0.00,0.01,-5.00) pos_cmd_age=0.00s
[INFO] [1788599633.011610590] [fast_planner_bridge]: [FOLLOWING] pos_ned=(0.03,0.02,-4.98) target_ned=(-0.00,0.01,-5.00) pos_cmd_age=0.00s
[INFO] [1788599634.011671559] [fast_planner_bridge]: [FOLLOWING] pos_ned=(0.01,0.04,-4.99) target_ned=(-0.00,0.01,-5.00) pos_cmd_age=0.00s
[INFO] [1788599635.011751878] [fast_planner_bridge]: [FOLLOWING] pos_ned=(-0.01,0.04,-5.00) target_ned=(-0.00,0.01,-5.00) pos_cmd_age=0.00s
[INFO] [1788599636.011557306] [fast_planner_bridge]: [FOLLOWING] pos_ned=(-0.00,0.02,-5.01) target_ned=(-0.00,0.01,-5.00) pos_cmd_age=0.00s
[INFO] [1788599637.011674232] [fast_planner_bridge]: [FOLLOWING] pos_ned=(-0.01,0.00,-5.00) target_ned=(-0.00,0.01,-5.00) pos_cmd_age=0.00s
[INFO] [1788599638.011633820] [fast_planner_bridge]: [FOLLOWING] pos_ned=(-0.01,-0.01,-5.00) target_ned=(-0.00,0.01,-5.00) pos_cmd_age=0.00s
[INFO] [1788599639.012081823] [fast_planner_bridge]: [FOLLOWING] pos_ned=(-0.01,0.00,-5.00) target_ned=(-0.00,0.01,-5.00) pos_cmd_age=0.00s
[INFO] [1788599640.011975863] [fast_planner_bridge]: [FOLLOWING] pos_ned=(-0.01,-0.00,-4.99) target_ned=(-0.00,0.01,-5.00) pos_cmd_age=0.00s
[INFO] [1788599641.011884194] [fast_planner_bridge]: [FOLLOWING] pos_ned=(-0.02,-0.00,-4.99) target_ned=(-0.00,0.01,-5.00) pos_cmd_age=0.00s
[INFO] [1788599642.011884203] [fast_planner_bridge]: [FOLLOWING] pos_ned=(-0.02,0.00,-4.99) target_ned=(-0.00,0.01,-5.00) pos_cmd_age=0.00s
[INFO] [1788599643.011787170] [fast_planner_bridge]: [FOLLOWING] pos_ned=(-0.01,0.01,-4.98) target_ned=(-0.00,0.01,-5.00) pos_cmd_age=0.00s
[INFO] [1788599644.011814267] [fast_planner_bridge]: [FOLLOWING] pos_ned=(-0.01,0.01,-4.99) target_ned=(-0.00,0.01,-5.00) pos_cmd_age=0.00s
[INFO] [1788599645.011638450] [fast_planner_bridge]: [FOLLOWING] pos_ned=(-0.01,0.02,-5.00) target_ned=(-0.00,0.01,-5.00) pos_cmd_age=0.00s
[INFO] [1788599646.012070235] [fast_planner_bridge]: [FOLLOWING] pos_ned=(-0.01,0.01,-5.01) target_ned=(-0.00,0.01,-5.00) pos_cmd_age=0.00s
[INFO] [1788599647.011685997] [fast_planner_bridge]: [FOLLOWING] pos_ned=(-0.02,0.01,-5.00) target_ned=(-0.00,0.01,-5.00) pos_cmd_age=0.00s
[INFO] [1788599648.011751400] [fast_planner_bridge]: [FOLLOWING] pos_ned=(-0.00,0.02,-5.01) target_ned=(-0.00,0.01,-5.00) pos_cmd_age=0.00s
[INFO] [1788599649.011755970] [fast_planner_bridge]: [FOLLOWING] pos_ned=(0.01,0.00,-5.01) target_ned=(-0.00,0.01,-5.00) pos_cmd_age=0.00s
[INFO] [1788599650.012028684] [fast_planner_bridge]: [FOLLOWING] pos_ned=(0.02,0.01,-5.01) target_ned=(-0.00,0.01,-5.00) pos_cmd_age=0.00s
[INFO] [1788599651.011631655] [fast_planner_bridge]: [FOLLOWING] pos_ned=(-0.00,0.02,-5.00) target_ned=(-0.00,0.01,-5.00) pos_cmd_age=0.00s
[INFO] [1788599652.011409683] [fast_planner_bridge]: [FOLLOWING] pos_ned=(-0.02,0.02,-5.00) target_ned=(-0.00,0.01,-5.00) pos_cmd_age=0.00s
[INFO] [1788599653.011681445] [fast_planner_bridge]: [FOLLOWING] pos_ned=(-0.03,0.03,-5.00) target_ned=(-0.00,0.01,-5.00) pos_cmd_age=0.00s
[WARN] [1788599653.811488291] [fast_planner_bridge]: Shutdown signal 15 received -- ceasing ARM requests, commanding AUTO.LAND, will disarm and exit once landed. If this doesn't complete and the vehicle needs to come down NOW, use emergency_stop.py instead of repeating this signal.
[INFO] [1788599654.011807242] [fast_planner_bridge]: Requesting AUTO.LAND... nav_state=14
[INFO] [1788599654.061468089] [fast_planner_bridge]: AUTO.LAND confirmed -- ceasing offboard setpoints, handing off to the autopilot.
[INFO] [1788599655.011634333] [fast_planner_bridge]: Waiting for disarm (backstop disarm sent)... arming_state=2
[INFO] [1788599657.011377353] [fast_planner_bridge]: Waiting for disarm (backstop disarm sent)... arming_state=2
