stdin is not a terminal device. Keyboard handling disabled.[INFO] [1788525817.551906850] [rosbag2_recorder]: Press SPACE for pausing/resuming
[INFO] [1788525817.558281834] [rosbag2_storage]: Opened database '/workspaces/isaac_ros-dev/results/feasibility_gate/g3_1_baseline_20260904/rosbag/rosbag_0.db3' for READ_WRITE.
[INFO] [1788525817.560578636] [rosbag2_recorder]: Listening for topics...
[INFO] [1788525817.561027185] [rosbag2_recorder]: Event publisher thread: Starting
[INFO] [1788525817.564856116] [rosbag2_recorder]: Subscribed to topic '/stereo/right/image'
[INFO] [1788525817.565528779] [rosbag2_recorder]: Subscribed to topic '/stereo/right/camera_info'
[INFO] [1788525817.567040410] [rosbag2_recorder]: Subscribed to topic '/tf_static'
[INFO] [1788525817.567652381] [rosbag2_recorder]: Subscribed to topic '/stereo/left/image'
[INFO] [1788525817.568237171] [rosbag2_recorder]: Subscribed to topic '/stereo/left/camera_info'
[INFO] [1788525817.568790713] [rosbag2_recorder]: Subscribed to topic '/tf'
[INFO] [1788525817.569956556] [rosbag2_recorder]: Subscribed to topic '/ground_truth/odom'
[INFO] [1788525817.571180346] [rosbag2_recorder]: Subscribed to topic '/clock'
[INFO] [1788525817.571302462] [rosbag2_recorder]: Recording...
[INFO] [1788525818.593447100] [rosbag2_recorder]: Subscribed to topic '/visual_slam/status'
[INFO] [1788525818.594370175] [rosbag2_recorder]: Subscribed to topic '/visual_slam/tracking/odometry'
[INFO] [1788525818.595213372] [rosbag2_recorder]: Subscribed to topic '/visual_slam/vis/observations_cloud'
[INFO] [1788525819.324938972] [rosbag2_recorder]: Subscribed to topic '/fmu/out/estimator_status_flags'
[INFO] [1788525819.324982042] [rosbag2_recorder]: All requested topics are subscribed. Stopping discovery...
[INFO] [1788525827.953022757] [rosbag2_cpp]: Writing remaining messages from cache to the bag. It may take a while
[INFO] [1788525827.957250561] [rosbag2_recorder]: Event publisher thread: Exiting
[INFO] [1788525827.957312245] [rosbag2_recorder]: Recording stopped
