[INFO] [1788751039.576573010] [vslam_compare]: vslam_compare: logging per-message CSV to /workspaces/isaac_ros-dev/results/route2_probe/r2_2_L1_r08/vslam_compare.csv (exp_id='r2_2_L1_r08')
[INFO] [1788751039.596756560] [vslam_compare]: vslam_compare ready -- watching /visual_slam/tracking/odometry vs /ground_truth/odom
[INFO] [1788751039.597686364] [vslam_compare]: Ground truth origin set: (-0.010671940632164478, 0.026352083310484886, 0.09374529123306274)
[INFO] [1788751040.129399976] [vslam_compare]: cuVSLAM origin set: (0.0, 0.0, 0.0) -- tracking initialized
[INFO] [1788751040.597167605] [vslam_compare]: gt=(0.01, -0.0, -0.0) vslam=(0.0, 0.0, 0.0) error=0.010m max_error=0.010m (n=1)
[INFO] [1788751041.596884517] [vslam_compare]: gt=(0.02, -0.01, -0.01) vslam=(0.0, 0.0, 0.0) error=0.024m max_error=0.024m (n=2)
[INFO] [1788751042.596982107] [vslam_compare]: gt=(0.03, -0.01, -0.01) vslam=(0.0, 0.0, 0.0) error=0.030m max_error=0.030m (n=3)
[INFO] [1788751043.597029702] [vslam_compare]: gt=(0.03, -0.01, -0.01) vslam=(0.0, 0.0, 0.0) error=0.031m max_error=0.031m (n=4)
[INFO] [1788751044.597019979] [vslam_compare]: gt=(0.01, -0.0, -0.01) vslam=(0.0, 0.0, 0.0) error=0.020m max_error=0.031m (n=5)
[INFO] [1788751045.597297024] [vslam_compare]: gt=(0.01, 0.0, -0.02) vslam=(0.0, 0.0, 0.0) error=0.017m max_error=0.031m (n=6)
[INFO] [1788751046.596999143] [vslam_compare]: gt=(0.0, 0.0, -0.02) vslam=(0.0, 0.0, 0.0) error=0.018m max_error=0.031m (n=7)
[INFO] [1788751047.596961640] [vslam_compare]: gt=(-0.01, 0.0, -0.02) vslam=(0.0, 0.0, 0.0) error=0.024m max_error=0.031m (n=8)
[INFO] [1788751048.597235452] [vslam_compare]: gt=(-0.01, 0.01, -0.03) vslam=(-0.0, -0.01, 0.0) error=0.034m max_error=0.034m (n=9)
[INFO] [1788751049.597093953] [vslam_compare]: gt=(0.07, 0.02, -0.02) vslam=(0.12, -0.09, -0.01) error=0.117m max_error=0.117m (n=10)
[INFO] [1788751050.597243199] [vslam_compare]: gt=(0.13, -0.03, 0.8) vslam=(0.25, -0.08, 0.64) error=0.213m max_error=0.213m (n=11)
[INFO] [1788751051.596980761] [vslam_compare]: gt=(0.09, -0.13, 2.44) vslam=(0.18, -0.19, 2.31) error=0.171m max_error=0.213m (n=12)
[INFO] [1788751052.597341462] [vslam_compare]: gt=(-0.02, -0.11, 3.68) vslam=(0.13, -0.22, 3.61) error=0.197m max_error=0.213m (n=13)
[INFO] [1788751053.597003121] [vslam_compare]: gt=(-0.03, -0.05, 4.23) vslam=(0.08, -0.12, 4.34) error=0.169m max_error=0.213m (n=14)
[INFO] [1788751054.596889630] [vslam_compare]: gt=(0.01, 0.0, 4.5) vslam=(0.1, -0.07, 4.61) error=0.160m max_error=0.213m (n=15)
[INFO] [1788751055.596979377] [vslam_compare]: gt=(0.0, 0.0, 4.63) vslam=(0.09, -0.07, 4.72) error=0.139m max_error=0.213m (n=16)
[INFO] [1788751056.596949798] [vslam_compare]: gt=(-0.05, -0.02, 4.68) vslam=(0.05, -0.1, 4.75) error=0.147m max_error=0.213m (n=17)
[INFO] [1788751057.596822052] [vslam_compare]: gt=(-0.17, -0.12, 4.73) vslam=(-0.05, -0.2, 4.79) error=0.154m max_error=0.213m (n=18)
[INFO] [1788751058.596978579] [vslam_compare]: gt=(-0.29, -0.22, 4.8) vslam=(-0.16, -0.32, 4.85) error=0.169m max_error=0.213m (n=19)
[INFO] [1788751059.596950706] [vslam_compare]: gt=(-0.37, -0.35, 4.85) vslam=(-0.27, -0.49, 4.86) error=0.173m max_error=0.213m (n=20)
[INFO] [1788751060.597267270] [vslam_compare]: gt=(-0.28, -0.52, 4.85) vslam=(-0.21, -0.64, 4.9) error=0.154m max_error=0.213m (n=21)
[INFO] [1788751061.597118517] [vslam_compare]: gt=(-0.17, -0.66, 4.87) vslam=(-0.1, -0.79, 4.93) error=0.158m max_error=0.213m (n=22)
[INFO] [1788751062.597061209] [vslam_compare]: gt=(-0.04, -0.8, 4.91) vslam=(0.03, -0.93, 4.99) error=0.169m max_error=0.213m (n=23)
[INFO] [1788751063.597216397] [vslam_compare]: gt=(0.11, -0.92, 4.95) vslam=(0.16, -1.05, 5.02) error=0.158m max_error=0.213m (n=24)
[INFO] [1788751064.597048780] [vslam_compare]: gt=(0.23, -1.06, 5.01) vslam=(0.31, -1.18, 5.09) error=0.171m max_error=0.213m (n=25)
[INFO] [1788751065.597095834] [vslam_compare]: gt=(0.23, -1.23, 5.06) vslam=(0.32, -1.37, 5.13) error=0.175m max_error=0.213m (n=26)
[INFO] [1788751066.597148819] [vslam_compare]: gt=(0.27, -1.42, 5.08) vslam=(0.35, -1.55, 5.19) error=0.191m max_error=0.213m (n=27)
[INFO] [1788751067.597152531] [vslam_compare]: gt=(0.33, -1.57, 5.14) vslam=(0.4, -1.72, 5.23) error=0.191m max_error=0.213m (n=28)
[INFO] [1788751068.597258838] [vslam_compare]: gt=(0.42, -1.71, 5.18) vslam=(0.48, -1.87, 5.26) error=0.194m max_error=0.213m (n=29)
[INFO] [1788751069.597153453] [vslam_compare]: gt=(0.52, -1.81, 5.21) vslam=(0.57, -1.97, 5.29) error=0.193m max_error=0.213m (n=30)
[INFO] [1788751070.596948729] [vslam_compare]: gt=(0.62, -1.88, 5.24) vslam=(0.68, -2.04, 5.34) error=0.203m max_error=0.213m (n=31)
[INFO] [1788751071.597130523] [vslam_compare]: gt=(0.74, -1.93, 5.27) vslam=(0.79, -2.1, 5.36) error=0.199m max_error=0.213m (n=32)
[INFO] [1788751072.596933344] [vslam_compare]: gt=(0.89, -1.95, 5.26) vslam=(0.93, -2.13, 5.37) error=0.221m max_error=0.221m (n=33)
[INFO] [1788751073.597101994] [vslam_compare]: gt=(1.02, -1.95, 5.31) vslam=(1.09, -2.11, 5.37) error=0.185m max_error=0.221m (n=34)
[INFO] [1788751074.597036698] [vslam_compare]: gt=(0.98, -2.09, 5.35) vslam=(1.04, -2.25, 5.41) error=0.181m max_error=0.221m (n=35)
[INFO] [1788751075.597312694] [vslam_compare]: gt=(0.9, -2.26, 5.4) vslam=(0.96, -2.43, 5.49) error=0.203m max_error=0.221m (n=36)
[INFO] [1788751076.596909063] [vslam_compare]: gt=(0.82, -2.43, 5.47) vslam=(0.9, -2.6, 5.54) error=0.200m max_error=0.221m (n=37)
[INFO] [1788751077.597045724] [vslam_compare]: gt=(0.74, -2.62, 5.48) vslam=(0.84, -2.79, 5.57) error=0.215m max_error=0.221m (n=38)
[INFO] [1788751078.597096651] [vslam_compare]: gt=(0.72, -2.82, 5.55) vslam=(0.82, -2.98, 5.61) error=0.193m max_error=0.221m (n=39)
[INFO] [1788751079.596915215] [vslam_compare]: gt=(0.72, -3.02, 5.52) vslam=(0.81, -3.15, 5.66) error=0.215m max_error=0.221m (n=40)
[INFO] [1788751080.597236910] [vslam_compare]: gt=(0.65, -3.19, 5.58) vslam=(0.75, -3.32, 5.69) error=0.201m max_error=0.221m (n=41)
[INFO] [1788751081.597079020] [vslam_compare]: gt=(0.63, -3.34, 5.54) vslam=(0.7, -3.47, 5.69) error=0.211m max_error=0.221m (n=42)
[INFO] [1788751082.597201886] [vslam_compare]: gt=(0.73, -3.49, 5.56) vslam=(0.77, -3.62, 5.69) error=0.192m max_error=0.221m (n=43)
[INFO] [1788751083.597044047] [vslam_compare]: gt=(0.83, -3.65, 5.6) vslam=(0.87, -3.78, 5.73) error=0.187m max_error=0.221m (n=44)
[INFO] [1788751084.596916796] [vslam_compare]: gt=(0.95, -3.81, 5.64) vslam=(0.98, -3.93, 5.77) error=0.179m max_error=0.221m (n=45)
[INFO] [1788751085.596976171] [vslam_compare]: gt=(1.06, -3.96, 5.68) vslam=(1.08, -4.09, 5.81) error=0.184m max_error=0.221m (n=46)
[INFO] [1788751086.597288279] [vslam_compare]: gt=(1.17, -4.11, 5.73) vslam=(1.19, -4.25, 5.87) error=0.192m max_error=0.221m (n=47)
[INFO] [1788751087.597036121] [vslam_compare]: gt=(1.29, -4.27, 5.78) vslam=(1.3, -4.4, 5.91) error=0.190m max_error=0.221m (n=48)
[INFO] [1788751088.596954468] [vslam_compare]: gt=(1.36, -4.38, 5.8) vslam=(1.38, -4.52, 5.93) error=0.202m max_error=0.221m (n=49)
[INFO] [1788751089.597119747] [vslam_compare]: gt=(1.37, -4.4, 5.81) vslam=(1.39, -4.55, 5.94) error=0.198m max_error=0.221m (n=50)
[INFO] [1788751090.597034367] [vslam_compare]: gt=(1.36, -4.39, 5.81) vslam=(1.38, -4.54, 5.94) error=0.199m max_error=0.221m (n=51)
[INFO] [1788751091.596881739] [vslam_compare]: gt=(1.35, -4.35, 5.81) vslam=(1.37, -4.51, 5.94) error=0.204m max_error=0.221m (n=52)
[INFO] [1788751092.597158090] [vslam_compare]: gt=(1.35, -4.34, 5.81) vslam=(1.36, -4.51, 5.94) error=0.210m max_error=0.221m (n=53)
[INFO] [1788751093.597091757] [vslam_compare]: gt=(1.35, -4.36, 5.81) vslam=(1.36, -4.52, 5.94) error=0.206m max_error=0.221m (n=54)
[INFO] [1788751094.596907078] [vslam_compare]: gt=(1.35, -4.38, 5.81) vslam=(1.36, -4.53, 5.94) error=0.196m max_error=0.221m (n=55)
[INFO] [1788751095.597310050] [vslam_compare]: gt=(1.36, -4.37, 5.82) vslam=(1.35, -4.52, 5.94) error=0.195m max_error=0.221m (n=56)
[INFO] [1788751096.597154267] [vslam_compare]: gt=(1.35, -4.35, 5.81) vslam=(1.34, -4.5, 5.95) error=0.203m max_error=0.221m (n=57)
Traceback (most recent call last):
  File "/workspaces/isaac_ros-dev/ros2_ws/install/px4_vslam_bridge/lib/python3.10/site-packages/px4_vslam_bridge/vslam_compare.py", line 194, in main
    rclpy.spin(node)
  File "/opt/ros/humble/local/lib/python3.10/dist-packages/rclpy/__init__.py", line 229, in spin
    executor.spin_once()
  File "/opt/ros/humble/local/lib/python3.10/dist-packages/rclpy/executors.py", line 808, in spin_once
    self._spin_once_impl(timeout_sec)
  File "/opt/ros/humble/local/lib/python3.10/dist-packages/rclpy/executors.py", line 797, in _spin_once_impl
    handler, entity, node = self.wait_for_ready_callbacks(timeout_sec=timeout_sec)
  File "/opt/ros/humble/local/lib/python3.10/dist-packages/rclpy/executors.py", line 780, in wait_for_ready_callbacks
    return next(self._cb_iter)
  File "/opt/ros/humble/local/lib/python3.10/dist-packages/rclpy/executors.py", line 681, in _wait_for_ready_callbacks
    raise ExternalShutdownException()
rclpy.executors.ExternalShutdownException

During handling of the above exception, another exception occurred:

Traceback (most recent call last):
  File "/workspaces/isaac_ros-dev/ros2_ws/install/px4_vslam_bridge/lib/px4_vslam_bridge/vslam_compare", line 33, in <module>
    sys.exit(load_entry_point('px4-vslam-bridge==0.1.0', 'console_scripts', 'vslam_compare')())
  File "/workspaces/isaac_ros-dev/ros2_ws/install/px4_vslam_bridge/lib/python3.10/site-packages/px4_vslam_bridge/vslam_compare.py", line 199, in main
    rclpy.shutdown()
  File "/opt/ros/humble/local/lib/python3.10/dist-packages/rclpy/__init__.py", line 130, in shutdown
    _shutdown(context=context)
  File "/opt/ros/humble/local/lib/python3.10/dist-packages/rclpy/utilities.py", line 58, in shutdown
    return context.shutdown()
  File "/opt/ros/humble/local/lib/python3.10/dist-packages/rclpy/context.py", line 102, in shutdown
    self.__context.shutdown()
rclpy._rclpy_pybind11.RCLError: failed to shutdown: rcl_shutdown already called on the given context, at ./src/rcl/init.c:241
