[INFO] [1788708812.775850432] [fast_planner_bridge]: fast_planner_bridge ready -- will capture home at arm time and climb (0.0, 0.0, -5.0) NED relative to it, then follow /planning/pos_cmd from Fast-Planner
[INFO] [1788708812.776323525] [fast_planner_bridge]: >>> Press ENTER to arm and fly (or set OFFBOARD_AUTO_START=1) <<<
[INFO] [1788708815.797993906] [fast_planner_bridge]: OFFBOARD + ARMED confirmed -- home_ned=(-0.049714259803295135, -0.009584198705852032, 0.05429549515247345), climbing to (-0.049714259803295135, -0.009584198705852032, -4.9457045048475266).
[INFO] [1788708816.747983673] [fast_planner_bridge]: [CLIMBING] pos_ned=(-0.04,-0.01,0.05) dist=5.00m
[INFO] [1788708817.748444237] [fast_planner_bridge]: [CLIMBING] pos_ned=(-0.04,-0.01,0.05) dist=5.00m
[INFO] [1788708818.748089169] [fast_planner_bridge]: [CLIMBING] pos_ned=(-0.04,-0.02,0.05) dist=5.00m
[INFO] [1788708819.748320223] [fast_planner_bridge]: [CLIMBING] pos_ned=(-0.04,0.01,0.04) dist=4.99m
[INFO] [1788708820.748292696] [fast_planner_bridge]: [CLIMBING] pos_ned=(0.01,0.12,-0.13) dist=4.82m
[INFO] [1788708821.748074201] [fast_planner_bridge]: [CLIMBING] pos_ned=(-0.11,0.11,-1.50) dist=3.45m
[INFO] [1788708822.748533120] [fast_planner_bridge]: [CLIMBING] pos_ned=(-0.20,-0.04,-3.23) dist=1.73m
[INFO] [1788708823.748239394] [fast_planner_bridge]: [CLIMBING] pos_ned=(-0.18,-0.15,-4.05) dist=0.92m
[INFO] [1788708824.748379357] [fast_planner_bridge]: [CLIMBING] pos_ned=(-0.26,-0.25,-4.46) dist=0.58m
[INFO] [1788708825.748066053] [fast_planner_bridge]: [CLIMBING] pos_ned=(-0.26,-0.26,-4.68) dist=0.42m
[INFO] [1788708826.248317954] [fast_planner_bridge]: Climb complete (dist=0.30m) -- following Fast-Planner.
[INFO] [1788708826.748346688] [fast_planner_bridge]: [FOLLOWING] pos_ned=(-0.02,-0.11,-4.77) target_ned=(-0.05,-0.01,-4.95) pos_cmd_age=0.00s
[INFO] [1788708827.748279754] [fast_planner_bridge]: [FOLLOWING] pos_ned=(0.16,0.05,-4.80) target_ned=(-0.05,-0.01,-4.95) pos_cmd_age=0.00s
[INFO] [1788708828.748307746] [fast_planner_bridge]: [FOLLOWING] pos_ned=(0.16,0.15,-4.82) target_ned=(-0.05,-0.01,-4.95) pos_cmd_age=0.00s
[INFO] [1788708829.748127159] [fast_planner_bridge]: [FOLLOWING] pos_ned=(0.08,0.16,-4.83) target_ned=(-0.05,-0.01,-4.95) pos_cmd_age=0.00s
[INFO] [1788708830.748358199] [fast_planner_bridge]: [FOLLOWING] pos_ned=(-0.01,0.11,-4.85) target_ned=(-0.05,-0.01,-4.95) pos_cmd_age=0.00s
[INFO] [1788708831.748104545] [fast_planner_bridge]: [FOLLOWING] pos_ned=(-0.07,0.05,-4.86) target_ned=(-0.05,-0.01,-4.95) pos_cmd_age=0.00s
[INFO] [1788708832.748519808] [fast_planner_bridge]: [FOLLOWING] pos_ned=(-0.10,0.00,-4.87) target_ned=(-0.05,-0.01,-4.95) pos_cmd_age=0.00s
[INFO] [1788708833.748381919] [fast_planner_bridge]: [FOLLOWING] pos_ned=(-0.10,-0.03,-4.89) target_ned=(-0.05,-0.01,-4.95) pos_cmd_age=0.00s
[INFO] [1788708834.748299303] [fast_planner_bridge]: [FOLLOWING] pos_ned=(-0.09,-0.04,-4.90) target_ned=(-0.05,-0.01,-4.95) pos_cmd_age=0.00s
[INFO] [1788708835.748412021] [fast_planner_bridge]: [FOLLOWING] pos_ned=(-0.07,-0.04,-4.91) target_ned=(-0.05,-0.01,-4.95) pos_cmd_age=0.00s
[INFO] [1788708836.748316690] [fast_planner_bridge]: [FOLLOWING] pos_ned=(-0.05,-0.04,-4.93) target_ned=(-0.05,-0.01,-4.95) pos_cmd_age=0.00s
[INFO] [1788708837.748191062] [fast_planner_bridge]: [FOLLOWING] pos_ned=(-0.04,-0.04,-4.93) target_ned=(-0.05,-0.01,-4.95) pos_cmd_age=0.00s
[INFO] [1788708838.748326802] [fast_planner_bridge]: [FOLLOWING] pos_ned=(-0.02,-0.03,-4.94) target_ned=(-0.05,-0.01,-4.95) pos_cmd_age=0.00s
[INFO] [1788708839.748100035] [fast_planner_bridge]: [FOLLOWING] pos_ned=(-0.01,-0.00,-4.94) target_ned=(-0.05,-0.01,-4.95) pos_cmd_age=0.00s
[INFO] [1788708840.748287159] [fast_planner_bridge]: [FOLLOWING] pos_ned=(-0.02,-0.00,-4.95) target_ned=(-0.05,-0.01,-4.95) pos_cmd_age=0.00s
[INFO] [1788708841.748492457] [fast_planner_bridge]: [FOLLOWING] pos_ned=(-0.02,0.02,-4.94) target_ned=(-0.05,-0.01,-4.95) pos_cmd_age=0.00s
[INFO] [1788708842.748547705] [fast_planner_bridge]: [FOLLOWING] pos_ned=(-0.01,0.02,-4.93) target_ned=(-0.05,-0.01,-4.95) pos_cmd_age=0.00s
[INFO] [1788708843.748059799] [fast_planner_bridge]: [FOLLOWING] pos_ned=(-0.05,0.02,-4.93) target_ned=(-0.05,-0.01,-4.95) pos_cmd_age=0.00s
[INFO] [1788708844.748493182] [fast_planner_bridge]: [FOLLOWING] pos_ned=(-0.05,0.01,-4.93) target_ned=(-0.05,-0.01,-4.95) pos_cmd_age=0.00s
[INFO] [1788708845.748124087] [fast_planner_bridge]: [FOLLOWING] pos_ned=(-0.03,0.00,-4.93) target_ned=(-0.05,-0.01,-4.95) pos_cmd_age=0.00s
[INFO] [1788708846.747989238] [fast_planner_bridge]: [FOLLOWING] pos_ned=(-0.03,-0.00,-4.93) target_ned=(-0.05,-0.01,-4.95) pos_cmd_age=0.00s
[INFO] [1788708847.748585874] [fast_planner_bridge]: [FOLLOWING] pos_ned=(-0.04,-0.01,-4.94) target_ned=(-0.05,-0.01,-4.95) pos_cmd_age=0.00s
[WARN] [1788708848.048136802] [fast_planner_bridge]: Shutdown signal 15 received -- ceasing ARM requests, commanding AUTO.LAND, will disarm and exit once landed. If this doesn't complete and the vehicle needs to come down NOW, use emergency_stop.py instead of repeating this signal.
[INFO] [1788708848.248769653] [fast_planner_bridge]: Requesting AUTO.LAND... nav_state=14
[INFO] [1788708848.298287732] [fast_planner_bridge]: AUTO.LAND confirmed -- ceasing offboard setpoints, handing off to the autopilot.
[INFO] [1788708848.748528189] [fast_planner_bridge]: Waiting for disarm (backstop disarm sent)... arming_state=2
[INFO] [1788708850.748009635] [fast_planner_bridge]: Waiting for disarm (backstop disarm sent)... arming_state=2
