[INFO] [1788682987.818682363] [fast_planner_bridge]: fast_planner_bridge ready -- will capture home at arm time and climb (0.0, 0.0, -5.0) NED relative to it, then follow /planning/pos_cmd from Fast-Planner
[INFO] [1788682987.819111245] [fast_planner_bridge]: >>> Press ENTER to arm and fly (or set OFFBOARD_AUTO_START=1) <<<
[INFO] [1788682990.685083520] [fast_planner_bridge]: OFFBOARD + ARMED confirmed -- home_ned=(-0.01903107576072216, 0.01597451977431774, 0.01920381188392639), climbing to (-0.01903107576072216, 0.01597451977431774, -4.980796188116074).
[INFO] [1788682990.785081086] [fast_planner_bridge]: [CLIMBING] pos_ned=(-0.02,0.02,0.02) dist=5.00m
[INFO] [1788682991.784945383] [fast_planner_bridge]: [CLIMBING] pos_ned=(-0.01,0.02,0.03) dist=5.01m
[INFO] [1788682992.784903047] [fast_planner_bridge]: [CLIMBING] pos_ned=(-0.02,0.01,0.03) dist=5.01m
[INFO] [1788682993.784915754] [fast_planner_bridge]: [CLIMBING] pos_ned=(-0.02,0.02,0.01) dist=4.99m
[INFO] [1788682994.784970809] [fast_planner_bridge]: [CLIMBING] pos_ned=(0.00,0.06,-0.00) dist=4.98m
[INFO] [1788682995.785011520] [fast_planner_bridge]: [CLIMBING] pos_ned=(0.04,0.15,-0.16) dist=4.82m
[INFO] [1788682996.785191558] [fast_planner_bridge]: [CLIMBING] pos_ned=(-0.06,0.08,-1.40) dist=3.58m
[INFO] [1788682997.784992835] [fast_planner_bridge]: [CLIMBING] pos_ned=(-0.16,-0.01,-3.08) dist=1.90m
[INFO] [1788682998.785045397] [fast_planner_bridge]: [CLIMBING] pos_ned=(-0.13,-0.07,-3.95) dist=1.04m
[INFO] [1788682999.785090588] [fast_planner_bridge]: [CLIMBING] pos_ned=(-0.03,-0.05,-4.33) dist=0.65m
[INFO] [1788683000.785266975] [fast_planner_bridge]: [CLIMBING] pos_ned=(0.05,-0.00,-4.54) dist=0.44m
[INFO] [1788683001.785243368] [fast_planner_bridge]: [CLIMBING] pos_ned=(0.04,0.03,-4.67) dist=0.32m
[INFO] [1788683001.934990902] [fast_planner_bridge]: Climb complete (dist=0.30m) -- following Fast-Planner.
[INFO] [1788683002.784831902] [fast_planner_bridge]: [FOLLOWING] pos_ned=(0.03,0.04,-4.59) target_ned=(0.05,-0.00,-4.55) pos_cmd_age=0.00s
[INFO] [1788683003.785086141] [fast_planner_bridge]: [FOLLOWING] pos_ned=(0.02,0.04,-4.51) target_ned=(0.05,-0.01,-4.55) pos_cmd_age=0.00s
[INFO] [1788683004.785154839] [fast_planner_bridge]: [FOLLOWING] pos_ned=(0.16,-0.06,-4.51) target_ned=(0.26,-0.14,-4.55) pos_cmd_age=0.00s
[INFO] [1788683005.785042349] [fast_planner_bridge]: [FOLLOWING] pos_ned=(0.57,-0.19,-4.50) target_ned=(0.67,-0.18,-4.54) pos_cmd_age=0.00s
[INFO] [1788683006.784763622] [fast_planner_bridge]: [FOLLOWING] pos_ned=(1.17,-0.09,-4.49) target_ned=(1.24,0.01,-4.52) pos_cmd_age=0.00s
[INFO] [1788683007.784868791] [fast_planner_bridge]: [FOLLOWING] pos_ned=(1.81,0.27,-4.51) target_ned=(1.78,0.35,-4.53) pos_cmd_age=0.00s
[INFO] [1788683008.785011324] [fast_planner_bridge]: [FOLLOWING] pos_ned=(0.20,0.79,-4.06) target_ned=(1.03,0.62,-4.29) pos_cmd_age=0.00s
[INFO] [1788683009.784825901] [fast_planner_bridge]: [FOLLOWING] pos_ned=(-3.37,1.61,-3.23) target_ned=(1.03,0.62,-4.29) pos_cmd_age=0.00s
[INFO] [1788683010.784797706] [fast_planner_bridge]: [FOLLOWING] pos_ned=(-6.87,2.90,-2.38) target_ned=(1.03,0.62,-4.29) pos_cmd_age=0.00s
[INFO] [1788683011.784946490] [fast_planner_bridge]: [FOLLOWING] pos_ned=(-8.19,3.74,-1.51) target_ned=(1.03,0.62,-4.29) pos_cmd_age=0.00s
[INFO] [1788683012.784931513] [fast_planner_bridge]: [FOLLOWING] pos_ned=(-8.09,4.06,-1.49) target_ned=(1.03,0.62,-4.29) pos_cmd_age=0.00s
[INFO] [1788683013.784837034] [fast_planner_bridge]: [FOLLOWING] pos_ned=(-6.65,3.71,-2.43) target_ned=(1.03,0.62,-4.29) pos_cmd_age=0.00s
[INFO] [1788683014.784794882] [fast_planner_bridge]: [FOLLOWING] pos_ned=(-4.17,2.74,-3.42) target_ned=(1.03,0.62,-4.29) pos_cmd_age=0.00s
[INFO] [1788683015.784835646] [fast_planner_bridge]: [FOLLOWING] pos_ned=(-2.26,1.76,-3.69) target_ned=(-3.81,2.58,-3.51) pos_cmd_age=0.00s
[INFO] [1788683016.784879770] [fast_planner_bridge]: [FOLLOWING] pos_ned=(-2.88,1.83,-3.48) target_ned=(-3.81,2.58,-3.51) pos_cmd_age=0.00s
[INFO] [1788683017.784816044] [fast_planner_bridge]: [FOLLOWING] pos_ned=(-4.34,2.39,-3.42) target_ned=(-4.04,2.27,-3.41) pos_cmd_age=0.00s
[INFO] [1788683018.785014749] [fast_planner_bridge]: [FOLLOWING] pos_ned=(-4.95,2.63,-3.38) target_ned=(-4.04,2.27,-3.41) pos_cmd_age=0.00s
[INFO] [1788683019.785029596] [fast_planner_bridge]: [FOLLOWING] pos_ned=(-5.03,2.57,-3.35) target_ned=(-4.04,2.27,-3.41) pos_cmd_age=0.00s
[INFO] [1788683020.784831057] [fast_planner_bridge]: [FOLLOWING] pos_ned=(-4.95,2.48,-3.34) target_ned=(-4.96,2.55,-3.35) pos_cmd_age=0.00s
[INFO] [1788683021.784894463] [fast_planner_bridge]: [FOLLOWING] pos_ned=(-4.88,2.53,-3.33) target_ned=(-4.60,2.52,-3.34) pos_cmd_age=0.00s
[INFO] [1788683022.784936651] [fast_planner_bridge]: [FOLLOWING] pos_ned=(-4.58,2.61,-3.35) target_ned=(-4.04,2.47,-3.35) pos_cmd_age=0.00s
[INFO] [1788683023.784976289] [fast_planner_bridge]: [FOLLOWING] pos_ned=(-4.00,2.64,-3.38) target_ned=(-4.43,2.63,-3.35) pos_cmd_age=0.00s
[INFO] [1788683024.784848831] [fast_planner_bridge]: [FOLLOWING] pos_ned=(-4.05,2.63,-3.34) target_ned=(-4.43,2.63,-3.35) pos_cmd_age=0.00s
[INFO] [1788683025.785202652] [fast_planner_bridge]: [FOLLOWING] pos_ned=(-4.56,2.67,-3.33) target_ned=(-4.42,2.63,-3.35) pos_cmd_age=0.00s
[INFO] [1788683026.785376695] [fast_planner_bridge]: [FOLLOWING] pos_ned=(-4.68,2.70,-3.35) target_ned=(-4.18,2.61,-3.36) pos_cmd_age=0.00s
[INFO] [1788683027.785348637] [fast_planner_bridge]: [FOLLOWING] pos_ned=(-4.11,2.64,-3.41) target_ned=(-3.61,2.54,-3.41) pos_cmd_age=0.00s
[INFO] [1788683028.785051837] [fast_planner_bridge]: [FOLLOWING] pos_ned=(-3.26,2.58,-3.48) target_ned=(-2.86,2.44,-3.48) pos_cmd_age=0.01s
[INFO] [1788683029.785031304] [fast_planner_bridge]: [FOLLOWING] pos_ned=(-2.48,2.54,-3.53) target_ned=(-3.29,2.58,-3.48) pos_cmd_age=0.01s
[WARN] [1788683030.014945046] [fast_planner_bridge]: Shutdown signal 15 received -- ceasing ARM requests, commanding AUTO.LAND, will disarm and exit once landed. If this doesn't complete and the vehicle needs to come down NOW, use emergency_stop.py instead of repeating this signal.
[INFO] [1788683030.034950879] [fast_planner_bridge]: Requesting AUTO.LAND... nav_state=14
[INFO] [1788683030.184888513] [fast_planner_bridge]: AUTO.LAND confirmed -- ceasing offboard setpoints, handing off to the autopilot.
[INFO] [1788683031.785011795] [fast_planner_bridge]: Waiting for disarm (backstop disarm sent)... arming_state=2
