[INFO] [1788597273.467619121] [fast_planner_bridge]: fast_planner_bridge ready -- will capture home at arm time and climb (0.0, 0.0, -5.0) NED relative to it, then follow /planning/pos_cmd from Fast-Planner
[INFO] [1788597273.468011363] [fast_planner_bridge]: >>> Press ENTER to arm and fly (or set OFFBOARD_AUTO_START=1) <<<
[INFO] [1788597276.338840899] [fast_planner_bridge]: OFFBOARD + ARMED confirmed -- home_ned=(0.005666797980666161, 0.023800289258360863, 0.019080117344856262), climbing to (0.005666797980666161, 0.023800289258360863, -4.980919882655144).
[INFO] [1788597276.438870585] [fast_planner_bridge]: [CLIMBING] pos_ned=(0.01,0.02,0.02) dist=5.00m
[INFO] [1788597277.439066259] [fast_planner_bridge]: [CLIMBING] pos_ned=(0.01,0.01,0.02) dist=5.00m
[INFO] [1788597278.438932395] [fast_planner_bridge]: [CLIMBING] pos_ned=(0.00,0.01,0.03) dist=5.01m
[INFO] [1788597279.438749490] [fast_planner_bridge]: [CLIMBING] pos_ned=(-0.01,0.00,0.03) dist=5.01m
[INFO] [1788597280.438912381] [fast_planner_bridge]: [CLIMBING] pos_ned=(-0.00,0.06,0.03) dist=5.02m
[INFO] [1788597281.439187265] [fast_planner_bridge]: [CLIMBING] pos_ned=(0.02,0.10,0.03) dist=5.02m
[INFO] [1788597282.438571985] [fast_planner_bridge]: [CLIMBING] pos_ned=(-0.01,0.01,-0.15) dist=4.84m
[INFO] [1788597283.438611433] [fast_planner_bridge]: [CLIMBING] pos_ned=(-0.27,-0.30,-1.49) dist=3.52m
[INFO] [1788597284.438797682] [fast_planner_bridge]: [CLIMBING] pos_ned=(-0.36,-0.17,-3.07) dist=1.95m
[INFO] [1788597285.438650881] [fast_planner_bridge]: [CLIMBING] pos_ned=(-0.17,-0.05,-3.82) dist=1.18m
[INFO] [1788597286.438771237] [fast_planner_bridge]: [CLIMBING] pos_ned=(-0.01,0.01,-4.22) dist=0.76m
[INFO] [1788597287.438666744] [fast_planner_bridge]: [CLIMBING] pos_ned=(0.05,0.06,-4.46) dist=0.53m
[INFO] [1788597288.439068583] [fast_planner_bridge]: [CLIMBING] pos_ned=(0.06,0.08,-4.61) dist=0.38m
[INFO] [1788597289.188686342] [fast_planner_bridge]: Climb complete (dist=0.30m) -- following Fast-Planner.
[INFO] [1788597289.438659174] [fast_planner_bridge]: [FOLLOWING] pos_ned=(0.07,0.11,-4.71) target_ned=(0.05,0.06,-4.44) pos_cmd_age=0.00s
[INFO] [1788597290.438926730] [fast_planner_bridge]: [FOLLOWING] pos_ned=(0.12,0.10,-4.49) target_ned=(0.14,0.03,-4.45) pos_cmd_age=0.00s
[INFO] [1788597291.439018364] [fast_planner_bridge]: [FOLLOWING] pos_ned=(0.49,0.07,-4.43) target_ned=(0.51,0.02,-4.45) pos_cmd_age=0.00s
[INFO] [1788597292.438753586] [fast_planner_bridge]: [FOLLOWING] pos_ned=(1.07,0.16,-4.44) target_ned=(1.06,0.18,-4.47) pos_cmd_age=0.00s
[INFO] [1788597293.439019420] [fast_planner_bridge]: [FOLLOWING] pos_ned=(1.72,0.44,-4.46) target_ned=(1.70,0.53,-4.51) pos_cmd_age=0.00s
[INFO] [1788597294.438706220] [fast_planner_bridge]: [FOLLOWING] pos_ned=(2.35,0.93,-4.52) target_ned=(2.37,1.01,-4.56) pos_cmd_age=0.00s
[INFO] [1788597295.438637085] [fast_planner_bridge]: [FOLLOWING] pos_ned=(3.09,1.39,-4.62) target_ned=(3.11,1.43,-4.63) pos_cmd_age=0.00s
[INFO] [1788597296.438868356] [fast_planner_bridge]: [FOLLOWING] pos_ned=(3.87,1.72,-4.69) target_ned=(3.88,1.70,-4.71) pos_cmd_age=0.00s
[INFO] [1788597297.438653243] [fast_planner_bridge]: [FOLLOWING] pos_ned=(4.40,1.82,-4.70) target_ned=(4.39,1.78,-4.74) pos_cmd_age=0.00s
[INFO] [1788597298.438737895] [fast_planner_bridge]: [FOLLOWING] pos_ned=(4.54,1.87,-4.70) target_ned=(4.59,1.78,-4.73) pos_cmd_age=0.00s
[INFO] [1788597299.439021216] [fast_planner_bridge]: [FOLLOWING] pos_ned=(4.79,1.89,-4.69) target_ned=(4.91,1.76,-4.71) pos_cmd_age=0.00s
[INFO] [1788597300.438603811] [fast_planner_bridge]: [FOLLOWING] pos_ned=(5.45,1.85,-4.69) target_ned=(5.54,1.77,-4.70) pos_cmd_age=0.00s
[INFO] [1788597301.438890497] [fast_planner_bridge]: [FOLLOWING] pos_ned=(6.31,1.82,-4.73) target_ned=(6.34,1.81,-4.75) pos_cmd_age=0.00s
[INFO] [1788597302.438612521] [fast_planner_bridge]: [FOLLOWING] pos_ned=(7.04,1.72,-4.83) target_ned=(6.98,1.73,-4.82) pos_cmd_age=0.00s
[INFO] [1788597303.439021685] [fast_planner_bridge]: [FOLLOWING] pos_ned=(7.35,1.56,-4.87) target_ned=(7.28,1.55,-4.86) pos_cmd_age=0.00s
[INFO] [1788597304.438701970] [fast_planner_bridge]: [FOLLOWING] pos_ned=(7.37,1.57,-4.86) target_ned=(7.28,1.55,-4.86) pos_cmd_age=0.00s
[INFO] [1788597305.438581457] [fast_planner_bridge]: [FOLLOWING] pos_ned=(7.26,1.59,-4.87) target_ned=(7.27,1.48,-4.85) pos_cmd_age=0.00s
[INFO] [1788597306.439007863] [fast_planner_bridge]: [FOLLOWING] pos_ned=(7.42,1.22,-4.90) target_ned=(7.43,1.10,-4.88) pos_cmd_age=0.00s
[INFO] [1788597307.438719338] [fast_planner_bridge]: [FOLLOWING] pos_ned=(7.76,0.54,-4.94) target_ned=(7.74,0.50,-4.94) pos_cmd_age=0.00s
[INFO] [1788597308.439043709] [fast_planner_bridge]: [FOLLOWING] pos_ned=(7.95,0.02,-4.98) target_ned=(7.95,0.09,-4.99) pos_cmd_age=0.00s
[INFO] [1788597309.438893899] [fast_planner_bridge]: [FOLLOWING] pos_ned=(7.97,-0.03,-4.98) target_ned=(8.00,0.00,-5.00) pos_cmd_age=0.00s
[INFO] [1788597310.438646899] [fast_planner_bridge]: [FOLLOWING] pos_ned=(7.97,0.07,-4.99) target_ned=(8.00,0.00,-5.00) pos_cmd_age=0.00s
[INFO] [1788597311.438904156] [fast_planner_bridge]: [FOLLOWING] pos_ned=(8.04,0.01,-4.99) target_ned=(8.00,0.00,-5.00) pos_cmd_age=0.00s
[INFO] [1788597312.438572018] [fast_planner_bridge]: [FOLLOWING] pos_ned=(8.06,-0.05,-4.99) target_ned=(8.00,0.00,-5.00) pos_cmd_age=0.00s
[INFO] [1788597313.438676097] [fast_planner_bridge]: [FOLLOWING] pos_ned=(8.03,-0.05,-4.99) target_ned=(8.00,0.00,-5.00) pos_cmd_age=0.00s
[INFO] [1788597314.438795946] [fast_planner_bridge]: [FOLLOWING] pos_ned=(8.02,-0.02,-5.00) target_ned=(8.00,0.00,-5.00) pos_cmd_age=0.00s
[INFO] [1788597315.438550226] [fast_planner_bridge]: [FOLLOWING] pos_ned=(8.01,-0.02,-5.01) target_ned=(8.00,0.00,-5.00) pos_cmd_age=0.00s
[WARN] [1788597315.828461809] [fast_planner_bridge]: Shutdown signal 15 received -- ceasing ARM requests, commanding AUTO.LAND, will disarm and exit once landed. If this doesn't complete and the vehicle needs to come down NOW, use emergency_stop.py instead of repeating this signal.
[INFO] [1788597315.938743309] [fast_planner_bridge]: Requesting AUTO.LAND... nav_state=14
[INFO] [1788597316.188616031] [fast_planner_bridge]: AUTO.LAND confirmed -- ceasing offboard setpoints, handing off to the autopilot.
[INFO] [1788597317.439292043] [fast_planner_bridge]: Waiting for disarm (backstop disarm sent)... arming_state=2
