[INFO] [1788599833.329641419] [fast_planner_bridge]: fast_planner_bridge ready -- will capture home at arm time and climb (0.0, 0.0, -5.0) NED relative to it, then follow /planning/pos_cmd from Fast-Planner
[INFO] [1788599833.330045369] [fast_planner_bridge]: >>> Press ENTER to arm and fly (or set OFFBOARD_AUTO_START=1) <<<
[INFO] [1788599836.199777487] [fast_planner_bridge]: OFFBOARD + ARMED confirmed -- home_ned=(0.0221889428794384, 0.01931619830429554, -0.046227291226387024), climbing to (0.0221889428794384, 0.01931619830429554, -5.046227291226387).
[INFO] [1788599836.300150303] [fast_planner_bridge]: [CLIMBING] pos_ned=(0.02,0.02,-0.05) dist=5.00m
[INFO] [1788599837.300201807] [fast_planner_bridge]: [CLIMBING] pos_ned=(-0.01,0.02,-0.05) dist=4.99m
[INFO] [1788599838.300276597] [fast_planner_bridge]: [CLIMBING] pos_ned=(-0.02,0.03,-0.05) dist=4.99m
[INFO] [1788599839.300047851] [fast_planner_bridge]: [CLIMBING] pos_ned=(-0.01,0.02,-0.05) dist=5.00m
[INFO] [1788599840.300115261] [fast_planner_bridge]: [CLIMBING] pos_ned=(0.01,0.04,-0.04) dist=5.01m
[INFO] [1788599841.300292243] [fast_planner_bridge]: [CLIMBING] pos_ned=(0.07,0.14,-0.17) dist=4.88m
[INFO] [1788599842.300050549] [fast_planner_bridge]: [CLIMBING] pos_ned=(-0.03,0.08,-1.46) dist=3.58m
[INFO] [1788599843.299975424] [fast_planner_bridge]: [CLIMBING] pos_ned=(-0.13,-0.02,-3.22) dist=1.83m
[INFO] [1788599844.299991025] [fast_planner_bridge]: [CLIMBING] pos_ned=(-0.07,-0.06,-4.04) dist=1.01m
[INFO] [1788599845.299972743] [fast_planner_bridge]: [CLIMBING] pos_ned=(0.00,-0.04,-4.41) dist=0.64m
[INFO] [1788599846.299994820] [fast_planner_bridge]: [CLIMBING] pos_ned=(0.04,-0.00,-4.62) dist=0.42m
[INFO] [1788599847.099905771] [fast_planner_bridge]: Climb complete (dist=0.30m) -- following Fast-Planner.
[INFO] [1788599847.300278508] [fast_planner_bridge]: [FOLLOWING] pos_ned=(0.05,0.01,-4.77) target_ned=(0.04,0.00,-4.65) pos_cmd_age=0.01s
[INFO] [1788599848.300218623] [fast_planner_bridge]: [FOLLOWING] pos_ned=(0.06,-0.00,-4.64) target_ned=(0.04,0.00,-4.65) pos_cmd_age=0.01s
[INFO] [1788599849.299927710] [fast_planner_bridge]: [FOLLOWING] pos_ned=(0.10,0.01,-4.60) target_ned=(0.13,0.02,-4.61) pos_cmd_age=0.01s
[INFO] [1788599850.300024328] [fast_planner_bridge]: [FOLLOWING] pos_ned=(0.41,0.19,-4.60) target_ned=(0.49,0.17,-4.61) pos_cmd_age=0.01s
[INFO] [1788599851.300182245] [fast_planner_bridge]: [FOLLOWING] pos_ned=(1.04,0.39,-4.62) target_ned=(1.10,0.44,-4.63) pos_cmd_age=0.01s
[INFO] [1788599852.299996369] [fast_planner_bridge]: [FOLLOWING] pos_ned=(1.83,0.69,-4.63) target_ned=(1.86,0.83,-4.66) pos_cmd_age=0.01s
[INFO] [1788599853.300058097] [fast_planner_bridge]: [FOLLOWING] pos_ned=(2.55,1.06,-4.67) target_ned=(2.58,1.14,-4.71) pos_cmd_age=0.01s
[INFO] [1788599854.300222714] [fast_planner_bridge]: [FOLLOWING] pos_ned=(3.08,1.27,-4.71) target_ned=(3.12,1.34,-4.74) pos_cmd_age=0.01s
[INFO] [1788599855.300056381] [fast_planner_bridge]: [FOLLOWING] pos_ned=(3.43,1.44,-4.71) target_ned=(3.55,1.44,-4.72) pos_cmd_age=0.01s
[INFO] [1788599856.299886584] [fast_planner_bridge]: [FOLLOWING] pos_ned=(3.98,1.56,-4.69) target_ned=(4.10,1.54,-4.69) pos_cmd_age=0.01s
[INFO] [1788599857.300164413] [fast_planner_bridge]: [FOLLOWING] pos_ned=(4.63,1.74,-4.71) target_ned=(4.69,1.68,-4.71) pos_cmd_age=0.01s
[INFO] [1788599858.300280585] [fast_planner_bridge]: [FOLLOWING] pos_ned=(5.26,1.86,-4.78) target_ned=(5.26,1.79,-4.77) pos_cmd_age=0.01s
[INFO] [1788599859.299790935] [fast_planner_bridge]: [FOLLOWING] pos_ned=(5.57,1.81,-4.76) target_ned=(5.52,1.74,-4.78) pos_cmd_age=0.01s
[INFO] [1788599860.300074020] [fast_planner_bridge]: [FOLLOWING] pos_ned=(5.53,1.84,-4.77) target_ned=(5.49,1.76,-4.79) pos_cmd_age=0.01s
[INFO] [1788599861.299796368] [fast_planner_bridge]: [FOLLOWING] pos_ned=(5.47,1.91,-4.87) target_ned=(5.50,1.77,-4.86) pos_cmd_age=0.01s
[INFO] [1788599862.300038519] [fast_planner_bridge]: [FOLLOWING] pos_ned=(5.78,1.72,-4.99) target_ned=(5.83,1.64,-4.99) pos_cmd_age=0.01s
[INFO] [1788599863.300153540] [fast_planner_bridge]: [FOLLOWING] pos_ned=(6.43,1.44,-5.04) target_ned=(6.46,1.48,-5.06) pos_cmd_age=0.01s
[INFO] [1788599864.299890562] [fast_planner_bridge]: [FOLLOWING] pos_ned=(7.12,1.39,-4.97) target_ned=(7.07,1.47,-5.02) pos_cmd_age=0.01s
[INFO] [1788599865.300155293] [fast_planner_bridge]: [FOLLOWING] pos_ned=(7.42,1.50,-4.90) target_ned=(7.38,1.54,-4.94) pos_cmd_age=0.01s
[INFO] [1788599866.300226076] [fast_planner_bridge]: [FOLLOWING] pos_ned=(7.43,1.54,-4.94) target_ned=(7.38,1.53,-4.94) pos_cmd_age=0.01s
[INFO] [1788599867.299934149] [fast_planner_bridge]: [FOLLOWING] pos_ned=(7.28,1.34,-4.93) target_ned=(7.34,1.24,-5.01) pos_cmd_age=0.01s
[INFO] [1788599868.300125766] [fast_planner_bridge]: [FOLLOWING] pos_ned=(7.43,0.76,-4.96) target_ned=(7.55,0.71,-5.05) pos_cmd_age=0.01s
[INFO] [1788599869.300007335] [fast_planner_bridge]: [FOLLOWING] pos_ned=(7.96,0.20,-4.96) target_ned=(7.87,0.19,-5.02) pos_cmd_age=0.01s
[INFO] [1788599870.300055072] [fast_planner_bridge]: [FOLLOWING] pos_ned=(8.07,-0.04,-5.04) target_ned=(8.00,0.00,-5.00) pos_cmd_age=0.01s
[INFO] [1788599871.300047867] [fast_planner_bridge]: [FOLLOWING] pos_ned=(7.98,0.03,-5.04) target_ned=(8.00,0.00,-5.00) pos_cmd_age=0.01s
[INFO] [1788599872.299814662] [fast_planner_bridge]: [FOLLOWING] pos_ned=(8.02,0.03,-5.04) target_ned=(8.00,0.00,-5.00) pos_cmd_age=0.01s
[INFO] [1788599873.300159011] [fast_planner_bridge]: [FOLLOWING] pos_ned=(8.04,-0.03,-5.03) target_ned=(8.00,0.00,-5.00) pos_cmd_age=0.01s
[INFO] [1788599874.299924759] [fast_planner_bridge]: [FOLLOWING] pos_ned=(8.02,-0.05,-5.02) target_ned=(8.00,0.00,-5.00) pos_cmd_age=0.01s
[INFO] [1788599875.299941167] [fast_planner_bridge]: [FOLLOWING] pos_ned=(8.01,-0.02,-5.03) target_ned=(8.00,0.00,-5.00) pos_cmd_age=0.01s
[INFO] [1788599876.300106270] [fast_planner_bridge]: [FOLLOWING] pos_ned=(8.01,-0.03,-5.02) target_ned=(8.00,0.00,-5.00) pos_cmd_age=0.01s
[INFO] [1788599877.299946627] [fast_planner_bridge]: [FOLLOWING] pos_ned=(8.01,-0.03,-5.00) target_ned=(8.00,0.00,-5.00) pos_cmd_age=0.01s
[INFO] [1788599878.300235089] [fast_planner_bridge]: [FOLLOWING] pos_ned=(8.01,-0.00,-5.00) target_ned=(8.00,0.00,-5.00) pos_cmd_age=0.01s
[INFO] [1788599879.300618435] [fast_planner_bridge]: [FOLLOWING] pos_ned=(8.00,0.02,-4.99) target_ned=(8.00,0.00,-5.00) pos_cmd_age=0.01s
[WARN] [1788599879.623687259] [fast_planner_bridge]: Shutdown signal 15 received -- ceasing ARM requests, commanding AUTO.LAND, will disarm and exit once landed. If this doesn't complete and the vehicle needs to come down NOW, use emergency_stop.py instead of repeating this signal.
[INFO] [1788599879.799995210] [fast_planner_bridge]: Requesting AUTO.LAND... nav_state=14
[INFO] [1788599879.950635187] [fast_planner_bridge]: AUTO.LAND confirmed -- ceasing offboard setpoints, handing off to the autopilot.
[INFO] [1788599881.300160618] [fast_planner_bridge]: Waiting for disarm (backstop disarm sent)... arming_state=2
