[INFO] [1788718490.518283831] [fast_planner_bridge]: fast_planner_bridge ready -- will capture home at arm time and climb (0.0, 0.0, -5.0) NED relative to it, then follow /planning/pos_cmd from Fast-Planner
[INFO] [1788718490.518846064] [fast_planner_bridge]: >>> Press ENTER to arm and fly (or set OFFBOARD_AUTO_START=1) <<<
[INFO] [1788718493.482918186] [fast_planner_bridge]: OFFBOARD + ARMED confirmed -- home_ned=(0.004238934721797705, 0.0061591193079948425, -0.031230106949806213), climbing to (0.004238934721797705, 0.0061591193079948425, -5.031230106949806).
[INFO] [1788718493.483648028] [fast_planner_bridge]: [CLIMBING] pos_ned=(0.00,0.01,-0.03) dist=5.00m
[INFO] [1788718494.483510156] [fast_planner_bridge]: [CLIMBING] pos_ned=(0.00,0.01,-0.03) dist=5.00m
[INFO] [1788718495.482998180] [fast_planner_bridge]: [CLIMBING] pos_ned=(0.02,0.03,-0.01) dist=5.02m
[INFO] [1788718496.483529674] [fast_planner_bridge]: [CLIMBING] pos_ned=(0.03,0.03,0.00) dist=5.03m
[INFO] [1788718497.483432881] [fast_planner_bridge]: [CLIMBING] pos_ned=(0.03,0.01,0.00) dist=5.04m
[INFO] [1788718498.483329775] [fast_planner_bridge]: [CLIMBING] pos_ned=(0.03,0.02,-0.01) dist=5.02m
[INFO] [1788718499.483207553] [fast_planner_bridge]: [CLIMBING] pos_ned=(0.04,0.01,-0.70) dist=4.33m
[INFO] [1788718500.483302846] [fast_planner_bridge]: [CLIMBING] pos_ned=(0.03,-0.02,-2.14) dist=2.89m
[INFO] [1788718501.483355868] [fast_planner_bridge]: [CLIMBING] pos_ned=(0.02,-0.16,-3.56) dist=1.48m
[INFO] [1788718502.483544859] [fast_planner_bridge]: [CLIMBING] pos_ned=(0.01,-0.26,-4.21) dist=0.87m
[INFO] [1788718503.483073030] [fast_planner_bridge]: [CLIMBING] pos_ned=(-0.01,-0.26,-4.54) dist=0.56m
[INFO] [1788718504.483014239] [fast_planner_bridge]: [CLIMBING] pos_ned=(-0.06,-0.35,-4.74) dist=0.46m
[INFO] [1788718505.482930050] [fast_planner_bridge]: [CLIMBING] pos_ned=(-0.08,-0.25,-4.84) dist=0.33m
[INFO] [1788718505.633032416] [fast_planner_bridge]: Climb complete (dist=0.29m) -- following Fast-Planner.
[INFO] [1788718506.483450964] [fast_planner_bridge]: [FOLLOWING] pos_ned=(-0.04,-0.00,-4.79) target_ned=(-0.04,-0.30,-4.68) pos_cmd_age=0.01s
[INFO] [1788718507.483162535] [fast_planner_bridge]: [FOLLOWING] pos_ned=(0.00,0.08,-4.75) target_ned=(0.06,-0.11,-4.80) pos_cmd_age=0.01s
[INFO] [1788718508.483026707] [fast_planner_bridge]: [FOLLOWING] pos_ned=(0.30,-0.14,-4.82) target_ned=(0.44,-0.36,-4.84) pos_cmd_age=0.01s
[INFO] [1788718509.483541951] [fast_planner_bridge]: [FOLLOWING] pos_ned=(0.96,-0.47,-4.90) target_ned=(1.07,-0.73,-4.91) pos_cmd_age=0.01s
[INFO] [1788718510.483244355] [fast_planner_bridge]: [FOLLOWING] pos_ned=(1.73,-1.01,-4.90) target_ned=(1.80,-1.11,-4.96) pos_cmd_age=0.01s
[INFO] [1788718511.483106614] [fast_planner_bridge]: [FOLLOWING] pos_ned=(2.33,-1.77,-4.90) target_ned=(2.47,-1.40,-4.99) pos_cmd_age=0.01s
[INFO] [1788718512.483301256] [fast_planner_bridge]: [FOLLOWING] pos_ned=(2.78,-2.29,-4.88) target_ned=(2.98,-1.57,-4.98) pos_cmd_age=0.01s
[INFO] [1788718513.483078162] [fast_planner_bridge]: [FOLLOWING] pos_ned=(3.18,-2.17,-4.85) target_ned=(2.83,-2.35,-4.88) pos_cmd_age=0.01s
[INFO] [1788718514.483562267] [fast_planner_bridge]: [FOLLOWING] pos_ned=(3.26,-1.74,-4.82) target_ned=(2.83,-2.35,-4.88) pos_cmd_age=0.01s
[INFO] [1788718515.483266855] [fast_planner_bridge]: [FOLLOWING] pos_ned=(3.08,-1.73,-4.82) target_ned=(2.83,-2.35,-4.88) pos_cmd_age=0.01s
[INFO] [1788718516.483034904] [fast_planner_bridge]: [FOLLOWING] pos_ned=(2.95,-1.93,-4.83) target_ned=(3.15,-1.78,-4.81) pos_cmd_age=0.01s
[INFO] [1788718517.483180013] [fast_planner_bridge]: [FOLLOWING] pos_ned=(3.25,-2.10,-4.82) target_ned=(3.51,-2.03,-4.80) pos_cmd_age=0.01s
[INFO] [1788718518.483282740] [fast_planner_bridge]: [FOLLOWING] pos_ned=(3.95,-2.34,-4.84) target_ned=(4.10,-2.37,-4.78) pos_cmd_age=0.01s
[INFO] [1788718519.483315875] [fast_planner_bridge]: [FOLLOWING] pos_ned=(4.64,-2.69,-4.88) target_ned=(4.79,-2.55,-4.79) pos_cmd_age=0.01s
[INFO] [1788718520.483185949] [fast_planner_bridge]: [FOLLOWING] pos_ned=(5.10,-2.59,-4.86) target_ned=(5.27,-2.41,-4.83) pos_cmd_age=0.01s
[INFO] [1788718521.483160191] [fast_planner_bridge]: [FOLLOWING] pos_ned=(5.35,-1.96,-4.81) target_ned=(5.42,-1.97,-4.86) pos_cmd_age=0.01s
[INFO] [1788718522.483267137] [fast_planner_bridge]: [FOLLOWING] pos_ned=(5.42,-1.19,-4.89) target_ned=(5.33,-1.30,-4.88) pos_cmd_age=0.01s
[INFO] [1788718523.483644879] [fast_planner_bridge]: [FOLLOWING] pos_ned=(5.29,-0.54,-4.91) target_ned=(5.23,-0.67,-4.90) pos_cmd_age=0.01s
[INFO] [1788718524.483039727] [fast_planner_bridge]: [FOLLOWING] pos_ned=(5.36,-0.25,-4.90) target_ned=(5.34,-0.33,-4.93) pos_cmd_age=0.01s
[INFO] [1788718525.483083402] [fast_planner_bridge]: [FOLLOWING] pos_ned=(5.79,-0.19,-4.86) target_ned=(5.76,-0.30,-4.96) pos_cmd_age=0.01s
[INFO] [1788718526.483321168] [fast_planner_bridge]: [FOLLOWING] pos_ned=(6.48,-0.35,-5.00) target_ned=(6.49,-0.40,-4.98) pos_cmd_age=0.01s
[WARN] [1788718526.706814482] [fast_planner_bridge]: Shutdown signal 15 received -- ceasing ARM requests, commanding AUTO.LAND, will disarm and exit once landed. If this doesn't complete and the vehicle needs to come down NOW, use emergency_stop.py instead of repeating this signal.
[INFO] [1788718526.733446069] [fast_planner_bridge]: Requesting AUTO.LAND... nav_state=14
[INFO] [1788718526.783274332] [fast_planner_bridge]: AUTO.LAND confirmed -- ceasing offboard setpoints, handing off to the autopilot.
[INFO] [1788718528.483299801] [fast_planner_bridge]: Waiting for disarm (backstop disarm sent)... arming_state=2
