[INFO] [1788718484.711341960] [visual_odometry_bridge]: visual_odometry_bridge ready: /visual_slam/tracking/odometry -> /fmu/in/vehicle_visual_odometry
[INFO] [1788718489.624068936] [visual_odometry_bridge]: published 100 vehicle_visual_odometry samples (last NED pos=(0.00,0.00,-0.00))
[INFO] [1788718494.634159055] [visual_odometry_bridge]: published 200 vehicle_visual_odometry samples (last NED pos=(0.09,0.08,0.06))
[INFO] [1788718499.803578813] [visual_odometry_bridge]: published 300 vehicle_visual_odometry samples (last NED pos=(0.10,-0.25,-0.84))
[WARN] [1788718502.131024097] [visual_odometry_bridge]: Rejected cuVSLAM update: implied speed 15.8 m/s (jumped 0.51m in 32ms) -- holding last known-good position, not forwarding to EKF2. (1 rejected total)
[WARN] [1788718503.133956562] [visual_odometry_bridge]: Rejected cuVSLAM update: implied speed 16.2 m/s (jumped 1.04m in 64ms) -- holding last known-good position, not forwarding to EKF2. (3 rejected total)
[INFO] [1788718505.166499286] [visual_odometry_bridge]: published 400 vehicle_visual_odometry samples (last NED pos=(-1.06,-3.33,-4.58))
[WARN] [1788718509.306263498] [visual_odometry_bridge]: Rejected cuVSLAM update: implied speed 40.4 m/s (jumped 1.29m in 32ms) -- holding last known-good position, not forwarding to EKF2. (7 rejected total)
[WARN] [1788718510.503137069] [visual_odometry_bridge]: Rejected cuVSLAM update: implied speed 9.4 m/s (jumped 0.30m in 32ms) -- holding last known-good position, not forwarding to EKF2. (16 rejected total)
[INFO] [1788718510.940406060] [visual_odometry_bridge]: published 500 vehicle_visual_odometry samples (last NED pos=(0.36,-6.49,-4.18))
[WARN] [1788718512.271183210] [visual_odometry_bridge]: Rejected cuVSLAM update: implied speed 15.2 m/s (jumped 0.49m in 32ms) -- holding last known-good position, not forwarding to EKF2. (20 rejected total)
[INFO] [1788718516.830025919] [visual_odometry_bridge]: published 600 vehicle_visual_odometry samples (last NED pos=(-0.00,-12.18,-3.16))
[WARN] [1788718517.628306348] [visual_odometry_bridge]: Rejected cuVSLAM update: implied speed 24.4 m/s (jumped 0.78m in 32ms) -- holding last known-good position, not forwarding to EKF2. (28 rejected total)
[WARN] [1788718518.812378471] [visual_odometry_bridge]: Rejected cuVSLAM update: implied speed 27.9 m/s (jumped 0.89m in 32ms) -- holding last known-good position, not forwarding to EKF2. (34 rejected total)
Traceback (most recent call last):
  File "/workspaces/isaac_ros-dev/ros2_ws/install/px4_vslam_bridge/lib/python3.10/site-packages/px4_vslam_bridge/visual_odometry_bridge.py", line 160, in main
    rclpy.spin(node)
  File "/opt/ros/humble/local/lib/python3.10/dist-packages/rclpy/__init__.py", line 229, in spin
    executor.spin_once()
  File "/opt/ros/humble/local/lib/python3.10/dist-packages/rclpy/executors.py", line 808, in spin_once
    self._spin_once_impl(timeout_sec)
  File "/opt/ros/humble/local/lib/python3.10/dist-packages/rclpy/executors.py", line 797, in _spin_once_impl
    handler, entity, node = self.wait_for_ready_callbacks(timeout_sec=timeout_sec)
  File "/opt/ros/humble/local/lib/python3.10/dist-packages/rclpy/executors.py", line 780, in wait_for_ready_callbacks
    return next(self._cb_iter)
  File "/opt/ros/humble/local/lib/python3.10/dist-packages/rclpy/executors.py", line 681, in _wait_for_ready_callbacks
    raise ExternalShutdownException()
rclpy.executors.ExternalShutdownException

During handling of the above exception, another exception occurred:

Traceback (most recent call last):
  File "/workspaces/isaac_ros-dev/ros2_ws/install/px4_vslam_bridge/lib/px4_vslam_bridge/visual_odometry_bridge", line 33, in <module>
    sys.exit(load_entry_point('px4-vslam-bridge==0.1.0', 'console_scripts', 'visual_odometry_bridge')())
  File "/workspaces/isaac_ros-dev/ros2_ws/install/px4_vslam_bridge/lib/python3.10/site-packages/px4_vslam_bridge/visual_odometry_bridge.py", line 165, in main
    rclpy.shutdown()
  File "/opt/ros/humble/local/lib/python3.10/dist-packages/rclpy/__init__.py", line 130, in shutdown
    _shutdown(context=context)
  File "/opt/ros/humble/local/lib/python3.10/dist-packages/rclpy/utilities.py", line 58, in shutdown
    return context.shutdown()
  File "/opt/ros/humble/local/lib/python3.10/dist-packages/rclpy/context.py", line 102, in shutdown
    self.__context.shutdown()
rclpy._rclpy_pybind11.RCLError: failed to shutdown: rcl_shutdown already called on the given context, at ./src/rcl/init.c:241
