[INFO] [1788748862.965241508] [reactive_esdf_avoidance]: reactive_esdf_avoidance ready -- climb to (0.0, 0.0, -5.0) NED, then reactively fly to goal (7.0, 0.0, 5.0) ENU
[INFO] [1788748862.965755904] [reactive_esdf_avoidance]: >>> Press ENTER to arm and fly (or set OFFBOARD_AUTO_START=1) <<<
[INFO] [1788748866.484006597] [reactive_esdf_avoidance]: OFFBOARD + ARMED confirmed -- climbing.
[INFO] [1788748866.934013193] [reactive_esdf_avoidance]: [CLIMBING] pos_ned=(0.03,0.03,-0.11) dist=4.89m
[INFO] [1788748867.934036808] [reactive_esdf_avoidance]: [CLIMBING] pos_ned=(0.03,0.04,-0.11) dist=4.89m
[INFO] [1788748868.933923048] [reactive_esdf_avoidance]: [CLIMBING] pos_ned=(0.03,0.04,-0.11) dist=4.89m
[INFO] [1788748869.933965735] [reactive_esdf_avoidance]: [CLIMBING] pos_ned=(0.03,0.04,-0.11) dist=4.89m
[INFO] [1788748870.934036724] [reactive_esdf_avoidance]: [CLIMBING] pos_ned=(0.02,0.06,-0.10) dist=4.90m
[INFO] [1788748871.933960968] [reactive_esdf_avoidance]: [CLIMBING] pos_ned=(0.02,0.06,-0.63) dist=4.37m
[INFO] [1788748872.933956507] [reactive_esdf_avoidance]: [CLIMBING] pos_ned=(0.02,0.07,-1.98) dist=3.03m
[INFO] [1788748873.934144601] [reactive_esdf_avoidance]: [CLIMBING] pos_ned=(-0.00,-0.04,-3.48) dist=1.52m
[INFO] [1788748874.934213996] [reactive_esdf_avoidance]: [CLIMBING] pos_ned=(-0.01,-0.07,-4.20) dist=0.81m
[INFO] [1788748875.934274459] [reactive_esdf_avoidance]: [CLIMBING] pos_ned=(0.01,-0.01,-4.52) dist=0.48m
[INFO] [1788748876.834046572] [reactive_esdf_avoidance]: Climb complete (dist=0.30m) -- starting reactive avoidance.
[INFO] [1788748876.934088226] [reactive_esdf_avoidance]: [REACTIVE NAV] pos_enu=(-0.00,0.03,4.72) goal_dist=7.01m nearest_obstacle=none seen
[INFO] [1788748877.934135588] [reactive_esdf_avoidance]: [REACTIVE NAV] pos_enu=(0.01,0.01,4.79) goal_dist=6.99m nearest_obstacle=0.39m
[INFO] [1788748878.934198676] [reactive_esdf_avoidance]: [REACTIVE NAV] pos_enu=(0.12,-0.11,4.84) goal_dist=6.89m nearest_obstacle=0.53m
[INFO] [1788748879.933987045] [reactive_esdf_avoidance]: [REACTIVE NAV] pos_enu=(0.24,-0.23,4.89) goal_dist=6.76m nearest_obstacle=0.71m
[INFO] [1788748880.934168903] [reactive_esdf_avoidance]: [REACTIVE NAV] pos_enu=(0.37,-0.36,4.94) goal_dist=6.64m nearest_obstacle=0.83m
[INFO] [1788748881.934007761] [reactive_esdf_avoidance]: [REACTIVE NAV] pos_enu=(0.49,-0.48,4.98) goal_dist=6.53m nearest_obstacle=0.64m
[INFO] [1788748882.933909434] [reactive_esdf_avoidance]: [REACTIVE NAV] pos_enu=(0.47,-0.66,5.00) goal_dist=6.56m nearest_obstacle=0.65m
[INFO] [1788748883.934157087] [reactive_esdf_avoidance]: [REACTIVE NAV] pos_enu=(0.40,-0.86,5.04) goal_dist=6.66m nearest_obstacle=0.83m
[INFO] [1788748884.934117656] [reactive_esdf_avoidance]: [REACTIVE NAV] pos_enu=(0.33,-1.07,5.09) goal_dist=6.75m nearest_obstacle=1.03m
[INFO] [1788748885.934102236] [reactive_esdf_avoidance]: [REACTIVE NAV] pos_enu=(0.31,-1.26,5.14) goal_dist=6.81m nearest_obstacle=1.27m
[INFO] [1788748886.933964348] [reactive_esdf_avoidance]: [REACTIVE NAV] pos_enu=(0.33,-1.44,5.20) goal_dist=6.83m nearest_obstacle=1.41m
[INFO] [1788748887.933956915] [reactive_esdf_avoidance]: [REACTIVE NAV] pos_enu=(0.36,-1.58,5.21) goal_dist=6.83m nearest_obstacle=1.54m
[INFO] [1788748888.934108662] [reactive_esdf_avoidance]: [REACTIVE NAV] pos_enu=(0.43,-1.73,5.26) goal_dist=6.79m nearest_obstacle=1.68m
[INFO] [1788748889.934313958] [reactive_esdf_avoidance]: [REACTIVE NAV] pos_enu=(0.52,-1.84,5.31) goal_dist=6.74m nearest_obstacle=1.79m
[INFO] [1788748890.934133980] [reactive_esdf_avoidance]: [REACTIVE NAV] pos_enu=(0.60,-1.90,5.34) goal_dist=6.68m nearest_obstacle=1.78m
[INFO] [1788748891.934116810] [reactive_esdf_avoidance]: [REACTIVE NAV] pos_enu=(0.71,-1.94,5.37) goal_dist=6.60m nearest_obstacle=1.82m
[INFO] [1788748892.934227359] [reactive_esdf_avoidance]: [REACTIVE NAV] pos_enu=(0.81,-2.00,5.39) goal_dist=6.51m nearest_obstacle=1.86m
[INFO] [1788748893.934164531] [reactive_esdf_avoidance]: [REACTIVE NAV] pos_enu=(0.92,-2.05,5.41) goal_dist=6.43m nearest_obstacle=1.91m
[INFO] [1788748894.934107710] [reactive_esdf_avoidance]: [REACTIVE NAV] pos_enu=(1.05,-2.08,5.43) goal_dist=6.32m nearest_obstacle=1.95m
[INFO] [1788748895.933954879] [reactive_esdf_avoidance]: [REACTIVE NAV] pos_enu=(1.16,-2.12,5.46) goal_dist=6.23m nearest_obstacle=0.75m
[INFO] [1788748896.933971077] [reactive_esdf_avoidance]: [REACTIVE NAV] pos_enu=(1.17,-2.25,5.52) goal_dist=6.27m nearest_obstacle=0.50m
[INFO] [1788748897.934147306] [reactive_esdf_avoidance]: [REACTIVE NAV] pos_enu=(1.11,-2.44,5.56) goal_dist=6.40m nearest_obstacle=0.68m
[INFO] [1788748898.934244619] [reactive_esdf_avoidance]: [REACTIVE NAV] pos_enu=(1.04,-2.62,5.62) goal_dist=6.54m nearest_obstacle=0.86m
[INFO] [1788748899.934081888] [reactive_esdf_avoidance]: [REACTIVE NAV] pos_enu=(0.99,-2.80,5.68) goal_dist=6.67m nearest_obstacle=0.00m
[INFO] [1788748900.934263290] [reactive_esdf_avoidance]: [REACTIVE NAV] pos_enu=(0.91,-2.96,5.72) goal_dist=6.81m nearest_obstacle=0.00m
[INFO] [1788748901.934262037] [reactive_esdf_avoidance]: [REACTIVE NAV] pos_enu=(0.81,-3.12,5.77) goal_dist=6.97m nearest_obstacle=0.00m
[INFO] [1788748902.933855260] [reactive_esdf_avoidance]: [REACTIVE NAV] pos_enu=(0.72,-3.29,5.78) goal_dist=7.13m nearest_obstacle=0.00m
[INFO] [1788748903.934283378] [reactive_esdf_avoidance]: [REACTIVE NAV] pos_enu=(0.77,-3.44,5.81) goal_dist=7.16m nearest_obstacle=0.00m
[INFO] [1788748904.934075400] [reactive_esdf_avoidance]: [REACTIVE NAV] pos_enu=(0.87,-3.59,5.84) goal_dist=7.15m nearest_obstacle=0.00m
[INFO] [1788748905.933936268] [reactive_esdf_avoidance]: [REACTIVE NAV] pos_enu=(0.96,-3.74,5.87) goal_dist=7.16m nearest_obstacle=0.00m
[INFO] [1788748906.933895508] [reactive_esdf_avoidance]: [REACTIVE NAV] pos_enu=(1.07,-3.89,5.91) goal_dist=7.16m nearest_obstacle=0.00m
[INFO] [1788748907.933842158] [reactive_esdf_avoidance]: [REACTIVE NAV] pos_enu=(1.17,-4.04,5.95) goal_dist=7.16m nearest_obstacle=0.00m
[INFO] [1788748908.934196704] [reactive_esdf_avoidance]: [REACTIVE NAV] pos_enu=(1.26,-4.16,5.97) goal_dist=7.15m nearest_obstacle=0.00m
[INFO] [1788748909.934295462] [reactive_esdf_avoidance]: [REACTIVE NAV] pos_enu=(1.31,-4.21,5.98) goal_dist=7.15m nearest_obstacle=0.00m
[INFO] [1788748910.933904395] [reactive_esdf_avoidance]: [REACTIVE NAV] pos_enu=(1.29,-4.21,5.99) goal_dist=7.16m nearest_obstacle=0.00m
[INFO] [1788748911.934199036] [reactive_esdf_avoidance]: [REACTIVE NAV] pos_enu=(1.28,-4.20,6.00) goal_dist=7.16m nearest_obstacle=0.00m
[INFO] [1788748912.934088743] [reactive_esdf_avoidance]: [REACTIVE NAV] pos_enu=(1.28,-4.19,5.99) goal_dist=7.16m nearest_obstacle=0.00m
[INFO] [1788748913.933959959] [reactive_esdf_avoidance]: [REACTIVE NAV] pos_enu=(1.27,-4.19,5.99) goal_dist=7.17m nearest_obstacle=0.00m
[INFO] [1788748914.934141863] [reactive_esdf_avoidance]: [REACTIVE NAV] pos_enu=(1.26,-4.18,5.99) goal_dist=7.17m nearest_obstacle=0.00m
[INFO] [1788748915.933833479] [reactive_esdf_avoidance]: [REACTIVE NAV] pos_enu=(1.26,-4.17,5.99) goal_dist=7.16m nearest_obstacle=0.00m
[INFO] [1788748916.934369999] [reactive_esdf_avoidance]: [REACTIVE NAV] pos_enu=(1.25,-4.16,6.00) goal_dist=7.17m nearest_obstacle=0.00m
[INFO] [1788748917.934058686] [reactive_esdf_avoidance]: [REACTIVE NAV] pos_enu=(1.26,-4.17,6.01) goal_dist=7.16m nearest_obstacle=0.00m
Traceback (most recent call last):
  File "/workspaces/isaac_ros-dev/ros2_ws/install/px4_vslam_bridge/lib/python3.10/site-packages/px4_vslam_bridge/reactive_esdf_avoidance.py", line 393, in main
    rclpy.spin(node)
  File "/opt/ros/humble/local/lib/python3.10/dist-packages/rclpy/__init__.py", line 229, in spin
    executor.spin_once()
  File "/opt/ros/humble/local/lib/python3.10/dist-packages/rclpy/executors.py", line 808, in spin_once
    self._spin_once_impl(timeout_sec)
  File "/opt/ros/humble/local/lib/python3.10/dist-packages/rclpy/executors.py", line 797, in _spin_once_impl
    handler, entity, node = self.wait_for_ready_callbacks(timeout_sec=timeout_sec)
  File "/opt/ros/humble/local/lib/python3.10/dist-packages/rclpy/executors.py", line 780, in wait_for_ready_callbacks
    return next(self._cb_iter)
  File "/opt/ros/humble/local/lib/python3.10/dist-packages/rclpy/executors.py", line 681, in _wait_for_ready_callbacks
    raise ExternalShutdownException()
rclpy.executors.ExternalShutdownException

During handling of the above exception, another exception occurred:

Traceback (most recent call last):
  File "/workspaces/isaac_ros-dev/ros2_ws/install/px4_vslam_bridge/lib/px4_vslam_bridge/reactive_esdf_avoidance", line 33, in <module>
    sys.exit(load_entry_point('px4-vslam-bridge==0.1.0', 'console_scripts', 'reactive_esdf_avoidance')())
  File "/workspaces/isaac_ros-dev/ros2_ws/install/px4_vslam_bridge/lib/python3.10/site-packages/px4_vslam_bridge/reactive_esdf_avoidance.py", line 398, in main
    rclpy.shutdown()
  File "/opt/ros/humble/local/lib/python3.10/dist-packages/rclpy/__init__.py", line 130, in shutdown
    _shutdown(context=context)
  File "/opt/ros/humble/local/lib/python3.10/dist-packages/rclpy/utilities.py", line 58, in shutdown
    return context.shutdown()
  File "/opt/ros/humble/local/lib/python3.10/dist-packages/rclpy/context.py", line 102, in shutdown
    self.__context.shutdown()
rclpy._rclpy_pybind11.RCLError: failed to shutdown: rcl_shutdown already called on the given context, at ./src/rcl/init.c:241
