[INFO] [1788690981.302359069] [vslam_compare]: vslam_compare: logging per-message CSV to /workspaces/isaac_ros-dev/results/feasibility_gate/gate_sweep_poor_none_r02/vslam_compare.csv (exp_id='gate_sweep_poor_none_r02')
[INFO] [1788690981.323428444] [vslam_compare]: vslam_compare ready -- watching /visual_slam/tracking/odometry vs /ground_truth/odom
[INFO] [1788690981.324449307] [vslam_compare]: Ground truth origin set: (0.015917975455522537, -0.016335858032107353, -0.019594669342041016)
[INFO] [1788690981.958731844] [vslam_compare]: cuVSLAM origin set: (0.0, 0.0, 0.0) -- tracking initialized
[INFO] [1788690982.323748023] [vslam_compare]: gt=(0.01, 0.01, 0.02) vslam=(0.0, 0.0, 0.0) error=0.024m max_error=0.024m (n=1)
[INFO] [1788690983.323499401] [vslam_compare]: gt=(0.01, -0.0, 0.01) vslam=(0.0, 0.0, 0.0) error=0.019m max_error=0.024m (n=2)
[INFO] [1788690984.323655279] [vslam_compare]: gt=(-0.0, -0.01, -0.01) vslam=(0.0, 0.0, 0.0) error=0.014m max_error=0.024m (n=3)
[INFO] [1788690985.323870703] [vslam_compare]: gt=(-0.02, -0.02, -0.01) vslam=(0.0, 0.0, 0.0) error=0.025m max_error=0.025m (n=4)
[INFO] [1788690986.324156725] [vslam_compare]: gt=(-0.02, -0.01, -0.01) vslam=(0.0, 0.0, 0.0) error=0.031m max_error=0.031m (n=5)
[INFO] [1788690987.323520725] [vslam_compare]: gt=(-0.03, -0.01, -0.01) vslam=(0.0, 0.0, 0.0) error=0.029m max_error=0.031m (n=6)
[INFO] [1788690988.323473440] [vslam_compare]: gt=(-0.01, -0.01, 0.0) vslam=(0.0, 0.0, 0.0) error=0.012m max_error=0.031m (n=7)
[INFO] [1788690989.323631983] [vslam_compare]: gt=(0.0, -0.01, 0.0) vslam=(0.0, 0.0, 0.0) error=0.011m max_error=0.031m (n=8)
[INFO] [1788690990.323896521] [vslam_compare]: gt=(0.03, -0.0, 0.01) vslam=(0.07, -0.01, -0.13) error=0.145m max_error=0.145m (n=9)
[INFO] [1788690991.323756565] [vslam_compare]: gt=(0.07, 0.04, 0.31) vslam=(0.28, -0.09, 0.1) error=0.332m max_error=0.332m (n=10)
[INFO] [1788690992.323524705] [vslam_compare]: gt=(0.03, 0.02, 1.6) vslam=(0.22, -0.26, 1.32) error=0.442m max_error=0.442m (n=11)
[INFO] [1788690993.323595929] [vslam_compare]: gt=(-0.05, -0.02, 3.38) vslam=(0.07, -0.18, 3.05) error=0.386m max_error=0.442m (n=12)
[INFO] [1788690994.323683498] [vslam_compare]: gt=(-0.09, -0.04, 4.12) vslam=(-0.02, -0.1, 3.75) error=0.387m max_error=0.442m (n=13)
[INFO] [1788690995.323887773] [vslam_compare]: gt=(-0.06, -0.01, 4.44) vslam=(-0.04, -0.02, 3.98) error=0.461m max_error=0.461m (n=14)
[INFO] [1788690996.323759232] [vslam_compare]: gt=(-0.04, 0.01, 4.62) vslam=(-0.05, -0.46, 3.57) error=1.158m max_error=1.158m (n=15)
[INFO] [1788690997.323505623] [vslam_compare]: gt=(-0.03, 0.04, 4.65) vslam=(-0.12, -0.94, 3.49) error=1.512m max_error=1.512m (n=16)
[INFO] [1788690998.323740436] [vslam_compare]: gt=(-0.06, 0.38, 4.59) vslam=(-0.18, -0.46, 3.12) error=1.695m max_error=1.695m (n=17)
[INFO] [1788690999.324123967] [vslam_compare]: gt=(-0.06, 0.22, 4.6) vslam=(-0.15, -0.56, 3.02) error=1.756m max_error=1.756m (n=18)
[INFO] [1788691000.324005768] [vslam_compare]: gt=(0.08, 0.17, 4.61) vslam=(-0.12, -0.88, 2.61) error=2.272m max_error=2.272m (n=19)
[INFO] [1788691001.323812849] [vslam_compare]: gt=(0.45, 0.78, 4.65) vslam=(0.32, -0.46, 2.54) error=2.446m max_error=2.446m (n=20)
[INFO] [1788691002.323924608] [vslam_compare]: gt=(0.69, 1.65, 4.68) vslam=(0.68, 0.23, 2.43) error=2.663m max_error=2.663m (n=21)
[INFO] [1788691003.323631693] [vslam_compare]: gt=(1.09, 2.5, 4.74) vslam=(1.28, 0.82, 2.53) error=2.778m max_error=2.778m (n=22)
[INFO] [1788691004.323803795] [vslam_compare]: gt=(1.39, 3.14, 4.76) vslam=(1.51, 1.49, 2.35) error=2.923m max_error=2.923m (n=23)
[INFO] [1788691005.323690553] [vslam_compare]: gt=(1.58, 3.52, 4.76) vslam=(1.9, 2.05, 2.28) error=2.900m max_error=2.923m (n=24)
[INFO] [1788691006.323617051] [vslam_compare]: gt=(1.77, 4.07, 4.76) vslam=(2.61, 2.41, 2.25) error=3.127m max_error=3.127m (n=25)
[INFO] [1788691007.323515318] [vslam_compare]: gt=(1.94, 4.81, 4.8) vslam=(3.85, 1.29, 2.58) error=4.584m max_error=4.584m (n=26)
[INFO] [1788691008.323686403] [vslam_compare]: gt=(1.98, 5.51, 4.85) vslam=(1.18, -0.68, 3.48) error=6.388m max_error=6.388m (n=27)
[INFO] [1788691009.323573317] [vslam_compare]: gt=(1.93, 5.71, 4.85) vslam=(-3.56, 0.95, 4.3) error=7.283m max_error=7.283m (n=28)
[INFO] [1788691010.323583070] [vslam_compare]: gt=(1.97, 5.6, 4.87) vslam=(-4.99, 0.05, 4.6) error=8.911m max_error=8.911m (n=29)
[INFO] [1788691011.323676789] [vslam_compare]: gt=(1.82, 5.7, 4.94) vslam=(-6.4, -0.24, 5.26) error=10.146m max_error=10.146m (n=30)
[INFO] [1788691012.323623019] [vslam_compare]: gt=(1.33, 6.28, 4.99) vslam=(-8.03, -0.26, 4.82) error=11.411m max_error=11.411m (n=31)
[INFO] [1788691013.323730444] [vslam_compare]: gt=(0.72, 6.96, 4.99) vslam=(-8.81, -0.67, 4.99) error=12.202m max_error=12.202m (n=32)
[INFO] [1788691014.323484874] [vslam_compare]: gt=(0.25, 7.56, 5.0) vslam=(-5.33, 4.66, 4.29) error=6.329m max_error=12.202m (n=33)
[INFO] [1788691015.323664045] [vslam_compare]: gt=(0.07, 7.9, 5.01) vslam=(-5.33, 5.68, 4.72) error=5.843m max_error=12.202m (n=34)
[INFO] [1788691016.323748358] [vslam_compare]: gt=(0.09, 7.92, 5.01) vslam=(-7.81, -2.08, 5.86) error=12.773m max_error=12.773m (n=35)
[INFO] [1788691017.323622913] [vslam_compare]: gt=(0.07, 7.93, 5.0) vslam=(-10.58, -2.21, 6.21) error=14.747m max_error=14.747m (n=36)
[INFO] [1788691018.323694582] [vslam_compare]: gt=(0.02, 7.97, 5.01) vslam=(-10.58, -2.21, 6.21) error=14.743m max_error=14.747m (n=37)
[INFO] [1788691019.323520032] [vslam_compare]: gt=(0.02, 8.0, 5.0) vslam=(-10.58, -2.21, 6.21) error=14.768m max_error=14.768m (n=38)
[INFO] [1788691020.323674159] [vslam_compare]: gt=(0.05, 8.0, 5.01) vslam=(-10.58, -2.21, 6.21) error=14.786m max_error=14.786m (n=39)
[INFO] [1788691021.323517564] [vslam_compare]: gt=(0.05, 7.99, 5.01) vslam=(-10.58, -2.21, 6.21) error=14.771m max_error=14.786m (n=40)
[INFO] [1788691022.323551621] [vslam_compare]: gt=(0.03, 7.96, 5.02) vslam=(-10.58, -2.21, 6.21) error=14.741m max_error=14.786m (n=41)
[INFO] [1788691023.323649144] [vslam_compare]: gt=(0.04, 7.94, 5.02) vslam=(-10.58, -2.21, 6.21) error=14.734m max_error=14.786m (n=42)
[INFO] [1788691024.323686367] [vslam_compare]: gt=(0.05, 7.93, 5.02) vslam=(-10.58, -2.21, 6.21) error=14.737m max_error=14.786m (n=43)
[INFO] [1788691025.323480569] [vslam_compare]: gt=(0.05, 7.92, 5.01) vslam=(-10.58, -2.21, 6.21) error=14.729m max_error=14.786m (n=44)
[INFO] [1788691026.323745811] [vslam_compare]: gt=(0.04, 7.91, 5.02) vslam=(-10.58, -2.21, 6.21) error=14.715m max_error=14.786m (n=45)
Traceback (most recent call last):
  File "/workspaces/isaac_ros-dev/ros2_ws/install/px4_vslam_bridge/lib/python3.10/site-packages/px4_vslam_bridge/vslam_compare.py", line 194, in main
    rclpy.spin(node)
  File "/opt/ros/humble/local/lib/python3.10/dist-packages/rclpy/__init__.py", line 229, in spin
    executor.spin_once()
  File "/opt/ros/humble/local/lib/python3.10/dist-packages/rclpy/executors.py", line 808, in spin_once
    self._spin_once_impl(timeout_sec)
  File "/opt/ros/humble/local/lib/python3.10/dist-packages/rclpy/executors.py", line 797, in _spin_once_impl
    handler, entity, node = self.wait_for_ready_callbacks(timeout_sec=timeout_sec)
  File "/opt/ros/humble/local/lib/python3.10/dist-packages/rclpy/executors.py", line 780, in wait_for_ready_callbacks
    return next(self._cb_iter)
  File "/opt/ros/humble/local/lib/python3.10/dist-packages/rclpy/executors.py", line 681, in _wait_for_ready_callbacks
    raise ExternalShutdownException()
rclpy.executors.ExternalShutdownException

During handling of the above exception, another exception occurred:

Traceback (most recent call last):
  File "/workspaces/isaac_ros-dev/ros2_ws/install/px4_vslam_bridge/lib/px4_vslam_bridge/vslam_compare", line 33, in <module>
    sys.exit(load_entry_point('px4-vslam-bridge==0.1.0', 'console_scripts', 'vslam_compare')())
  File "/workspaces/isaac_ros-dev/ros2_ws/install/px4_vslam_bridge/lib/python3.10/site-packages/px4_vslam_bridge/vslam_compare.py", line 199, in main
    rclpy.shutdown()
  File "/opt/ros/humble/local/lib/python3.10/dist-packages/rclpy/__init__.py", line 130, in shutdown
    _shutdown(context=context)
  File "/opt/ros/humble/local/lib/python3.10/dist-packages/rclpy/utilities.py", line 58, in shutdown
    return context.shutdown()
  File "/opt/ros/humble/local/lib/python3.10/dist-packages/rclpy/context.py", line 102, in shutdown
    self.__context.shutdown()
rclpy._rclpy_pybind11.RCLError: failed to shutdown: rcl_shutdown already called on the given context, at ./src/rcl/init.c:241
