[INFO] [1788721493.947112016] [fast_planner_bridge]: fast_planner_bridge ready -- will capture home at arm time and climb (0.0, 0.0, -5.0) NED relative to it, then follow /planning/pos_cmd from Fast-Planner
[INFO] [1788721493.947526929] [fast_planner_bridge]: >>> Press ENTER to arm and fly (or set OFFBOARD_AUTO_START=1) <<<
[INFO] [1788721497.816110426] [fast_planner_bridge]: OFFBOARD + ARMED confirmed -- home_ned=(0.0333915613591671, 0.021704861894249916, -0.028024345636367798), climbing to (0.0333915613591671, 0.021704861894249916, -5.028024345636368).
[INFO] [1788721497.916213089] [fast_planner_bridge]: [CLIMBING] pos_ned=(0.03,0.02,-0.03) dist=5.00m
[INFO] [1788721498.916172943] [fast_planner_bridge]: [CLIMBING] pos_ned=(0.04,0.03,0.01) dist=5.03m
[INFO] [1788721499.915839327] [fast_planner_bridge]: [CLIMBING] pos_ned=(0.00,0.05,0.20) dist=5.23m
[INFO] [1788721500.916107322] [fast_planner_bridge]: [CLIMBING] pos_ned=(-0.01,0.05,0.29) dist=5.32m
[INFO] [1788721501.916160145] [fast_planner_bridge]: [CLIMBING] pos_ned=(-0.00,0.05,0.31) dist=5.34m
[INFO] [1788721502.915975395] [fast_planner_bridge]: [CLIMBING] pos_ned=(0.04,0.12,0.31) dist=5.34m
[INFO] [1788721503.916223146] [fast_planner_bridge]: [CLIMBING] pos_ned=(-0.06,0.19,-0.57) dist=4.46m
[INFO] [1788721504.915907158] [fast_planner_bridge]: [CLIMBING] pos_ned=(-0.20,0.32,-2.01) dist=3.04m
[INFO] [1788721505.916220733] [fast_planner_bridge]: [CLIMBING] pos_ned=(-0.00,0.21,-3.31) dist=1.73m
[INFO] [1788721506.915999763] [fast_planner_bridge]: [CLIMBING] pos_ned=(0.03,-0.09,-4.16) dist=0.87m
[INFO] [1788721507.916070459] [fast_planner_bridge]: [CLIMBING] pos_ned=(-0.00,-0.22,-4.62) dist=0.48m
[INFO] [1788721508.716285553] [fast_planner_bridge]: Climb complete (dist=0.30m) -- following Fast-Planner.
[INFO] [1788721508.916136982] [fast_planner_bridge]: [FOLLOWING] pos_ned=(0.03,-0.19,-4.87) target_ned=(0.05,-0.23,-4.76) pos_cmd_age=0.01s
[INFO] [1788721509.916306194] [fast_planner_bridge]: [FOLLOWING] pos_ned=(0.27,-0.17,-4.84) target_ned=(0.39,-0.29,-4.76) pos_cmd_age=0.01s
[INFO] [1788721510.916193577] [fast_planner_bridge]: [FOLLOWING] pos_ned=(0.86,-0.31,-4.82) target_ned=(0.91,-0.34,-4.77) pos_cmd_age=0.01s
[INFO] [1788721511.916077219] [fast_planner_bridge]: [FOLLOWING] pos_ned=(1.37,-0.29,-4.81) target_ned=(1.36,-0.26,-4.79) pos_cmd_age=0.01s
[INFO] [1788721512.915995401] [fast_planner_bridge]: [FOLLOWING] pos_ned=(1.55,-0.13,-4.82) target_ned=(1.49,-0.18,-4.80) pos_cmd_age=0.01s
[INFO] [1788721513.916019657] [fast_planner_bridge]: [FOLLOWING] pos_ned=(1.45,-0.16,-4.90) target_ned=(1.44,-0.28,-4.79) pos_cmd_age=0.01s
[INFO] [1788721514.916385363] [fast_planner_bridge]: [FOLLOWING] pos_ned=(1.45,-0.36,-4.89) target_ned=(1.56,-0.45,-4.77) pos_cmd_age=0.01s
[INFO] [1788721515.916209421] [fast_planner_bridge]: [FOLLOWING] pos_ned=(1.87,-0.42,-4.78) target_ned=(1.96,-0.53,-4.76) pos_cmd_age=0.01s
[INFO] [1788721516.916135696] [fast_planner_bridge]: [FOLLOWING] pos_ned=(2.50,-0.46,-5.10) target_ned=(2.58,-0.46,-4.78) pos_cmd_age=0.01s
[INFO] [1788721517.916180250] [fast_planner_bridge]: [FOLLOWING] pos_ned=(3.05,-0.41,-5.13) target_ned=(3.08,-0.28,-4.82) pos_cmd_age=0.01s
[INFO] [1788721518.916379681] [fast_planner_bridge]: [FOLLOWING] pos_ned=(3.29,-0.21,-5.21) target_ned=(3.34,-0.06,-4.87) pos_cmd_age=0.01s
[INFO] [1788721519.915827507] [fast_planner_bridge]: [FOLLOWING] pos_ned=(3.45,0.19,-5.19) target_ned=(3.50,0.29,-4.92) pos_cmd_age=0.01s
[INFO] [1788721520.916094374] [fast_planner_bridge]: [FOLLOWING] pos_ned=(3.75,0.73,-5.16) target_ned=(3.67,0.82,-4.98) pos_cmd_age=0.01s
[INFO] [1788721521.915805316] [fast_planner_bridge]: [FOLLOWING] pos_ned=(4.03,1.36,-5.11) target_ned=(3.93,1.46,-5.03) pos_cmd_age=0.01s
[INFO] [1788721522.915855804] [fast_planner_bridge]: [FOLLOWING] pos_ned=(4.49,1.97,-4.95) target_ned=(4.37,2.09,-5.06) pos_cmd_age=0.01s
[INFO] [1788721523.916185063] [fast_planner_bridge]: [FOLLOWING] pos_ned=(5.04,2.50,-4.81) target_ned=(4.93,2.56,-5.05) pos_cmd_age=0.01s
[INFO] [1788721524.916120903] [fast_planner_bridge]: [FOLLOWING] pos_ned=(5.63,2.81,-4.71) target_ned=(5.65,2.86,-4.99) pos_cmd_age=0.01s
[INFO] [1788721525.915958252] [fast_planner_bridge]: [FOLLOWING] pos_ned=(6.32,3.03,-4.69) target_ned=(6.39,3.09,-4.94) pos_cmd_age=0.01s
[INFO] [1788721526.915977500] [fast_planner_bridge]: [FOLLOWING] pos_ned=(6.93,3.18,-4.77) target_ned=(6.96,3.18,-4.94) pos_cmd_age=0.01s
[INFO] [1788721527.916285907] [fast_planner_bridge]: [FOLLOWING] pos_ned=(7.16,3.13,-4.82) target_ned=(7.20,3.08,-4.97) pos_cmd_age=0.01s
[INFO] [1788721528.915843402] [fast_planner_bridge]: [FOLLOWING] pos_ned=(7.16,3.20,-4.83) target_ned=(7.18,3.12,-4.97) pos_cmd_age=0.01s
[INFO] [1788721529.915767373] [fast_planner_bridge]: [FOLLOWING] pos_ned=(7.24,3.36,-4.87) target_ned=(7.28,3.18,-4.95) pos_cmd_age=0.01s
[WARN] [1788721530.117902174] [fast_planner_bridge]: Shutdown signal 15 received -- ceasing ARM requests, commanding AUTO.LAND, will disarm and exit once landed. If this doesn't complete and the vehicle needs to come down NOW, use emergency_stop.py instead of repeating this signal.
[INFO] [1788721530.165993983] [fast_planner_bridge]: Requesting AUTO.LAND... nav_state=14
[INFO] [1788721530.215861525] [fast_planner_bridge]: AUTO.LAND confirmed -- ceasing offboard setpoints, handing off to the autopilot.
[INFO] [1788721531.915911759] [fast_planner_bridge]: Waiting for disarm (backstop disarm sent)... arming_state=2
