[INFO] [1788721486.948436493] [visual_odometry_bridge]: visual_odometry_bridge ready: /visual_slam/tracking/odometry -> /fmu/in/vehicle_visual_odometry
[INFO] [1788721491.853698741] [visual_odometry_bridge]: published 100 vehicle_visual_odometry samples (last NED pos=(0.00,0.00,-0.00))
[WARN] [1788721498.128273002] [visual_odometry_bridge]: Rejected cuVSLAM update: implied speed 18.5 m/s (jumped 0.59m in 32ms) -- holding last known-good position, not forwarding to EKF2. (1 rejected total)
[INFO] [1788721502.028643590] [visual_odometry_bridge]: published 300 vehicle_visual_odometry samples (last NED pos=(-0.19,0.07,0.78))
[WARN] [1788721502.814095824] [visual_odometry_bridge]: Rejected cuVSLAM update: implied speed 66.0 m/s (jumped 2.11m in 32ms) -- holding last known-good position, not forwarding to EKF2. (5 rejected total)
[WARN] [1788721504.217460762] [visual_odometry_bridge]: Rejected cuVSLAM update: implied speed 10.8 m/s (jumped 0.34m in 32ms) -- holding last known-good position, not forwarding to EKF2. (10 rejected total)
[WARN] [1788721505.273656758] [visual_odometry_bridge]: Rejected cuVSLAM update: implied speed 11.0 m/s (jumped 3.25m in 296ms) -- holding last known-good position, not forwarding to EKF2. (22 rejected total)
[WARN] [1788721507.148045565] [visual_odometry_bridge]: Rejected cuVSLAM update: implied speed 45.4 m/s (jumped 1.45m in 32ms) -- holding last known-good position, not forwarding to EKF2. (34 rejected total)
[WARN] [1788721508.184895224] [visual_odometry_bridge]: Rejected cuVSLAM update: implied speed 9.8 m/s (jumped 3.88m in 396ms) -- holding last known-good position, not forwarding to EKF2. (51 rejected total)
[INFO] [1788721509.544813254] [visual_odometry_bridge]: published 400 vehicle_visual_odometry samples (last NED pos=(3.81,10.26,11.05))
[WARN] [1788721511.002535662] [visual_odometry_bridge]: Rejected cuVSLAM update: implied speed 13.3 m/s (jumped 0.42m in 32ms) -- holding last known-good position, not forwarding to EKF2. (54 rejected total)
[WARN] [1788721512.182593629] [visual_odometry_bridge]: Rejected cuVSLAM update: implied speed 27.8 m/s (jumped 0.89m in 32ms) -- holding last known-good position, not forwarding to EKF2. (57 rejected total)
[WARN] [1788721514.458504802] [visual_odometry_bridge]: Rejected cuVSLAM update: implied speed 9.4 m/s (jumped 0.30m in 32ms) -- holding last known-good position, not forwarding to EKF2. (60 rejected total)
[WARN] [1788721515.469672579] [visual_odometry_bridge]: Rejected cuVSLAM update: implied speed 8.2 m/s (jumped 2.73m in 332ms) -- holding last known-good position, not forwarding to EKF2. (70 rejected total)
[INFO] [1788721515.685786785] [visual_odometry_bridge]: published 500 vehicle_visual_odometry samples (last NED pos=(5.11,12.29,12.29))
[WARN] [1788721517.082228945] [visual_odometry_bridge]: Rejected cuVSLAM update: implied speed 46.9 m/s (jumped 1.50m in 32ms) -- holding last known-good position, not forwarding to EKF2. (71 rejected total)
[WARN] [1788721519.115524205] [visual_odometry_bridge]: Rejected cuVSLAM update: implied speed 16.8 m/s (jumped 0.54m in 32ms) -- holding last known-good position, not forwarding to EKF2. (77 rejected total)
[WARN] [1788721520.640533864] [visual_odometry_bridge]: Rejected cuVSLAM update: implied speed 26.4 m/s (jumped 0.84m in 32ms) -- holding last known-good position, not forwarding to EKF2. (81 rejected total)
[WARN] [1788721521.671145147] [visual_odometry_bridge]: Rejected cuVSLAM update: implied speed 65.1 m/s (jumped 10.68m in 164ms) -- holding last known-good position, not forwarding to EKF2. (88 rejected total)
Traceback (most recent call last):
  File "/workspaces/isaac_ros-dev/ros2_ws/install/px4_vslam_bridge/lib/python3.10/site-packages/px4_vslam_bridge/visual_odometry_bridge.py", line 160, in main
    rclpy.spin(node)
  File "/opt/ros/humble/local/lib/python3.10/dist-packages/rclpy/__init__.py", line 229, in spin
    executor.spin_once()
  File "/opt/ros/humble/local/lib/python3.10/dist-packages/rclpy/executors.py", line 808, in spin_once
    self._spin_once_impl(timeout_sec)
  File "/opt/ros/humble/local/lib/python3.10/dist-packages/rclpy/executors.py", line 797, in _spin_once_impl
    handler, entity, node = self.wait_for_ready_callbacks(timeout_sec=timeout_sec)
  File "/opt/ros/humble/local/lib/python3.10/dist-packages/rclpy/executors.py", line 780, in wait_for_ready_callbacks
    return next(self._cb_iter)
  File "/opt/ros/humble/local/lib/python3.10/dist-packages/rclpy/executors.py", line 681, in _wait_for_ready_callbacks
    raise ExternalShutdownException()
rclpy.executors.ExternalShutdownException

During handling of the above exception, another exception occurred:

Traceback (most recent call last):
  File "/workspaces/isaac_ros-dev/ros2_ws/install/px4_vslam_bridge/lib/px4_vslam_bridge/visual_odometry_bridge", line 33, in <module>
    sys.exit(load_entry_point('px4-vslam-bridge==0.1.0', 'console_scripts', 'visual_odometry_bridge')())
  File "/workspaces/isaac_ros-dev/ros2_ws/install/px4_vslam_bridge/lib/python3.10/site-packages/px4_vslam_bridge/visual_odometry_bridge.py", line 165, in main
    rclpy.shutdown()
  File "/opt/ros/humble/local/lib/python3.10/dist-packages/rclpy/__init__.py", line 130, in shutdown
    _shutdown(context=context)
  File "/opt/ros/humble/local/lib/python3.10/dist-packages/rclpy/utilities.py", line 58, in shutdown
    return context.shutdown()
  File "/opt/ros/humble/local/lib/python3.10/dist-packages/rclpy/context.py", line 102, in shutdown
    self.__context.shutdown()
rclpy._rclpy_pybind11.RCLError: failed to shutdown: rcl_shutdown already called on the given context, at ./src/rcl/init.c:241
