[INFO] [1788721489.878210360] [vslam_compare]: vslam_compare: logging per-message CSV to /workspaces/isaac_ros-dev/results/route2_probe/r2_medium_r137/vslam_compare.csv (exp_id='r2_medium_r137')
[INFO] [1788721489.901679927] [vslam_compare]: vslam_compare ready -- watching /visual_slam/tracking/odometry vs /ground_truth/odom
[INFO] [1788721489.902685616] [vslam_compare]: Ground truth origin set: (0.001295770052820444, 0.03398389741778374, 0.029562324285507202)
[INFO] [1788721489.932661198] [vslam_compare]: cuVSLAM origin set: (0.0, 0.0, 0.0) -- tracking initialized
[INFO] [1788721490.901864586] [vslam_compare]: gt=(-0.0, 0.01, -0.0) vslam=(0.0, 0.0, 0.0) error=0.009m max_error=0.009m (n=1)
[INFO] [1788721491.902185908] [vslam_compare]: gt=(-0.0, 0.01, -0.0) vslam=(0.0, 0.0, 0.0) error=0.013m max_error=0.013m (n=2)
[INFO] [1788721492.901903815] [vslam_compare]: gt=(-0.0, 0.02, -0.0) vslam=(0.0, 0.0, 0.0) error=0.015m max_error=0.015m (n=3)
[INFO] [1788721493.901930421] [vslam_compare]: gt=(0.01, 0.02, -0.0) vslam=(0.0, 0.0, 0.0) error=0.020m max_error=0.020m (n=4)
[INFO] [1788721494.901946020] [vslam_compare]: gt=(0.01, 0.02, -0.0) vslam=(0.0, 0.0, 0.0) error=0.019m max_error=0.020m (n=5)
[INFO] [1788721495.901859030] [vslam_compare]: gt=(0.01, 0.01, 0.0) vslam=(0.0, 0.0, 0.0) error=0.015m max_error=0.020m (n=6)
[INFO] [1788721496.902030584] [vslam_compare]: gt=(0.01, 0.0, 0.0) vslam=(0.0, 0.0, 0.0) error=0.014m max_error=0.020m (n=7)
[INFO] [1788721497.901948273] [vslam_compare]: gt=(0.02, -0.0, -0.0) vslam=(-0.02, -0.0, 0.0) error=0.038m max_error=0.038m (n=8)
[INFO] [1788721498.901881927] [vslam_compare]: gt=(0.03, 0.01, -0.04) vslam=(0.07, -0.18, -0.79) error=0.778m max_error=0.778m (n=9)
[INFO] [1788721499.901904464] [vslam_compare]: gt=(0.05, -0.03, -0.23) vslam=(0.06, -0.18, -0.78) error=0.570m max_error=0.778m (n=10)
[INFO] [1788721500.901847265] [vslam_compare]: gt=(0.04, -0.05, -0.32) vslam=(0.07, -0.17, -0.75) error=0.450m max_error=0.778m (n=11)
[INFO] [1788721501.901822101] [vslam_compare]: gt=(0.05, -0.04, -0.34) vslam=(0.07, -0.19, -0.77) error=0.458m max_error=0.778m (n=12)
[INFO] [1788721502.901643813] [vslam_compare]: gt=(0.13, 0.0, -0.33) vslam=(0.95, -0.67, 1.07) error=1.756m max_error=1.756m (n=13)
[INFO] [1788721503.901629148] [vslam_compare]: gt=(0.19, -0.1, 0.56) vslam=(1.23, -0.84, -0.65) error=1.761m max_error=1.761m (n=14)
[INFO] [1788721504.901902853] [vslam_compare]: gt=(0.32, -0.23, 2.0) vslam=(3.71, 0.43, -3.15) error=6.200m max_error=6.200m (n=15)
[INFO] [1788721505.901881977] [vslam_compare]: gt=(0.22, -0.04, 3.27) vslam=(6.56, 1.88, -5.81) error=11.243m max_error=11.243m (n=16)
[INFO] [1788721506.901931017] [vslam_compare]: gt=(-0.09, 0.0, 4.12) vslam=(7.05, 2.04, -6.37) error=12.854m max_error=12.854m (n=17)
[INFO] [1788721507.901967328] [vslam_compare]: gt=(-0.22, -0.03, 4.58) vslam=(10.19, 3.79, -11.03) error=19.147m max_error=19.147m (n=18)
[INFO] [1788721508.901936697] [vslam_compare]: gt=(-0.19, -0.01, 4.84) vslam=(10.25, 3.81, -11.05) error=19.390m max_error=19.390m (n=19)
[INFO] [1788721509.901819828] [vslam_compare]: gt=(-0.17, 0.23, 4.81) vslam=(10.27, 3.76, -10.96) error=19.233m max_error=19.390m (n=20)
[INFO] [1788721510.902239828] [vslam_compare]: gt=(-0.3, 0.81, 4.79) vslam=(10.42, 3.7, -10.33) error=18.766m max_error=19.390m (n=21)
[INFO] [1788721511.901784579] [vslam_compare]: gt=(-0.29, 1.34, 4.78) vslam=(10.5, 3.82, -9.13) error=17.780m max_error=19.390m (n=22)
[INFO] [1788721512.901780758] [vslam_compare]: gt=(-0.13, 1.52, 4.79) vslam=(10.96, 4.32, -9.78) error=18.518m max_error=19.390m (n=23)
[INFO] [1788721513.901862443] [vslam_compare]: gt=(-0.16, 1.42, 4.87) vslam=(10.91, 4.4, -9.84) error=18.658m max_error=19.390m (n=24)
[INFO] [1788721514.901811422] [vslam_compare]: gt=(-0.36, 1.42, 4.86) vslam=(11.06, 4.48, -9.89) error=18.896m max_error=19.390m (n=25)
[INFO] [1788721515.902123561] [vslam_compare]: gt=(-0.42, 1.83, 4.74) vslam=(12.33, 5.08, -12.19) error=21.447m max_error=21.447m (n=26)
[INFO] [1788721516.901635424] [vslam_compare]: gt=(-0.46, 2.46, 5.07) vslam=(12.61, 5.07, -11.64) error=21.372m max_error=21.447m (n=27)
[INFO] [1788721517.901883672] [vslam_compare]: gt=(-0.41, 3.01, 5.1) vslam=(13.36, 5.65, -12.57) error=22.561m max_error=22.561m (n=28)
[INFO] [1788721518.901780181] [vslam_compare]: gt=(-0.21, 3.26, 5.18) vslam=(13.32, 5.8, -12.26) error=22.226m max_error=22.561m (n=29)
[INFO] [1788721519.901812721] [vslam_compare]: gt=(0.18, 3.41, 5.17) vslam=(14.1, 6.65, -12.34) error=22.593m max_error=22.593m (n=30)
[INFO] [1788721520.901908756] [vslam_compare]: gt=(0.72, 3.71, 5.14) vslam=(14.31, 7.22, -12.73) error=22.721m max_error=22.721m (n=31)
[INFO] [1788721521.902115704] [vslam_compare]: gt=(1.35, 3.99, 5.09) vslam=(9.63, 15.64, -7.03) error=18.732m max_error=22.721m (n=32)
[INFO] [1788721522.901843533] [vslam_compare]: gt=(1.97, 4.46, 4.92) vslam=(9.38, 16.06, -6.64) error=17.970m max_error=22.721m (n=33)
[INFO] [1788721523.901992070] [vslam_compare]: gt=(2.5, 5.01, 4.78) vslam=(9.47, 16.76, -6.57) error=17.756m max_error=22.721m (n=34)
[INFO] [1788721524.901627844] [vslam_compare]: gt=(2.81, 5.6, 4.68) vslam=(9.55, 17.11, -6.17) error=17.191m max_error=22.721m (n=35)
[INFO] [1788721525.901722479] [vslam_compare]: gt=(3.02, 6.28, 4.66) vslam=(9.81, 17.43, -5.62) error=16.613m max_error=22.721m (n=36)
Traceback (most recent call last):
  File "/workspaces/isaac_ros-dev/ros2_ws/install/px4_vslam_bridge/lib/python3.10/site-packages/px4_vslam_bridge/vslam_compare.py", line 194, in main
    rclpy.spin(node)
  File "/opt/ros/humble/local/lib/python3.10/dist-packages/rclpy/__init__.py", line 229, in spin
    executor.spin_once()
  File "/opt/ros/humble/local/lib/python3.10/dist-packages/rclpy/executors.py", line 808, in spin_once
    self._spin_once_impl(timeout_sec)
  File "/opt/ros/humble/local/lib/python3.10/dist-packages/rclpy/executors.py", line 797, in _spin_once_impl
    handler, entity, node = self.wait_for_ready_callbacks(timeout_sec=timeout_sec)
  File "/opt/ros/humble/local/lib/python3.10/dist-packages/rclpy/executors.py", line 780, in wait_for_ready_callbacks
    return next(self._cb_iter)
  File "/opt/ros/humble/local/lib/python3.10/dist-packages/rclpy/executors.py", line 653, in _wait_for_ready_callbacks
    wait_set = _rclpy.WaitSet(
rclpy._rclpy_pybind11.RCLError: failed to initialize wait set: the given context is not valid, either rcl_init() was not called or rcl_shutdown() was called., at ./src/rcl/wait.c:130

During handling of the above exception, another exception occurred:

Traceback (most recent call last):
  File "/workspaces/isaac_ros-dev/ros2_ws/install/px4_vslam_bridge/lib/px4_vslam_bridge/vslam_compare", line 33, in <module>
    sys.exit(load_entry_point('px4-vslam-bridge==0.1.0', 'console_scripts', 'vslam_compare')())
  File "/workspaces/isaac_ros-dev/ros2_ws/install/px4_vslam_bridge/lib/python3.10/site-packages/px4_vslam_bridge/vslam_compare.py", line 199, in main
    rclpy.shutdown()
  File "/opt/ros/humble/local/lib/python3.10/dist-packages/rclpy/__init__.py", line 130, in shutdown
    _shutdown(context=context)
  File "/opt/ros/humble/local/lib/python3.10/dist-packages/rclpy/utilities.py", line 58, in shutdown
    return context.shutdown()
  File "/opt/ros/humble/local/lib/python3.10/dist-packages/rclpy/context.py", line 102, in shutdown
    self.__context.shutdown()
rclpy._rclpy_pybind11.RCLError: failed to shutdown: rcl_shutdown already called on the given context, at ./src/rcl/init.c:241
