[INFO] [1788686868.786007516] [fast_planner_bridge]: fast_planner_bridge ready -- will capture home at arm time and climb (0.0, 0.0, -5.0) NED relative to it, then follow /planning/pos_cmd from Fast-Planner
[INFO] [1788686868.786388561] [fast_planner_bridge]: >>> Press ENTER to arm and fly (or set OFFBOARD_AUTO_START=1) <<<
[INFO] [1788686871.655215342] [fast_planner_bridge]: OFFBOARD + ARMED confirmed -- home_ned=(-0.04565601423382759, 0.0242141205817461, 0.02197769284248352), climbing to (-0.04565601423382759, 0.0242141205817461, -4.9780223071575165).
[INFO] [1788686871.755816737] [fast_planner_bridge]: [CLIMBING] pos_ned=(-0.04,0.02,0.02) dist=5.00m
[INFO] [1788686872.755480658] [fast_planner_bridge]: [CLIMBING] pos_ned=(-0.02,0.03,0.03) dist=5.00m
[INFO] [1788686873.755955660] [fast_planner_bridge]: [CLIMBING] pos_ned=(-0.01,0.04,0.03) dist=5.01m
[INFO] [1788686874.755613578] [fast_planner_bridge]: [CLIMBING] pos_ned=(-0.02,0.05,0.02) dist=5.00m
[INFO] [1788686875.755377753] [fast_planner_bridge]: [CLIMBING] pos_ned=(-0.01,0.06,0.00) dist=4.98m
[INFO] [1788686876.755756710] [fast_planner_bridge]: [CLIMBING] pos_ned=(0.00,0.08,-0.22) dist=4.76m
[INFO] [1788686877.755821957] [fast_planner_bridge]: [CLIMBING] pos_ned=(-0.01,0.09,-1.27) dist=3.71m
[INFO] [1788686878.755280053] [fast_planner_bridge]: [CLIMBING] pos_ned=(-0.06,0.03,-3.07) dist=1.91m
[INFO] [1788686879.755892133] [fast_planner_bridge]: [CLIMBING] pos_ned=(-0.07,-0.04,-3.96) dist=1.02m
[INFO] [1788686880.755691175] [fast_planner_bridge]: [CLIMBING] pos_ned=(-0.04,-0.01,-4.34) dist=0.64m
[INFO] [1788686881.755296432] [fast_planner_bridge]: [CLIMBING] pos_ned=(-0.01,0.02,-4.54) dist=0.44m
[INFO] [1788686882.705468848] [fast_planner_bridge]: Climb complete (dist=0.30m) -- following Fast-Planner.
[INFO] [1788686882.755451298] [fast_planner_bridge]: [FOLLOWING] pos_ned=(-0.02,0.02,-4.69) target_ned=(-0.02,0.02,-4.66) pos_cmd_age=0.00s
[INFO] [1788686883.755501526] [fast_planner_bridge]: [FOLLOWING] pos_ned=(-0.03,0.02,-4.62) target_ned=(-0.02,0.02,-4.66) pos_cmd_age=0.00s
[INFO] [1788686884.755594613] [fast_planner_bridge]: [FOLLOWING] pos_ned=(-0.02,0.01,-4.58) target_ned=(-0.02,0.02,-4.66) pos_cmd_age=0.00s
[INFO] [1788686885.755741068] [fast_planner_bridge]: [FOLLOWING] pos_ned=(0.06,0.07,-4.61) target_ned=(0.15,0.10,-4.66) pos_cmd_age=0.00s
[INFO] [1788686886.755506326] [fast_planner_bridge]: [FOLLOWING] pos_ned=(0.48,0.30,-4.65) target_ned=(0.62,0.33,-4.69) pos_cmd_age=0.00s
[INFO] [1788686887.755670571] [fast_planner_bridge]: [FOLLOWING] pos_ned=(1.21,0.53,-4.69) target_ned=(1.28,0.66,-4.72) pos_cmd_age=0.00s
[INFO] [1788686888.755498562] [fast_planner_bridge]: [FOLLOWING] pos_ned=(2.00,0.90,-4.74) target_ned=(2.02,1.05,-4.77) pos_cmd_age=0.00s
[INFO] [1788686889.755628107] [fast_planner_bridge]: [FOLLOWING] pos_ned=(2.71,1.24,-4.78) target_ned=(2.71,1.34,-4.80) pos_cmd_age=0.00s
[INFO] [1788686890.755481773] [fast_planner_bridge]: [FOLLOWING] pos_ned=(3.15,1.45,-4.81) target_ned=(3.16,1.49,-4.82) pos_cmd_age=0.00s
[INFO] [1788686891.755540170] [fast_planner_bridge]: [FOLLOWING] pos_ned=(3.46,1.61,-4.85) target_ned=(3.56,1.61,-4.87) pos_cmd_age=0.00s
[INFO] [1788686892.755533153] [fast_planner_bridge]: [FOLLOWING] pos_ned=(3.94,1.78,-4.90) target_ned=(4.05,1.74,-4.91) pos_cmd_age=0.00s
[INFO] [1788686893.755513169] [fast_planner_bridge]: [FOLLOWING] pos_ned=(4.58,1.93,-4.90) target_ned=(4.62,1.89,-4.92) pos_cmd_age=0.00s
[INFO] [1788686894.755314808] [fast_planner_bridge]: [FOLLOWING] pos_ned=(5.25,2.02,-4.90) target_ned=(5.29,1.99,-4.92) pos_cmd_age=0.00s
[INFO] [1788686895.755567070] [fast_planner_bridge]: [FOLLOWING] pos_ned=(5.93,2.05,-4.92) target_ned=(5.98,2.02,-4.93) pos_cmd_age=0.00s
[INFO] [1788686896.755528254] [fast_planner_bridge]: [FOLLOWING] pos_ned=(6.62,2.04,-4.98) target_ned=(6.67,1.99,-4.96) pos_cmd_age=0.00s
[INFO] [1788686897.755325619] [fast_planner_bridge]: [FOLLOWING] pos_ned=(7.05,1.84,-4.97) target_ned=(7.06,1.80,-4.96) pos_cmd_age=0.00s
[INFO] [1788686898.755336581] [fast_planner_bridge]: [FOLLOWING] pos_ned=(7.15,1.76,-4.95) target_ned=(7.12,1.74,-4.96) pos_cmd_age=0.00s
[INFO] [1788686899.755473698] [fast_planner_bridge]: [FOLLOWING] pos_ned=(7.06,1.90,-4.98) target_ned=(7.04,1.81,-4.98) pos_cmd_age=0.00s
[INFO] [1788686900.755419434] [fast_planner_bridge]: [FOLLOWING] pos_ned=(7.09,1.79,-5.03) target_ned=(7.09,1.64,-5.02) pos_cmd_age=0.00s
[INFO] [1788686901.755371589] [fast_planner_bridge]: [FOLLOWING] pos_ned=(7.38,1.27,-5.06) target_ned=(7.33,1.18,-5.06) pos_cmd_age=0.00s
[INFO] [1788686902.755386088] [fast_planner_bridge]: [FOLLOWING] pos_ned=(7.70,0.54,-5.06) target_ned=(7.69,0.55,-5.07) pos_cmd_age=0.00s
[INFO] [1788686903.755396928] [fast_planner_bridge]: [FOLLOWING] pos_ned=(7.94,0.05,-5.02) target_ned=(7.94,0.12,-5.03) pos_cmd_age=0.00s
[INFO] [1788686904.755405732] [fast_planner_bridge]: [FOLLOWING] pos_ned=(8.01,-0.03,-5.01) target_ned=(8.00,-0.00,-5.00) pos_cmd_age=0.00s
[INFO] [1788686905.755468695] [fast_planner_bridge]: [FOLLOWING] pos_ned=(8.02,0.06,-5.01) target_ned=(8.00,-0.00,-5.00) pos_cmd_age=0.00s
[INFO] [1788686906.755385190] [fast_planner_bridge]: [FOLLOWING] pos_ned=(8.06,0.02,-5.01) target_ned=(8.00,-0.00,-5.00) pos_cmd_age=0.00s
[INFO] [1788686907.755409004] [fast_planner_bridge]: [FOLLOWING] pos_ned=(8.06,-0.03,-4.99) target_ned=(8.00,-0.00,-5.00) pos_cmd_age=0.00s
[INFO] [1788686908.755428587] [fast_planner_bridge]: [FOLLOWING] pos_ned=(8.03,-0.03,-5.00) target_ned=(8.00,-0.00,-5.00) pos_cmd_age=0.00s
[INFO] [1788686909.755387614] [fast_planner_bridge]: [FOLLOWING] pos_ned=(7.99,-0.03,-5.00) target_ned=(8.00,-0.00,-5.00) pos_cmd_age=0.00s
[INFO] [1788686910.755467535] [fast_planner_bridge]: [FOLLOWING] pos_ned=(7.99,-0.02,-5.01) target_ned=(8.00,-0.00,-5.00) pos_cmd_age=0.00s
[INFO] [1788686911.755342859] [fast_planner_bridge]: [FOLLOWING] pos_ned=(7.99,-0.02,-5.01) target_ned=(8.00,-0.00,-5.00) pos_cmd_age=0.00s
[WARN] [1788686912.193612507] [fast_planner_bridge]: Shutdown signal 15 received -- ceasing ARM requests, commanding AUTO.LAND, will disarm and exit once landed. If this doesn't complete and the vehicle needs to come down NOW, use emergency_stop.py instead of repeating this signal.
[INFO] [1788686912.255594146] [fast_planner_bridge]: Requesting AUTO.LAND... nav_state=14
[INFO] [1788686912.305410552] [fast_planner_bridge]: AUTO.LAND confirmed -- ceasing offboard setpoints, handing off to the autopilot.
[INFO] [1788686912.755382529] [fast_planner_bridge]: Waiting for disarm (backstop disarm sent)... arming_state=2
[INFO] [1788686914.755286280] [fast_planner_bridge]: Waiting for disarm (backstop disarm sent)... arming_state=2
