[INFO] [1788714091.448450348] [visual_odometry_bridge]: visual_odometry_bridge ready: /visual_slam/tracking/odometry -> /fmu/in/vehicle_visual_odometry
[INFO] [1788714096.235133829] [visual_odometry_bridge]: published 100 vehicle_visual_odometry samples (last NED pos=(0.00,0.00,-0.00))
[WARN] [1788714101.105903117] [visual_odometry_bridge]: Rejected cuVSLAM update: implied speed 35.2 m/s (jumped 1.13m in 32ms) -- holding last known-good position, not forwarding to EKF2. (1 rejected total)
[WARN] [1788714106.068395617] [visual_odometry_bridge]: Rejected cuVSLAM update: implied speed 12.7 m/s (jumped 0.41m in 32ms) -- holding last known-good position, not forwarding to EKF2. (10 rejected total)
[INFO] [1788714106.903080696] [visual_odometry_bridge]: published 300 vehicle_visual_odometry samples (last NED pos=(1.72,-3.25,-0.96))
[WARN] [1788714109.012868026] [visual_odometry_bridge]: Rejected cuVSLAM update: implied speed 8.5 m/s (jumped 0.27m in 32ms) -- holding last known-good position, not forwarding to EKF2. (15 rejected total)
[WARN] [1788714110.219147553] [visual_odometry_bridge]: Rejected cuVSLAM update: implied speed 10.9 m/s (jumped 0.35m in 32ms) -- holding last known-good position, not forwarding to EKF2. (19 rejected total)
[INFO] [1788714112.156601959] [visual_odometry_bridge]: published 400 vehicle_visual_odometry samples (last NED pos=(6.01,-2.27,-3.82))
[WARN] [1788714115.028332491] [visual_odometry_bridge]: Rejected cuVSLAM update: implied speed 8.8 m/s (jumped 0.28m in 32ms) -- holding last known-good position, not forwarding to EKF2. (22 rejected total)
[WARN] [1788714116.254581941] [visual_odometry_bridge]: Rejected cuVSLAM update: implied speed 9.6 m/s (jumped 0.31m in 32ms) -- holding last known-good position, not forwarding to EKF2. (24 rejected total)
[INFO] [1788714117.409006630] [visual_odometry_bridge]: published 500 vehicle_visual_odometry samples (last NED pos=(7.30,-4.05,-4.17))
[WARN] [1788714118.996555739] [visual_odometry_bridge]: Rejected cuVSLAM update: implied speed 12.8 m/s (jumped 0.41m in 32ms) -- holding last known-good position, not forwarding to EKF2. (30 rejected total)
[WARN] [1788714122.063315160] [visual_odometry_bridge]: Rejected cuVSLAM update: implied speed 10.2 m/s (jumped 0.37m in 36ms) -- holding last known-good position, not forwarding to EKF2. (32 rejected total)
[INFO] [1788714122.593985777] [visual_odometry_bridge]: published 600 vehicle_visual_odometry samples (last NED pos=(10.96,-2.82,-3.29))
[WARN] [1788714123.226758500] [visual_odometry_bridge]: Rejected cuVSLAM update: implied speed 9.6 m/s (jumped 0.31m in 32ms) -- holding last known-good position, not forwarding to EKF2. (37 rejected total)
[WARN] [1788714124.901095818] [visual_odometry_bridge]: Rejected cuVSLAM update: implied speed 10.3 m/s (jumped 0.33m in 32ms) -- holding last known-good position, not forwarding to EKF2. (43 rejected total)
[WARN] [1788714126.187338279] [visual_odometry_bridge]: Rejected cuVSLAM update: implied speed 11.7 m/s (jumped 0.37m in 32ms) -- holding last known-good position, not forwarding to EKF2. (44 rejected total)
Traceback (most recent call last):
  File "/workspaces/isaac_ros-dev/ros2_ws/install/px4_vslam_bridge/lib/python3.10/site-packages/px4_vslam_bridge/visual_odometry_bridge.py", line 160, in main
    rclpy.spin(node)
  File "/opt/ros/humble/local/lib/python3.10/dist-packages/rclpy/__init__.py", line 229, in spin
    executor.spin_once()
  File "/opt/ros/humble/local/lib/python3.10/dist-packages/rclpy/executors.py", line 808, in spin_once
    self._spin_once_impl(timeout_sec)
  File "/opt/ros/humble/local/lib/python3.10/dist-packages/rclpy/executors.py", line 797, in _spin_once_impl
    handler, entity, node = self.wait_for_ready_callbacks(timeout_sec=timeout_sec)
  File "/opt/ros/humble/local/lib/python3.10/dist-packages/rclpy/executors.py", line 780, in wait_for_ready_callbacks
    return next(self._cb_iter)
  File "/opt/ros/humble/local/lib/python3.10/dist-packages/rclpy/executors.py", line 681, in _wait_for_ready_callbacks
    raise ExternalShutdownException()
rclpy.executors.ExternalShutdownException

During handling of the above exception, another exception occurred:

Traceback (most recent call last):
  File "/workspaces/isaac_ros-dev/ros2_ws/install/px4_vslam_bridge/lib/px4_vslam_bridge/visual_odometry_bridge", line 33, in <module>
    sys.exit(load_entry_point('px4-vslam-bridge==0.1.0', 'console_scripts', 'visual_odometry_bridge')())
  File "/workspaces/isaac_ros-dev/ros2_ws/install/px4_vslam_bridge/lib/python3.10/site-packages/px4_vslam_bridge/visual_odometry_bridge.py", line 165, in main
    rclpy.shutdown()
  File "/opt/ros/humble/local/lib/python3.10/dist-packages/rclpy/__init__.py", line 130, in shutdown
    _shutdown(context=context)
  File "/opt/ros/humble/local/lib/python3.10/dist-packages/rclpy/utilities.py", line 58, in shutdown
    return context.shutdown()
  File "/opt/ros/humble/local/lib/python3.10/dist-packages/rclpy/context.py", line 102, in shutdown
    self.__context.shutdown()
rclpy._rclpy_pybind11.RCLError: failed to shutdown: rcl_shutdown already called on the given context, at ./src/rcl/init.c:241
