[INFO] [1788596602.537585684] [vslam_compare]: vslam_compare: logging per-message CSV to /workspaces/isaac_ros-dev/results/feasibility_gate/gate_sweep_none_r09/vslam_compare.csv (exp_id='gate_sweep_none_r09')
[INFO] [1788596602.557273121] [vslam_compare]: vslam_compare ready -- watching /visual_slam/tracking/odometry vs /ground_truth/odom
[INFO] [1788596602.558099278] [vslam_compare]: Ground truth origin set: (0.020137151703238487, 0.013083149679005146, 0.08658291399478912)
[INFO] [1788596602.585652099] [vslam_compare]: cuVSLAM origin set: (0.0, 0.0, 0.0) -- tracking initialized
[INFO] [1788596603.557833233] [vslam_compare]: gt=(0.01, -0.01, -0.01) vslam=(0.0, 0.0, 0.0) error=0.013m max_error=0.013m (n=1)
[INFO] [1788596604.557655996] [vslam_compare]: gt=(0.01, -0.02, -0.02) vslam=(0.0, 0.0, 0.0) error=0.031m max_error=0.031m (n=2)
[INFO] [1788596605.557543872] [vslam_compare]: gt=(0.02, -0.02, -0.03) vslam=(0.0, 0.0, 0.0) error=0.042m max_error=0.042m (n=3)
[INFO] [1788596606.557819743] [vslam_compare]: gt=(0.02, -0.03, -0.04) vslam=(0.0, 0.0, 0.0) error=0.051m max_error=0.051m (n=4)
[INFO] [1788596607.557924689] [vslam_compare]: gt=(0.02, -0.03, -0.04) vslam=(0.0, 0.0, 0.0) error=0.056m max_error=0.056m (n=5)
[INFO] [1788596608.557829122] [vslam_compare]: gt=(-0.0, -0.02, -0.05) vslam=(0.0, 0.0, 0.0) error=0.053m max_error=0.056m (n=6)
[INFO] [1788596609.557542489] [vslam_compare]: gt=(-0.01, -0.0, -0.05) vslam=(0.0, 0.0, 0.0) error=0.054m max_error=0.056m (n=7)
[INFO] [1788596610.557624611] [vslam_compare]: gt=(-0.01, -0.0, -0.05) vslam=(0.0, 0.0, 0.0) error=0.046m max_error=0.056m (n=8)
[INFO] [1788596611.557625201] [vslam_compare]: gt=(-0.01, 0.0, -0.05) vslam=(0.0, 0.0, 0.0) error=0.046m max_error=0.056m (n=9)
[INFO] [1788596612.557628367] [vslam_compare]: gt=(-0.01, 0.0, -0.05) vslam=(0.0, 0.0, 0.0) error=0.049m max_error=0.056m (n=10)
[INFO] [1788596613.557636488] [vslam_compare]: gt=(0.0, -0.02, -0.04) vslam=(-0.0, -0.0, 0.0) error=0.045m max_error=0.056m (n=11)
[INFO] [1788596614.557775088] [vslam_compare]: gt=(0.06, -0.02, -0.03) vslam=(0.01, -0.1, 0.03) error=0.114m max_error=0.114m (n=12)
[INFO] [1788596615.557759021] [vslam_compare]: gt=(0.1, 0.03, 0.67) vslam=(0.27, -0.03, 0.34) error=0.372m max_error=0.372m (n=13)
[INFO] [1788596616.557659545] [vslam_compare]: gt=(-0.01, -0.09, 2.51) vslam=(0.12, -0.22, 2.04) error=0.506m max_error=0.506m (n=14)
[INFO] [1788596617.557654194] [vslam_compare]: gt=(-0.08, -0.12, 3.73) vslam=(0.02, -0.27, 3.4) error=0.382m max_error=0.506m (n=15)
[INFO] [1788596618.557721426] [vslam_compare]: gt=(-0.07, -0.05, 4.22) vslam=(-0.04, -0.2, 4.06) error=0.215m max_error=0.506m (n=16)
[INFO] [1788596619.557697615] [vslam_compare]: gt=(-0.06, 0.05, 4.48) vslam=(-0.05, -0.11, 4.43) error=0.172m max_error=0.506m (n=17)
[INFO] [1788596620.557861220] [vslam_compare]: gt=(-0.03, 0.08, 4.64) vslam=(-0.02, -0.1, 4.64) error=0.178m max_error=0.506m (n=18)
[INFO] [1788596621.558235342] [vslam_compare]: gt=(-0.0, 0.06, 4.61) vslam=(0.02, -0.13, 4.65) error=0.191m max_error=0.506m (n=19)
[INFO] [1788596622.557873112] [vslam_compare]: gt=(-0.01, 0.07, 4.54) vslam=(0.02, -0.19, 4.55) error=0.264m max_error=0.506m (n=20)
[INFO] [1788596623.557665078] [vslam_compare]: gt=(0.16, 0.37, 4.57) vslam=(0.09, -0.04, 4.51) error=0.417m max_error=0.506m (n=21)
[INFO] [1788596624.558104801] [vslam_compare]: gt=(0.44, 1.07, 4.6) vslam=(0.43, 0.47, 4.52) error=0.610m max_error=0.610m (n=22)
[INFO] [1788596625.557763161] [vslam_compare]: gt=(0.8, 1.95, 4.61) vslam=(0.73, 1.16, 4.52) error=0.796m max_error=0.796m (n=23)
[INFO] [1788596626.557845930] [vslam_compare]: gt=(1.14, 2.69, 4.64) vslam=(1.13, 1.92, 4.56) error=0.771m max_error=0.796m (n=24)
[INFO] [1788596627.557721061] [vslam_compare]: gt=(1.35, 3.16, 4.67) vslam=(1.37, 2.47, 4.64) error=0.689m max_error=0.796m (n=25)
[INFO] [1788596628.557530258] [vslam_compare]: gt=(1.5, 3.5, 4.65) vslam=(1.56, 2.85, 4.66) error=0.650m max_error=0.796m (n=26)
[INFO] [1788596629.557613293] [vslam_compare]: gt=(1.66, 4.06, 4.65) vslam=(1.68, 3.34, 4.7) error=0.718m max_error=0.796m (n=27)
[INFO] [1788596630.557551033] [vslam_compare]: gt=(1.82, 4.72, 4.7) vslam=(1.8, 4.07, 4.74) error=0.655m max_error=0.796m (n=28)
[INFO] [1788596631.557833353] [vslam_compare]: gt=(1.92, 5.35, 4.75) vslam=(1.93, 4.7, 4.81) error=0.652m max_error=0.796m (n=29)
[INFO] [1788596632.557709595] [vslam_compare]: gt=(1.93, 5.97, 4.78) vslam=(1.92, 5.33, 4.86) error=0.646m max_error=0.796m (n=30)
[INFO] [1788596633.557416830] [vslam_compare]: gt=(1.86, 6.74, 4.82) vslam=(1.9, 6.06, 4.95) error=0.696m max_error=0.796m (n=31)
[INFO] [1788596634.557731880] [vslam_compare]: gt=(1.66, 7.22, 4.85) vslam=(1.6, 6.59, 4.94) error=0.642m max_error=0.796m (n=32)
[INFO] [1788596635.557810205] [vslam_compare]: gt=(1.62, 7.3, 4.85) vslam=(1.52, 6.72, 4.93) error=0.589m max_error=0.796m (n=33)
[INFO] [1788596636.557775810] [vslam_compare]: gt=(1.81, 7.15, 4.87) vslam=(1.72, 6.69, 4.93) error=0.469m max_error=0.796m (n=34)
[INFO] [1788596637.557645905] [vslam_compare]: gt=(1.7, 7.15, 4.94) vslam=(1.66, 6.62, 4.94) error=0.534m max_error=0.796m (n=35)
[INFO] [1788596638.557575479] [vslam_compare]: gt=(1.11, 7.43, 4.96) vslam=(1.18, 6.84, 4.97) error=0.589m max_error=0.796m (n=36)
[INFO] [1788596639.558001287] [vslam_compare]: gt=(0.36, 7.74, 4.93) vslam=(0.41, 7.12, 4.95) error=0.615m max_error=0.796m (n=37)
[INFO] [1788596640.557802170] [vslam_compare]: gt=(-0.01, 7.96, 4.9) vslam=(-0.0, 7.34, 4.94) error=0.622m max_error=0.796m (n=38)
[INFO] [1788596641.557634257] [vslam_compare]: gt=(0.01, 7.98, 4.91) vslam=(-0.03, 7.4, 4.96) error=0.584m max_error=0.796m (n=39)
[INFO] [1788596642.557445893] [vslam_compare]: gt=(0.02, 8.02, 4.91) vslam=(-0.04, 7.42, 5.0) error=0.601m max_error=0.796m (n=40)
[INFO] [1788596643.557683203] [vslam_compare]: gt=(-0.04, 8.05, 4.92) vslam=(-0.09, 7.43, 5.02) error=0.629m max_error=0.796m (n=41)
Traceback (most recent call last):
  File "/workspaces/isaac_ros-dev/ros2_ws/install/px4_vslam_bridge/lib/python3.10/site-packages/px4_vslam_bridge/vslam_compare.py", line 194, in main
    rclpy.spin(node)
  File "/opt/ros/humble/local/lib/python3.10/dist-packages/rclpy/__init__.py", line 229, in spin
    executor.spin_once()
  File "/opt/ros/humble/local/lib/python3.10/dist-packages/rclpy/executors.py", line 808, in spin_once
    self._spin_once_impl(timeout_sec)
  File "/opt/ros/humble/local/lib/python3.10/dist-packages/rclpy/executors.py", line 797, in _spin_once_impl
    handler, entity, node = self.wait_for_ready_callbacks(timeout_sec=timeout_sec)
  File "/opt/ros/humble/local/lib/python3.10/dist-packages/rclpy/executors.py", line 780, in wait_for_ready_callbacks
    return next(self._cb_iter)
  File "/opt/ros/humble/local/lib/python3.10/dist-packages/rclpy/executors.py", line 681, in _wait_for_ready_callbacks
    raise ExternalShutdownException()
rclpy.executors.ExternalShutdownException

During handling of the above exception, another exception occurred:

Traceback (most recent call last):
  File "/workspaces/isaac_ros-dev/ros2_ws/install/px4_vslam_bridge/lib/px4_vslam_bridge/vslam_compare", line 33, in <module>
    sys.exit(load_entry_point('px4-vslam-bridge==0.1.0', 'console_scripts', 'vslam_compare')())
  File "/workspaces/isaac_ros-dev/ros2_ws/install/px4_vslam_bridge/lib/python3.10/site-packages/px4_vslam_bridge/vslam_compare.py", line 199, in main
    rclpy.shutdown()
  File "/opt/ros/humble/local/lib/python3.10/dist-packages/rclpy/__init__.py", line 130, in shutdown
    _shutdown(context=context)
  File "/opt/ros/humble/local/lib/python3.10/dist-packages/rclpy/utilities.py", line 58, in shutdown
    return context.shutdown()
  File "/opt/ros/humble/local/lib/python3.10/dist-packages/rclpy/context.py", line 102, in shutdown
    self.__context.shutdown()
rclpy._rclpy_pybind11.RCLError: failed to shutdown: rcl_shutdown already called on the given context, at ./src/rcl/init.c:241
