[INFO] [1788601616.354918095] [fast_planner_bridge]: fast_planner_bridge ready -- will capture home at arm time and climb (0.0, 0.0, -5.0) NED relative to it, then follow /planning/pos_cmd from Fast-Planner
[INFO] [1788601616.355486747] [fast_planner_bridge]: >>> Press ENTER to arm and fly (or set OFFBOARD_AUTO_START=1) <<<
[WARN] [1788601618.321336743] [fast_planner_bridge]: [tick 40] No data on /fmu/out/vehicle_local_position_v1.
[INFO] [1788601621.721260607] [fast_planner_bridge]: OFFBOARD + ARMED confirmed -- home_ned=(0.006949845235794783, 0.005654525477439165, -0.04759207367897034), climbing to (0.006949845235794783, 0.005654525477439165, -5.04759207367897).
[INFO] [1788601622.321257700] [fast_planner_bridge]: [CLIMBING] pos_ned=(-0.00,-0.00,-0.04) dist=5.00m
[INFO] [1788601623.322054058] [fast_planner_bridge]: [CLIMBING] pos_ned=(-0.01,0.00,-0.04) dist=5.01m
[INFO] [1788601624.321500319] [fast_planner_bridge]: [CLIMBING] pos_ned=(-0.02,0.01,-0.04) dist=5.01m
[INFO] [1788601625.321682882] [fast_planner_bridge]: [CLIMBING] pos_ned=(-0.01,0.00,-0.04) dist=5.01m
[INFO] [1788601626.321548900] [fast_planner_bridge]: [CLIMBING] pos_ned=(0.01,0.06,-0.04) dist=5.01m
[INFO] [1788601627.321368998] [fast_planner_bridge]: [CLIMBING] pos_ned=(-0.02,0.09,-0.04) dist=5.01m
[INFO] [1788601628.321348310] [fast_planner_bridge]: [CLIMBING] pos_ned=(-0.15,-0.01,-0.58) dist=4.47m
[INFO] [1788601629.321438646] [fast_planner_bridge]: [CLIMBING] pos_ned=(-0.33,-0.32,-2.25) dist=2.83m
[INFO] [1788601630.321186948] [fast_planner_bridge]: [CLIMBING] pos_ned=(-0.27,-0.23,-3.51) dist=1.58m
[INFO] [1788601631.321559614] [fast_planner_bridge]: [CLIMBING] pos_ned=(-0.07,-0.12,-4.06) dist=1.00m
[INFO] [1788601632.321497022] [fast_planner_bridge]: [CLIMBING] pos_ned=(0.10,-0.04,-4.38) dist=0.68m
[INFO] [1788601633.321473499] [fast_planner_bridge]: [CLIMBING] pos_ned=(0.14,0.04,-4.58) dist=0.48m
[INFO] [1788601634.321199584] [fast_planner_bridge]: [CLIMBING] pos_ned=(0.11,0.09,-4.73) dist=0.34m
[INFO] [1788601634.821634115] [fast_planner_bridge]: Climb complete (dist=0.30m) -- following Fast-Planner.
[INFO] [1788601635.321970979] [fast_planner_bridge]: [FOLLOWING] pos_ned=(0.08,0.10,-4.76) target_ned=(0.14,0.06,-4.63) pos_cmd_age=0.01s
[INFO] [1788601636.321528471] [fast_planner_bridge]: [FOLLOWING] pos_ned=(0.12,0.12,-4.62) target_ned=(0.18,0.04,-4.63) pos_cmd_age=0.01s
[INFO] [1788601637.321314406] [fast_planner_bridge]: [FOLLOWING] pos_ned=(0.42,-0.05,-4.61) target_ned=(0.50,-0.11,-4.63) pos_cmd_age=0.01s
[INFO] [1788601638.321647509] [fast_planner_bridge]: [FOLLOWING] pos_ned=(0.98,-0.35,-4.62) target_ned=(1.08,-0.32,-4.64) pos_cmd_age=0.01s
[INFO] [1788601639.321634621] [fast_planner_bridge]: [FOLLOWING] pos_ned=(1.73,-0.60,-4.63) target_ned=(1.81,-0.55,-4.66) pos_cmd_age=0.01s
[INFO] [1788601640.321558772] [fast_planner_bridge]: [FOLLOWING] pos_ned=(2.50,-0.81,-4.66) target_ned=(2.57,-0.77,-4.70) pos_cmd_age=0.01s
[INFO] [1788601641.321845586] [fast_planner_bridge]: [FOLLOWING] pos_ned=(3.09,-0.88,-4.69) target_ned=(3.04,-0.88,-4.69) pos_cmd_age=0.01s
[INFO] [1788601642.321642380] [fast_planner_bridge]: [FOLLOWING] pos_ned=(3.41,-0.91,-4.67) target_ned=(3.22,-1.08,-4.70) pos_cmd_age=0.01s
[INFO] [1788601643.321400036] [fast_planner_bridge]: [FOLLOWING] pos_ned=(3.17,-2.28,-4.21) target_ned=(3.22,-2.16,-4.27) pos_cmd_age=0.01s
[INFO] [1788601644.321435337] [fast_planner_bridge]: [FOLLOWING] pos_ned=(2.79,-4.76,-3.01) target_ned=(3.22,-2.16,-4.27) pos_cmd_age=0.01s
[INFO] [1788601645.321511040] [fast_planner_bridge]: [FOLLOWING] pos_ned=(3.82,-6.65,-0.91) target_ned=(3.22,-2.16,-4.27) pos_cmd_age=0.01s
[INFO] [1788601646.321448238] [fast_planner_bridge]: [FOLLOWING] pos_ned=(3.85,-6.89,0.59) target_ned=(3.22,-2.16,-4.27) pos_cmd_age=0.01s
[INFO] [1788601647.321599704] [fast_planner_bridge]: [FOLLOWING] pos_ned=(5.71,-7.43,-0.06) target_ned=(3.22,-2.16,-4.27) pos_cmd_age=0.01s
[INFO] [1788601648.321379560] [fast_planner_bridge]: [FOLLOWING] pos_ned=(6.71,-5.41,-0.18) target_ned=(6.73,-5.71,-0.15) pos_cmd_age=0.01s
[INFO] [1788601649.321670406] [fast_planner_bridge]: [FOLLOWING] pos_ned=(6.46,-4.62,-0.23) target_ned=(6.53,-4.67,-0.25) pos_cmd_age=0.01s
[INFO] [1788601650.321732401] [fast_planner_bridge]: [FOLLOWING] pos_ned=(6.02,-4.65,-0.30) target_ned=(6.15,-4.63,-0.31) pos_cmd_age=0.01s
[INFO] [1788601651.321744558] [fast_planner_bridge]: [FOLLOWING] pos_ned=(5.79,-4.71,-0.44) target_ned=(6.04,-4.49,-0.47) pos_cmd_age=0.01s
[INFO] [1788601652.321509407] [fast_planner_bridge]: [FOLLOWING] pos_ned=(5.80,-4.89,-0.47) target_ned=(5.75,-4.75,-0.51) pos_cmd_age=0.01s
[INFO] [1788601653.321444691] [fast_planner_bridge]: [FOLLOWING] pos_ned=(5.65,-4.86,-0.80) target_ned=(5.55,-4.47,-0.80) pos_cmd_age=0.01s
[INFO] [1788601654.321626661] [fast_planner_bridge]: [FOLLOWING] pos_ned=(5.39,-4.46,-1.11) target_ned=(5.33,-4.16,-1.13) pos_cmd_age=0.01s
[INFO] [1788601655.321476596] [fast_planner_bridge]: [FOLLOWING] pos_ned=(5.45,-4.35,-1.09) target_ned=(5.30,-4.10,-1.18) pos_cmd_age=0.01s
[INFO] [1788601656.321376740] [fast_planner_bridge]: [FOLLOWING] pos_ned=(5.45,-4.47,-1.17) target_ned=(5.24,-4.05,-1.20) pos_cmd_age=0.01s
[INFO] [1788601657.321427591] [fast_planner_bridge]: [FOLLOWING] pos_ned=(5.17,-3.96,-1.56) target_ned=(4.97,-3.65,-1.54) pos_cmd_age=0.01s
[INFO] [1788601658.321772057] [fast_planner_bridge]: [FOLLOWING] pos_ned=(4.86,-3.20,-2.05) target_ned=(4.70,-3.08,-2.05) pos_cmd_age=0.01s
[WARN] [1788601658.922016146] [fast_planner_bridge]: Shutdown signal 15 received -- ceasing ARM requests, commanding AUTO.LAND, will disarm and exit once landed. If this doesn't complete and the vehicle needs to come down NOW, use emergency_stop.py instead of repeating this signal.
[INFO] [1788601659.071366784] [fast_planner_bridge]: Requesting AUTO.LAND... nav_state=14
[INFO] [1788601659.121515426] [fast_planner_bridge]: AUTO.LAND confirmed -- ceasing offboard setpoints, handing off to the autopilot.
[INFO] [1788601660.321387676] [fast_planner_bridge]: Waiting for disarm (backstop disarm sent)... arming_state=2
