[INFO] [1788709131.862852908] [fast_planner_bridge]: fast_planner_bridge ready -- will capture home at arm time and climb (0.0, 0.0, -5.0) NED relative to it, then follow /planning/pos_cmd from Fast-Planner
[INFO] [1788709131.863357599] [fast_planner_bridge]: >>> Press ENTER to arm and fly (or set OFFBOARD_AUTO_START=1) <<<
[INFO] [1788709134.681732405] [fast_planner_bridge]: OFFBOARD + ARMED confirmed -- home_ned=(-0.004142486955970526, -0.0017039270605891943, -0.02123837172985077), climbing to (-0.004142486955970526, -0.0017039270605891943, -5.021238371729851).
[INFO] [1788709134.831854623] [fast_planner_bridge]: [CLIMBING] pos_ned=(-0.00,-0.00,-0.02) dist=5.00m
[INFO] [1788709135.831928530] [fast_planner_bridge]: [CLIMBING] pos_ned=(-0.03,0.01,-0.03) dist=5.00m
[INFO] [1788709136.832010602] [fast_planner_bridge]: [CLIMBING] pos_ned=(-0.04,0.02,0.13) dist=5.15m
[INFO] [1788709137.831716732] [fast_planner_bridge]: [CLIMBING] pos_ned=(-0.04,0.01,0.32) dist=5.34m
[INFO] [1788709138.831600693] [fast_planner_bridge]: [CLIMBING] pos_ned=(-0.05,0.04,0.37) dist=5.40m
[INFO] [1788709139.831810853] [fast_planner_bridge]: [CLIMBING] pos_ned=(0.02,0.10,-0.11) dist=4.92m
[INFO] [1788709140.831996928] [fast_planner_bridge]: [CLIMBING] pos_ned=(-0.10,0.04,-1.74) dist=3.29m
[INFO] [1788709141.831752260] [fast_planner_bridge]: [CLIMBING] pos_ned=(-0.10,-0.04,-3.54) dist=1.49m
[INFO] [1788709142.831827808] [fast_planner_bridge]: [CLIMBING] pos_ned=(-0.04,-0.06,-4.26) dist=0.77m
[INFO] [1788709143.831856990] [fast_planner_bridge]: [CLIMBING] pos_ned=(0.02,-0.05,-4.57) dist=0.46m
[INFO] [1788709144.781858937] [fast_planner_bridge]: Climb complete (dist=0.30m) -- following Fast-Planner.
[INFO] [1788709144.831747512] [fast_planner_bridge]: [FOLLOWING] pos_ned=(0.03,-0.02,-4.73) target_ned=(0.02,-0.03,-4.70) pos_cmd_age=0.00s
[INFO] [1788709145.831858787] [fast_planner_bridge]: [FOLLOWING] pos_ned=(0.05,-0.00,-4.66) target_ned=(0.02,-0.03,-4.70) pos_cmd_age=0.00s
[INFO] [1788709146.831654041] [fast_planner_bridge]: [FOLLOWING] pos_ned=(0.06,0.00,-4.64) target_ned=(0.03,-0.03,-4.70) pos_cmd_age=0.00s
[INFO] [1788709147.831871734] [fast_planner_bridge]: [FOLLOWING] pos_ned=(0.17,-0.04,-4.67) target_ned=(0.27,-0.09,-4.71) pos_cmd_age=0.00s
[INFO] [1788709148.831839269] [fast_planner_bridge]: [FOLLOWING] pos_ned=(0.67,-0.27,-4.73) target_ned=(0.82,-0.30,-4.75) pos_cmd_age=0.00s
[INFO] [1788709149.832271001] [fast_planner_bridge]: [FOLLOWING] pos_ned=(1.51,-0.52,-4.77) target_ned=(1.62,-0.48,-4.80) pos_cmd_age=0.00s
[INFO] [1788709150.831821899] [fast_planner_bridge]: [FOLLOWING] pos_ned=(2.34,-0.57,-4.81) target_ned=(2.43,-0.47,-4.84) pos_cmd_age=0.00s
[INFO] [1788709151.831848684] [fast_planner_bridge]: [FOLLOWING] pos_ned=(3.08,-0.41,-4.83) target_ned=(3.05,-0.38,-4.85) pos_cmd_age=0.00s
[INFO] [1788709152.831723857] [fast_planner_bridge]: [FOLLOWING] pos_ned=(3.34,-0.28,-4.84) target_ned=(3.33,-0.34,-4.85) pos_cmd_age=0.00s
[INFO] [1788709153.831709275] [fast_planner_bridge]: [FOLLOWING] pos_ned=(3.61,-0.37,-4.87) target_ned=(3.70,-0.44,-4.87) pos_cmd_age=0.00s
[INFO] [1788709154.832024818] [fast_planner_bridge]: [FOLLOWING] pos_ned=(4.24,-0.48,-4.90) target_ned=(4.32,-0.56,-4.91) pos_cmd_age=0.00s
[INFO] [1788709155.832506241] [fast_planner_bridge]: [FOLLOWING] pos_ned=(5.00,-0.57,-4.91) target_ned=(4.60,-0.47,-4.90) pos_cmd_age=0.00s
[INFO] [1788709156.831948204] [fast_planner_bridge]: [FOLLOWING] pos_ned=(5.15,-0.30,-4.86) target_ned=(4.78,-0.09,-4.85) pos_cmd_age=0.00s
[INFO] [1788709157.831592385] [fast_planner_bridge]: [FOLLOWING] pos_ned=(5.27,0.47,-4.78) target_ned=(5.09,0.60,-4.77) pos_cmd_age=0.00s
[INFO] [1788709158.831771623] [fast_planner_bridge]: [FOLLOWING] pos_ned=(5.50,1.34,-4.77) target_ned=(5.40,1.39,-4.76) pos_cmd_age=0.00s
[INFO] [1788709159.831615115] [fast_planner_bridge]: [FOLLOWING] pos_ned=(5.69,1.98,-4.70) target_ned=(5.73,1.95,-4.79) pos_cmd_age=0.00s
[INFO] [1788709160.831886826] [fast_planner_bridge]: [FOLLOWING] pos_ned=(5.96,2.19,-4.84) target_ned=(6.09,2.14,-4.82) pos_cmd_age=0.00s
[INFO] [1788709161.832003357] [fast_planner_bridge]: [FOLLOWING] pos_ned=(6.32,2.00,-4.84) target_ned=(6.47,1.96,-4.84) pos_cmd_age=0.00s
[INFO] [1788709162.832140415] [fast_planner_bridge]: [FOLLOWING] pos_ned=(6.65,1.47,-4.86) target_ned=(6.88,1.45,-4.86) pos_cmd_age=0.00s
[INFO] [1788709163.831601974] [fast_planner_bridge]: [FOLLOWING] pos_ned=(7.10,0.83,-4.89) target_ned=(7.33,0.78,-4.90) pos_cmd_age=0.00s
[INFO] [1788709164.831706402] [fast_planner_bridge]: [FOLLOWING] pos_ned=(7.61,0.30,-4.95) target_ned=(7.76,0.23,-4.96) pos_cmd_age=0.00s
[INFO] [1788709165.831777146] [fast_planner_bridge]: [FOLLOWING] pos_ned=(7.96,0.06,-4.99) target_ned=(7.99,0.01,-5.00) pos_cmd_age=0.00s
[INFO] [1788709166.831941495] [fast_planner_bridge]: [FOLLOWING] pos_ned=(8.01,0.07,-4.99) target_ned=(8.00,0.00,-5.00) pos_cmd_age=0.00s
[WARN] [1788709167.818311739] [fast_planner_bridge]: Shutdown signal 15 received -- ceasing ARM requests, commanding AUTO.LAND, will disarm and exit once landed. If this doesn't complete and the vehicle needs to come down NOW, use emergency_stop.py instead of repeating this signal.
[INFO] [1788709167.832126553] [fast_planner_bridge]: Requesting AUTO.LAND... nav_state=14
[INFO] [1788709167.931878336] [fast_planner_bridge]: AUTO.LAND confirmed -- ceasing offboard setpoints, handing off to the autopilot.
[INFO] [1788709169.831556222] [fast_planner_bridge]: Waiting for disarm (backstop disarm sent)... arming_state=2
