[INFO] [1788709125.379384172] [visual_odometry_bridge]: visual_odometry_bridge ready: /visual_slam/tracking/odometry -> /fmu/in/vehicle_visual_odometry
[INFO] [1788709130.550607561] [visual_odometry_bridge]: published 100 vehicle_visual_odometry samples (last NED pos=(0.00,0.00,-0.00))
[WARN] [1788709135.390094825] [visual_odometry_bridge]: Rejected cuVSLAM update: implied speed 18.1 m/s (jumped 0.58m in 32ms) -- holding last known-good position, not forwarding to EKF2. (1 rejected total)
[WARN] [1788709137.934381039] [visual_odometry_bridge]: Rejected cuVSLAM update: implied speed 8.5 m/s (jumped 0.27m in 32ms) -- holding last known-good position, not forwarding to EKF2. (13 rejected total)
[WARN] [1788709138.948628088] [visual_odometry_bridge]: Rejected cuVSLAM update: implied speed 17.4 m/s (jumped 13.17m in 756ms) -- holding last known-good position, not forwarding to EKF2. (35 rejected total)
[WARN] [1788709139.957158340] [visual_odometry_bridge]: Rejected cuVSLAM update: implied speed 9.8 m/s (jumped 13.87m in 1416ms) -- holding last known-good position, not forwarding to EKF2. (55 rejected total)
[INFO] [1788709142.838831955] [visual_odometry_bridge]: published 300 vehicle_visual_odometry samples (last NED pos=(3.02,-16.57,-1.42))
[INFO] [1788709152.168406148] [visual_odometry_bridge]: published 500 vehicle_visual_odometry samples (last NED pos=(3.90,-16.61,-4.61))
Traceback (most recent call last):
  File "/workspaces/isaac_ros-dev/ros2_ws/install/px4_vslam_bridge/lib/python3.10/site-packages/px4_vslam_bridge/visual_odometry_bridge.py", line 160, in main
    rclpy.spin(node)
  File "/opt/ros/humble/local/lib/python3.10/dist-packages/rclpy/__init__.py", line 229, in spin
    executor.spin_once()
  File "/opt/ros/humble/local/lib/python3.10/dist-packages/rclpy/executors.py", line 808, in spin_once
    self._spin_once_impl(timeout_sec)
  File "/opt/ros/humble/local/lib/python3.10/dist-packages/rclpy/executors.py", line 797, in _spin_once_impl
    handler, entity, node = self.wait_for_ready_callbacks(timeout_sec=timeout_sec)
  File "/opt/ros/humble/local/lib/python3.10/dist-packages/rclpy/executors.py", line 780, in wait_for_ready_callbacks
    return next(self._cb_iter)
  File "/opt/ros/humble/local/lib/python3.10/dist-packages/rclpy/executors.py", line 681, in _wait_for_ready_callbacks
    raise ExternalShutdownException()
rclpy.executors.ExternalShutdownException

During handling of the above exception, another exception occurred:

Traceback (most recent call last):
  File "/workspaces/isaac_ros-dev/ros2_ws/install/px4_vslam_bridge/lib/px4_vslam_bridge/visual_odometry_bridge", line 33, in <module>
    sys.exit(load_entry_point('px4-vslam-bridge==0.1.0', 'console_scripts', 'visual_odometry_bridge')())
  File "/workspaces/isaac_ros-dev/ros2_ws/install/px4_vslam_bridge/lib/python3.10/site-packages/px4_vslam_bridge/visual_odometry_bridge.py", line 165, in main
    rclpy.shutdown()
  File "/opt/ros/humble/local/lib/python3.10/dist-packages/rclpy/__init__.py", line 130, in shutdown
    _shutdown(context=context)
  File "/opt/ros/humble/local/lib/python3.10/dist-packages/rclpy/utilities.py", line 58, in shutdown
    return context.shutdown()
  File "/opt/ros/humble/local/lib/python3.10/dist-packages/rclpy/context.py", line 102, in shutdown
    self.__context.shutdown()
rclpy._rclpy_pybind11.RCLError: failed to shutdown: rcl_shutdown already called on the given context, at ./src/rcl/init.c:241
