[INFO] [1788713125.138493871] [vslam_compare]: vslam_compare: logging per-message CSV to /workspaces/isaac_ros-dev/results/route2_probe/r2_medium_r103/vslam_compare.csv (exp_id='r2_medium_r103')
[INFO] [1788713125.157231158] [vslam_compare]: vslam_compare ready -- watching /visual_slam/tracking/odometry vs /ground_truth/odom
[INFO] [1788713125.251274305] [vslam_compare]: Ground truth origin set: (0.01586177386343479, -0.008118766359984875, -0.09844884276390076)
[WARN] [1788713126.157463966] [vslam_compare]: No /visual_slam/tracking/odometry data yet -- cuVSLAM not tracking (or not launched).
[INFO] [1788713127.225288595] [vslam_compare]: cuVSLAM origin set: (0.0, 0.0, 0.0) -- tracking initialized
[INFO] [1788713128.157780604] [vslam_compare]: gt=(-0.0, -0.01, -0.0) vslam=(0.0, 0.0, 0.0) error=0.013m max_error=0.013m (n=1)
[INFO] [1788713129.157548019] [vslam_compare]: gt=(-0.01, -0.01, -0.01) vslam=(0.0, 0.0, 0.0) error=0.012m max_error=0.013m (n=2)
[INFO] [1788713130.157423411] [vslam_compare]: gt=(-0.0, 0.0, -0.01) vslam=(0.0, 0.0, 0.0) error=0.011m max_error=0.013m (n=3)
[INFO] [1788713131.157609776] [vslam_compare]: gt=(-0.01, -0.01, -0.01) vslam=(0.0, 0.0, 0.0) error=0.017m max_error=0.017m (n=4)
[INFO] [1788713132.157458626] [vslam_compare]: gt=(-0.0, -0.02, -0.01) vslam=(0.0, 0.0, 0.0) error=0.023m max_error=0.023m (n=5)
[INFO] [1788713133.157654729] [vslam_compare]: gt=(-0.0, -0.02, -0.01) vslam=(0.01, 0.01, -0.0) error=0.032m max_error=0.032m (n=6)
[INFO] [1788713134.157685515] [vslam_compare]: gt=(0.01, -0.02, -0.01) vslam=(0.17, -0.33, 0.26) error=0.434m max_error=0.434m (n=7)
[INFO] [1788713135.157658691] [vslam_compare]: gt=(0.04, -0.09, 0.05) vslam=(0.15, -0.33, 0.27) error=0.349m max_error=0.434m (n=8)
[INFO] [1788713136.157768367] [vslam_compare]: gt=(0.04, -0.12, 0.1) vslam=(0.13, -0.32, 0.28) error=0.285m max_error=0.434m (n=9)
[INFO] [1788713137.157560545] [vslam_compare]: gt=(0.05, -0.11, 0.12) vslam=(0.11, -0.34, 0.35) error=0.333m max_error=0.434m (n=10)
[INFO] [1788713138.157527247] [vslam_compare]: gt=(0.1, -0.06, 0.2) vslam=(0.04, -0.31, 0.39) error=0.323m max_error=0.434m (n=11)
[INFO] [1788713139.157568911] [vslam_compare]: gt=(0.05, 0.01, 1.08) vslam=(0.14, 0.22, 0.81) error=0.351m max_error=0.434m (n=12)
[INFO] [1788713140.157788596] [vslam_compare]: gt=(-0.01, 0.1, 2.67) vslam=(0.63, 2.1, 1.94) error=2.224m max_error=2.224m (n=13)
[INFO] [1788713141.157988533] [vslam_compare]: gt=(0.04, 0.35, 3.72) vslam=(1.41, 4.65, 2.83) error=4.594m max_error=4.594m (n=14)
[INFO] [1788713142.157570457] [vslam_compare]: gt=(0.01, 0.09, 4.21) vslam=(1.79, 5.03, 2.97) error=5.398m max_error=5.398m (n=15)
[INFO] [1788713143.157490496] [vslam_compare]: gt=(-0.06, -0.22, 4.45) vslam=(1.76, 4.98, 3.36) error=5.620m max_error=5.620m (n=16)
[INFO] [1788713144.157598075] [vslam_compare]: gt=(-0.1, -0.22, 4.65) vslam=(1.76, 5.09, 3.51) error=5.740m max_error=5.740m (n=17)
[INFO] [1788713145.157401862] [vslam_compare]: gt=(-0.17, -0.11, 4.62) vslam=(0.56, 4.79, 1.88) error=5.669m max_error=5.740m (n=18)
[INFO] [1788713146.157509821] [vslam_compare]: gt=(-0.5, 0.09, 4.36) vslam=(0.62, 4.85, 0.85) error=6.027m max_error=6.027m (n=19)
[INFO] [1788713147.157598663] [vslam_compare]: gt=(-0.68, 0.58, 4.35) vslam=(0.66, 5.64, -0.04) error=6.833m max_error=6.833m (n=20)
[INFO] [1788713148.157596421] [vslam_compare]: gt=(-0.7, 1.28, 4.39) vslam=(1.17, 7.28, -2.74) error=9.499m max_error=9.499m (n=21)
[INFO] [1788713149.157538752] [vslam_compare]: gt=(-0.77, 1.66, 4.48) vslam=(1.63, 8.39, -4.73) error=11.650m max_error=11.650m (n=22)
[INFO] [1788713150.157665285] [vslam_compare]: gt=(-0.82, 1.96, 4.67) vslam=(2.76, 10.85, -7.27) error=15.304m max_error=15.304m (n=23)
[INFO] [1788713151.157488328] [vslam_compare]: gt=(-1.07, 2.48, 5.05) vslam=(4.28, 13.89, -9.98) error=19.610m max_error=19.610m (n=24)
[INFO] [1788713152.157522915] [vslam_compare]: gt=(-1.53, 2.79, 5.29) vslam=(5.11, 16.12, -12.38) error=23.111m max_error=23.111m (n=25)
[INFO] [1788713153.157496876] [vslam_compare]: gt=(-1.45, 2.74, 5.42) vslam=(5.83, 16.38, -14.21) error=24.985m max_error=24.985m (n=26)
[INFO] [1788713154.157473461] [vslam_compare]: gt=(-0.69, 2.9, 5.38) vslam=(7.1, 17.15, -15.72) error=26.630m max_error=26.630m (n=27)
[INFO] [1788713155.157652014] [vslam_compare]: gt=(0.17, 3.58, 5.35) vslam=(10.26, 18.64, -18.75) error=30.154m max_error=30.154m (n=28)
[INFO] [1788713156.157577051] [vslam_compare]: gt=(0.76, 3.87, 5.4) vslam=(12.53, 19.83, -19.95) error=32.192m max_error=32.192m (n=29)
[INFO] [1788713157.157561371] [vslam_compare]: gt=(1.08, 3.99, 5.26) vslam=(13.81, 20.48, -21.39) error=33.828m max_error=33.828m (n=30)
[INFO] [1788713158.157559658] [vslam_compare]: gt=(1.04, 4.24, 5.0) vslam=(15.07, 20.7, -23.56) error=35.829m max_error=35.829m (n=31)
[INFO] [1788713159.157476849] [vslam_compare]: gt=(0.5, 4.34, 5.16) vslam=(14.06, 20.76, -24.89) error=36.831m max_error=36.831m (n=32)
[INFO] [1788713160.157765051] [vslam_compare]: gt=(-0.19, 4.51, 5.27) vslam=(13.71, 20.91, -25.79) error=37.771m max_error=37.771m (n=33)
[INFO] [1788713161.157634071] [vslam_compare]: gt=(-0.88, 4.89, 5.25) vslam=(13.43, 21.84, -27.03) error=39.161m max_error=39.161m (n=34)
Traceback (most recent call last):
  File "/workspaces/isaac_ros-dev/ros2_ws/install/px4_vslam_bridge/lib/python3.10/site-packages/px4_vslam_bridge/vslam_compare.py", line 194, in main
    rclpy.spin(node)
  File "/opt/ros/humble/local/lib/python3.10/dist-packages/rclpy/__init__.py", line 229, in spin
    executor.spin_once()
  File "/opt/ros/humble/local/lib/python3.10/dist-packages/rclpy/executors.py", line 808, in spin_once
    self._spin_once_impl(timeout_sec)
  File "/opt/ros/humble/local/lib/python3.10/dist-packages/rclpy/executors.py", line 797, in _spin_once_impl
    handler, entity, node = self.wait_for_ready_callbacks(timeout_sec=timeout_sec)
  File "/opt/ros/humble/local/lib/python3.10/dist-packages/rclpy/executors.py", line 780, in wait_for_ready_callbacks
    return next(self._cb_iter)
  File "/opt/ros/humble/local/lib/python3.10/dist-packages/rclpy/executors.py", line 681, in _wait_for_ready_callbacks
    raise ExternalShutdownException()
rclpy.executors.ExternalShutdownException

During handling of the above exception, another exception occurred:

Traceback (most recent call last):
  File "/workspaces/isaac_ros-dev/ros2_ws/install/px4_vslam_bridge/lib/px4_vslam_bridge/vslam_compare", line 33, in <module>
    sys.exit(load_entry_point('px4-vslam-bridge==0.1.0', 'console_scripts', 'vslam_compare')())
  File "/workspaces/isaac_ros-dev/ros2_ws/install/px4_vslam_bridge/lib/python3.10/site-packages/px4_vslam_bridge/vslam_compare.py", line 199, in main
    rclpy.shutdown()
  File "/opt/ros/humble/local/lib/python3.10/dist-packages/rclpy/__init__.py", line 130, in shutdown
    _shutdown(context=context)
  File "/opt/ros/humble/local/lib/python3.10/dist-packages/rclpy/utilities.py", line 58, in shutdown
    return context.shutdown()
  File "/opt/ros/humble/local/lib/python3.10/dist-packages/rclpy/context.py", line 102, in shutdown
    self.__context.shutdown()
rclpy._rclpy_pybind11.RCLError: failed to shutdown: rcl_shutdown already called on the given context, at ./src/rcl/init.c:241
