[INFO] [1788716251.359379751] [fast_planner_bridge]: fast_planner_bridge ready -- will capture home at arm time and climb (0.0, 0.0, -5.0) NED relative to it, then follow /planning/pos_cmd from Fast-Planner
[INFO] [1788716251.359817563] [fast_planner_bridge]: >>> Press ENTER to arm and fly (or set OFFBOARD_AUTO_START=1) <<<
[INFO] [1788716254.181439850] [fast_planner_bridge]: OFFBOARD + ARMED confirmed -- home_ned=(0.04308558255434036, -0.0007249609916470945, -0.07278181612491608), climbing to (0.04308558255434036, -0.0007249609916470945, -5.072781816124916).
[INFO] [1788716254.331433825] [fast_planner_bridge]: [CLIMBING] pos_ned=(0.04,-0.00,-0.07) dist=5.00m
[INFO] [1788716255.331573371] [fast_planner_bridge]: [CLIMBING] pos_ned=(0.04,-0.03,-0.06) dist=5.01m
[INFO] [1788716256.331761059] [fast_planner_bridge]: [CLIMBING] pos_ned=(-0.00,-0.07,-0.04) dist=5.03m
[INFO] [1788716257.331763040] [fast_planner_bridge]: [CLIMBING] pos_ned=(-0.01,-0.08,-0.04) dist=5.03m
[INFO] [1788716258.331569785] [fast_planner_bridge]: [CLIMBING] pos_ned=(-0.01,0.06,-0.04) dist=5.04m
[INFO] [1788716259.331528833] [fast_planner_bridge]: [CLIMBING] pos_ned=(0.02,0.13,-0.05) dist=5.03m
[INFO] [1788716260.331925954] [fast_planner_bridge]: [CLIMBING] pos_ned=(-0.00,-0.04,-0.20) dist=4.87m
[INFO] [1788716261.331828142] [fast_planner_bridge]: [CLIMBING] pos_ned=(-0.29,-0.44,-1.69) dist=3.43m
[INFO] [1788716262.331609389] [fast_planner_bridge]: [CLIMBING] pos_ned=(-0.33,-0.19,-3.28) dist=1.84m
[INFO] [1788716263.331462693] [fast_planner_bridge]: [CLIMBING] pos_ned=(-0.01,-0.08,-3.96) dist=1.12m
[INFO] [1788716264.331530892] [fast_planner_bridge]: [CLIMBING] pos_ned=(0.10,-0.03,-4.34) dist=0.73m
[INFO] [1788716265.331974973] [fast_planner_bridge]: [CLIMBING] pos_ned=(0.09,0.05,-4.61) dist=0.47m
[INFO] [1788716266.331536988] [fast_planner_bridge]: [CLIMBING] pos_ned=(0.01,0.12,-4.78) dist=0.32m
[INFO] [1788716266.531483509] [fast_planner_bridge]: Climb complete (dist=0.30m) -- following Fast-Planner.
[INFO] [1788716267.331886448] [fast_planner_bridge]: [FOLLOWING] pos_ned=(0.07,0.13,-4.78) target_ned=(0.11,0.13,-4.80) pos_cmd_age=0.01s
[INFO] [1788716268.331599825] [fast_planner_bridge]: [FOLLOWING] pos_ned=(0.57,0.19,-4.69) target_ned=(0.60,0.15,-4.74) pos_cmd_age=0.01s
[INFO] [1788716269.331618820] [fast_planner_bridge]: [FOLLOWING] pos_ned=(1.39,0.20,-4.63) target_ned=(1.36,0.18,-4.66) pos_cmd_age=0.01s
[INFO] [1788716270.331706578] [fast_planner_bridge]: [FOLLOWING] pos_ned=(2.25,0.18,-4.65) target_ned=(2.22,0.18,-4.66) pos_cmd_age=0.01s
[INFO] [1788716271.331852539] [fast_planner_bridge]: [FOLLOWING] pos_ned=(3.01,0.19,-4.73) target_ned=(2.96,0.16,-4.71) pos_cmd_age=0.01s
[INFO] [1788716272.331836268] [fast_planner_bridge]: [FOLLOWING] pos_ned=(3.21,0.25,-5.08) target_ned=(3.36,0.14,-4.75) pos_cmd_age=0.01s
[INFO] [1788716273.331899631] [fast_planner_bridge]: [FOLLOWING] pos_ned=(3.63,0.21,-4.91) target_ned=(3.77,0.12,-4.78) pos_cmd_age=0.01s
[INFO] [1788716274.331570931] [fast_planner_bridge]: [FOLLOWING] pos_ned=(4.29,0.12,-4.76) target_ned=(4.22,0.11,-4.79) pos_cmd_age=0.01s
[INFO] [1788716275.331724889] [fast_planner_bridge]: [FOLLOWING] pos_ned=(4.61,0.10,-4.70) target_ned=(4.42,0.11,-4.80) pos_cmd_age=0.01s
[INFO] [1788716276.331873027] [fast_planner_bridge]: [FOLLOWING] pos_ned=(4.47,0.13,-4.68) target_ned=(4.32,0.05,-4.80) pos_cmd_age=0.01s
[INFO] [1788716277.331509813] [fast_planner_bridge]: [FOLLOWING] pos_ned=(4.31,-0.14,-4.72) target_ned=(4.31,-0.31,-4.83) pos_cmd_age=0.01s
[INFO] [1788716278.331297521] [fast_planner_bridge]: [FOLLOWING] pos_ned=(4.64,-0.85,-4.77) target_ned=(4.61,-1.03,-4.89) pos_cmd_age=0.01s
[INFO] [1788716279.331618214] [fast_planner_bridge]: [FOLLOWING] pos_ned=(4.80,-1.75,-4.90) target_ned=(5.13,-1.84,-4.94) pos_cmd_age=0.01s
[INFO] [1788716280.331485676] [fast_planner_bridge]: [FOLLOWING] pos_ned=(4.97,-2.30,-4.87) target_ned=(4.73,-2.01,-4.89) pos_cmd_age=0.01s
[INFO] [1788716281.331808666] [fast_planner_bridge]: [FOLLOWING] pos_ned=(5.39,-2.47,-4.77) target_ned=(4.73,-2.01,-4.89) pos_cmd_age=0.01s
[INFO] [1788716282.331931091] [fast_planner_bridge]: [FOLLOWING] pos_ned=(5.25,-2.16,-4.89) target_ned=(4.73,-2.01,-4.89) pos_cmd_age=0.01s
[INFO] [1788716283.331471088] [fast_planner_bridge]: [FOLLOWING] pos_ned=(5.21,-1.95,-4.91) target_ned=(4.93,-2.13,-4.91) pos_cmd_age=0.01s
[INFO] [1788716284.331771918] [fast_planner_bridge]: [FOLLOWING] pos_ned=(5.51,-1.92,-4.93) target_ned=(5.33,-2.10,-4.97) pos_cmd_age=0.01s
[INFO] [1788716285.331906471] [fast_planner_bridge]: [FOLLOWING] pos_ned=(5.99,-1.77,-5.00) target_ned=(5.93,-1.73,-5.05) pos_cmd_age=0.01s
[INFO] [1788716286.331512599] [fast_planner_bridge]: [FOLLOWING] pos_ned=(6.52,-1.18,-5.11) target_ned=(6.65,-1.13,-5.08) pos_cmd_age=0.01s
[WARN] [1788716286.981494207] [fast_planner_bridge]: Shutdown signal 15 received -- ceasing ARM requests, commanding AUTO.LAND, will disarm and exit once landed. If this doesn't complete and the vehicle needs to come down NOW, use emergency_stop.py instead of repeating this signal.
[INFO] [1788716287.081793924] [fast_planner_bridge]: Requesting AUTO.LAND... nav_state=14
[INFO] [1788716287.131934635] [fast_planner_bridge]: AUTO.LAND confirmed -- ceasing offboard setpoints, handing off to the autopilot.
[INFO] [1788716287.331267595] [fast_planner_bridge]: Waiting for disarm (backstop disarm sent)... arming_state=2
[INFO] [1788716289.331516691] [fast_planner_bridge]: Waiting for disarm (backstop disarm sent)... arming_state=2
