[INFO] [1788685427.386736016] [vslam_compare]: vslam_compare: logging per-message CSV to /workspaces/isaac_ros-dev/results/feasibility_gate/gate_sweep_poor_extreme_r18/vslam_compare.csv (exp_id='gate_sweep_poor_extreme_r18')
[INFO] [1788685427.405790817] [vslam_compare]: vslam_compare ready -- watching /visual_slam/tracking/odometry vs /ground_truth/odom
[INFO] [1788685427.415415121] [vslam_compare]: Ground truth origin set: (-0.0022117793560028076, 0.013046955689787865, -0.01967182755470276)
[INFO] [1788685427.455751225] [vslam_compare]: cuVSLAM origin set: (0.0, 0.0, 0.0) -- tracking initialized
[INFO] [1788685428.406317335] [vslam_compare]: gt=(0.02, 0.0, -0.01) vslam=(0.0, 0.0, 0.0) error=0.021m max_error=0.021m (n=1)
[INFO] [1788685429.406018942] [vslam_compare]: gt=(0.02, -0.0, -0.0) vslam=(0.0, 0.0, 0.0) error=0.018m max_error=0.021m (n=2)
[INFO] [1788685430.406080475] [vslam_compare]: gt=(0.01, -0.01, 0.0) vslam=(0.0, 0.0, 0.0) error=0.017m max_error=0.021m (n=3)
[INFO] [1788685431.406090203] [vslam_compare]: gt=(0.0, -0.02, 0.0) vslam=(0.0, 0.0, 0.0) error=0.020m max_error=0.021m (n=4)
[INFO] [1788685432.406224230] [vslam_compare]: gt=(-0.01, -0.03, 0.0) vslam=(0.0, 0.0, 0.0) error=0.034m max_error=0.034m (n=5)
[INFO] [1788685433.406005110] [vslam_compare]: gt=(-0.03, -0.03, 0.01) vslam=(0.0, 0.0, 0.0) error=0.043m max_error=0.043m (n=6)
[INFO] [1788685434.406074411] [vslam_compare]: gt=(-0.02, -0.04, 0.0) vslam=(0.0, 0.0, 0.0) error=0.046m max_error=0.046m (n=7)
[INFO] [1788685435.406019519] [vslam_compare]: gt=(-0.02, -0.03, 0.01) vslam=(0.0, 0.0, 0.0) error=0.034m max_error=0.046m (n=8)
[INFO] [1788685436.406050985] [vslam_compare]: gt=(-0.03, -0.01, -0.0) vslam=(0.0, 0.0, 0.0) error=0.028m max_error=0.046m (n=9)
[INFO] [1788685437.406139402] [vslam_compare]: gt=(-0.01, -0.0, 0.0) vslam=(0.04, -0.02, -0.1) error=0.115m max_error=0.115m (n=10)
[INFO] [1788685438.406262248] [vslam_compare]: gt=(0.07, -0.01, 0.05) vslam=(0.2, -0.08, -0.08) error=0.190m max_error=0.190m (n=11)
[INFO] [1788685439.406109003] [vslam_compare]: gt=(0.1, -0.07, 0.99) vslam=(0.27, -0.36, 0.67) error=0.460m max_error=0.460m (n=12)
[INFO] [1788685440.406178795] [vslam_compare]: gt=(0.0, -0.18, 2.8) vslam=(-0.04, -0.44, 2.4) error=0.483m max_error=0.483m (n=13)
[INFO] [1788685441.407008341] [vslam_compare]: gt=(-0.1, -0.14, 3.85) vslam=(-0.22, -0.29, 3.55) error=0.356m max_error=0.483m (n=14)
[INFO] [1788685442.406059728] [vslam_compare]: gt=(-0.09, -0.04, 4.29) vslam=(-0.33, -0.07, 4.14) error=0.284m max_error=0.483m (n=15)
[INFO] [1788685443.406328647] [vslam_compare]: gt=(-0.07, 0.01, 4.55) vslam=(-0.4, 0.16, 4.1) error=0.575m max_error=0.575m (n=16)
[INFO] [1788685444.406086992] [vslam_compare]: gt=(-0.06, 0.01, 4.69) vslam=(-0.66, 0.62, 3.93) error=1.147m max_error=1.147m (n=17)
[INFO] [1788685445.406032695] [vslam_compare]: gt=(-0.04, 0.0, 4.67) vslam=(-0.82, 0.92, 3.65) error=1.582m max_error=1.582m (n=18)
[INFO] [1788685446.405906866] [vslam_compare]: gt=(-0.05, 0.01, 4.61) vslam=(-0.87, 1.0, 3.55) error=1.658m max_error=1.658m (n=19)
[INFO] [1788685447.406090688] [vslam_compare]: gt=(-0.11, 0.08, 4.62) vslam=(-1.21, 1.4, 3.17) error=2.249m max_error=2.249m (n=20)
[INFO] [1788685448.406157612] [vslam_compare]: gt=(-0.38, 0.44, 4.66) vslam=(-1.42, 1.49, 2.69) error=2.464m max_error=2.464m (n=21)
[INFO] [1788685449.406050870] [vslam_compare]: gt=(-0.66, 1.13, 4.7) vslam=(-1.64, 2.12, 2.58) error=2.533m max_error=2.533m (n=22)
[INFO] [1788685450.406150984] [vslam_compare]: gt=(-0.9, 1.95, 4.73) vslam=(-1.84, 2.85, 2.45) error=2.622m max_error=2.622m (n=23)
[INFO] [1788685451.405944580] [vslam_compare]: gt=(-1.04, 2.69, 4.76) vslam=(-1.97, 3.58, 2.37) error=2.720m max_error=2.720m (n=24)
[INFO] [1788685452.406018631] [vslam_compare]: gt=(-1.0, 3.1, 4.78) vslam=(-1.97, 4.21, 2.37) error=2.827m max_error=2.827m (n=25)
[INFO] [1788685453.406016681] [vslam_compare]: gt=(-1.3, 3.32, 4.7) vslam=(-2.18, 4.91, 1.91) error=3.328m max_error=3.328m (n=26)
[INFO] [1788685454.406116508] [vslam_compare]: gt=(-1.9, 3.74, 4.74) vslam=(-3.06, 4.78, 1.01) error=4.045m max_error=4.045m (n=27)
[INFO] [1788685455.406060183] [vslam_compare]: gt=(-2.32, 4.06, 4.85) vslam=(-3.03, 4.75, 0.82) error=4.153m max_error=4.153m (n=28)
[INFO] [1788685456.406195404] [vslam_compare]: gt=(-2.52, 4.21, 4.9) vslam=(-3.42, 4.24, 0.3) error=4.689m max_error=4.689m (n=29)
[INFO] [1788685457.405904321] [vslam_compare]: gt=(-2.9, 4.68, 4.94) vslam=(-3.86, 3.75, -0.18) error=5.289m max_error=5.289m (n=30)
[INFO] [1788685458.406450088] [vslam_compare]: gt=(-3.43, 5.33, 4.97) vslam=(-3.96, 3.59, -0.28) error=5.558m max_error=5.558m (n=31)
[INFO] [1788685459.406158922] [vslam_compare]: gt=(-3.74, 5.81, 4.86) vslam=(-4.22, 3.4, -0.44) error=5.839m max_error=5.839m (n=32)
[INFO] [1788685460.406102885] [vslam_compare]: gt=(-3.61, 5.97, 4.86) vslam=(-4.42, 3.03, -0.37) error=6.062m max_error=6.062m (n=33)
[INFO] [1788685461.406150148] [vslam_compare]: gt=(-3.17, 6.01, 4.85) vslam=(-4.51, 2.46, -0.39) error=6.468m max_error=6.468m (n=34)
[INFO] [1788685462.406154883] [vslam_compare]: gt=(-2.82, 5.69, 4.86) vslam=(-4.17, 2.55, -0.61) error=6.451m max_error=6.468m (n=35)
[INFO] [1788685463.406102715] [vslam_compare]: gt=(-2.44, 5.19, 4.84) vslam=(-3.64, 2.6, -0.67) error=6.204m max_error=6.468m (n=36)
[INFO] [1788685464.405934991] [vslam_compare]: gt=(-1.98, 4.77, 4.87) vslam=(-2.99, 2.75, -0.54) error=5.861m max_error=6.468m (n=37)
[INFO] [1788685465.406107636] [vslam_compare]: gt=(-1.41, 4.63, 4.95) vslam=(-2.7, 3.03, -0.38) error=5.710m max_error=6.468m (n=38)
[INFO] [1788685466.405941673] [vslam_compare]: gt=(-0.69, 4.6, 5.0) vslam=(-2.5, 3.1, -0.25) error=5.749m max_error=6.468m (n=39)
[INFO] [1788685467.406185400] [vslam_compare]: gt=(0.07, 4.65, 5.05) vslam=(-1.82, 3.58, -0.66) error=6.113m max_error=6.468m (n=40)
[INFO] [1788685468.406133631] [vslam_compare]: gt=(0.82, 4.89, 5.07) vslam=(-3.61, 4.21, -0.08) error=6.828m max_error=6.828m (n=41)
[INFO] [1788685469.406121210] [vslam_compare]: gt=(1.55, 5.25, 5.07) vslam=(-3.2, 3.56, -0.32) error=7.376m max_error=7.376m (n=42)
Traceback (most recent call last):
  File "/workspaces/isaac_ros-dev/ros2_ws/install/px4_vslam_bridge/lib/python3.10/site-packages/px4_vslam_bridge/vslam_compare.py", line 194, in main
    rclpy.spin(node)
  File "/opt/ros/humble/local/lib/python3.10/dist-packages/rclpy/__init__.py", line 229, in spin
    executor.spin_once()
  File "/opt/ros/humble/local/lib/python3.10/dist-packages/rclpy/executors.py", line 808, in spin_once
    self._spin_once_impl(timeout_sec)
  File "/opt/ros/humble/local/lib/python3.10/dist-packages/rclpy/executors.py", line 797, in _spin_once_impl
    handler, entity, node = self.wait_for_ready_callbacks(timeout_sec=timeout_sec)
  File "/opt/ros/humble/local/lib/python3.10/dist-packages/rclpy/executors.py", line 780, in wait_for_ready_callbacks
    return next(self._cb_iter)
  File "/opt/ros/humble/local/lib/python3.10/dist-packages/rclpy/executors.py", line 681, in _wait_for_ready_callbacks
    raise ExternalShutdownException()
rclpy.executors.ExternalShutdownException

During handling of the above exception, another exception occurred:

Traceback (most recent call last):
  File "/workspaces/isaac_ros-dev/ros2_ws/install/px4_vslam_bridge/lib/px4_vslam_bridge/vslam_compare", line 33, in <module>
    sys.exit(load_entry_point('px4-vslam-bridge==0.1.0', 'console_scripts', 'vslam_compare')())
  File "/workspaces/isaac_ros-dev/ros2_ws/install/px4_vslam_bridge/lib/python3.10/site-packages/px4_vslam_bridge/vslam_compare.py", line 199, in main
    rclpy.shutdown()
  File "/opt/ros/humble/local/lib/python3.10/dist-packages/rclpy/__init__.py", line 130, in shutdown
    _shutdown(context=context)
  File "/opt/ros/humble/local/lib/python3.10/dist-packages/rclpy/utilities.py", line 58, in shutdown
    return context.shutdown()
  File "/opt/ros/humble/local/lib/python3.10/dist-packages/rclpy/context.py", line 102, in shutdown
    self.__context.shutdown()
rclpy._rclpy_pybind11.RCLError: failed to shutdown: rcl_shutdown already called on the given context, at ./src/rcl/init.c:241
