[INFO] [1788596160.641074817] [fast_planner_bridge]: fast_planner_bridge ready -- will capture home at arm time and climb (0.0, 0.0, -5.0) NED relative to it, then follow /planning/pos_cmd from Fast-Planner
[INFO] [1788596160.641513326] [fast_planner_bridge]: >>> Press ENTER to arm and fly (or set OFFBOARD_AUTO_START=1) <<<
[INFO] [1788596163.462691962] [fast_planner_bridge]: OFFBOARD + ARMED confirmed -- home_ned=(-0.02292892523109913, 0.01219208538532257, 0.07129666209220886), climbing to (-0.02292892523109913, 0.01219208538532257, -4.928703337907791).
[INFO] [1788596163.612732721] [fast_planner_bridge]: [CLIMBING] pos_ned=(-0.02,0.01,0.07) dist=5.00m
[INFO] [1788596164.612947085] [fast_planner_bridge]: [CLIMBING] pos_ned=(-0.02,-0.00,0.07) dist=5.00m
[INFO] [1788596165.613177631] [fast_planner_bridge]: [CLIMBING] pos_ned=(-0.02,-0.02,0.08) dist=5.01m
[INFO] [1788596166.612996397] [fast_planner_bridge]: [CLIMBING] pos_ned=(-0.02,-0.01,0.08) dist=5.01m
[INFO] [1788596167.612998675] [fast_planner_bridge]: [CLIMBING] pos_ned=(-0.02,0.06,0.08) dist=5.01m
[INFO] [1788596168.613149055] [fast_planner_bridge]: [CLIMBING] pos_ned=(-0.05,0.09,0.07) dist=5.00m
[INFO] [1788596169.613138571] [fast_planner_bridge]: [CLIMBING] pos_ned=(-0.13,0.04,-0.19) dist=4.74m
[INFO] [1788596170.612619476] [fast_planner_bridge]: [CLIMBING] pos_ned=(-0.35,-0.36,-1.93) dist=3.04m
[INFO] [1788596171.612864748] [fast_planner_bridge]: [CLIMBING] pos_ned=(-0.32,-0.23,-3.33) dist=1.64m
[INFO] [1788596172.613037021] [fast_planner_bridge]: [CLIMBING] pos_ned=(-0.06,-0.12,-3.96) dist=0.98m
[INFO] [1788596173.612519307] [fast_planner_bridge]: [CLIMBING] pos_ned=(0.08,-0.02,-4.30) dist=0.64m
[INFO] [1788596174.612797313] [fast_planner_bridge]: [CLIMBING] pos_ned=(0.07,0.09,-4.50) dist=0.44m
[INFO] [1788596175.612719740] [fast_planner_bridge]: [CLIMBING] pos_ned=(0.04,0.14,-4.63) dist=0.33m
[INFO] [1788596176.012937480] [fast_planner_bridge]: Climb complete (dist=0.30m) -- following Fast-Planner.
[INFO] [1788596176.612819128] [fast_planner_bridge]: [FOLLOWING] pos_ned=(0.00,0.13,-4.63) target_ned=(0.05,0.13,-4.58) pos_cmd_age=0.01s
[INFO] [1788596177.612933110] [fast_planner_bridge]: [FOLLOWING] pos_ned=(0.04,0.15,-4.54) target_ned=(0.08,0.11,-4.58) pos_cmd_age=0.01s
[INFO] [1788596178.613206377] [fast_planner_bridge]: [FOLLOWING] pos_ned=(0.29,-0.06,-4.57) target_ned=(0.38,-0.12,-4.59) pos_cmd_age=0.01s
[INFO] [1788596179.612926603] [fast_planner_bridge]: [FOLLOWING] pos_ned=(0.94,-0.52,-4.62) target_ned=(1.04,-0.51,-4.62) pos_cmd_age=0.00s
[INFO] [1788596180.612756553] [fast_planner_bridge]: [FOLLOWING] pos_ned=(1.77,-0.92,-4.62) target_ned=(1.84,-0.92,-4.66) pos_cmd_age=0.00s
[INFO] [1788596181.612469770] [fast_planner_bridge]: [FOLLOWING] pos_ned=(2.56,-1.13,-4.67) target_ned=(2.61,-1.10,-4.70) pos_cmd_age=0.00s
[INFO] [1788596182.612528123] [fast_planner_bridge]: [FOLLOWING] pos_ned=(3.03,-1.04,-4.70) target_ned=(2.87,-1.15,-4.69) pos_cmd_age=0.00s
[INFO] [1788596183.612655370] [fast_planner_bridge]: [FOLLOWING] pos_ned=(3.25,-1.28,-4.58) target_ned=(3.17,-1.53,-4.70) pos_cmd_age=0.00s
[INFO] [1788596184.612771203] [fast_planner_bridge]: [FOLLOWING] pos_ned=(3.67,-2.00,-4.60) target_ned=(3.72,-2.22,-4.73) pos_cmd_age=0.00s
[INFO] [1788596185.612696456] [fast_planner_bridge]: [FOLLOWING] pos_ned=(4.34,-2.80,-4.78) target_ned=(4.37,-2.93,-4.79) pos_cmd_age=0.00s
[INFO] [1788596186.612651452] [fast_planner_bridge]: [FOLLOWING] pos_ned=(4.94,-3.45,-4.86) target_ned=(5.09,-3.53,-4.84) pos_cmd_age=0.00s
[INFO] [1788596187.612613034] [fast_planner_bridge]: [FOLLOWING] pos_ned=(5.62,-3.89,-4.90) target_ned=(5.68,-3.87,-4.90) pos_cmd_age=0.00s
[INFO] [1788596188.612540435] [fast_planner_bridge]: [FOLLOWING] pos_ned=(5.95,-3.97,-5.02) target_ned=(6.00,-3.90,-5.02) pos_cmd_age=0.00s
[INFO] [1788596189.612650415] [fast_planner_bridge]: [FOLLOWING] pos_ned=(6.11,-3.56,-5.06) target_ned=(5.97,-3.59,-5.18) pos_cmd_age=0.00s
[INFO] [1788596190.612578352] [fast_planner_bridge]: [FOLLOWING] pos_ned=(6.28,-3.05,-5.23) target_ned=(6.04,-3.18,-5.29) pos_cmd_age=0.00s
[INFO] [1788596191.612613023] [fast_planner_bridge]: [FOLLOWING] pos_ned=(6.54,-2.72,-5.30) target_ned=(6.45,-2.78,-5.29) pos_cmd_age=0.00s
[INFO] [1788596192.612554441] [fast_planner_bridge]: [FOLLOWING] pos_ned=(6.98,-2.43,-5.27) target_ned=(7.02,-2.35,-5.21) pos_cmd_age=0.00s
[INFO] [1788596193.612633723] [fast_planner_bridge]: [FOLLOWING] pos_ned=(7.51,-2.00,-5.18) target_ned=(7.58,-1.81,-5.12) pos_cmd_age=0.00s
[INFO] [1788596194.612838391] [fast_planner_bridge]: [FOLLOWING] pos_ned=(7.94,-1.32,-5.12) target_ned=(8.04,-1.19,-5.06) pos_cmd_age=0.00s
[INFO] [1788596195.612729173] [fast_planner_bridge]: [FOLLOWING] pos_ned=(8.18,-0.85,-5.10) target_ned=(8.25,-0.85,-5.05) pos_cmd_age=0.00s
[INFO] [1788596196.612634635] [fast_planner_bridge]: [FOLLOWING] pos_ned=(8.19,-0.80,-5.08) target_ned=(8.25,-0.76,-5.04) pos_cmd_age=0.00s
[INFO] [1788596197.612844665] [fast_planner_bridge]: [FOLLOWING] pos_ned=(8.03,-0.51,-5.06) target_ned=(8.14,-0.42,-5.02) pos_cmd_age=0.00s
[INFO] [1788596198.612768407] [fast_planner_bridge]: [FOLLOWING] pos_ned=(7.98,0.07,-5.03) target_ned=(8.02,-0.06,-5.00) pos_cmd_age=0.00s
[INFO] [1788596199.612701691] [fast_planner_bridge]: [FOLLOWING] pos_ned=(8.05,0.09,-5.03) target_ned=(8.00,-0.00,-5.00) pos_cmd_age=0.00s
[INFO] [1788596200.612927822] [fast_planner_bridge]: [FOLLOWING] pos_ned=(8.01,-0.03,-5.01) target_ned=(8.00,-0.00,-5.00) pos_cmd_age=0.00s
[INFO] [1788596201.612734916] [fast_planner_bridge]: [FOLLOWING] pos_ned=(7.98,0.02,-5.01) target_ned=(8.00,-0.00,-5.00) pos_cmd_age=0.00s
[INFO] [1788596202.612541554] [fast_planner_bridge]: [FOLLOWING] pos_ned=(7.99,0.05,-5.01) target_ned=(8.00,-0.00,-5.00) pos_cmd_age=0.00s
[INFO] [1788596203.612740647] [fast_planner_bridge]: [FOLLOWING] pos_ned=(7.99,0.04,-5.00) target_ned=(8.00,-0.00,-5.00) pos_cmd_age=0.00s
[INFO] [1788596204.612757565] [fast_planner_bridge]: [FOLLOWING] pos_ned=(7.98,0.01,-5.00) target_ned=(8.00,-0.00,-5.00) pos_cmd_age=0.00s
[INFO] [1788596205.612698467] [fast_planner_bridge]: [FOLLOWING] pos_ned=(7.98,-0.02,-5.00) target_ned=(8.00,-0.00,-5.00) pos_cmd_age=0.00s
[WARN] [1788596206.148756958] [fast_planner_bridge]: Shutdown signal 15 received -- ceasing ARM requests, commanding AUTO.LAND, will disarm and exit once landed. If this doesn't complete and the vehicle needs to come down NOW, use emergency_stop.py instead of repeating this signal.
[INFO] [1788596206.362740919] [fast_planner_bridge]: Requesting AUTO.LAND... nav_state=14
[INFO] [1788596206.413050107] [fast_planner_bridge]: AUTO.LAND confirmed -- ceasing offboard setpoints, handing off to the autopilot.
[INFO] [1788596206.612764729] [fast_planner_bridge]: Waiting for disarm (backstop disarm sent)... arming_state=2
[INFO] [1788596208.612623464] [fast_planner_bridge]: Waiting for disarm (backstop disarm sent)... arming_state=2
