[INFO] [1788720632.853282490] [fast_planner_bridge]: fast_planner_bridge ready -- will capture home at arm time and climb (0.0, 0.0, -5.0) NED relative to it, then follow /planning/pos_cmd from Fast-Planner
[INFO] [1788720632.853651222] [fast_planner_bridge]: >>> Press ENTER to arm and fly (or set OFFBOARD_AUTO_START=1) <<<
[INFO] [1788720635.674093972] [fast_planner_bridge]: OFFBOARD + ARMED confirmed -- home_ned=(-0.031225183978676796, -0.010039274580776691, 0.020007401704788208), climbing to (-0.031225183978676796, -0.010039274580776691, -4.979992598295212).
[INFO] [1788720635.824167103] [fast_planner_bridge]: [CLIMBING] pos_ned=(-0.03,-0.01,0.02) dist=5.00m
[INFO] [1788720636.823995097] [fast_planner_bridge]: [CLIMBING] pos_ned=(-0.07,-0.10,0.00) dist=4.98m
[INFO] [1788720637.824241612] [fast_planner_bridge]: [CLIMBING] pos_ned=(-0.15,-0.28,-0.04) dist=4.95m
[INFO] [1788720638.824120373] [fast_planner_bridge]: [CLIMBING] pos_ned=(-0.16,-0.28,-0.04) dist=4.95m
[INFO] [1788720639.824162938] [fast_planner_bridge]: [CLIMBING] pos_ned=(-0.14,-0.08,0.00) dist=4.98m
[INFO] [1788720640.824394493] [fast_planner_bridge]: [CLIMBING] pos_ned=(-0.08,-0.01,0.03) dist=5.01m
[INFO] [1788720641.824412182] [fast_planner_bridge]: [CLIMBING] pos_ned=(-0.10,-0.08,-0.15) dist=4.83m
[INFO] [1788720642.824127289] [fast_planner_bridge]: [CLIMBING] pos_ned=(-0.41,-0.42,-1.72) dist=3.30m
[INFO] [1788720643.824251059] [fast_planner_bridge]: [CLIMBING] pos_ned=(-0.42,-0.25,-3.23) dist=1.81m
[INFO] [1788720644.824100450] [fast_planner_bridge]: [CLIMBING] pos_ned=(-0.16,-0.12,-3.92) dist=1.07m
[INFO] [1788720645.824363022] [fast_planner_bridge]: [CLIMBING] pos_ned=(0.04,-0.05,-4.25) dist=0.73m
[INFO] [1788720646.824169153] [fast_planner_bridge]: [CLIMBING] pos_ned=(0.10,-0.01,-4.43) dist=0.56m
[INFO] [1788720647.824182418] [fast_planner_bridge]: [CLIMBING] pos_ned=(0.10,0.11,-4.58) dist=0.43m
[INFO] [1788720648.824145614] [fast_planner_bridge]: [CLIMBING] pos_ned=(0.07,0.14,-4.67) dist=0.36m
[INFO] [1788720649.674268618] [fast_planner_bridge]: Climb complete (dist=0.30m) -- following Fast-Planner.
[INFO] [1788720649.824026832] [fast_planner_bridge]: [FOLLOWING] pos_ned=(0.05,0.09,-4.73) target_ned=(0.11,0.07,-4.54) pos_cmd_age=0.01s
[INFO] [1788720650.824026237] [fast_planner_bridge]: [FOLLOWING] pos_ned=(0.23,0.08,-4.59) target_ned=(0.36,0.08,-4.54) pos_cmd_age=0.01s
[INFO] [1788720651.824411402] [fast_planner_bridge]: [FOLLOWING] pos_ned=(0.91,0.10,-4.57) target_ned=(0.99,0.10,-4.54) pos_cmd_age=0.01s
[INFO] [1788720652.824248803] [fast_planner_bridge]: [FOLLOWING] pos_ned=(1.76,0.13,-4.60) target_ned=(1.79,0.11,-4.57) pos_cmd_age=0.01s
[INFO] [1788720653.824093484] [fast_planner_bridge]: [FOLLOWING] pos_ned=(2.61,0.15,-4.67) target_ned=(2.64,0.11,-4.61) pos_cmd_age=0.01s
[INFO] [1788720654.824302784] [fast_planner_bridge]: [FOLLOWING] pos_ned=(3.14,0.12,-4.73) target_ned=(3.12,0.09,-4.66) pos_cmd_age=0.01s
[INFO] [1788720655.824444312] [fast_planner_bridge]: [FOLLOWING] pos_ned=(3.34,-0.00,-4.78) target_ned=(3.33,0.08,-4.67) pos_cmd_age=0.01s
[INFO] [1788720656.824004183] [fast_planner_bridge]: [FOLLOWING] pos_ned=(3.71,0.06,-4.75) target_ned=(3.76,0.05,-4.65) pos_cmd_age=0.01s
[INFO] [1788720657.824194082] [fast_planner_bridge]: [FOLLOWING] pos_ned=(4.49,0.10,-4.72) target_ned=(4.50,0.03,-4.65) pos_cmd_age=0.01s
[INFO] [1788720658.824303255] [fast_planner_bridge]: [FOLLOWING] pos_ned=(5.19,0.12,-4.71) target_ned=(4.82,0.11,-4.72) pos_cmd_age=0.01s
[INFO] [1788720659.824560881] [fast_planner_bridge]: [FOLLOWING] pos_ned=(5.33,0.10,-4.73) target_ned=(5.13,0.09,-4.75) pos_cmd_age=0.01s
[INFO] [1788720660.824169253] [fast_planner_bridge]: [FOLLOWING] pos_ned=(5.83,0.06,-4.77) target_ned=(5.77,0.03,-4.82) pos_cmd_age=0.01s
[INFO] [1788720661.823994547] [fast_planner_bridge]: [FOLLOWING] pos_ned=(6.63,-0.01,-4.84) target_ned=(6.64,-0.03,-4.92) pos_cmd_age=0.01s
[INFO] [1788720662.824136480] [fast_planner_bridge]: [FOLLOWING] pos_ned=(7.37,-0.05,-4.90) target_ned=(7.42,-0.05,-4.99) pos_cmd_age=0.01s
[INFO] [1788720663.824279140] [fast_planner_bridge]: [FOLLOWING] pos_ned=(7.83,-0.02,-4.96) target_ned=(7.90,-0.01,-5.00) pos_cmd_age=0.01s
[INFO] [1788720664.824170101] [fast_planner_bridge]: [FOLLOWING] pos_ned=(7.85,0.04,-5.01) target_ned=(8.00,-0.00,-5.00) pos_cmd_age=0.01s
[INFO] [1788720665.824344510] [fast_planner_bridge]: [FOLLOWING] pos_ned=(7.83,0.03,-5.04) target_ned=(8.00,-0.00,-5.00) pos_cmd_age=0.01s
[INFO] [1788720666.824104154] [fast_planner_bridge]: [FOLLOWING] pos_ned=(7.93,0.01,-5.04) target_ned=(8.00,-0.00,-5.00) pos_cmd_age=0.01s
[INFO] [1788720667.824036386] [fast_planner_bridge]: [FOLLOWING] pos_ned=(8.00,-0.00,-5.03) target_ned=(8.00,-0.00,-5.00) pos_cmd_age=0.01s
[INFO] [1788720668.824203595] [fast_planner_bridge]: [FOLLOWING] pos_ned=(8.05,0.00,-5.02) target_ned=(8.00,-0.00,-5.00) pos_cmd_age=0.01s
[INFO] [1788720669.824227439] [fast_planner_bridge]: [FOLLOWING] pos_ned=(8.03,0.01,-5.02) target_ned=(8.00,-0.00,-5.00) pos_cmd_age=0.01s
[WARN] [1788720670.784220697] [fast_planner_bridge]: Shutdown signal 15 received -- ceasing ARM requests, commanding AUTO.LAND, will disarm and exit once landed. If this doesn't complete and the vehicle needs to come down NOW, use emergency_stop.py instead of repeating this signal.
[INFO] [1788720670.824173571] [fast_planner_bridge]: Requesting AUTO.LAND... nav_state=14
[INFO] [1788720670.873954906] [fast_planner_bridge]: AUTO.LAND confirmed -- ceasing offboard setpoints, handing off to the autopilot.
[INFO] [1788720672.824246678] [fast_planner_bridge]: Waiting for disarm (backstop disarm sent)... arming_state=2
