[INFO] [1788720630.366393978] [vslam_compare]: vslam_compare: logging per-message CSV to /workspaces/isaac_ros-dev/results/route2_probe/r2_none_r139/vslam_compare.csv (exp_id='r2_none_r139')
[INFO] [1788720630.385293147] [vslam_compare]: vslam_compare ready -- watching /visual_slam/tracking/odometry vs /ground_truth/odom
[INFO] [1788720630.393520201] [vslam_compare]: Ground truth origin set: (-0.02046210691332817, -0.04621981456875801, -0.012181520462036133)
[INFO] [1788720630.426449550] [vslam_compare]: cuVSLAM origin set: (0.0, 0.0, 0.0) -- tracking initialized
[INFO] [1788720631.385544112] [vslam_compare]: gt=(0.0, -0.0, 0.0) vslam=(0.0, 0.0, 0.0) error=0.003m max_error=0.003m (n=1)
[INFO] [1788720632.385418196] [vslam_compare]: gt=(0.0, -0.0, -0.01) vslam=(0.0, 0.0, 0.0) error=0.008m max_error=0.008m (n=2)
[INFO] [1788720633.385491461] [vslam_compare]: gt=(0.0, -0.0, -0.01) vslam=(0.0, 0.0, 0.0) error=0.012m max_error=0.012m (n=3)
[INFO] [1788720634.385546928] [vslam_compare]: gt=(0.01, 0.0, -0.01) vslam=(0.0, 0.0, 0.0) error=0.013m max_error=0.013m (n=4)
[INFO] [1788720635.385484059] [vslam_compare]: gt=(0.01, 0.01, -0.01) vslam=(0.0, 0.0, 0.0) error=0.020m max_error=0.020m (n=5)
[INFO] [1788720636.385345644] [vslam_compare]: gt=(0.01, 0.01, -0.01) vslam=(-0.86, -0.47, 0.15) error=1.003m max_error=1.003m (n=6)
[INFO] [1788720637.385892742] [vslam_compare]: gt=(-0.2, -0.08, 0.03) vslam=(-0.94, -0.49, 0.16) error=0.855m max_error=1.003m (n=7)
[INFO] [1788720638.385474795] [vslam_compare]: gt=(-0.28, -0.11, 0.06) vslam=(-0.89, -0.49, 0.1) error=0.715m max_error=1.003m (n=8)
[INFO] [1788720639.385467975] [vslam_compare]: gt=(-0.16, -0.11, 0.03) vslam=(-0.92, -0.45, -0.04) error=0.834m max_error=1.003m (n=9)
[INFO] [1788720640.385844111] [vslam_compare]: gt=(0.02, -0.05, -0.01) vslam=(-12.06, -3.88, -7.27) error=14.601m max_error=14.601m (n=10)
[INFO] [1788720641.385735101] [vslam_compare]: gt=(0.01, -0.04, -0.01) vslam=(-16.86, -5.75, -10.64) error=20.737m max_error=20.737m (n=11)
[INFO] [1788720642.385762954] [vslam_compare]: gt=(-0.31, -0.22, 0.93) vslam=(-19.97, -6.7, -2.33) error=20.947m max_error=20.947m (n=12)
[INFO] [1788720643.385610263] [vslam_compare]: gt=(-0.32, -0.43, 2.65) vslam=(-21.25, -5.08, -0.73) error=21.710m max_error=21.710m (n=13)
[INFO] [1788720644.385293831] [vslam_compare]: gt=(-0.15, -0.23, 3.7) vslam=(-22.52, -2.16, -0.37) error=22.825m max_error=22.825m (n=14)
[INFO] [1788720645.385695383] [vslam_compare]: gt=(-0.05, 0.02, 4.17) vslam=(-22.15, -2.89, -0.97) error=22.877m max_error=22.877m (n=15)
[INFO] [1788720646.385626778] [vslam_compare]: gt=(-0.01, 0.13, 4.37) vslam=(-22.13, -2.67, -1.1) error=22.962m max_error=22.962m (n=16)
[INFO] [1788720647.385900300] [vslam_compare]: gt=(0.08, 0.15, 4.54) vslam=(-21.96, -2.3, -0.87) error=22.826m max_error=22.962m (n=17)
[INFO] [1788720648.386258998] [vslam_compare]: gt=(0.17, 0.13, 4.66) vslam=(-21.52, -3.15, -1.52) error=22.785m max_error=22.962m (n=18)
[INFO] [1788720649.385582117] [vslam_compare]: gt=(0.13, 0.1, 4.71) vslam=(-21.61, -3.1, -1.44) error=22.819m max_error=22.962m (n=19)
[INFO] [1788720650.385638347] [vslam_compare]: gt=(0.09, 0.13, 4.66) vslam=(-21.77, -2.94, -1.34) error=22.880m max_error=22.962m (n=20)
[INFO] [1788720651.385581261] [vslam_compare]: gt=(0.11, 0.61, 4.58) vslam=(-21.6, -2.82, -1.72) error=22.865m max_error=22.962m (n=21)
[INFO] [1788720652.385452976] [vslam_compare]: gt=(0.13, 1.43, 4.6) vslam=(-21.24, -2.5, -2.29) error=22.796m max_error=22.962m (n=22)
[INFO] [1788720653.385711512] [vslam_compare]: gt=(0.16, 2.3, 4.65) vslam=(-20.85, -2.05, -2.98) error=22.770m max_error=22.962m (n=23)
[INFO] [1788720654.385736936] [vslam_compare]: gt=(0.18, 3.01, 4.71) vslam=(-21.46, -0.44, -3.9) error=23.542m max_error=23.542m (n=24)
[INFO] [1788720655.385483492] [vslam_compare]: gt=(0.04, 3.32, 4.79) vslam=(-21.0, -0.72, -4.61) error=23.397m max_error=23.542m (n=25)
[INFO] [1788720656.385741673] [vslam_compare]: gt=(0.04, 3.53, 4.78) vslam=(-20.86, -0.68, -4.72) error=23.345m max_error=23.542m (n=26)
[INFO] [1788720657.385869785] [vslam_compare]: gt=(0.11, 4.16, 4.74) vslam=(-20.21, 2.04, -8.66) error=24.433m max_error=24.433m (n=27)
[INFO] [1788720658.385561352] [vslam_compare]: gt=(0.14, 5.02, 4.74) vslam=(-19.52, 1.97, -10.09) error=24.811m max_error=24.811m (n=28)
[INFO] [1788720659.385647345] [vslam_compare]: gt=(0.14, 5.31, 4.72) vslam=(-19.46, 3.07, -11.59) error=25.605m max_error=25.605m (n=29)
[INFO] [1788720660.385486640] [vslam_compare]: gt=(0.1, 5.58, 4.77) vslam=(-18.35, 3.84, -13.34) error=25.913m max_error=25.913m (n=30)
[INFO] [1788720661.385525344] [vslam_compare]: gt=(0.04, 6.31, 4.81) vslam=(-18.22, 4.22, -13.77) error=26.139m max_error=26.139m (n=31)
[INFO] [1788720662.385585413] [vslam_compare]: gt=(-0.02, 7.12, 4.89) vslam=(-17.85, 4.96, -15.11) error=26.880m max_error=26.880m (n=32)
[INFO] [1788720663.385702904] [vslam_compare]: gt=(-0.03, 7.74, 4.94) vslam=(-16.25, 5.95, -16.92) error=27.274m max_error=27.274m (n=33)
[INFO] [1788720664.385570391] [vslam_compare]: gt=(0.04, 7.92, 5.0) vslam=(-15.76, 5.57, -17.65) error=27.712m max_error=27.712m (n=34)
[INFO] [1788720665.385527029] [vslam_compare]: gt=(0.06, 7.86, 5.05) vslam=(-15.74, 5.58, -17.64) error=27.749m max_error=27.749m (n=35)
[INFO] [1788720666.385861522] [vslam_compare]: gt=(0.04, 7.93, 5.06) vslam=(-15.68, 5.64, -17.74) error=27.781m max_error=27.781m (n=36)
Traceback (most recent call last):
  File "/workspaces/isaac_ros-dev/ros2_ws/install/px4_vslam_bridge/lib/python3.10/site-packages/px4_vslam_bridge/vslam_compare.py", line 194, in main
    rclpy.spin(node)
  File "/opt/ros/humble/local/lib/python3.10/dist-packages/rclpy/__init__.py", line 229, in spin
    executor.spin_once()
  File "/opt/ros/humble/local/lib/python3.10/dist-packages/rclpy/executors.py", line 808, in spin_once
    self._spin_once_impl(timeout_sec)
  File "/opt/ros/humble/local/lib/python3.10/dist-packages/rclpy/executors.py", line 797, in _spin_once_impl
    handler, entity, node = self.wait_for_ready_callbacks(timeout_sec=timeout_sec)
  File "/opt/ros/humble/local/lib/python3.10/dist-packages/rclpy/executors.py", line 780, in wait_for_ready_callbacks
    return next(self._cb_iter)
  File "/opt/ros/humble/local/lib/python3.10/dist-packages/rclpy/executors.py", line 681, in _wait_for_ready_callbacks
    raise ExternalShutdownException()
rclpy.executors.ExternalShutdownException

During handling of the above exception, another exception occurred:

Traceback (most recent call last):
  File "/workspaces/isaac_ros-dev/ros2_ws/install/px4_vslam_bridge/lib/px4_vslam_bridge/vslam_compare", line 33, in <module>
    sys.exit(load_entry_point('px4-vslam-bridge==0.1.0', 'console_scripts', 'vslam_compare')())
  File "/workspaces/isaac_ros-dev/ros2_ws/install/px4_vslam_bridge/lib/python3.10/site-packages/px4_vslam_bridge/vslam_compare.py", line 199, in main
    rclpy.shutdown()
  File "/opt/ros/humble/local/lib/python3.10/dist-packages/rclpy/__init__.py", line 130, in shutdown
    _shutdown(context=context)
  File "/opt/ros/humble/local/lib/python3.10/dist-packages/rclpy/utilities.py", line 58, in shutdown
    return context.shutdown()
  File "/opt/ros/humble/local/lib/python3.10/dist-packages/rclpy/context.py", line 102, in shutdown
    self.__context.shutdown()
rclpy._rclpy_pybind11.RCLError: failed to shutdown: rcl_shutdown already called on the given context, at ./src/rcl/init.c:241
