[INFO] [1788692883.289410408] [fast_planner_bridge]: fast_planner_bridge ready -- will capture home at arm time and climb (0.0, 0.0, -5.0) NED relative to it, then follow /planning/pos_cmd from Fast-Planner
[INFO] [1788692883.289790630] [fast_planner_bridge]: >>> Press ENTER to arm and fly (or set OFFBOARD_AUTO_START=1) <<<
[INFO] [1788692886.108098795] [fast_planner_bridge]: OFFBOARD + ARMED confirmed -- home_ned=(-0.05356992781162262, -0.0075828819535672665, -0.051988884806632996), climbing to (-0.05356992781162262, -0.0075828819535672665, -5.051988884806633).
[INFO] [1788692886.258254758] [fast_planner_bridge]: [CLIMBING] pos_ned=(-0.05,-0.01,-0.05) dist=5.00m
[INFO] [1788692887.258328916] [fast_planner_bridge]: [CLIMBING] pos_ned=(-0.04,-0.02,-0.07) dist=4.98m
[INFO] [1788692888.258227169] [fast_planner_bridge]: [CLIMBING] pos_ned=(-0.02,-0.02,-0.07) dist=4.98m
[INFO] [1788692889.258519248] [fast_planner_bridge]: [CLIMBING] pos_ned=(-0.02,-0.02,-0.08) dist=4.98m
[INFO] [1788692890.258111668] [fast_planner_bridge]: [CLIMBING] pos_ned=(-0.01,0.00,-0.08) dist=4.97m
[INFO] [1788692891.258121469] [fast_planner_bridge]: [CLIMBING] pos_ned=(-0.00,0.09,-0.19) dist=4.86m
[INFO] [1788692892.258204577] [fast_planner_bridge]: [CLIMBING] pos_ned=(-0.10,0.09,-1.40) dist=3.65m
[INFO] [1788692893.258213965] [fast_planner_bridge]: [CLIMBING] pos_ned=(-0.21,0.01,-3.13) dist=1.93m
[INFO] [1788692894.258420076] [fast_planner_bridge]: [CLIMBING] pos_ned=(-0.17,-0.06,-3.99) dist=1.07m
[INFO] [1788692895.258074577] [fast_planner_bridge]: [CLIMBING] pos_ned=(-0.08,-0.06,-4.37) dist=0.68m
[INFO] [1788692896.258315872] [fast_planner_bridge]: [CLIMBING] pos_ned=(-0.04,-0.04,-4.60) dist=0.46m
[INFO] [1788692897.258355983] [fast_planner_bridge]: [CLIMBING] pos_ned=(-0.01,-0.04,-4.75) dist=0.31m
[INFO] [1788692897.358087901] [fast_planner_bridge]: Climb complete (dist=0.30m) -- following Fast-Planner.
[INFO] [1788692898.258293038] [fast_planner_bridge]: [FOLLOWING] pos_ned=(0.01,-0.03,-4.67) target_ned=(-0.04,-0.04,-4.63) pos_cmd_age=0.00s
[INFO] [1788692899.258421315] [fast_planner_bridge]: [FOLLOWING] pos_ned=(0.03,-0.05,-4.59) target_ned=(0.03,-0.07,-4.63) pos_cmd_age=0.00s
[INFO] [1788692900.258203373] [fast_planner_bridge]: [FOLLOWING] pos_ned=(0.30,-0.28,-4.61) target_ned=(0.38,-0.26,-4.64) pos_cmd_age=0.01s
[INFO] [1788692901.258466243] [fast_planner_bridge]: [FOLLOWING] pos_ned=(0.87,-0.58,-4.65) target_ned=(0.95,-0.53,-4.67) pos_cmd_age=0.00s
[INFO] [1788692902.258264349] [fast_planner_bridge]: [FOLLOWING] pos_ned=(1.61,-0.83,-4.67) target_ned=(1.70,-0.78,-4.71) pos_cmd_age=0.00s
[INFO] [1788692903.258479817] [fast_planner_bridge]: [FOLLOWING] pos_ned=(2.40,-0.96,-4.72) target_ned=(2.49,-0.91,-4.75) pos_cmd_age=0.00s
[INFO] [1788692904.258682860] [fast_planner_bridge]: [FOLLOWING] pos_ned=(2.96,-0.95,-4.75) target_ned=(2.98,-0.95,-4.77) pos_cmd_age=0.00s
[INFO] [1788692905.258532070] [fast_planner_bridge]: [FOLLOWING] pos_ned=(3.20,-0.88,-4.82) target_ned=(3.22,-0.91,-4.87) pos_cmd_age=0.00s
[INFO] [1788692906.258200696] [fast_planner_bridge]: [FOLLOWING] pos_ned=(3.39,-0.68,-5.08) target_ned=(3.41,-0.71,-5.11) pos_cmd_age=0.00s
[INFO] [1788692907.258575692] [fast_planner_bridge]: [FOLLOWING] pos_ned=(3.77,-0.38,-5.31) target_ned=(3.74,-0.35,-5.32) pos_cmd_age=0.00s
[INFO] [1788692908.258553463] [fast_planner_bridge]: [FOLLOWING] pos_ned=(4.27,0.11,-5.35) target_ned=(4.26,0.13,-5.37) pos_cmd_age=0.00s
[INFO] [1788692909.258305815] [fast_planner_bridge]: [FOLLOWING] pos_ned=(4.95,0.54,-5.28) target_ned=(4.93,0.55,-5.29) pos_cmd_age=0.00s
[INFO] [1788692910.258322527] [fast_planner_bridge]: [FOLLOWING] pos_ned=(5.69,0.78,-5.18) target_ned=(5.71,0.87,-5.17) pos_cmd_age=0.00s
[INFO] [1788692911.258165288] [fast_planner_bridge]: [FOLLOWING] pos_ned=(6.35,0.98,-5.17) target_ned=(6.41,1.06,-5.13) pos_cmd_age=0.00s
[INFO] [1788692912.258381858] [fast_planner_bridge]: [FOLLOWING] pos_ned=(6.78,1.13,-5.14) target_ned=(6.80,1.14,-5.11) pos_cmd_age=0.00s
[INFO] [1788692913.258390011] [fast_planner_bridge]: [FOLLOWING] pos_ned=(6.82,1.24,-5.12) target_ned=(6.84,1.15,-5.10) pos_cmd_age=0.00s
[INFO] [1788692914.258326436] [fast_planner_bridge]: [FOLLOWING] pos_ned=(6.75,1.09,-5.08) target_ned=(6.88,0.97,-5.12) pos_cmd_age=0.00s
[INFO] [1788692915.258199240] [fast_planner_bridge]: [FOLLOWING] pos_ned=(7.10,0.66,-5.00) target_ned=(7.23,0.58,-5.09) pos_cmd_age=0.00s
[INFO] [1788692916.258151704] [fast_planner_bridge]: [FOLLOWING] pos_ned=(7.75,0.28,-4.99) target_ned=(7.71,0.19,-5.04) pos_cmd_age=0.00s
[INFO] [1788692917.258152759] [fast_planner_bridge]: [FOLLOWING] pos_ned=(8.06,0.01,-5.03) target_ned=(7.98,0.01,-5.00) pos_cmd_age=0.00s
[INFO] [1788692918.258226761] [fast_planner_bridge]: [FOLLOWING] pos_ned=(8.01,0.03,-5.03) target_ned=(8.00,0.00,-5.00) pos_cmd_age=0.00s
[INFO] [1788692919.258588268] [fast_planner_bridge]: [FOLLOWING] pos_ned=(7.99,0.09,-5.03) target_ned=(8.00,0.00,-5.00) pos_cmd_age=0.00s
[INFO] [1788692920.258246358] [fast_planner_bridge]: [FOLLOWING] pos_ned=(8.02,0.06,-5.01) target_ned=(8.00,0.00,-5.00) pos_cmd_age=0.00s
[INFO] [1788692921.258131248] [fast_planner_bridge]: [FOLLOWING] pos_ned=(8.05,0.02,-5.01) target_ned=(8.00,0.00,-5.00) pos_cmd_age=0.00s
[INFO] [1788692922.258396480] [fast_planner_bridge]: [FOLLOWING] pos_ned=(8.03,-0.02,-5.02) target_ned=(8.00,0.00,-5.00) pos_cmd_age=0.00s
[INFO] [1788692923.258285354] [fast_planner_bridge]: [FOLLOWING] pos_ned=(8.00,-0.04,-5.01) target_ned=(8.00,0.00,-5.00) pos_cmd_age=0.00s
[INFO] [1788692924.258140454] [fast_planner_bridge]: [FOLLOWING] pos_ned=(8.00,-0.03,-5.00) target_ned=(8.00,0.00,-5.00) pos_cmd_age=0.00s
[INFO] [1788692925.258386406] [fast_planner_bridge]: [FOLLOWING] pos_ned=(8.01,-0.01,-5.00) target_ned=(8.00,0.00,-5.00) pos_cmd_age=0.00s
[WARN] [1788692925.902203392] [fast_planner_bridge]: Shutdown signal 15 received -- ceasing ARM requests, commanding AUTO.LAND, will disarm and exit once landed. If this doesn't complete and the vehicle needs to come down NOW, use emergency_stop.py instead of repeating this signal.
[INFO] [1788692926.008150187] [fast_planner_bridge]: Requesting AUTO.LAND... nav_state=14
[INFO] [1788692926.058128803] [fast_planner_bridge]: AUTO.LAND confirmed -- ceasing offboard setpoints, handing off to the autopilot.
[INFO] [1788692927.258092723] [fast_planner_bridge]: Waiting for disarm (backstop disarm sent)... arming_state=2
