[INFO] [1788749942.262051525] [vslam_compare]: vslam_compare: logging per-message CSV to /workspaces/isaac_ros-dev/results/route2_probe/r2_2_L2_r10/vslam_compare.csv (exp_id='r2_2_L2_r10')
[INFO] [1788749942.284865669] [vslam_compare]: vslam_compare ready -- watching /visual_slam/tracking/odometry vs /ground_truth/odom
[INFO] [1788749942.393009386] [vslam_compare]: Ground truth origin set: (0.02685282565653324, -0.0011491312179714441, 0.01664823293685913)
[INFO] [1788749943.218741048] [vslam_compare]: cuVSLAM origin set: (0.0, 0.0, 0.0) -- tracking initialized
[INFO] [1788749943.284900879] [vslam_compare]: gt=(-0.0, 0.0, -0.0) vslam=(0.0, 0.0, 0.0) error=0.003m max_error=0.003m (n=1)
[INFO] [1788749944.284871123] [vslam_compare]: gt=(-0.0, 0.0, 0.0) vslam=(0.0, 0.0, 0.0) error=0.005m max_error=0.005m (n=2)
[INFO] [1788749945.284800787] [vslam_compare]: gt=(-0.0, 0.01, 0.0) vslam=(0.0, 0.0, 0.0) error=0.014m max_error=0.014m (n=3)
[INFO] [1788749946.284795958] [vslam_compare]: gt=(-0.0, 0.02, 0.01) vslam=(0.0, 0.0, 0.0) error=0.022m max_error=0.022m (n=4)
[INFO] [1788749947.285095842] [vslam_compare]: gt=(-0.01, 0.02, 0.01) vslam=(0.0, 0.0, 0.0) error=0.025m max_error=0.025m (n=5)
[INFO] [1788749948.284911448] [vslam_compare]: gt=(0.0, 0.02, 0.01) vslam=(0.0, 0.0, 0.0) error=0.027m max_error=0.027m (n=6)
[INFO] [1788749949.285145919] [vslam_compare]: gt=(0.01, 0.03, 0.02) vslam=(0.0, 0.0, 0.0) error=0.035m max_error=0.035m (n=7)
[INFO] [1788749950.285115270] [vslam_compare]: gt=(0.01, 0.03, 0.02) vslam=(0.0, 0.0, 0.0) error=0.038m max_error=0.038m (n=8)
[INFO] [1788749951.285066562] [vslam_compare]: gt=(0.01, 0.02, 0.02) vslam=(0.0, -0.0, 0.0) error=0.030m max_error=0.038m (n=9)
[INFO] [1788749952.284895579] [vslam_compare]: gt=(0.03, 0.01, 0.03) vslam=(0.09, -0.07, 0.0) error=0.109m max_error=0.109m (n=10)
[INFO] [1788749953.285109438] [vslam_compare]: gt=(0.05, 0.02, 0.69) vslam=(0.18, -0.07, 0.41) error=0.326m max_error=0.326m (n=11)
[INFO] [1788749954.285052495] [vslam_compare]: gt=(0.05, 0.0, 2.15) vslam=(0.06, -0.16, 1.79) error=0.402m max_error=0.402m (n=12)
[INFO] [1788749955.284735381] [vslam_compare]: gt=(-0.07, -0.02, 3.58) vslam=(-0.11, -0.23, 3.34) error=0.323m max_error=0.402m (n=13)
[INFO] [1788749956.284740620] [vslam_compare]: gt=(-0.13, -0.02, 4.24) vslam=(-0.2, -0.17, 4.45) error=0.266m max_error=0.402m (n=14)
[INFO] [1788749957.285116054] [vslam_compare]: gt=(-0.1, 0.03, 4.59) vslam=(-0.18, -0.04, 4.96) error=0.387m max_error=0.402m (n=15)
[INFO] [1788749958.284855203] [vslam_compare]: gt=(-0.04, 0.1, 4.78) vslam=(-0.17, 0.12, 5.25) error=0.489m max_error=0.489m (n=16)
[INFO] [1788749959.284931795] [vslam_compare]: gt=(0.02, 0.07, 4.84) vslam=(-0.09, 0.05, 5.22) error=0.396m max_error=0.489m (n=17)
[INFO] [1788749960.284758182] [vslam_compare]: gt=(0.16, -0.07, 4.87) vslam=(0.1, -0.11, 5.47) error=0.604m max_error=0.604m (n=18)
[INFO] [1788749961.285045311] [vslam_compare]: gt=(0.31, -0.21, 4.94) vslam=(0.22, -0.23, 5.5) error=0.569m max_error=0.604m (n=19)
[INFO] [1788749962.284970066] [vslam_compare]: gt=(0.45, -0.35, 4.99) vslam=(0.52, -0.53, 5.27) error=0.338m max_error=0.604m (n=20)
[INFO] [1788749963.284911344] [vslam_compare]: gt=(0.48, -0.53, 4.96) vslam=(0.55, -0.71, 5.28) error=0.376m max_error=0.604m (n=21)
[INFO] [1788749964.285300168] [vslam_compare]: gt=(0.42, -0.74, 4.94) vslam=(0.51, -0.97, 5.27) error=0.413m max_error=0.604m (n=22)
[INFO] [1788749965.284926041] [vslam_compare]: gt=(0.33, -0.93, 4.92) vslam=(0.41, -1.23, 5.3) error=0.480m max_error=0.604m (n=23)
[INFO] [1788749966.284967159] [vslam_compare]: gt=(0.26, -1.12, 4.93) vslam=(0.34, -1.4, 5.31) error=0.478m max_error=0.604m (n=24)
[INFO] [1788749967.284722726] [vslam_compare]: gt=(0.23, -1.3, 4.96) vslam=(0.31, -1.58, 5.35) error=0.484m max_error=0.604m (n=25)
[INFO] [1788749968.285035975] [vslam_compare]: gt=(0.24, -1.46, 5.03) vslam=(0.3, -1.79, 5.41) error=0.515m max_error=0.604m (n=26)
[INFO] [1788749969.284891040] [vslam_compare]: gt=(0.29, -1.61, 5.08) vslam=(0.33, -1.96, 5.47) error=0.530m max_error=0.604m (n=27)
[INFO] [1788749970.284902296] [vslam_compare]: gt=(0.36, -1.72, 5.12) vslam=(0.4, -2.09, 5.53) error=0.554m max_error=0.604m (n=28)
[INFO] [1788749971.285004794] [vslam_compare]: gt=(0.43, -1.82, 5.16) vslam=(0.48, -2.21, 5.6) error=0.591m max_error=0.604m (n=29)
[INFO] [1788749972.284724357] [vslam_compare]: gt=(0.51, -1.9, 5.2) vslam=(0.59, -2.31, 5.62) error=0.594m max_error=0.604m (n=30)
[INFO] [1788749973.284952269] [vslam_compare]: gt=(0.62, -1.96, 5.23) vslam=(0.69, -2.39, 5.66) error=0.612m max_error=0.612m (n=31)
[INFO] [1788749974.285062121] [vslam_compare]: gt=(0.74, -2.02, 5.26) vslam=(0.81, -2.46, 5.7) error=0.627m max_error=0.627m (n=32)
[INFO] [1788749975.284917988] [vslam_compare]: gt=(0.87, -2.08, 5.28) vslam=(0.93, -2.52, 5.76) error=0.647m max_error=0.647m (n=33)
[INFO] [1788749976.285198989] [vslam_compare]: gt=(1.0, -2.11, 5.31) vslam=(1.06, -2.57, 5.8) error=0.677m max_error=0.677m (n=34)
[INFO] [1788749977.284811571] [vslam_compare]: gt=(1.13, -2.11, 5.33) vslam=(1.24, -2.54, 5.81) error=0.654m max_error=0.677m (n=35)
[INFO] [1788749978.284802038] [vslam_compare]: gt=(1.12, -2.22, 5.39) vslam=(1.25, -2.66, 5.86) error=0.662m max_error=0.677m (n=36)
[INFO] [1788749979.284778007] [vslam_compare]: gt=(1.05, -2.4, 5.43) vslam=(1.17, -2.85, 5.91) error=0.671m max_error=0.677m (n=37)
[INFO] [1788749980.285178708] [vslam_compare]: gt=(0.99, -2.57, 5.49) vslam=(1.11, -3.03, 5.98) error=0.684m max_error=0.684m (n=38)
[INFO] [1788749981.284938671] [vslam_compare]: gt=(0.93, -2.73, 5.55) vslam=(1.05, -3.2, 6.06) error=0.700m max_error=0.700m (n=39)
[INFO] [1788749982.285356202] [vslam_compare]: gt=(0.87, -2.91, 5.54) vslam=(1.01, -3.38, 6.06) error=0.723m max_error=0.723m (n=40)
[INFO] [1788749983.285019491] [vslam_compare]: gt=(0.78, -3.07, 5.58) vslam=(0.92, -3.54, 6.11) error=0.723m max_error=0.723m (n=41)
[INFO] [1788749984.284856634] [vslam_compare]: gt=(0.68, -3.22, 5.62) vslam=(0.81, -3.7, 6.15) error=0.730m max_error=0.730m (n=42)
[INFO] [1788749985.284856498] [vslam_compare]: gt=(0.7, -3.38, 5.64) vslam=(0.82, -3.85, 6.19) error=0.735m max_error=0.735m (n=43)
[INFO] [1788749986.285054390] [vslam_compare]: gt=(0.8, -3.53, 5.66) vslam=(0.95, -3.98, 6.2) error=0.717m max_error=0.735m (n=44)
[INFO] [1788749987.285149308] [vslam_compare]: gt=(0.91, -3.67, 5.69) vslam=(1.03, -4.12, 6.24) error=0.724m max_error=0.735m (n=45)
[INFO] [1788749988.285102138] [vslam_compare]: gt=(1.01, -3.81, 5.73) vslam=(1.11, -4.27, 6.29) error=0.733m max_error=0.735m (n=46)
[INFO] [1788749989.284809496] [vslam_compare]: gt=(1.11, -3.95, 5.77) vslam=(1.21, -4.41, 6.34) error=0.737m max_error=0.737m (n=47)
[INFO] [1788749990.284910608] [vslam_compare]: gt=(1.23, -4.08, 5.81) vslam=(1.36, -4.54, 6.39) error=0.748m max_error=0.748m (n=48)
[INFO] [1788749991.284725912] [vslam_compare]: gt=(1.31, -4.18, 5.83) vslam=(1.42, -4.65, 6.41) error=0.752m max_error=0.752m (n=49)
[INFO] [1788749992.284756505] [vslam_compare]: gt=(1.31, -4.23, 5.83) vslam=(1.42, -4.72, 6.41) error=0.762m max_error=0.762m (n=50)
[INFO] [1788749993.285016615] [vslam_compare]: gt=(1.29, -4.24, 5.84) vslam=(1.4, -4.76, 6.41) error=0.783m max_error=0.783m (n=51)
[INFO] [1788749994.284718677] [vslam_compare]: gt=(1.26, -4.23, 5.84) vslam=(1.38, -4.75, 6.41) error=0.784m max_error=0.784m (n=52)
[INFO] [1788749995.284730165] [vslam_compare]: gt=(1.26, -4.23, 5.84) vslam=(1.37, -4.74, 6.42) error=0.784m max_error=0.784m (n=53)
[INFO] [1788749996.285042150] [vslam_compare]: gt=(1.29, -4.21, 5.83) vslam=(1.38, -4.72, 6.42) error=0.786m max_error=0.786m (n=54)
Traceback (most recent call last):
  File "/workspaces/isaac_ros-dev/ros2_ws/install/px4_vslam_bridge/lib/python3.10/site-packages/px4_vslam_bridge/vslam_compare.py", line 194, in main
    rclpy.spin(node)
  File "/opt/ros/humble/local/lib/python3.10/dist-packages/rclpy/__init__.py", line 229, in spin
    executor.spin_once()
  File "/opt/ros/humble/local/lib/python3.10/dist-packages/rclpy/executors.py", line 808, in spin_once
    self._spin_once_impl(timeout_sec)
  File "/opt/ros/humble/local/lib/python3.10/dist-packages/rclpy/executors.py", line 797, in _spin_once_impl
    handler, entity, node = self.wait_for_ready_callbacks(timeout_sec=timeout_sec)
  File "/opt/ros/humble/local/lib/python3.10/dist-packages/rclpy/executors.py", line 780, in wait_for_ready_callbacks
    return next(self._cb_iter)
  File "/opt/ros/humble/local/lib/python3.10/dist-packages/rclpy/executors.py", line 681, in _wait_for_ready_callbacks
    raise ExternalShutdownException()
rclpy.executors.ExternalShutdownException

During handling of the above exception, another exception occurred:

Traceback (most recent call last):
  File "/workspaces/isaac_ros-dev/ros2_ws/install/px4_vslam_bridge/lib/px4_vslam_bridge/vslam_compare", line 33, in <module>
    sys.exit(load_entry_point('px4-vslam-bridge==0.1.0', 'console_scripts', 'vslam_compare')())
  File "/workspaces/isaac_ros-dev/ros2_ws/install/px4_vslam_bridge/lib/python3.10/site-packages/px4_vslam_bridge/vslam_compare.py", line 199, in main
    rclpy.shutdown()
  File "/opt/ros/humble/local/lib/python3.10/dist-packages/rclpy/__init__.py", line 130, in shutdown
    _shutdown(context=context)
  File "/opt/ros/humble/local/lib/python3.10/dist-packages/rclpy/utilities.py", line 58, in shutdown
    return context.shutdown()
  File "/opt/ros/humble/local/lib/python3.10/dist-packages/rclpy/context.py", line 102, in shutdown
    self.__context.shutdown()
rclpy._rclpy_pybind11.RCLError: failed to shutdown: rcl_shutdown already called on the given context, at ./src/rcl/init.c:241
