[INFO] [1788599161.834131972] [fast_planner_bridge]: fast_planner_bridge ready -- will capture home at arm time and climb (0.0, 0.0, -5.0) NED relative to it, then follow /planning/pos_cmd from Fast-Planner
[INFO] [1788599161.834479013] [fast_planner_bridge]: >>> Press ENTER to arm and fly (or set OFFBOARD_AUTO_START=1) <<<
[INFO] [1788599164.905405181] [fast_planner_bridge]: OFFBOARD + ARMED confirmed -- home_ned=(0.0036068526096642017, -0.028978880494832993, -0.02065207064151764), climbing to (0.0036068526096642017, -0.028978880494832993, -5.020652070641518).
[INFO] [1788599165.805959656] [fast_planner_bridge]: [CLIMBING] pos_ned=(-0.00,-0.03,-0.02) dist=5.00m
[INFO] [1788599166.805659541] [fast_planner_bridge]: [CLIMBING] pos_ned=(-0.01,-0.01,-0.03) dist=4.99m
[INFO] [1788599167.805792468] [fast_planner_bridge]: [CLIMBING] pos_ned=(-0.01,-0.01,-0.02) dist=5.00m
[INFO] [1788599168.805682651] [fast_planner_bridge]: [CLIMBING] pos_ned=(-0.00,0.02,-0.01) dist=5.01m
[INFO] [1788599169.805505324] [fast_planner_bridge]: [CLIMBING] pos_ned=(0.02,0.09,-0.18) dist=4.84m
[INFO] [1788599170.805512096] [fast_planner_bridge]: [CLIMBING] pos_ned=(0.00,0.02,-1.53) dist=3.49m
[INFO] [1788599171.805495661] [fast_planner_bridge]: [CLIMBING] pos_ned=(-0.04,-0.07,-3.34) dist=1.68m
[INFO] [1788599172.805572182] [fast_planner_bridge]: [CLIMBING] pos_ned=(-0.04,-0.09,-4.09) dist=0.93m
[INFO] [1788599173.805773278] [fast_planner_bridge]: [CLIMBING] pos_ned=(-0.01,-0.07,-4.43) dist=0.59m
[INFO] [1788599174.805443692] [fast_planner_bridge]: [CLIMBING] pos_ned=(0.03,-0.04,-4.64) dist=0.38m
[INFO] [1788599175.405431884] [fast_planner_bridge]: Climb complete (dist=0.29m) -- following Fast-Planner.
[INFO] [1788599175.805860675] [fast_planner_bridge]: [FOLLOWING] pos_ned=(0.03,-0.02,-4.73) target_ned=(0.03,-0.04,-4.64) pos_cmd_age=0.01s
[INFO] [1788599176.805544029] [fast_planner_bridge]: [FOLLOWING] pos_ned=(0.02,-0.02,-4.61) target_ned=(0.03,-0.04,-4.64) pos_cmd_age=0.01s
[INFO] [1788599177.805727814] [fast_planner_bridge]: [FOLLOWING] pos_ned=(0.08,-0.09,-4.59) target_ned=(0.16,-0.11,-4.64) pos_cmd_age=0.01s
[INFO] [1788599178.805399744] [fast_planner_bridge]: [FOLLOWING] pos_ned=(0.52,-0.37,-4.61) target_ned=(0.62,-0.32,-4.65) pos_cmd_age=0.01s
[INFO] [1788599179.805734893] [fast_planner_bridge]: [FOLLOWING] pos_ned=(1.24,-0.62,-4.64) target_ned=(1.36,-0.59,-4.68) pos_cmd_age=0.01s
[INFO] [1788599180.805444199] [fast_planner_bridge]: [FOLLOWING] pos_ned=(2.09,-0.85,-4.68) target_ned=(2.17,-0.78,-4.71) pos_cmd_age=0.01s
[INFO] [1788599181.805627325] [fast_planner_bridge]: [FOLLOWING] pos_ned=(2.82,-0.89,-4.73) target_ned=(2.84,-0.86,-4.75) pos_cmd_age=0.01s
[INFO] [1788599182.805630537] [fast_planner_bridge]: [FOLLOWING] pos_ned=(3.13,-0.84,-4.77) target_ned=(3.15,-0.86,-4.77) pos_cmd_age=0.01s
[INFO] [1788599183.805845028] [fast_planner_bridge]: [FOLLOWING] pos_ned=(3.37,-0.54,-4.82) target_ned=(3.46,-0.58,-4.83) pos_cmd_age=0.01s
[INFO] [1788599184.805814662] [fast_planner_bridge]: [FOLLOWING] pos_ned=(4.06,-0.07,-4.86) target_ned=(4.01,-0.04,-4.90) pos_cmd_age=0.01s
[INFO] [1788599185.805846672] [fast_planner_bridge]: [FOLLOWING] pos_ned=(4.76,0.47,-4.92) target_ned=(4.66,0.52,-4.92) pos_cmd_age=0.01s
[INFO] [1788599186.805610319] [fast_planner_bridge]: [FOLLOWING] pos_ned=(5.40,0.89,-4.95) target_ned=(5.39,0.97,-4.92) pos_cmd_age=0.01s
[INFO] [1788599187.806227048] [fast_planner_bridge]: [FOLLOWING] pos_ned=(6.15,1.24,-4.96) target_ned=(6.22,1.30,-4.94) pos_cmd_age=0.01s
[INFO] [1788599188.805841337] [fast_planner_bridge]: [FOLLOWING] pos_ned=(6.75,1.34,-4.97) target_ned=(6.80,1.34,-4.96) pos_cmd_age=0.01s
[INFO] [1788599189.805715679] [fast_planner_bridge]: [FOLLOWING] pos_ned=(6.97,1.32,-4.96) target_ned=(7.02,1.26,-4.97) pos_cmd_age=0.01s
[INFO] [1788599190.805693766] [fast_planner_bridge]: [FOLLOWING] pos_ned=(6.96,1.36,-4.97) target_ned=(6.97,1.33,-4.97) pos_cmd_age=0.01s
[INFO] [1788599191.805763054] [fast_planner_bridge]: [FOLLOWING] pos_ned=(7.15,1.19,-4.96) target_ned=(7.20,1.06,-4.97) pos_cmd_age=0.01s
[INFO] [1788599192.805753440] [fast_planner_bridge]: [FOLLOWING] pos_ned=(7.63,0.54,-4.96) target_ned=(7.65,0.49,-4.98) pos_cmd_age=0.01s
[INFO] [1788599193.805640246] [fast_planner_bridge]: [FOLLOWING] pos_ned=(8.00,0.01,-4.99) target_ned=(7.95,0.07,-4.99) pos_cmd_age=0.01s
[INFO] [1788599194.805489690] [fast_planner_bridge]: [FOLLOWING] pos_ned=(8.00,0.01,-5.00) target_ned=(8.00,0.00,-5.00) pos_cmd_age=0.00s
[INFO] [1788599195.805692253] [fast_planner_bridge]: [FOLLOWING] pos_ned=(7.98,0.10,-5.00) target_ned=(8.00,0.00,-5.00) pos_cmd_age=0.01s
[INFO] [1788599196.805715763] [fast_planner_bridge]: [FOLLOWING] pos_ned=(8.05,0.04,-5.00) target_ned=(8.00,0.00,-5.00) pos_cmd_age=0.01s
[INFO] [1788599197.805498082] [fast_planner_bridge]: [FOLLOWING] pos_ned=(8.07,-0.03,-4.99) target_ned=(8.00,0.00,-5.00) pos_cmd_age=0.01s
[INFO] [1788599198.805764840] [fast_planner_bridge]: [FOLLOWING] pos_ned=(8.05,-0.03,-5.00) target_ned=(8.00,0.00,-5.00) pos_cmd_age=0.01s
[INFO] [1788599199.805497250] [fast_planner_bridge]: [FOLLOWING] pos_ned=(8.04,-0.02,-4.99) target_ned=(8.00,0.00,-5.00) pos_cmd_age=0.01s
[INFO] [1788599200.805634367] [fast_planner_bridge]: [FOLLOWING] pos_ned=(8.04,-0.03,-4.99) target_ned=(8.00,0.00,-5.00) pos_cmd_age=0.00s
[INFO] [1788599201.805491359] [fast_planner_bridge]: [FOLLOWING] pos_ned=(8.01,-0.02,-4.99) target_ned=(8.00,0.00,-5.00) pos_cmd_age=0.00s
[INFO] [1788599202.805430825] [fast_planner_bridge]: [FOLLOWING] pos_ned=(7.99,-0.02,-5.00) target_ned=(8.00,0.00,-5.00) pos_cmd_age=0.00s
[INFO] [1788599203.805672474] [fast_planner_bridge]: [FOLLOWING] pos_ned=(8.00,-0.03,-5.00) target_ned=(8.00,0.00,-5.00) pos_cmd_age=0.01s
[WARN] [1788599204.240280083] [fast_planner_bridge]: Shutdown signal 15 received -- ceasing ARM requests, commanding AUTO.LAND, will disarm and exit once landed. If this doesn't complete and the vehicle needs to come down NOW, use emergency_stop.py instead of repeating this signal.
[INFO] [1788599204.305365072] [fast_planner_bridge]: Requesting AUTO.LAND... nav_state=14
[INFO] [1788599204.355462497] [fast_planner_bridge]: AUTO.LAND confirmed -- ceasing offboard setpoints, handing off to the autopilot.
[INFO] [1788599205.805536767] [fast_planner_bridge]: Waiting for disarm (backstop disarm sent)... arming_state=2
