[INFO] [1788599157.842678886] [vslam_compare]: vslam_compare: logging per-message CSV to /workspaces/isaac_ros-dev/results/feasibility_gate/gate_sweep_none_r14/vslam_compare.csv (exp_id='gate_sweep_none_r14')
[INFO] [1788599157.862260516] [vslam_compare]: vslam_compare ready -- watching /visual_slam/tracking/odometry vs /ground_truth/odom
[INFO] [1788599157.863773204] [vslam_compare]: Ground truth origin set: (-0.002957117510959506, 0.00662253750488162, 0.03221188485622406)
[INFO] [1788599158.829959413] [vslam_compare]: cuVSLAM origin set: (0.0, 0.0, 0.0) -- tracking initialized
[INFO] [1788599158.862380915] [vslam_compare]: gt=(0.0, -0.02, -0.01) vslam=(0.0, 0.0, 0.0) error=0.025m max_error=0.025m (n=1)
[INFO] [1788599159.862720830] [vslam_compare]: gt=(-0.02, -0.03, -0.01) vslam=(0.0, 0.0, 0.0) error=0.038m max_error=0.038m (n=2)
[INFO] [1788599160.862683667] [vslam_compare]: gt=(-0.02, -0.03, -0.0) vslam=(0.0, 0.0, 0.0) error=0.036m max_error=0.038m (n=3)
[INFO] [1788599161.862416033] [vslam_compare]: gt=(-0.01, -0.03, 0.0) vslam=(0.0, 0.0, 0.0) error=0.028m max_error=0.038m (n=4)
[INFO] [1788599162.862670911] [vslam_compare]: gt=(-0.02, -0.03, -0.01) vslam=(0.0, 0.0, 0.0) error=0.035m max_error=0.038m (n=5)
[INFO] [1788599163.862556846] [vslam_compare]: gt=(-0.03, -0.01, -0.02) vslam=(0.0, 0.0, 0.0) error=0.033m max_error=0.038m (n=6)
[INFO] [1788599164.862433902] [vslam_compare]: gt=(-0.03, -0.0, -0.01) vslam=(0.0, 0.0, 0.0) error=0.029m max_error=0.038m (n=7)
[INFO] [1788599165.862570119] [vslam_compare]: gt=(-0.02, -0.01, -0.01) vslam=(0.0, 0.0, 0.0) error=0.026m max_error=0.038m (n=8)
[INFO] [1788599166.862689012] [vslam_compare]: gt=(-0.01, -0.02, -0.01) vslam=(0.0, 0.0, 0.0) error=0.021m max_error=0.038m (n=9)
[INFO] [1788599167.862577975] [vslam_compare]: gt=(-0.01, -0.01, -0.02) vslam=(0.0, 0.0, 0.0) error=0.022m max_error=0.038m (n=10)
[INFO] [1788599168.862736389] [vslam_compare]: gt=(0.03, -0.01, -0.02) vslam=(0.02, -0.03, 0.01) error=0.041m max_error=0.041m (n=11)
[INFO] [1788599169.862828565] [vslam_compare]: gt=(0.09, 0.02, 0.21) vslam=(0.23, -0.02, 0.06) error=0.205m max_error=0.205m (n=12)
[INFO] [1788599170.862410489] [vslam_compare]: gt=(0.02, -0.01, 1.65) vslam=(0.13, -0.09, 1.27) error=0.399m max_error=0.399m (n=13)
[INFO] [1788599171.862409113] [vslam_compare]: gt=(-0.07, -0.05, 3.38) vslam=(0.03, -0.16, 2.97) error=0.433m max_error=0.433m (n=14)
[INFO] [1788599172.862457661] [vslam_compare]: gt=(-0.09, -0.04, 4.1) vslam=(0.0, -0.21, 3.91) error=0.266m max_error=0.433m (n=15)
[INFO] [1788599173.862430283] [vslam_compare]: gt=(-0.06, -0.01, 4.42) vslam=(0.01, -0.18, 4.36) error=0.197m max_error=0.433m (n=16)
[INFO] [1788599174.862609696] [vslam_compare]: gt=(-0.04, 0.02, 4.62) vslam=(0.0, -0.14, 4.66) error=0.168m max_error=0.433m (n=17)
[INFO] [1788599175.862749412] [vslam_compare]: gt=(-0.01, 0.02, 4.69) vslam=(0.02, -0.14, 4.78) error=0.184m max_error=0.433m (n=18)
[INFO] [1788599176.862624281] [vslam_compare]: gt=(-0.02, 0.01, 4.57) vslam=(0.03, -0.14, 4.66) error=0.186m max_error=0.433m (n=19)
[INFO] [1788599177.862483730] [vslam_compare]: gt=(-0.1, 0.09, 4.56) vslam=(0.02, -0.13, 4.66) error=0.269m max_error=0.433m (n=20)
[INFO] [1788599178.862604604] [vslam_compare]: gt=(-0.38, 0.54, 4.58) vslam=(-0.24, 0.19, 4.61) error=0.380m max_error=0.433m (n=21)
[INFO] [1788599179.862765902] [vslam_compare]: gt=(-0.63, 1.28, 4.61) vslam=(-0.49, 0.87, 4.67) error=0.436m max_error=0.436m (n=22)
[INFO] [1788599180.862598724] [vslam_compare]: gt=(-0.86, 2.13, 4.65) vslam=(-0.71, 1.69, 4.72) error=0.461m max_error=0.461m (n=23)
[INFO] [1788599181.862605896] [vslam_compare]: gt=(-0.88, 2.84, 4.7) vslam=(-0.76, 2.53, 4.76) error=0.341m max_error=0.461m (n=24)
[INFO] [1788599182.862517453] [vslam_compare]: gt=(-0.83, 3.13, 4.74) vslam=(-0.75, 2.87, 4.79) error=0.277m max_error=0.461m (n=25)
[INFO] [1788599183.862767764] [vslam_compare]: gt=(-0.51, 3.39, 4.8) vslam=(-0.5, 3.02, 4.77) error=0.375m max_error=0.461m (n=26)
[INFO] [1788599184.862726046] [vslam_compare]: gt=(-0.04, 4.1, 4.83) vslam=(-0.09, 3.55, 4.69) error=0.569m max_error=0.569m (n=27)
[INFO] [1788599185.862585959] [vslam_compare]: gt=(0.51, 4.79, 4.89) vslam=(0.27, 4.17, 4.73) error=0.682m max_error=0.682m (n=28)
[INFO] [1788599186.862396496] [vslam_compare]: gt=(0.92, 5.45, 4.92) vslam=(0.52, 4.71, 4.74) error=0.862m max_error=0.862m (n=29)
[INFO] [1788599187.862621390] [vslam_compare]: gt=(1.26, 6.19, 4.93) vslam=(0.67, 5.33, 4.76) error=1.055m max_error=1.055m (n=30)
[INFO] [1788599188.862653494] [vslam_compare]: gt=(1.34, 6.77, 4.93) vslam=(0.58, 5.82, 4.78) error=1.232m max_error=1.232m (n=31)
[INFO] [1788599189.862607498] [vslam_compare]: gt=(1.32, 6.96, 4.93) vslam=(0.48, 6.06, 4.75) error=1.237m max_error=1.237m (n=32)
[INFO] [1788599190.862384723] [vslam_compare]: gt=(1.37, 6.96, 4.94) vslam=(0.57, 6.02, 4.8) error=1.241m max_error=1.241m (n=33)
[INFO] [1788599191.862431890] [vslam_compare]: gt=(1.16, 7.17, 4.93) vslam=(0.45, 6.16, 4.8) error=1.241m max_error=1.241m (n=34)
[INFO] [1788599192.862411085] [vslam_compare]: gt=(0.48, 7.66, 4.93) vslam=(-0.13, 6.55, 4.79) error=1.282m max_error=1.282m (n=35)
[INFO] [1788599193.862661624] [vslam_compare]: gt=(-0.01, 8.01, 4.96) vslam=(-0.67, 6.8, 4.81) error=1.382m max_error=1.382m (n=36)
[INFO] [1788599194.862843811] [vslam_compare]: gt=(0.02, 7.98, 4.96) vslam=(-0.69, 6.82, 4.83) error=1.371m max_error=1.382m (n=37)
[INFO] [1788599195.862700286] [vslam_compare]: gt=(0.1, 7.98, 4.97) vslam=(-0.63, 6.84, 4.84) error=1.364m max_error=1.382m (n=38)
[INFO] [1788599196.862590503] [vslam_compare]: gt=(0.03, 8.05, 4.97) vslam=(-0.71, 6.88, 4.82) error=1.386m max_error=1.386m (n=39)
[INFO] [1788599197.862495445] [vslam_compare]: gt=(-0.03, 8.06, 4.96) vslam=(-0.82, 6.94, 4.87) error=1.379m max_error=1.386m (n=40)
[INFO] [1788599198.862826637] [vslam_compare]: gt=(-0.02, 8.04, 4.96) vslam=(-0.86, 6.95, 4.84) error=1.379m max_error=1.386m (n=41)
[INFO] [1788599199.862406948] [vslam_compare]: gt=(-0.02, 8.03, 4.96) vslam=(-0.83, 6.92, 4.85) error=1.383m max_error=1.386m (n=42)
Traceback (most recent call last):
  File "/workspaces/isaac_ros-dev/ros2_ws/install/px4_vslam_bridge/lib/python3.10/site-packages/px4_vslam_bridge/vslam_compare.py", line 194, in main
    rclpy.spin(node)
  File "/opt/ros/humble/local/lib/python3.10/dist-packages/rclpy/__init__.py", line 229, in spin
    executor.spin_once()
  File "/opt/ros/humble/local/lib/python3.10/dist-packages/rclpy/executors.py", line 808, in spin_once
    self._spin_once_impl(timeout_sec)
  File "/opt/ros/humble/local/lib/python3.10/dist-packages/rclpy/executors.py", line 797, in _spin_once_impl
    handler, entity, node = self.wait_for_ready_callbacks(timeout_sec=timeout_sec)
  File "/opt/ros/humble/local/lib/python3.10/dist-packages/rclpy/executors.py", line 780, in wait_for_ready_callbacks
    return next(self._cb_iter)
  File "/opt/ros/humble/local/lib/python3.10/dist-packages/rclpy/executors.py", line 681, in _wait_for_ready_callbacks
    raise ExternalShutdownException()
rclpy.executors.ExternalShutdownException

During handling of the above exception, another exception occurred:

Traceback (most recent call last):
  File "/workspaces/isaac_ros-dev/ros2_ws/install/px4_vslam_bridge/lib/px4_vslam_bridge/vslam_compare", line 33, in <module>
    sys.exit(load_entry_point('px4-vslam-bridge==0.1.0', 'console_scripts', 'vslam_compare')())
  File "/workspaces/isaac_ros-dev/ros2_ws/install/px4_vslam_bridge/lib/python3.10/site-packages/px4_vslam_bridge/vslam_compare.py", line 199, in main
    rclpy.shutdown()
  File "/opt/ros/humble/local/lib/python3.10/dist-packages/rclpy/__init__.py", line 130, in shutdown
    _shutdown(context=context)
  File "/opt/ros/humble/local/lib/python3.10/dist-packages/rclpy/utilities.py", line 58, in shutdown
    return context.shutdown()
  File "/opt/ros/humble/local/lib/python3.10/dist-packages/rclpy/context.py", line 102, in shutdown
    self.__context.shutdown()
rclpy._rclpy_pybind11.RCLError: failed to shutdown: rcl_shutdown already called on the given context, at ./src/rcl/init.c:241
