[INFO] [1788683867.460434903] [fast_planner_bridge]: fast_planner_bridge ready -- will capture home at arm time and climb (0.0, 0.0, -5.0) NED relative to it, then follow /planning/pos_cmd from Fast-Planner
[INFO] [1788683867.460845197] [fast_planner_bridge]: >>> Press ENTER to arm and fly (or set OFFBOARD_AUTO_START=1) <<<
[INFO] [1788683870.278118008] [fast_planner_bridge]: OFFBOARD + ARMED confirmed -- home_ned=(0.005040606949478388, 0.01759781688451767, 0.0032716989517211914), climbing to (0.005040606949478388, 0.01759781688451767, -4.996728301048279).
[INFO] [1788683870.428409393] [fast_planner_bridge]: [CLIMBING] pos_ned=(0.01,0.02,0.01) dist=5.00m
[INFO] [1788683871.428246527] [fast_planner_bridge]: [CLIMBING] pos_ned=(0.01,0.01,0.02) dist=5.02m
[INFO] [1788683872.428653781] [fast_planner_bridge]: [CLIMBING] pos_ned=(-0.00,0.01,0.02) dist=5.02m
[INFO] [1788683873.428347062] [fast_planner_bridge]: [CLIMBING] pos_ned=(0.01,0.00,0.02) dist=5.02m
[INFO] [1788683874.428680516] [fast_planner_bridge]: [CLIMBING] pos_ned=(0.02,0.04,0.02) dist=5.02m
[INFO] [1788683875.428585826] [fast_planner_bridge]: [CLIMBING] pos_ned=(0.06,0.15,-0.06) dist=4.94m
[INFO] [1788683876.428438250] [fast_planner_bridge]: [CLIMBING] pos_ned=(-0.03,0.07,-1.38) dist=3.62m
[INFO] [1788683877.428647473] [fast_planner_bridge]: [CLIMBING] pos_ned=(-0.18,-0.04,-3.04) dist=1.97m
[INFO] [1788683878.428156910] [fast_planner_bridge]: [CLIMBING] pos_ned=(-0.17,-0.06,-3.91) dist=1.10m
[INFO] [1788683879.428223693] [fast_planner_bridge]: [CLIMBING] pos_ned=(-0.03,-0.08,-4.32) dist=0.69m
[INFO] [1788683880.428115892] [fast_planner_bridge]: [CLIMBING] pos_ned=(0.05,-0.06,-4.53) dist=0.48m
[INFO] [1788683881.428138261] [fast_planner_bridge]: [CLIMBING] pos_ned=(0.09,-0.02,-4.67) dist=0.34m
[INFO] [1788683881.828123903] [fast_planner_bridge]: Climb complete (dist=0.29m) -- following Fast-Planner.
[INFO] [1788683882.428417901] [fast_planner_bridge]: [FOLLOWING] pos_ned=(0.11,0.02,-4.70) target_ned=(0.09,0.01,-4.73) pos_cmd_age=0.00s
[INFO] [1788683883.428402039] [fast_planner_bridge]: [FOLLOWING] pos_ned=(0.20,0.01,-4.64) target_ned=(0.09,0.01,-4.73) pos_cmd_age=0.00s
[INFO] [1788683884.428306584] [fast_planner_bridge]: [FOLLOWING] pos_ned=(0.16,0.01,-4.65) target_ned=(0.10,0.01,-4.73) pos_cmd_age=0.00s
[INFO] [1788683885.428274277] [fast_planner_bridge]: [FOLLOWING] pos_ned=(0.28,0.11,-4.70) target_ned=(0.36,0.12,-4.74) pos_cmd_age=0.00s
[INFO] [1788683886.428155743] [fast_planner_bridge]: [FOLLOWING] pos_ned=(0.82,0.35,-4.77) target_ned=(0.88,0.32,-4.78) pos_cmd_age=0.00s
[INFO] [1788683887.428676846] [fast_planner_bridge]: [FOLLOWING] pos_ned=(1.58,0.58,-4.81) target_ned=(1.59,0.64,-4.83) pos_cmd_age=0.00s
[INFO] [1788683888.428119063] [fast_planner_bridge]: [FOLLOWING] pos_ned=(2.33,0.92,-4.85) target_ned=(2.33,0.98,-4.87) pos_cmd_age=0.00s
[INFO] [1788683889.428129850] [fast_planner_bridge]: [FOLLOWING] pos_ned=(2.98,1.21,-4.86) target_ned=(2.98,1.26,-4.89) pos_cmd_age=0.00s
[INFO] [1788683890.428396772] [fast_planner_bridge]: [FOLLOWING] pos_ned=(3.38,1.42,-4.89) target_ned=(3.46,1.43,-4.90) pos_cmd_age=0.00s
[INFO] [1788683891.428167141] [fast_planner_bridge]: [FOLLOWING] pos_ned=(3.86,1.55,-4.93) target_ned=(3.97,1.55,-4.93) pos_cmd_age=0.00s
[INFO] [1788683892.428348572] [fast_planner_bridge]: [FOLLOWING] pos_ned=(4.46,1.72,-4.94) target_ned=(4.51,1.68,-4.96) pos_cmd_age=0.00s
[INFO] [1788683893.428315485] [fast_planner_bridge]: [FOLLOWING] pos_ned=(5.01,1.85,-4.96) target_ned=(5.07,1.80,-4.96) pos_cmd_age=0.00s
[INFO] [1788683894.428212975] [fast_planner_bridge]: [FOLLOWING] pos_ned=(5.63,1.90,-4.97) target_ned=(5.69,1.85,-4.97) pos_cmd_age=0.00s
[INFO] [1788683895.428607485] [fast_planner_bridge]: [FOLLOWING] pos_ned=(6.33,1.92,-4.99) target_ned=(6.40,1.85,-5.00) pos_cmd_age=0.00s
[INFO] [1788683896.428596614] [fast_planner_bridge]: [FOLLOWING] pos_ned=(6.98,1.79,-5.01) target_ned=(6.98,1.74,-5.00) pos_cmd_age=0.00s
[INFO] [1788683897.428355626] [fast_planner_bridge]: [FOLLOWING] pos_ned=(7.29,1.63,-4.99) target_ned=(7.25,1.60,-4.99) pos_cmd_age=0.00s
[INFO] [1788683898.429014508] [fast_planner_bridge]: [FOLLOWING] pos_ned=(7.26,1.65,-4.99) target_ned=(7.22,1.62,-5.00) pos_cmd_age=0.00s
[INFO] [1788683899.428792888] [fast_planner_bridge]: [FOLLOWING] pos_ned=(7.15,1.70,-5.03) target_ned=(7.20,1.58,-5.02) pos_cmd_age=0.00s
[INFO] [1788683900.428654608] [fast_planner_bridge]: [FOLLOWING] pos_ned=(7.36,1.34,-5.05) target_ned=(7.38,1.22,-5.04) pos_cmd_age=0.00s
[INFO] [1788683901.428335307] [fast_planner_bridge]: [FOLLOWING] pos_ned=(7.77,0.64,-5.02) target_ned=(7.70,0.63,-5.04) pos_cmd_age=0.01s
[INFO] [1788683902.428282947] [fast_planner_bridge]: [FOLLOWING] pos_ned=(7.98,0.08,-5.00) target_ned=(7.94,0.14,-5.01) pos_cmd_age=0.01s
[INFO] [1788683903.428189783] [fast_planner_bridge]: [FOLLOWING] pos_ned=(8.00,-0.03,-4.99) target_ned=(8.00,0.00,-5.00) pos_cmd_age=0.01s
[INFO] [1788683904.428727993] [fast_planner_bridge]: [FOLLOWING] pos_ned=(7.99,0.07,-5.00) target_ned=(8.00,0.00,-5.00) pos_cmd_age=0.01s
[INFO] [1788683905.428467845] [fast_planner_bridge]: [FOLLOWING] pos_ned=(8.03,0.03,-5.00) target_ned=(8.00,0.00,-5.00) pos_cmd_age=0.01s
[INFO] [1788683906.428528302] [fast_planner_bridge]: [FOLLOWING] pos_ned=(8.05,-0.03,-5.00) target_ned=(8.00,0.00,-5.00) pos_cmd_age=0.01s
[INFO] [1788683907.428432310] [fast_planner_bridge]: [FOLLOWING] pos_ned=(8.04,-0.05,-4.99) target_ned=(8.00,0.00,-5.00) pos_cmd_age=0.01s
[INFO] [1788683908.428319903] [fast_planner_bridge]: [FOLLOWING] pos_ned=(8.02,-0.04,-5.00) target_ned=(8.00,0.00,-5.00) pos_cmd_age=0.01s
[INFO] [1788683909.428419931] [fast_planner_bridge]: [FOLLOWING] pos_ned=(8.00,-0.01,-4.99) target_ned=(8.00,0.00,-5.00) pos_cmd_age=0.01s
[INFO] [1788683910.428272602] [fast_planner_bridge]: [FOLLOWING] pos_ned=(7.99,0.00,-4.99) target_ned=(8.00,0.00,-5.00) pos_cmd_age=0.01s
[WARN] [1788683911.298792315] [fast_planner_bridge]: Shutdown signal 15 received -- ceasing ARM requests, commanding AUTO.LAND, will disarm and exit once landed. If this doesn't complete and the vehicle needs to come down NOW, use emergency_stop.py instead of repeating this signal.
[INFO] [1788683911.428629530] [fast_planner_bridge]: Requesting AUTO.LAND... nav_state=14
[INFO] [1788683911.478187895] [fast_planner_bridge]: AUTO.LAND confirmed -- ceasing offboard setpoints, handing off to the autopilot.
[INFO] [1788683913.428467885] [fast_planner_bridge]: Waiting for disarm (backstop disarm sent)... arming_state=2
