[INFO] [1788683864.952599748] [vslam_compare]: vslam_compare: logging per-message CSV to /workspaces/isaac_ros-dev/results/feasibility_gate/gate_sweep_poor_medium_r02/vslam_compare.csv (exp_id='gate_sweep_poor_medium_r02')
[INFO] [1788683864.973086106] [vslam_compare]: vslam_compare ready -- watching /visual_slam/tracking/odometry vs /ground_truth/odom
[INFO] [1788683864.978754620] [vslam_compare]: Ground truth origin set: (0.01777391880750656, 0.007225044537335634, -0.0014239847660064697)
[INFO] [1788683865.068088874] [vslam_compare]: cuVSLAM origin set: (0.0, 0.0, 0.0) -- tracking initialized
[INFO] [1788683865.973356233] [vslam_compare]: gt=(-0.0, 0.01, 0.01) vslam=(0.0, 0.0, 0.0) error=0.016m max_error=0.016m (n=1)
[INFO] [1788683866.973396672] [vslam_compare]: gt=(0.0, 0.02, 0.0) vslam=(0.0, 0.0, 0.0) error=0.018m max_error=0.018m (n=2)
[INFO] [1788683867.973274036] [vslam_compare]: gt=(-0.01, 0.01, 0.01) vslam=(0.0, 0.0, 0.0) error=0.017m max_error=0.018m (n=3)
[INFO] [1788683868.973483662] [vslam_compare]: gt=(-0.01, -0.0, 0.01) vslam=(0.0, 0.0, 0.0) error=0.014m max_error=0.018m (n=4)
[INFO] [1788683869.973574086] [vslam_compare]: gt=(-0.0, -0.01, 0.0) vslam=(0.0, 0.0, 0.0) error=0.006m max_error=0.018m (n=5)
[INFO] [1788683870.973444470] [vslam_compare]: gt=(-0.01, 0.0, -0.02) vslam=(0.0, 0.0, 0.0) error=0.017m max_error=0.018m (n=6)
[INFO] [1788683871.973440034] [vslam_compare]: gt=(-0.0, -0.01, -0.02) vslam=(0.0, 0.0, 0.0) error=0.021m max_error=0.021m (n=7)
[INFO] [1788683872.973494804] [vslam_compare]: gt=(-0.01, -0.0, -0.02) vslam=(0.0, 0.0, 0.0) error=0.020m max_error=0.021m (n=8)
[INFO] [1788683873.973774824] [vslam_compare]: gt=(-0.01, 0.0, -0.02) vslam=(0.0, -0.01, -0.03) error=0.018m max_error=0.021m (n=9)
[INFO] [1788683874.973517925] [vslam_compare]: gt=(0.07, 0.02, -0.02) vslam=(0.05, -0.09, 0.1) error=0.161m max_error=0.161m (n=10)
[INFO] [1788683875.973234210] [vslam_compare]: gt=(0.12, 0.04, 0.64) vslam=(0.24, -0.17, 0.56) error=0.257m max_error=0.257m (n=11)
[INFO] [1788683876.973659167] [vslam_compare]: gt=(-0.03, -0.15, 2.38) vslam=(0.04, -0.35, 1.97) error=0.459m max_error=0.459m (n=12)
[INFO] [1788683877.973361555] [vslam_compare]: gt=(-0.07, -0.2, 3.64) vslam=(-0.06, -0.14, 3.07) error=0.568m max_error=0.568m (n=13)
[INFO] [1788683878.973214992] [vslam_compare]: gt=(-0.09, -0.1, 4.17) vslam=(-0.16, 0.15, 3.73) error=0.516m max_error=0.568m (n=14)
[INFO] [1788683879.973513936] [vslam_compare]: gt=(-0.09, 0.01, 4.45) vslam=(-0.21, 0.45, 3.88) error=0.726m max_error=0.726m (n=15)
[INFO] [1788683880.973280429] [vslam_compare]: gt=(-0.06, 0.08, 4.62) vslam=(-0.29, 0.73, 3.73) error=1.134m max_error=1.134m (n=16)
[INFO] [1788683881.973463042] [vslam_compare]: gt=(-0.01, 0.08, 4.73) vslam=(-0.24, 0.74, 3.59) error=1.339m max_error=1.339m (n=17)
[INFO] [1788683882.973591469] [vslam_compare]: gt=(0.0, 0.17, 4.65) vslam=(-0.24, 0.87, 3.35) error=1.497m max_error=1.497m (n=18)
[INFO] [1788683883.973509652] [vslam_compare]: gt=(-0.01, 0.18, 4.64) vslam=(-0.36, 0.91, 3.06) error=1.778m max_error=1.778m (n=19)
[INFO] [1788683884.973756498] [vslam_compare]: gt=(0.02, 0.17, 4.67) vslam=(-0.61, 1.05, 2.7) error=2.249m max_error=2.249m (n=20)
[INFO] [1788683885.973454726] [vslam_compare]: gt=(0.23, 0.52, 4.74) vslam=(-0.93, 1.23, 2.45) error=2.663m max_error=2.663m (n=21)
[INFO] [1788683886.973599714] [vslam_compare]: gt=(0.44, 1.21, 4.8) vslam=(-0.69, 1.86, 2.19) error=2.915m max_error=2.915m (n=22)
[INFO] [1788683887.973250373] [vslam_compare]: gt=(0.75, 2.0, 4.83) vslam=(-0.31, 2.51, 2.17) error=2.913m max_error=2.915m (n=23)
[INFO] [1788683888.973287965] [vslam_compare]: gt=(1.07, 2.7, 4.86) vslam=(-0.02, 3.37, 2.03) error=3.104m max_error=3.104m (n=24)
[INFO] [1788683889.973644044] [vslam_compare]: gt=(1.31, 3.2, 4.88) vslam=(0.17, 3.6, 1.77) error=3.329m max_error=3.329m (n=25)
[INFO] [1788683890.973497780] [vslam_compare]: gt=(1.48, 3.62, 4.91) vslam=(-0.14, 3.31, 1.72) error=3.596m max_error=3.596m (n=26)
[INFO] [1788683891.973580208] [vslam_compare]: gt=(1.62, 4.18, 4.94) vslam=(-0.27, 3.55, 1.61) error=3.881m max_error=3.881m (n=27)
[INFO] [1788683892.973431746] [vslam_compare]: gt=(1.79, 4.76, 4.95) vslam=(-0.29, 3.61, 1.55) error=4.141m max_error=4.141m (n=28)
[INFO] [1788683893.973469734] [vslam_compare]: gt=(1.86, 5.32, 4.96) vslam=(-0.35, 11.62, -0.23) error=8.457m max_error=8.457m (n=29)
[INFO] [1788683894.973516393] [vslam_compare]: gt=(1.91, 6.02, 4.98) vslam=(-3.72, 47.43, -23.53) error=50.590m max_error=50.590m (n=30)
[INFO] [1788683895.973352834] [vslam_compare]: gt=(1.86, 6.7, 5.01) vslam=(3.23, 66.62, -23.72) error=66.466m max_error=66.466m (n=31)
[INFO] [1788683896.973572792] [vslam_compare]: gt=(1.67, 7.19, 5.0) vslam=(-2.29, 52.95, -21.54) error=53.046m max_error=66.466m (n=32)
[INFO] [1788683897.973598744] [vslam_compare]: gt=(1.59, 7.3, 4.98) vslam=(2.95, 61.65, -21.71) error=60.563m max_error=66.466m (n=33)
[INFO] [1788683898.973581165] [vslam_compare]: gt=(1.7, 7.17, 5.02) vslam=(4.78, 64.88, -21.67) error=63.658m max_error=66.466m (n=34)
[INFO] [1788683899.973312009] [vslam_compare]: gt=(1.54, 7.21, 5.05) vslam=(3.89, 66.7, -22.24) error=65.492m max_error=66.466m (n=35)
[INFO] [1788683900.973558049] [vslam_compare]: gt=(0.97, 7.58, 5.04) vslam=(2.62, 68.14, -20.7) error=65.821m max_error=66.466m (n=36)
[INFO] [1788683901.973432426] [vslam_compare]: gt=(0.26, 7.91, 5.01) vslam=(40.6, -28.0, -39.52) error=69.996m max_error=69.996m (n=37)
[INFO] [1788683902.973268443] [vslam_compare]: gt=(-0.05, 8.0, 4.99) vslam=(36.48, -30.3, -36.78) error=67.431m max_error=69.996m (n=38)
[INFO] [1788683903.973421800] [vslam_compare]: gt=(0.01, 7.98, 5.0) vslam=(36.07, -32.87, -35.88) error=68.120m max_error=69.996m (n=39)
[INFO] [1788683904.973666092] [vslam_compare]: gt=(0.05, 8.01, 5.0) vslam=(36.07, -32.87, -35.88) error=68.117m max_error=69.996m (n=40)
[INFO] [1788683905.973565724] [vslam_compare]: gt=(-0.02, 8.03, 5.0) vslam=(36.07, -32.87, -35.88) error=68.168m max_error=69.996m (n=41)
[INFO] [1788683906.973320850] [vslam_compare]: gt=(-0.06, 8.03, 5.0) vslam=(36.07, -32.87, -35.88) error=68.189m max_error=69.996m (n=42)
Traceback (most recent call last):
  File "/workspaces/isaac_ros-dev/ros2_ws/install/px4_vslam_bridge/lib/python3.10/site-packages/px4_vslam_bridge/vslam_compare.py", line 194, in main
    rclpy.spin(node)
  File "/opt/ros/humble/local/lib/python3.10/dist-packages/rclpy/__init__.py", line 229, in spin
    executor.spin_once()
  File "/opt/ros/humble/local/lib/python3.10/dist-packages/rclpy/executors.py", line 808, in spin_once
    self._spin_once_impl(timeout_sec)
  File "/opt/ros/humble/local/lib/python3.10/dist-packages/rclpy/executors.py", line 797, in _spin_once_impl
    handler, entity, node = self.wait_for_ready_callbacks(timeout_sec=timeout_sec)
  File "/opt/ros/humble/local/lib/python3.10/dist-packages/rclpy/executors.py", line 780, in wait_for_ready_callbacks
    return next(self._cb_iter)
  File "/opt/ros/humble/local/lib/python3.10/dist-packages/rclpy/executors.py", line 681, in _wait_for_ready_callbacks
    raise ExternalShutdownException()
rclpy.executors.ExternalShutdownException

During handling of the above exception, another exception occurred:

Traceback (most recent call last):
  File "/workspaces/isaac_ros-dev/ros2_ws/install/px4_vslam_bridge/lib/px4_vslam_bridge/vslam_compare", line 33, in <module>
    sys.exit(load_entry_point('px4-vslam-bridge==0.1.0', 'console_scripts', 'vslam_compare')())
  File "/workspaces/isaac_ros-dev/ros2_ws/install/px4_vslam_bridge/lib/python3.10/site-packages/px4_vslam_bridge/vslam_compare.py", line 199, in main
    rclpy.shutdown()
  File "/opt/ros/humble/local/lib/python3.10/dist-packages/rclpy/__init__.py", line 130, in shutdown
    _shutdown(context=context)
  File "/opt/ros/humble/local/lib/python3.10/dist-packages/rclpy/utilities.py", line 58, in shutdown
    return context.shutdown()
  File "/opt/ros/humble/local/lib/python3.10/dist-packages/rclpy/context.py", line 102, in shutdown
    self.__context.shutdown()
rclpy._rclpy_pybind11.RCLError: failed to shutdown: rcl_shutdown already called on the given context, at ./src/rcl/init.c:241
