[INFO] [1788601947.012056375] [vslam_compare]: vslam_compare: logging per-message CSV to /workspaces/isaac_ros-dev/results/feasibility_gate/gate_sweep_none_r15/vslam_compare.csv (exp_id='gate_sweep_none_r15')
[INFO] [1788601947.032352094] [vslam_compare]: vslam_compare ready -- watching /visual_slam/tracking/odometry vs /ground_truth/odom
[INFO] [1788601947.656926134] [vslam_compare]: Ground truth origin set: (-0.0057882871478796005, 0.043003540486097336, -0.021581575274467468)
[INFO] [1788601947.681103985] [vslam_compare]: cuVSLAM origin set: (0.0, 0.0, 0.0) -- tracking initialized
[INFO] [1788601948.032605819] [vslam_compare]: gt=(-0.0, -0.01, -0.0) vslam=(0.0, 0.0, 0.0) error=0.007m max_error=0.007m (n=1)
[INFO] [1788601949.032825750] [vslam_compare]: gt=(-0.0, -0.02, 0.0) vslam=(0.0, 0.0, 0.0) error=0.021m max_error=0.021m (n=2)
[INFO] [1788601950.032884868] [vslam_compare]: gt=(0.01, -0.04, -0.0) vslam=(0.0, 0.0, 0.0) error=0.042m max_error=0.042m (n=3)
[INFO] [1788601951.032695028] [vslam_compare]: gt=(0.03, -0.03, -0.01) vslam=(0.0, 0.0, 0.0) error=0.043m max_error=0.043m (n=4)
[INFO] [1788601952.032748282] [vslam_compare]: gt=(0.02, -0.03, -0.01) vslam=(0.0, 0.0, 0.0) error=0.035m max_error=0.043m (n=5)
[INFO] [1788601953.032466748] [vslam_compare]: gt=(0.01, -0.03, -0.01) vslam=(0.0, 0.0, 0.0) error=0.035m max_error=0.043m (n=6)
[INFO] [1788601954.032913406] [vslam_compare]: gt=(0.01, -0.01, -0.01) vslam=(0.0, 0.0, 0.0) error=0.020m max_error=0.043m (n=7)
[INFO] [1788601955.032764778] [vslam_compare]: gt=(-0.0, -0.02, -0.02) vslam=(0.0, 0.0, 0.0) error=0.027m max_error=0.043m (n=8)
[INFO] [1788601956.032607532] [vslam_compare]: gt=(-0.01, -0.03, -0.03) vslam=(0.0, 0.0, 0.0) error=0.040m max_error=0.043m (n=9)
[INFO] [1788601957.032425598] [vslam_compare]: gt=(0.0, -0.03, -0.03) vslam=(0.0, 0.0, 0.0) error=0.041m max_error=0.043m (n=10)
[INFO] [1788601958.032796679] [vslam_compare]: gt=(0.02, -0.02, -0.02) vslam=(-0.0, -0.01, 0.0) error=0.031m max_error=0.043m (n=11)
[INFO] [1788601959.032485640] [vslam_compare]: gt=(0.1, 0.0, -0.01) vslam=(0.15, -0.09, 0.02) error=0.107m max_error=0.107m (n=12)
[INFO] [1788601960.032807426] [vslam_compare]: gt=(0.1, -0.02, 0.93) vslam=(0.17, -0.06, 0.68) error=0.263m max_error=0.263m (n=13)
[INFO] [1788601961.032515861] [vslam_compare]: gt=(-0.01, -0.14, 2.81) vslam=(0.06, -0.21, 2.46) error=0.369m max_error=0.369m (n=14)
[INFO] [1788601962.032878720] [vslam_compare]: gt=(-0.09, -0.11, 3.87) vslam=(-0.1, -0.25, 3.87) error=0.140m max_error=0.369m (n=15)
[INFO] [1788601963.032708118] [vslam_compare]: gt=(-0.06, -0.03, 4.32) vslam=(-0.1, -0.12, 4.58) error=0.282m max_error=0.369m (n=16)
[INFO] [1788601964.032723152] [vslam_compare]: gt=(-0.02, 0.02, 4.55) vslam=(-0.08, -0.04, 4.88) error=0.340m max_error=0.369m (n=17)
[INFO] [1788601965.032788800] [vslam_compare]: gt=(0.0, 0.05, 4.68) vslam=(-0.1, 0.07, 5.21) error=0.537m max_error=0.537m (n=18)
[INFO] [1788601966.032700507] [vslam_compare]: gt=(0.02, 0.21, 4.62) vslam=(-0.06, 0.11, 5.18) error=0.570m max_error=0.570m (n=19)
[INFO] [1788601967.032716749] [vslam_compare]: gt=(0.0, 0.44, 4.61) vslam=(-0.07, 0.46, 5.17) error=0.567m max_error=0.570m (n=20)
[INFO] [1788601968.032555446] [vslam_compare]: gt=(0.02, 0.23, 4.62) vslam=(-0.03, 0.27, 5.21) error=0.587m max_error=0.587m (n=21)
[INFO] [1788601969.032986772] [vslam_compare]: gt=(-0.08, 0.26, 4.67) vslam=(-0.02, 0.13, 5.12) error=0.472m max_error=0.587m (n=22)
[INFO] [1788601970.032670135] [vslam_compare]: gt=(-0.42, 0.8, 4.72) vslam=(-0.38, 0.49, 5.15) error=0.533m max_error=0.587m (n=23)
[INFO] [1788601971.032751913] [vslam_compare]: gt=(-0.68, 1.63, 4.76) vslam=(-0.54, 1.13, 5.19) error=0.666m max_error=0.666m (n=24)
[INFO] [1788601972.032714345] [vslam_compare]: gt=(-0.85, 2.45, 4.8) vslam=(-0.72, 1.96, 5.21) error=0.657m max_error=0.666m (n=25)
[INFO] [1788601973.032913690] [vslam_compare]: gt=(-0.9, 3.09, 4.83) vslam=(-0.78, 2.67, 5.23) error=0.597m max_error=0.666m (n=26)
[INFO] [1788601974.032674621] [vslam_compare]: gt=(-0.9, 3.36, 4.78) vslam=(-0.75, 3.18, 5.26) error=0.534m max_error=0.666m (n=27)
[INFO] [1788601975.032561296] [vslam_compare]: gt=(-1.06, 3.49, 4.73) vslam=(-0.79, 3.24, 5.14) error=0.550m max_error=0.666m (n=28)
[INFO] [1788601976.032599774] [vslam_compare]: gt=(-1.34, 3.53, 4.81) vslam=(-0.66, 3.3, 5.12) error=0.782m max_error=0.782m (n=29)
[INFO] [1788601977.032556306] [vslam_compare]: gt=(-1.89, 4.18, 4.67) vslam=(-1.03, 4.19, 4.97) error=0.911m max_error=0.911m (n=30)
[INFO] [1788601978.032873452] [vslam_compare]: gt=(-2.82, 5.05, 4.72) vslam=(-1.61, 4.34, 5.01) error=1.428m max_error=1.428m (n=31)
[INFO] [1788601979.032582757] [vslam_compare]: gt=(-2.96, 5.4, 5.0) vslam=(-2.05, 4.91, 4.8) error=1.057m max_error=1.428m (n=32)
[INFO] [1788601980.032574560] [vslam_compare]: gt=(-2.68, 5.72, 4.88) vslam=(-2.56, 5.02, 4.91) error=0.705m max_error=1.428m (n=33)
[INFO] [1788601981.032625772] [vslam_compare]: gt=(-2.95, 5.89, 4.62) vslam=(-3.38, 5.42, 5.0) error=0.742m max_error=1.428m (n=34)
[INFO] [1788601982.033195234] [vslam_compare]: gt=(-2.66, 5.67, 4.42) vslam=(-3.43, 5.51, 4.9) error=0.923m max_error=1.428m (n=35)
[INFO] [1788601983.032682185] [vslam_compare]: gt=(-4.81, 4.42, 3.92) vslam=(-1.02, 2.07, -1.73) error=7.197m max_error=7.197m (n=36)
[INFO] [1788601984.032826486] [vslam_compare]: gt=(-6.28, 1.44, 2.45) vslam=(-7.84, 3.4, -8.09) error=10.830m max_error=10.830m (n=37)
[INFO] [1788601985.032624286] [vslam_compare]: gt=(-7.85, 4.06, -0.15) vslam=(-3.04, 4.77, -5.8) error=7.450m max_error=10.830m (n=38)
[INFO] [1788601986.032788841] [vslam_compare]: gt=(-9.34, 5.71, 0.02) vslam=(-2.05, 5.46, -5.39) error=9.085m max_error=10.830m (n=39)
[INFO] [1788601987.032503521] [vslam_compare]: gt=(-9.64, 7.67, 1.1) vslam=(-1.04, 6.01, -4.54) error=10.415m max_error=10.830m (n=40)
[INFO] [1788601988.032828973] [vslam_compare]: gt=(-10.05, 7.73, 0.94) vslam=(-1.48, 6.07, -4.72) error=10.406m max_error=10.830m (n=41)
[INFO] [1788601989.032897552] [vslam_compare]: gt=(-10.24, 7.06, 0.77) vslam=(-3.04, 7.21, -6.36) error=10.143m max_error=10.830m (n=42)
[INFO] [1788601990.032437168] [vslam_compare]: gt=(-10.17, 6.84, 0.76) vslam=(-4.36, 8.76, -7.4) error=10.192m max_error=10.830m (n=43)
[INFO] [1788601991.032499742] [vslam_compare]: gt=(-10.35, 6.95, 0.79) vslam=(-4.54, 9.35, -8.07) error=10.854m max_error=10.854m (n=44)
Traceback (most recent call last):
  File "/workspaces/isaac_ros-dev/ros2_ws/install/px4_vslam_bridge/lib/python3.10/site-packages/px4_vslam_bridge/vslam_compare.py", line 194, in main
    rclpy.spin(node)
  File "/opt/ros/humble/local/lib/python3.10/dist-packages/rclpy/__init__.py", line 229, in spin
    executor.spin_once()
  File "/opt/ros/humble/local/lib/python3.10/dist-packages/rclpy/executors.py", line 808, in spin_once
    self._spin_once_impl(timeout_sec)
  File "/opt/ros/humble/local/lib/python3.10/dist-packages/rclpy/executors.py", line 797, in _spin_once_impl
    handler, entity, node = self.wait_for_ready_callbacks(timeout_sec=timeout_sec)
  File "/opt/ros/humble/local/lib/python3.10/dist-packages/rclpy/executors.py", line 780, in wait_for_ready_callbacks
    return next(self._cb_iter)
  File "/opt/ros/humble/local/lib/python3.10/dist-packages/rclpy/executors.py", line 681, in _wait_for_ready_callbacks
    raise ExternalShutdownException()
rclpy.executors.ExternalShutdownException

During handling of the above exception, another exception occurred:

Traceback (most recent call last):
  File "/workspaces/isaac_ros-dev/ros2_ws/install/px4_vslam_bridge/lib/px4_vslam_bridge/vslam_compare", line 33, in <module>
    sys.exit(load_entry_point('px4-vslam-bridge==0.1.0', 'console_scripts', 'vslam_compare')())
  File "/workspaces/isaac_ros-dev/ros2_ws/install/px4_vslam_bridge/lib/python3.10/site-packages/px4_vslam_bridge/vslam_compare.py", line 199, in main
    rclpy.shutdown()
  File "/opt/ros/humble/local/lib/python3.10/dist-packages/rclpy/__init__.py", line 130, in shutdown
    _shutdown(context=context)
  File "/opt/ros/humble/local/lib/python3.10/dist-packages/rclpy/utilities.py", line 58, in shutdown
    return context.shutdown()
  File "/opt/ros/humble/local/lib/python3.10/dist-packages/rclpy/context.py", line 102, in shutdown
    self.__context.shutdown()
rclpy._rclpy_pybind11.RCLError: failed to shutdown: rcl_shutdown already called on the given context, at ./src/rcl/init.c:241
