[INFO] [1788599492.891436490] [vslam_compare]: vslam_compare: logging per-message CSV to /workspaces/isaac_ros-dev/results/feasibility_gate/gate_sweep_none_r12/vslam_compare.csv (exp_id='gate_sweep_none_r12')
[INFO] [1788599492.907620418] [vslam_compare]: vslam_compare ready -- watching /visual_slam/tracking/odometry vs /ground_truth/odom
[WARN] [1788599493.908133086] [vslam_compare]: No /ground_truth/odom data yet.
[INFO] [1788599494.873945939] [vslam_compare]: cuVSLAM origin set: (0.0, 0.0, 0.0) -- tracking initialized
[INFO] [1788599494.890130178] [vslam_compare]: Ground truth origin set: (-0.023197731003165245, -0.010561639443039894, -0.000155717134475708)
[INFO] [1788599494.907943711] [vslam_compare]: gt=(0.0, 0.0, -0.0) vslam=(0.0, 0.0, 0.0) error=0.000m max_error=0.000m (n=1)
[INFO] [1788599495.908140035] [vslam_compare]: gt=(0.01, -0.0, -0.0) vslam=(0.0, 0.0, 0.0) error=0.015m max_error=0.015m (n=2)
[INFO] [1788599496.907973322] [vslam_compare]: gt=(0.03, 0.0, 0.0) vslam=(0.0, 0.0, 0.0) error=0.028m max_error=0.028m (n=3)
[INFO] [1788599497.908014589] [vslam_compare]: gt=(0.02, 0.0, -0.0) vslam=(0.0, 0.0, 0.0) error=0.023m max_error=0.028m (n=4)
[INFO] [1788599498.908170138] [vslam_compare]: gt=(0.02, 0.0, -0.01) vslam=(0.0, 0.0, 0.0) error=0.024m max_error=0.028m (n=5)
[INFO] [1788599499.907794139] [vslam_compare]: gt=(0.01, 0.0, -0.01) vslam=(0.0, 0.0, 0.0) error=0.012m max_error=0.028m (n=6)
[INFO] [1788599500.908106305] [vslam_compare]: gt=(-0.01, 0.02, 0.01) vslam=(0.0, 0.0, 0.0) error=0.023m max_error=0.028m (n=7)
[INFO] [1788599501.908183638] [vslam_compare]: gt=(-0.01, 0.02, 0.02) vslam=(0.0, 0.0, 0.0) error=0.034m max_error=0.034m (n=8)
[INFO] [1788599502.907722019] [vslam_compare]: gt=(-0.02, 0.01, 0.02) vslam=(0.0, 0.0, 0.0) error=0.029m max_error=0.034m (n=9)
[INFO] [1788599503.908169626] [vslam_compare]: gt=(-0.02, 0.01, 0.02) vslam=(0.0, 0.0, 0.0) error=0.025m max_error=0.034m (n=10)
[INFO] [1788599504.907974643] [vslam_compare]: gt=(-0.02, 0.01, 0.02) vslam=(0.0, 0.0, 0.0) error=0.031m max_error=0.034m (n=11)
[INFO] [1788599505.907986328] [vslam_compare]: gt=(-0.02, 0.0, 0.02) vslam=(-0.0, -0.0, 0.0) error=0.032m max_error=0.034m (n=12)
[INFO] [1788599506.908085644] [vslam_compare]: gt=(0.02, 0.01, 0.02) vslam=(-0.02, -0.06, 0.03) error=0.075m max_error=0.075m (n=13)
[INFO] [1788599507.907996245] [vslam_compare]: gt=(0.13, 0.06, 0.39) vslam=(0.3, 0.01, 0.18) error=0.274m max_error=0.274m (n=14)
[INFO] [1788599508.908202394] [vslam_compare]: gt=(0.04, -0.08, 2.12) vslam=(0.18, -0.17, 1.75) error=0.408m max_error=0.408m (n=15)
[INFO] [1788599509.907899306] [vslam_compare]: gt=(-0.08, -0.14, 3.64) vslam=(-0.03, -0.24, 3.43) error=0.238m max_error=0.408m (n=16)
[INFO] [1788599510.907824708] [vslam_compare]: gt=(-0.11, -0.04, 4.2) vslam=(-0.13, -0.13, 4.31) error=0.144m max_error=0.408m (n=17)
[INFO] [1788599511.907830978] [vslam_compare]: gt=(-0.09, 0.05, 4.49) vslam=(-0.13, 0.01, 4.79) error=0.298m max_error=0.408m (n=18)
[INFO] [1788599512.907971698] [vslam_compare]: gt=(-0.06, 0.07, 4.68) vslam=(-0.17, 0.17, 5.16) error=0.508m max_error=0.508m (n=19)
[INFO] [1788599513.907938110] [vslam_compare]: gt=(-0.04, 0.08, 4.68) vslam=(-0.13, 0.18, 5.21) error=0.547m max_error=0.547m (n=20)
[INFO] [1788599514.908290322] [vslam_compare]: gt=(-0.07, 0.11, 4.55) vslam=(-0.09, 0.14, 5.08) error=0.537m max_error=0.547m (n=21)
[INFO] [1788599515.908024440] [vslam_compare]: gt=(-0.22, 0.39, 4.52) vslam=(-0.26, 0.27, 4.94) error=0.437m max_error=0.547m (n=22)
[INFO] [1788599516.908340061] [vslam_compare]: gt=(-0.22, 0.89, 4.51) vslam=(-0.22, 0.62, 4.84) error=0.431m max_error=0.547m (n=23)
[INFO] [1788599517.907793483] [vslam_compare]: gt=(0.17, 1.6, 4.51) vslam=(0.12, 1.31, 4.81) error=0.425m max_error=0.547m (n=24)
[INFO] [1788599518.907817516] [vslam_compare]: gt=(0.58, 2.06, 4.52) vslam=(0.5, 1.83, 4.87) error=0.420m max_error=0.547m (n=25)
[INFO] [1788599519.907996277] [vslam_compare]: gt=(0.43, 1.82, 4.49) vslam=(0.43, 1.64, 4.89) error=0.434m max_error=0.547m (n=26)
[INFO] [1788599520.908111853] [vslam_compare]: gt=(0.24, 1.47, 4.48) vslam=(0.32, 1.4, 4.87) error=0.405m max_error=0.547m (n=27)
[INFO] [1788599521.907933142] [vslam_compare]: gt=(0.34, 1.59, 4.49) vslam=(0.29, 1.41, 4.9) error=0.457m max_error=0.547m (n=28)
[INFO] [1788599522.907933346] [vslam_compare]: gt=(0.79, 2.25, 4.51) vslam=(0.64, 1.99, 4.86) error=0.462m max_error=0.547m (n=29)
[INFO] [1788599523.907972678] [vslam_compare]: gt=(1.45, 3.12, 4.57) vslam=(1.24, 2.78, 4.92) error=0.535m max_error=0.547m (n=30)
[INFO] [1788599524.907899080] [vslam_compare]: gt=(2.03, 3.95, 4.65) vslam=(1.9, 3.66, 5.02) error=0.486m max_error=0.547m (n=31)
[INFO] [1788599525.908034804] [vslam_compare]: gt=(2.47, 4.7, 4.74) vslam=(2.4, 4.55, 5.1) error=0.394m max_error=0.547m (n=32)
[INFO] [1788599526.908269742] [vslam_compare]: gt=(2.73, 5.48, 4.8) vslam=(2.69, 5.41, 5.16) error=0.369m max_error=0.547m (n=33)
[INFO] [1788599527.907968352] [vslam_compare]: gt=(2.79, 6.02, 4.83) vslam=(2.85, 6.06, 5.19) error=0.372m max_error=0.547m (n=34)
[INFO] [1788599528.907895481] [vslam_compare]: gt=(2.75, 6.21, 4.83) vslam=(2.77, 6.38, 5.15) error=0.359m max_error=0.547m (n=35)
[INFO] [1788599529.908000012] [vslam_compare]: gt=(2.85, 6.17, 4.84) vslam=(2.87, 6.38, 5.16) error=0.386m max_error=0.547m (n=36)
[INFO] [1788599530.907963980] [vslam_compare]: gt=(2.81, 6.21, 4.87) vslam=(2.85, 6.34, 5.2) error=0.358m max_error=0.547m (n=37)
[INFO] [1788599531.908055033] [vslam_compare]: gt=(2.55, 6.62, 4.92) vslam=(2.58, 6.73, 5.22) error=0.313m max_error=0.547m (n=38)
[INFO] [1788599532.908110683] [vslam_compare]: gt=(2.23, 7.34, 4.97) vslam=(2.24, 7.4, 5.28) error=0.312m max_error=0.547m (n=39)
[INFO] [1788599533.907835667] [vslam_compare]: gt=(2.05, 8.15, 5.0) vslam=(2.08, 8.28, 5.35) error=0.378m max_error=0.547m (n=40)
[INFO] [1788599534.907983902] [vslam_compare]: gt=(1.72, 8.5, 4.96) vslam=(1.37, 9.1, 5.14) error=0.715m max_error=0.715m (n=41)
[INFO] [1788599535.907745313] [vslam_compare]: gt=(1.03, 8.67, 4.91) vslam=(0.99, 8.67, 5.17) error=0.263m max_error=0.715m (n=42)
[INFO] [1788599536.908090832] [vslam_compare]: gt=(0.55, 8.89, 5.03) vslam=(0.5, 8.97, 5.23) error=0.226m max_error=0.715m (n=43)
Traceback (most recent call last):
  File "/workspaces/isaac_ros-dev/ros2_ws/install/px4_vslam_bridge/lib/python3.10/site-packages/px4_vslam_bridge/vslam_compare.py", line 194, in main
    rclpy.spin(node)
  File "/opt/ros/humble/local/lib/python3.10/dist-packages/rclpy/__init__.py", line 229, in spin
    executor.spin_once()
  File "/opt/ros/humble/local/lib/python3.10/dist-packages/rclpy/executors.py", line 808, in spin_once
    self._spin_once_impl(timeout_sec)
  File "/opt/ros/humble/local/lib/python3.10/dist-packages/rclpy/executors.py", line 797, in _spin_once_impl
    handler, entity, node = self.wait_for_ready_callbacks(timeout_sec=timeout_sec)
  File "/opt/ros/humble/local/lib/python3.10/dist-packages/rclpy/executors.py", line 780, in wait_for_ready_callbacks
    return next(self._cb_iter)
  File "/opt/ros/humble/local/lib/python3.10/dist-packages/rclpy/executors.py", line 681, in _wait_for_ready_callbacks
    raise ExternalShutdownException()
rclpy.executors.ExternalShutdownException

During handling of the above exception, another exception occurred:

Traceback (most recent call last):
  File "/workspaces/isaac_ros-dev/ros2_ws/install/px4_vslam_bridge/lib/px4_vslam_bridge/vslam_compare", line 33, in <module>
    sys.exit(load_entry_point('px4-vslam-bridge==0.1.0', 'console_scripts', 'vslam_compare')())
  File "/workspaces/isaac_ros-dev/ros2_ws/install/px4_vslam_bridge/lib/python3.10/site-packages/px4_vslam_bridge/vslam_compare.py", line 199, in main
    rclpy.shutdown()
  File "/opt/ros/humble/local/lib/python3.10/dist-packages/rclpy/__init__.py", line 130, in shutdown
    _shutdown(context=context)
  File "/opt/ros/humble/local/lib/python3.10/dist-packages/rclpy/utilities.py", line 58, in shutdown
    return context.shutdown()
  File "/opt/ros/humble/local/lib/python3.10/dist-packages/rclpy/context.py", line 102, in shutdown
    self.__context.shutdown()
rclpy._rclpy_pybind11.RCLError: failed to shutdown: rcl_shutdown already called on the given context, at ./src/rcl/init.c:241
