[INFO] [1788755034.122235930] [reactive_esdf_avoidance]: reactive_esdf_avoidance ready -- climb to (0.0, 0.0, -5.0) NED, then reactively fly to goal (7.0, 0.0, 5.0) ENU
[INFO] [1788755034.122632410] [reactive_esdf_avoidance]: >>> Press ENTER to arm and fly (or set OFFBOARD_AUTO_START=1) <<<
[INFO] [1788755036.941853945] [reactive_esdf_avoidance]: OFFBOARD + ARMED confirmed -- climbing.
[INFO] [1788755037.091946180] [reactive_esdf_avoidance]: [CLIMBING] pos_ned=(0.02,0.01,-0.04) dist=4.96m
[INFO] [1788755038.091966999] [reactive_esdf_avoidance]: [CLIMBING] pos_ned=(0.02,0.01,-0.04) dist=4.96m
[INFO] [1788755039.091927885] [reactive_esdf_avoidance]: [CLIMBING] pos_ned=(0.03,0.01,-0.04) dist=4.96m
[INFO] [1788755040.091930433] [reactive_esdf_avoidance]: [CLIMBING] pos_ned=(0.03,0.01,-0.04) dist=4.96m
[INFO] [1788755041.091670207] [reactive_esdf_avoidance]: [CLIMBING] pos_ned=(0.01,0.05,-0.03) dist=4.97m
[INFO] [1788755042.091885972] [reactive_esdf_avoidance]: [CLIMBING] pos_ned=(0.02,0.12,-0.43) dist=4.57m
[INFO] [1788755043.092190478] [reactive_esdf_avoidance]: [CLIMBING] pos_ned=(-0.07,0.09,-1.95) dist=3.06m
[INFO] [1788755044.092296782] [reactive_esdf_avoidance]: [CLIMBING] pos_ned=(-0.09,-0.02,-3.51) dist=1.49m
[INFO] [1788755045.092130100] [reactive_esdf_avoidance]: [CLIMBING] pos_ned=(-0.06,-0.08,-4.19) dist=0.81m
[INFO] [1788755046.092281874] [reactive_esdf_avoidance]: [CLIMBING] pos_ned=(0.01,-0.06,-4.51) dist=0.49m
[INFO] [1788755047.091973198] [reactive_esdf_avoidance]: [CLIMBING] pos_ned=(0.07,-0.03,-4.70) dist=0.31m
[INFO] [1788755047.192049860] [reactive_esdf_avoidance]: Climb complete (dist=0.30m) -- starting reactive avoidance.
[INFO] [1788755048.092164560] [reactive_esdf_avoidance]: [REACTIVE NAV] pos_enu=(-0.00,0.07,4.78) goal_dist=7.01m nearest_obstacle=0.32m
[INFO] [1788755049.092030829] [reactive_esdf_avoidance]: [REACTIVE NAV] pos_enu=(0.09,-0.03,4.84) goal_dist=6.91m nearest_obstacle=0.39m
[INFO] [1788755050.092254507] [reactive_esdf_avoidance]: [REACTIVE NAV] pos_enu=(0.22,-0.15,4.92) goal_dist=6.78m nearest_obstacle=0.57m
[INFO] [1788755051.092235618] [reactive_esdf_avoidance]: [REACTIVE NAV] pos_enu=(0.35,-0.25,5.01) goal_dist=6.65m nearest_obstacle=0.68m
[INFO] [1788755052.091801635] [reactive_esdf_avoidance]: [REACTIVE NAV] pos_enu=(0.49,-0.37,5.10) goal_dist=6.52m nearest_obstacle=0.68m
[INFO] [1788755053.092100220] [reactive_esdf_avoidance]: [REACTIVE NAV] pos_enu=(0.52,-0.53,5.14) goal_dist=6.50m nearest_obstacle=0.58m
[INFO] [1788755054.091864947] [reactive_esdf_avoidance]: [REACTIVE NAV] pos_enu=(0.45,-0.73,5.18) goal_dist=6.60m nearest_obstacle=0.74m
[INFO] [1788755055.092059630] [reactive_esdf_avoidance]: [REACTIVE NAV] pos_enu=(0.38,-0.94,5.23) goal_dist=6.70m nearest_obstacle=0.94m
[INFO] [1788755056.092128395] [reactive_esdf_avoidance]: [REACTIVE NAV] pos_enu=(0.33,-1.14,5.30) goal_dist=6.77m nearest_obstacle=1.23m
[INFO] [1788755057.092665880] [reactive_esdf_avoidance]: [REACTIVE NAV] pos_enu=(0.34,-1.33,5.33) goal_dist=6.80m nearest_obstacle=1.34m
[INFO] [1788755058.092118484] [reactive_esdf_avoidance]: [REACTIVE NAV] pos_enu=(0.36,-1.51,5.34) goal_dist=6.82m nearest_obstacle=1.54m
[INFO] [1788755059.091887729] [reactive_esdf_avoidance]: [REACTIVE NAV] pos_enu=(0.42,-1.65,5.39) goal_dist=6.79m nearest_obstacle=1.66m
[INFO] [1788755060.092064236] [reactive_esdf_avoidance]: [REACTIVE NAV] pos_enu=(0.51,-1.76,5.42) goal_dist=6.74m nearest_obstacle=1.74m
[INFO] [1788755061.092255192] [reactive_esdf_avoidance]: [REACTIVE NAV] pos_enu=(0.61,-1.84,5.45) goal_dist=6.67m nearest_obstacle=1.84m
[INFO] [1788755062.092087722] [reactive_esdf_avoidance]: [REACTIVE NAV] pos_enu=(0.73,-1.91,5.47) goal_dist=6.57m nearest_obstacle=1.86m
[INFO] [1788755063.092018469] [reactive_esdf_avoidance]: [REACTIVE NAV] pos_enu=(0.84,-1.96,5.50) goal_dist=6.48m nearest_obstacle=1.91m
[INFO] [1788755064.092111726] [reactive_esdf_avoidance]: [REACTIVE NAV] pos_enu=(0.96,-2.01,5.53) goal_dist=6.39m nearest_obstacle=1.95m
[INFO] [1788755065.091668729] [reactive_esdf_avoidance]: [REACTIVE NAV] pos_enu=(1.11,-2.02,5.52) goal_dist=6.25m nearest_obstacle=0.89m
[INFO] [1788755066.091751819] [reactive_esdf_avoidance]: [REACTIVE NAV] pos_enu=(1.20,-2.06,5.55) goal_dist=6.18m nearest_obstacle=0.50m
[INFO] [1788755067.091795727] [reactive_esdf_avoidance]: [REACTIVE NAV] pos_enu=(1.16,-2.22,5.60) goal_dist=6.28m nearest_obstacle=0.57m
[INFO] [1788755068.092004870] [reactive_esdf_avoidance]: [REACTIVE NAV] pos_enu=(1.08,-2.40,5.66) goal_dist=6.42m nearest_obstacle=0.72m
[INFO] [1788755069.092032150] [reactive_esdf_avoidance]: [REACTIVE NAV] pos_enu=(0.99,-2.61,5.72) goal_dist=6.60m nearest_obstacle=0.97m
[INFO] [1788755070.092461201] [reactive_esdf_avoidance]: [REACTIVE NAV] pos_enu=(0.93,-2.79,5.72) goal_dist=6.72m nearest_obstacle=1.08m
[INFO] [1788755071.091869763] [reactive_esdf_avoidance]: [REACTIVE NAV] pos_enu=(0.87,-2.96,5.70) goal_dist=6.84m nearest_obstacle=0.00m
[INFO] [1788755072.092028476] [reactive_esdf_avoidance]: [REACTIVE NAV] pos_enu=(0.76,-3.10,5.75) goal_dist=7.01m nearest_obstacle=0.00m
[INFO] [1788755073.092091009] [reactive_esdf_avoidance]: [REACTIVE NAV] pos_enu=(0.69,-3.27,5.78) goal_dist=7.15m nearest_obstacle=0.00m
[INFO] [1788755074.092171888] [reactive_esdf_avoidance]: [REACTIVE NAV] pos_enu=(0.78,-3.44,5.79) goal_dist=7.15m nearest_obstacle=0.00m
[INFO] [1788755075.091810682] [reactive_esdf_avoidance]: [REACTIVE NAV] pos_enu=(0.87,-3.60,5.80) goal_dist=7.15m nearest_obstacle=0.00m
[INFO] [1788755076.091684942] [reactive_esdf_avoidance]: [REACTIVE NAV] pos_enu=(0.95,-3.77,5.83) goal_dist=7.17m nearest_obstacle=0.00m
[INFO] [1788755077.091848211] [reactive_esdf_avoidance]: [REACTIVE NAV] pos_enu=(1.08,-3.94,5.89) goal_dist=7.17m nearest_obstacle=0.00m
[INFO] [1788755078.091901733] [reactive_esdf_avoidance]: [REACTIVE NAV] pos_enu=(1.19,-4.11,5.93) goal_dist=7.18m nearest_obstacle=0.00m
[INFO] [1788755079.092197105] [reactive_esdf_avoidance]: [REACTIVE NAV] pos_enu=(1.30,-4.28,5.98) goal_dist=7.20m nearest_obstacle=0.10m
[INFO] [1788755080.092155470] [reactive_esdf_avoidance]: [REACTIVE NAV] pos_enu=(1.41,-4.43,6.00) goal_dist=7.21m nearest_obstacle=0.10m
[INFO] [1788755081.091980534] [reactive_esdf_avoidance]: [REACTIVE NAV] pos_enu=(1.46,-4.49,6.02) goal_dist=7.21m nearest_obstacle=0.10m
[INFO] [1788755082.092403782] [reactive_esdf_avoidance]: [REACTIVE NAV] pos_enu=(1.45,-4.50,6.03) goal_dist=7.22m nearest_obstacle=0.10m
[INFO] [1788755083.091875530] [reactive_esdf_avoidance]: [REACTIVE NAV] pos_enu=(1.43,-4.46,6.03) goal_dist=7.21m nearest_obstacle=0.10m
[INFO] [1788755084.091923980] [reactive_esdf_avoidance]: [REACTIVE NAV] pos_enu=(1.42,-4.44,6.03) goal_dist=7.20m nearest_obstacle=0.10m
[INFO] [1788755085.091915344] [reactive_esdf_avoidance]: [REACTIVE NAV] pos_enu=(1.42,-4.44,6.03) goal_dist=7.20m nearest_obstacle=0.10m
[INFO] [1788755086.091962254] [reactive_esdf_avoidance]: [REACTIVE NAV] pos_enu=(1.43,-4.44,6.04) goal_dist=7.20m nearest_obstacle=0.10m
[INFO] [1788755087.091890461] [reactive_esdf_avoidance]: [REACTIVE NAV] pos_enu=(1.42,-4.41,6.03) goal_dist=7.19m nearest_obstacle=0.10m
[INFO] [1788755088.091803109] [reactive_esdf_avoidance]: [REACTIVE NAV] pos_enu=(1.42,-4.41,6.03) goal_dist=7.19m nearest_obstacle=0.10m
[INFO] [1788755089.092114163] [reactive_esdf_avoidance]: [REACTIVE NAV] pos_enu=(1.43,-4.43,6.03) goal_dist=7.19m nearest_obstacle=0.10m
Traceback (most recent call last):
  File "/workspaces/isaac_ros-dev/ros2_ws/install/px4_vslam_bridge/lib/python3.10/site-packages/px4_vslam_bridge/reactive_esdf_avoidance.py", line 393, in main
    rclpy.spin(node)
  File "/opt/ros/humble/local/lib/python3.10/dist-packages/rclpy/__init__.py", line 229, in spin
    executor.spin_once()
  File "/opt/ros/humble/local/lib/python3.10/dist-packages/rclpy/executors.py", line 808, in spin_once
    self._spin_once_impl(timeout_sec)
  File "/opt/ros/humble/local/lib/python3.10/dist-packages/rclpy/executors.py", line 797, in _spin_once_impl
    handler, entity, node = self.wait_for_ready_callbacks(timeout_sec=timeout_sec)
  File "/opt/ros/humble/local/lib/python3.10/dist-packages/rclpy/executors.py", line 780, in wait_for_ready_callbacks
    return next(self._cb_iter)
  File "/opt/ros/humble/local/lib/python3.10/dist-packages/rclpy/executors.py", line 681, in _wait_for_ready_callbacks
    raise ExternalShutdownException()
rclpy.executors.ExternalShutdownException

During handling of the above exception, another exception occurred:

Traceback (most recent call last):
  File "/workspaces/isaac_ros-dev/ros2_ws/install/px4_vslam_bridge/lib/px4_vslam_bridge/reactive_esdf_avoidance", line 33, in <module>
    sys.exit(load_entry_point('px4-vslam-bridge==0.1.0', 'console_scripts', 'reactive_esdf_avoidance')())
  File "/workspaces/isaac_ros-dev/ros2_ws/install/px4_vslam_bridge/lib/python3.10/site-packages/px4_vslam_bridge/reactive_esdf_avoidance.py", line 398, in main
    rclpy.shutdown()
  File "/opt/ros/humble/local/lib/python3.10/dist-packages/rclpy/__init__.py", line 130, in shutdown
    _shutdown(context=context)
  File "/opt/ros/humble/local/lib/python3.10/dist-packages/rclpy/utilities.py", line 58, in shutdown
    return context.shutdown()
  File "/opt/ros/humble/local/lib/python3.10/dist-packages/rclpy/context.py", line 102, in shutdown
    self.__context.shutdown()
rclpy._rclpy_pybind11.RCLError: failed to shutdown: rcl_shutdown already called on the given context, at ./src/rcl/init.c:241
