[INFO] [1788716458.514330604] [visual_odometry_bridge]: visual_odometry_bridge ready: /visual_slam/tracking/odometry -> /fmu/in/vehicle_visual_odometry
[INFO] [1788716464.084198624] [visual_odometry_bridge]: published 100 vehicle_visual_odometry samples (last NED pos=(0.00,0.00,-0.00))
[INFO] [1788716473.827006402] [visual_odometry_bridge]: published 300 vehicle_visual_odometry samples (last NED pos=(0.04,-0.27,-0.02))
[WARN] [1788716474.461633384] [visual_odometry_bridge]: Rejected cuVSLAM update: implied speed 77.1 m/s (jumped 2.77m in 36ms) -- holding last known-good position, not forwarding to EKF2. (1 rejected total)
[WARN] [1788716475.501689894] [visual_odometry_bridge]: Rejected cuVSLAM update: implied speed 17.6 m/s (jumped 6.40m in 364ms) -- holding last known-good position, not forwarding to EKF2. (21 rejected total)
[WARN] [1788716476.565572830] [visual_odometry_bridge]: Rejected cuVSLAM update: implied speed 9.8 m/s (jumped 0.31m in 32ms) -- holding last known-good position, not forwarding to EKF2. (37 rejected total)
[WARN] [1788716478.004193981] [visual_odometry_bridge]: Rejected cuVSLAM update: implied speed 19.5 m/s (jumped 0.62m in 32ms) -- holding last known-good position, not forwarding to EKF2. (48 rejected total)
[WARN] [1788716479.244998793] [visual_odometry_bridge]: Rejected cuVSLAM update: implied speed 33.4 m/s (jumped 1.20m in 36ms) -- holding last known-good position, not forwarding to EKF2. (51 rejected total)
[WARN] [1788716480.967549541] [visual_odometry_bridge]: Rejected cuVSLAM update: implied speed 23.9 m/s (jumped 0.76m in 32ms) -- holding last known-good position, not forwarding to EKF2. (60 rejected total)
[INFO] [1788716481.866865070] [visual_odometry_bridge]: published 400 vehicle_visual_odometry samples (last NED pos=(-5.80,-10.17,7.22))
[WARN] [1788716483.412298948] [visual_odometry_bridge]: Rejected cuVSLAM update: implied speed 29.7 m/s (jumped 1.07m in 36ms) -- holding last known-good position, not forwarding to EKF2. (63 rejected total)
[WARN] [1788716485.940539092] [visual_odometry_bridge]: Rejected cuVSLAM update: implied speed 9.1 m/s (jumped 0.29m in 32ms) -- holding last known-good position, not forwarding to EKF2. (66 rejected total)
[WARN] [1788716487.065440212] [visual_odometry_bridge]: Rejected cuVSLAM update: implied speed 18.9 m/s (jumped 0.68m in 36ms) -- holding last known-good position, not forwarding to EKF2. (74 rejected total)
[INFO] [1788716487.566099514] [visual_odometry_bridge]: published 500 vehicle_visual_odometry samples (last NED pos=(-4.91,-13.66,8.72))
[WARN] [1788716488.843335307] [visual_odometry_bridge]: Rejected cuVSLAM update: implied speed 17.5 m/s (jumped 0.56m in 32ms) -- holding last known-good position, not forwarding to EKF2. (79 rejected total)
[WARN] [1788716489.949048216] [visual_odometry_bridge]: Rejected cuVSLAM update: implied speed 8.2 m/s (jumped 0.26m in 32ms) -- holding last known-good position, not forwarding to EKF2. (84 rejected total)
[WARN] [1788716490.974539999] [visual_odometry_bridge]: Rejected cuVSLAM update: implied speed 24.5 m/s (jumped 0.78m in 32ms) -- holding last known-good position, not forwarding to EKF2. (92 rejected total)
[WARN] [1788716492.006826328] [visual_odometry_bridge]: Rejected cuVSLAM update: implied speed 11.3 m/s (jumped 3.72m in 328ms) -- holding last known-good position, not forwarding to EKF2. (109 rejected total)
Traceback (most recent call last):
  File "/workspaces/isaac_ros-dev/ros2_ws/install/px4_vslam_bridge/lib/python3.10/site-packages/px4_vslam_bridge/visual_odometry_bridge.py", line 160, in main
    rclpy.spin(node)
  File "/opt/ros/humble/local/lib/python3.10/dist-packages/rclpy/__init__.py", line 229, in spin
    executor.spin_once()
  File "/opt/ros/humble/local/lib/python3.10/dist-packages/rclpy/executors.py", line 808, in spin_once
    self._spin_once_impl(timeout_sec)
  File "/opt/ros/humble/local/lib/python3.10/dist-packages/rclpy/executors.py", line 797, in _spin_once_impl
    handler, entity, node = self.wait_for_ready_callbacks(timeout_sec=timeout_sec)
  File "/opt/ros/humble/local/lib/python3.10/dist-packages/rclpy/executors.py", line 780, in wait_for_ready_callbacks
    return next(self._cb_iter)
  File "/opt/ros/humble/local/lib/python3.10/dist-packages/rclpy/executors.py", line 681, in _wait_for_ready_callbacks
    raise ExternalShutdownException()
rclpy.executors.ExternalShutdownException

During handling of the above exception, another exception occurred:

Traceback (most recent call last):
  File "/workspaces/isaac_ros-dev/ros2_ws/install/px4_vslam_bridge/lib/px4_vslam_bridge/visual_odometry_bridge", line 33, in <module>
    sys.exit(load_entry_point('px4-vslam-bridge==0.1.0', 'console_scripts', 'visual_odometry_bridge')())
  File "/workspaces/isaac_ros-dev/ros2_ws/install/px4_vslam_bridge/lib/python3.10/site-packages/px4_vslam_bridge/visual_odometry_bridge.py", line 165, in main
    rclpy.shutdown()
  File "/opt/ros/humble/local/lib/python3.10/dist-packages/rclpy/__init__.py", line 130, in shutdown
    _shutdown(context=context)
  File "/opt/ros/humble/local/lib/python3.10/dist-packages/rclpy/utilities.py", line 58, in shutdown
    return context.shutdown()
  File "/opt/ros/humble/local/lib/python3.10/dist-packages/rclpy/context.py", line 102, in shutdown
    self.__context.shutdown()
rclpy._rclpy_pybind11.RCLError: failed to shutdown: rcl_shutdown already called on the given context, at ./src/rcl/init.c:241
