[INFO] [1788691094.702376923] [vslam_compare]: vslam_compare: logging per-message CSV to /workspaces/isaac_ros-dev/results/feasibility_gate/gate_sweep_poor_medium_r08/vslam_compare.csv (exp_id='gate_sweep_poor_medium_r08')
[INFO] [1788691094.722345825] [vslam_compare]: vslam_compare ready -- watching /visual_slam/tracking/odometry vs /ground_truth/odom
[INFO] [1788691094.726657675] [vslam_compare]: cuVSLAM origin set: (0.0, 0.0, 0.0) -- tracking initialized
[INFO] [1788691094.742828682] [vslam_compare]: Ground truth origin set: (0.030413640663027763, -0.00571120111271739, 0.015378609299659729)
[INFO] [1788691095.722581665] [vslam_compare]: gt=(-0.0, -0.01, 0.02) vslam=(0.0, 0.0, 0.0) error=0.026m max_error=0.026m (n=1)
[INFO] [1788691096.722811285] [vslam_compare]: gt=(-0.02, -0.02, 0.03) vslam=(0.0, 0.0, 0.0) error=0.043m max_error=0.043m (n=2)
[INFO] [1788691097.722535958] [vslam_compare]: gt=(-0.04, -0.04, 0.03) vslam=(0.0, 0.0, 0.0) error=0.061m max_error=0.061m (n=3)
[INFO] [1788691098.722591937] [vslam_compare]: gt=(-0.03, -0.04, 0.03) vslam=(0.0, 0.0, 0.0) error=0.060m max_error=0.061m (n=4)
[INFO] [1788691099.722609315] [vslam_compare]: gt=(-0.03, -0.03, 0.04) vslam=(0.0, 0.0, 0.0) error=0.057m max_error=0.061m (n=5)
[INFO] [1788691100.723011351] [vslam_compare]: gt=(-0.01, -0.02, 0.05) vslam=(0.0, 0.0, 0.0) error=0.054m max_error=0.061m (n=6)
[INFO] [1788691101.722778010] [vslam_compare]: gt=(0.0, -0.03, 0.06) vslam=(0.0, 0.0, 0.0) error=0.066m max_error=0.066m (n=7)
[INFO] [1788691102.722646217] [vslam_compare]: gt=(-0.02, -0.04, 0.05) vslam=(0.0, 0.0, 0.0) error=0.069m max_error=0.069m (n=8)
[INFO] [1788691103.722974486] [vslam_compare]: gt=(-0.03, -0.05, 0.04) vslam=(0.0, 0.0, 0.0) error=0.073m max_error=0.073m (n=9)
[INFO] [1788691104.722650026] [vslam_compare]: gt=(0.02, -0.05, 0.04) vslam=(0.03, 0.0, -0.11) error=0.159m max_error=0.159m (n=10)
[INFO] [1788691105.722637145] [vslam_compare]: gt=(0.1, -0.01, 0.03) vslam=(0.1, -0.1, -0.07) error=0.143m max_error=0.159m (n=11)
[INFO] [1788691106.722529825] [vslam_compare]: gt=(0.06, -0.01, 0.04) vslam=(0.16, -0.1, -0.09) error=0.187m max_error=0.187m (n=12)
[INFO] [1788691107.722837884] [vslam_compare]: gt=(-0.19, -0.19, 0.78) vslam=(0.09, -0.34, 0.57) error=0.384m max_error=0.384m (n=13)
[INFO] [1788691108.722934670] [vslam_compare]: gt=(-0.26, -0.43, 2.49) vslam=(-0.25, -0.42, 1.67) error=0.826m max_error=0.826m (n=14)
[INFO] [1788691109.722815083] [vslam_compare]: gt=(-0.13, -0.3, 3.6) vslam=(-0.27, -0.23, 2.64) error=0.974m max_error=0.974m (n=15)
[INFO] [1788691110.722629391] [vslam_compare]: gt=(-0.07, -0.08, 4.12) vslam=(-0.24, 0.05, 3.21) error=0.936m max_error=0.974m (n=16)
[INFO] [1788691111.722718950] [vslam_compare]: gt=(-0.03, 0.02, 4.42) vslam=(-0.27, 0.49, 3.56) error=1.015m max_error=1.015m (n=17)
[INFO] [1788691112.722594400] [vslam_compare]: gt=(0.01, 0.04, 4.61) vslam=(-0.31, 0.75, 3.73) error=1.176m max_error=1.176m (n=18)
[INFO] [1788691113.722618789] [vslam_compare]: gt=(0.05, 0.06, 4.75) vslam=(-0.24, 0.89, 3.71) error=1.362m max_error=1.362m (n=19)
[INFO] [1788691114.722547798] [vslam_compare]: gt=(0.09, 0.06, 4.67) vslam=(-0.42, 1.41, 3.56) error=1.820m max_error=1.820m (n=20)
[INFO] [1788691115.722813504] [vslam_compare]: gt=(0.15, 0.24, 4.55) vslam=(-0.39, 1.59, 3.37) error=1.866m max_error=1.866m (n=21)
[INFO] [1788691116.722809186] [vslam_compare]: gt=(0.18, 0.76, 4.52) vslam=(-0.39, 2.13, 3.32) error=1.911m max_error=1.911m (n=22)
[INFO] [1788691117.722487221] [vslam_compare]: gt=(0.23, 1.3, 4.5) vslam=(-0.36, 2.63, 3.22) error=1.943m max_error=1.943m (n=23)
[INFO] [1788691118.722826437] [vslam_compare]: gt=(0.55, 1.81, 4.48) vslam=(-0.04, 3.15, 3.14) error=1.981m max_error=1.981m (n=24)
[INFO] [1788691119.722748957] [vslam_compare]: gt=(1.02, 2.44, 4.48) vslam=(0.36, 3.57, 3.01) error=1.966m max_error=1.981m (n=25)
[INFO] [1788691120.722596586] [vslam_compare]: gt=(1.39, 3.2, 4.54) vslam=(0.63, 4.22, 2.98) error=2.013m max_error=2.013m (n=26)
[INFO] [1788691121.722538609] [vslam_compare]: gt=(1.63, 3.9, 4.61) vslam=(0.68, 4.71, 2.94) error=2.085m max_error=2.085m (n=27)
[INFO] [1788691122.722570408] [vslam_compare]: gt=(1.72, 4.28, 4.61) vslam=(0.6, 4.92, 2.9) error=2.145m max_error=2.145m (n=28)
[INFO] [1788691123.722678726] [vslam_compare]: gt=(1.82, 4.38, 4.65) vslam=(-0.43, 6.38, 2.02) error=3.992m max_error=3.992m (n=29)
[INFO] [1788691124.722683059] [vslam_compare]: gt=(1.91, 4.86, 4.75) vslam=(-1.51, 6.53, 1.66) error=4.906m max_error=4.906m (n=30)
[INFO] [1788691125.722854375] [vslam_compare]: gt=(1.96, 5.68, 4.83) vslam=(-1.55, 6.86, 0.88) error=5.418m max_error=5.418m (n=31)
[INFO] [1788691126.722758623] [vslam_compare]: gt=(1.92, 6.35, 4.85) vslam=(-38.81, -29.94, 7.5) error=54.617m max_error=54.617m (n=32)
[INFO] [1788691127.722679827] [vslam_compare]: gt=(1.59, 6.57, 4.87) vslam=(-37.35, -28.09, 7.1) error=52.175m max_error=54.617m (n=33)
[INFO] [1788691128.722591516] [vslam_compare]: gt=(1.02, 7.06, 4.91) vslam=(-49.55, -31.75, 3.39) error=63.755m max_error=63.755m (n=34)
[INFO] [1788691129.722823031] [vslam_compare]: gt=(0.39, 7.55, 4.94) vslam=(-56.46, -40.16, 1.29) error=74.305m max_error=74.305m (n=35)
[INFO] [1788691130.722671917] [vslam_compare]: gt=(0.01, 7.82, 4.95) vslam=(-72.3, -39.8, -3.87) error=87.029m max_error=87.029m (n=36)
[INFO] [1788691131.722817856] [vslam_compare]: gt=(-0.02, 7.93, 4.95) vslam=(-72.9, -39.01, -4.23) error=87.166m max_error=87.166m (n=37)
[INFO] [1788691132.722727376] [vslam_compare]: gt=(0.04, 7.96, 4.96) vslam=(-72.9, -39.01, -4.23) error=87.231m max_error=87.231m (n=38)
[INFO] [1788691133.722636929] [vslam_compare]: gt=(-0.02, 8.02, 4.98) vslam=(-72.9, -39.01, -4.23) error=87.216m max_error=87.231m (n=39)
[INFO] [1788691134.722986340] [vslam_compare]: gt=(-0.06, 8.04, 4.98) vslam=(-72.9, -39.01, -4.23) error=87.192m max_error=87.231m (n=40)
[INFO] [1788691135.722438626] [vslam_compare]: gt=(-0.08, 8.03, 4.98) vslam=(-72.9, -39.01, -4.23) error=87.181m max_error=87.231m (n=41)
[INFO] [1788691136.722736536] [vslam_compare]: gt=(-0.06, 8.02, 4.98) vslam=(-72.9, -39.01, -4.22) error=87.184m max_error=87.231m (n=42)
Traceback (most recent call last):
  File "/workspaces/isaac_ros-dev/ros2_ws/install/px4_vslam_bridge/lib/python3.10/site-packages/px4_vslam_bridge/vslam_compare.py", line 194, in main
    rclpy.spin(node)
  File "/opt/ros/humble/local/lib/python3.10/dist-packages/rclpy/__init__.py", line 229, in spin
    executor.spin_once()
  File "/opt/ros/humble/local/lib/python3.10/dist-packages/rclpy/executors.py", line 808, in spin_once
    self._spin_once_impl(timeout_sec)
  File "/opt/ros/humble/local/lib/python3.10/dist-packages/rclpy/executors.py", line 797, in _spin_once_impl
    handler, entity, node = self.wait_for_ready_callbacks(timeout_sec=timeout_sec)
  File "/opt/ros/humble/local/lib/python3.10/dist-packages/rclpy/executors.py", line 780, in wait_for_ready_callbacks
    return next(self._cb_iter)
  File "/opt/ros/humble/local/lib/python3.10/dist-packages/rclpy/executors.py", line 681, in _wait_for_ready_callbacks
    raise ExternalShutdownException()
rclpy.executors.ExternalShutdownException

During handling of the above exception, another exception occurred:

Traceback (most recent call last):
  File "/workspaces/isaac_ros-dev/ros2_ws/install/px4_vslam_bridge/lib/px4_vslam_bridge/vslam_compare", line 33, in <module>
    sys.exit(load_entry_point('px4-vslam-bridge==0.1.0', 'console_scripts', 'vslam_compare')())
  File "/workspaces/isaac_ros-dev/ros2_ws/install/px4_vslam_bridge/lib/python3.10/site-packages/px4_vslam_bridge/vslam_compare.py", line 199, in main
    rclpy.shutdown()
  File "/opt/ros/humble/local/lib/python3.10/dist-packages/rclpy/__init__.py", line 130, in shutdown
    _shutdown(context=context)
  File "/opt/ros/humble/local/lib/python3.10/dist-packages/rclpy/utilities.py", line 58, in shutdown
    return context.shutdown()
  File "/opt/ros/humble/local/lib/python3.10/dist-packages/rclpy/context.py", line 102, in shutdown
    self.__context.shutdown()
rclpy._rclpy_pybind11.RCLError: failed to shutdown: rcl_shutdown already called on the given context, at ./src/rcl/init.c:241
