[INFO] [1788721701.240592351] [visual_odometry_bridge]: visual_odometry_bridge ready: /visual_slam/tracking/odometry -> /fmu/in/vehicle_visual_odometry
[INFO] [1788721706.088126403] [visual_odometry_bridge]: published 100 vehicle_visual_odometry samples (last NED pos=(0.00,0.00,-0.00))
[INFO] [1788721715.924585820] [visual_odometry_bridge]: published 300 vehicle_visual_odometry samples (last NED pos=(0.61,0.37,0.19))
[WARN] [1788721716.971768731] [visual_odometry_bridge]: Rejected cuVSLAM update: implied speed 10.7 m/s (jumped 0.39m in 36ms) -- holding last known-good position, not forwarding to EKF2. (1 rejected total)
[WARN] [1788721719.448395231] [visual_odometry_bridge]: Rejected cuVSLAM update: implied speed 10.9 m/s (jumped 0.39m in 36ms) -- holding last known-good position, not forwarding to EKF2. (3 rejected total)
[WARN] [1788721720.483080288] [visual_odometry_bridge]: Rejected cuVSLAM update: implied speed 28.7 m/s (jumped 1.95m in 68ms) -- holding last known-good position, not forwarding to EKF2. (6 rejected total)
[WARN] [1788721721.484441050] [visual_odometry_bridge]: Rejected cuVSLAM update: implied speed 8.4 m/s (jumped 2.49m in 296ms) -- holding last known-good position, not forwarding to EKF2. (23 rejected total)
[INFO] [1788721722.180504440] [visual_odometry_bridge]: published 400 vehicle_visual_odometry samples (last NED pos=(8.49,-6.89,-2.70))
[WARN] [1788721725.891273963] [visual_odometry_bridge]: Rejected cuVSLAM update: implied speed 37.3 m/s (jumped 1.19m in 32ms) -- holding last known-good position, not forwarding to EKF2. (24 rejected total)
[INFO] [1788721727.544299079] [visual_odometry_bridge]: published 500 vehicle_visual_odometry samples (last NED pos=(10.76,-6.96,-2.63))
[WARN] [1788721729.251889256] [visual_odometry_bridge]: Rejected cuVSLAM update: implied speed 18.5 m/s (jumped 0.59m in 32ms) -- holding last known-good position, not forwarding to EKF2. (31 rejected total)
[WARN] [1788721730.436879252] [visual_odometry_bridge]: Rejected cuVSLAM update: implied speed 66.6 m/s (jumped 2.13m in 32ms) -- holding last known-good position, not forwarding to EKF2. (33 rejected total)
[WARN] [1788721731.441037565] [visual_odometry_bridge]: Rejected cuVSLAM update: implied speed 11.7 m/s (jumped 2.72m in 232ms) -- holding last known-good position, not forwarding to EKF2. (48 rejected total)
[WARN] [1788721732.507386335] [visual_odometry_bridge]: Rejected cuVSLAM update: implied speed 16.8 m/s (jumped 0.54m in 32ms) -- holding last known-good position, not forwarding to EKF2. (60 rejected total)
[WARN] [1788721734.683211358] [visual_odometry_bridge]: Rejected cuVSLAM update: implied speed 39.8 m/s (jumped 1.43m in 36ms) -- holding last known-good position, not forwarding to EKF2. (73 rejected total)
[INFO] [1788721735.266706330] [visual_odometry_bridge]: published 600 vehicle_visual_odometry samples (last NED pos=(18.72,-14.30,1.43))
[WARN] [1788721737.705041129] [visual_odometry_bridge]: Rejected cuVSLAM update: implied speed 24.5 m/s (jumped 0.78m in 32ms) -- holding last known-good position, not forwarding to EKF2. (80 rejected total)
Traceback (most recent call last):
  File "/workspaces/isaac_ros-dev/ros2_ws/install/px4_vslam_bridge/lib/python3.10/site-packages/px4_vslam_bridge/visual_odometry_bridge.py", line 160, in main
    rclpy.spin(node)
  File "/opt/ros/humble/local/lib/python3.10/dist-packages/rclpy/__init__.py", line 229, in spin
    executor.spin_once()
  File "/opt/ros/humble/local/lib/python3.10/dist-packages/rclpy/executors.py", line 808, in spin_once
    self._spin_once_impl(timeout_sec)
  File "/opt/ros/humble/local/lib/python3.10/dist-packages/rclpy/executors.py", line 797, in _spin_once_impl
    handler, entity, node = self.wait_for_ready_callbacks(timeout_sec=timeout_sec)
  File "/opt/ros/humble/local/lib/python3.10/dist-packages/rclpy/executors.py", line 780, in wait_for_ready_callbacks
    return next(self._cb_iter)
  File "/opt/ros/humble/local/lib/python3.10/dist-packages/rclpy/executors.py", line 681, in _wait_for_ready_callbacks
    raise ExternalShutdownException()
rclpy.executors.ExternalShutdownException

During handling of the above exception, another exception occurred:

Traceback (most recent call last):
  File "/workspaces/isaac_ros-dev/ros2_ws/install/px4_vslam_bridge/lib/px4_vslam_bridge/visual_odometry_bridge", line 33, in <module>
    sys.exit(load_entry_point('px4-vslam-bridge==0.1.0', 'console_scripts', 'visual_odometry_bridge')())
  File "/workspaces/isaac_ros-dev/ros2_ws/install/px4_vslam_bridge/lib/python3.10/site-packages/px4_vslam_bridge/visual_odometry_bridge.py", line 165, in main
    rclpy.shutdown()
  File "/opt/ros/humble/local/lib/python3.10/dist-packages/rclpy/__init__.py", line 130, in shutdown
    _shutdown(context=context)
  File "/opt/ros/humble/local/lib/python3.10/dist-packages/rclpy/utilities.py", line 58, in shutdown
    return context.shutdown()
  File "/opt/ros/humble/local/lib/python3.10/dist-packages/rclpy/context.py", line 102, in shutdown
    self.__context.shutdown()
rclpy._rclpy_pybind11.RCLError: failed to shutdown: rcl_shutdown already called on the given context, at ./src/rcl/init.c:241
