[INFO] [1788721704.161584924] [vslam_compare]: vslam_compare: logging per-message CSV to /workspaces/isaac_ros-dev/results/route2_probe/r2_medium_r125/vslam_compare.csv (exp_id='r2_medium_r125')
[INFO] [1788721704.181240987] [vslam_compare]: vslam_compare ready -- watching /visual_slam/tracking/odometry vs /ground_truth/odom
[INFO] [1788721704.195293954] [vslam_compare]: cuVSLAM origin set: (0.0, 0.0, 0.0) -- tracking initialized
[INFO] [1788721704.201228465] [vslam_compare]: Ground truth origin set: (0.02229691669344902, 0.0210646390914917, 0.013889789581298828)
[INFO] [1788721705.181376602] [vslam_compare]: gt=(-0.01, -0.02, -0.0) vslam=(0.0, 0.0, 0.0) error=0.017m max_error=0.017m (n=1)
[INFO] [1788721706.181664027] [vslam_compare]: gt=(-0.01, -0.03, 0.0) vslam=(0.0, 0.0, 0.0) error=0.029m max_error=0.029m (n=2)
[INFO] [1788721707.181736429] [vslam_compare]: gt=(-0.01, -0.03, 0.01) vslam=(0.0, 0.0, 0.0) error=0.034m max_error=0.034m (n=3)
[INFO] [1788721708.181511082] [vslam_compare]: gt=(-0.01, -0.03, 0.01) vslam=(0.0, 0.0, 0.0) error=0.036m max_error=0.036m (n=4)
[INFO] [1788721709.181432295] [vslam_compare]: gt=(-0.01, -0.04, 0.01) vslam=(0.0, 0.0, 0.0) error=0.039m max_error=0.039m (n=5)
[INFO] [1788721710.181496711] [vslam_compare]: gt=(-0.01, -0.04, 0.01) vslam=(0.0, 0.0, 0.0) error=0.048m max_error=0.048m (n=6)
[INFO] [1788721711.181338921] [vslam_compare]: gt=(-0.02, -0.05, 0.01) vslam=(0.0, 0.0, 0.0) error=0.051m max_error=0.051m (n=7)
[INFO] [1788721712.181640142] [vslam_compare]: gt=(-0.02, -0.04, 0.01) vslam=(0.01, 0.01, -0.0) error=0.059m max_error=0.059m (n=8)
[INFO] [1788721713.181728307] [vslam_compare]: gt=(-0.0, -0.03, -0.0) vslam=(0.39, 0.43, -0.16) error=0.628m max_error=0.628m (n=9)
[INFO] [1788721714.181452195] [vslam_compare]: gt=(0.09, 0.05, -0.05) vslam=(0.44, 0.54, -0.17) error=0.614m max_error=0.628m (n=10)
[INFO] [1788721715.181601760] [vslam_compare]: gt=(0.12, 0.12, -0.07) vslam=(0.37, 0.58, -0.19) error=0.537m max_error=0.628m (n=11)
[INFO] [1788721716.181410155] [vslam_compare]: gt=(0.09, 0.15, -0.08) vslam=(0.36, 0.61, -0.19) error=0.541m max_error=0.628m (n=12)
[INFO] [1788721717.181489609] [vslam_compare]: gt=(0.03, 0.1, 0.08) vslam=(-0.53, 1.33, -0.43) error=1.447m max_error=1.447m (n=13)
[INFO] [1788721718.181409451] [vslam_compare]: gt=(-0.14, 0.06, 0.91) vslam=(-1.25, 2.02, 0.14) error=2.380m max_error=2.380m (n=14)
[INFO] [1788721719.181683807] [vslam_compare]: gt=(-0.29, 0.13, 2.56) vslam=(-2.14, 3.06, 1.42) error=3.650m max_error=3.650m (n=15)
[INFO] [1788721720.181734943] [vslam_compare]: gt=(-0.4, 0.21, 3.71) vslam=(-3.13, 4.26, 2.3) error=5.087m max_error=5.087m (n=16)
[INFO] [1788721721.181397691] [vslam_compare]: gt=(-0.3, 0.17, 4.24) vslam=(-5.94, 7.65, 2.65) error=9.502m max_error=9.502m (n=17)
[INFO] [1788721722.181294749] [vslam_compare]: gt=(0.11, -0.09, 4.56) vslam=(-6.89, 8.49, 2.7) error=11.232m max_error=11.232m (n=18)
[INFO] [1788721723.181405479] [vslam_compare]: gt=(0.4, -0.41, 4.73) vslam=(-7.08, 8.6, 2.75) error=11.878m max_error=11.878m (n=19)
[INFO] [1788721724.181532233] [vslam_compare]: gt=(0.29, -0.47, 4.84) vslam=(-6.93, 8.7, 2.83) error=11.848m max_error=11.878m (n=20)
[INFO] [1788721725.181296397] [vslam_compare]: gt=(0.06, -0.39, 4.92) vslam=(-6.79, 8.75, 2.95) error=11.594m max_error=11.878m (n=21)
[INFO] [1788721726.181494682] [vslam_compare]: gt=(-0.07, -0.3, 4.97) vslam=(-7.2, 10.56, 2.66) error=13.194m max_error=13.194m (n=22)
[INFO] [1788721727.182053712] [vslam_compare]: gt=(-0.11, -0.11, 4.96) vslam=(-7.05, 10.83, 2.58) error=13.172m max_error=13.194m (n=23)
[INFO] [1788721728.181310474] [vslam_compare]: gt=(-0.34, 0.28, 4.98) vslam=(-6.7, 10.64, 2.7) error=12.362m max_error=13.194m (n=24)
[INFO] [1788721729.181533366] [vslam_compare]: gt=(-0.57, 0.68, 5.0) vslam=(-6.25, 10.52, 2.75) error=11.584m max_error=13.194m (n=25)
[INFO] [1788721730.181711840] [vslam_compare]: gt=(-0.65, 1.21, 5.0) vslam=(-6.09, 10.91, 2.83) error=11.328m max_error=13.194m (n=26)
[INFO] [1788721731.181477899] [vslam_compare]: gt=(-0.49, 1.83, 5.04) vslam=(-7.8, 13.54, 1.7) error=14.198m max_error=14.198m (n=27)
[INFO] [1788721732.181743822] [vslam_compare]: gt=(-0.03, 2.46, 5.02) vslam=(-9.84, 16.5, 0.76) error=17.650m max_error=17.650m (n=28)
[INFO] [1788721733.181433357] [vslam_compare]: gt=(0.71, 2.89, 4.98) vslam=(-12.36, 17.53, -0.95) error=20.504m max_error=20.504m (n=29)
[INFO] [1788721734.181315893] [vslam_compare]: gt=(1.51, 3.06, 4.95) vslam=(-12.77, 17.24, -0.87) error=20.949m max_error=20.949m (n=30)
[INFO] [1788721735.181518458] [vslam_compare]: gt=(2.18, 3.25, 4.96) vslam=(-14.07, 18.46, -1.31) error=23.120m max_error=23.120m (n=31)
[INFO] [1788721736.181478434] [vslam_compare]: gt=(2.58, 3.74, 4.97) vslam=(-14.7, 18.59, -1.14) error=23.583m max_error=23.583m (n=32)
[INFO] [1788721737.181409119] [vslam_compare]: gt=(2.77, 4.24, 5.0) vslam=(-14.54, 18.32, -0.91) error=23.082m max_error=23.583m (n=33)
[INFO] [1788721738.181488163] [vslam_compare]: gt=(2.98, 4.89, 5.01) vslam=(-14.99, 18.96, -0.97) error=23.597m max_error=23.597m (n=34)
[INFO] [1788721739.182083890] [vslam_compare]: gt=(3.28, 5.69, 5.01) vslam=(-15.19, 19.08, -0.86) error=23.561m max_error=23.597m (n=35)
[INFO] [1788721740.181512740] [vslam_compare]: gt=(3.57, 6.57, 4.95) vslam=(-15.09, 19.05, -0.56) error=23.115m max_error=23.597m (n=36)
[INFO] [1788721741.181588114] [vslam_compare]: gt=(3.57, 6.93, 4.95) vslam=(-15.52, 19.79, -0.84) error=23.739m max_error=23.739m (n=37)
[INFO] [1788721742.181479649] [vslam_compare]: gt=(3.59, 6.78, 4.92) vslam=(-17.46, 22.09, -1.87) error=26.892m max_error=26.892m (n=38)
Traceback (most recent call last):
  File "/workspaces/isaac_ros-dev/ros2_ws/install/px4_vslam_bridge/lib/python3.10/site-packages/px4_vslam_bridge/vslam_compare.py", line 194, in main
    rclpy.spin(node)
  File "/opt/ros/humble/local/lib/python3.10/dist-packages/rclpy/__init__.py", line 229, in spin
    executor.spin_once()
  File "/opt/ros/humble/local/lib/python3.10/dist-packages/rclpy/executors.py", line 808, in spin_once
    self._spin_once_impl(timeout_sec)
  File "/opt/ros/humble/local/lib/python3.10/dist-packages/rclpy/executors.py", line 797, in _spin_once_impl
    handler, entity, node = self.wait_for_ready_callbacks(timeout_sec=timeout_sec)
  File "/opt/ros/humble/local/lib/python3.10/dist-packages/rclpy/executors.py", line 780, in wait_for_ready_callbacks
    return next(self._cb_iter)
  File "/opt/ros/humble/local/lib/python3.10/dist-packages/rclpy/executors.py", line 653, in _wait_for_ready_callbacks
    wait_set = _rclpy.WaitSet(
rclpy._rclpy_pybind11.RCLError: failed to initialize wait set: the given context is not valid, either rcl_init() was not called or rcl_shutdown() was called., at ./src/rcl/wait.c:130

During handling of the above exception, another exception occurred:

Traceback (most recent call last):
  File "/workspaces/isaac_ros-dev/ros2_ws/install/px4_vslam_bridge/lib/px4_vslam_bridge/vslam_compare", line 33, in <module>
    sys.exit(load_entry_point('px4-vslam-bridge==0.1.0', 'console_scripts', 'vslam_compare')())
  File "/workspaces/isaac_ros-dev/ros2_ws/install/px4_vslam_bridge/lib/python3.10/site-packages/px4_vslam_bridge/vslam_compare.py", line 199, in main
    rclpy.shutdown()
  File "/opt/ros/humble/local/lib/python3.10/dist-packages/rclpy/__init__.py", line 130, in shutdown
    _shutdown(context=context)
  File "/opt/ros/humble/local/lib/python3.10/dist-packages/rclpy/utilities.py", line 58, in shutdown
    return context.shutdown()
  File "/opt/ros/humble/local/lib/python3.10/dist-packages/rclpy/context.py", line 102, in shutdown
    self.__context.shutdown()
rclpy._rclpy_pybind11.RCLError: failed to shutdown: rcl_shutdown already called on the given context, at ./src/rcl/init.c:241
