[INFO] [1788600285.832212795] [fast_planner_bridge]: fast_planner_bridge ready -- will capture home at arm time and climb (0.0, 0.0, -5.0) NED relative to it, then follow /planning/pos_cmd from Fast-Planner
[INFO] [1788600285.832613221] [fast_planner_bridge]: >>> Press ENTER to arm and fly (or set OFFBOARD_AUTO_START=1) <<<
[INFO] [1788600288.852661790] [fast_planner_bridge]: OFFBOARD + ARMED confirmed -- home_ned=(-0.024630103260278702, 0.012318645603954792, -0.003443688154220581), climbing to (-0.024630103260278702, 0.012318645603954792, -5.003443688154221).
[INFO] [1788600289.803046239] [fast_planner_bridge]: [CLIMBING] pos_ned=(-0.02,0.02,-0.00) dist=5.00m
[INFO] [1788600290.802707121] [fast_planner_bridge]: [CLIMBING] pos_ned=(-0.02,0.02,-0.00) dist=5.00m
[INFO] [1788600291.802833073] [fast_planner_bridge]: [CLIMBING] pos_ned=(-0.02,0.01,-0.00) dist=5.00m
[INFO] [1788600292.802854922] [fast_planner_bridge]: [CLIMBING] pos_ned=(-0.02,0.04,-0.00) dist=5.00m
[INFO] [1788600293.803002493] [fast_planner_bridge]: [CLIMBING] pos_ned=(0.00,0.15,-0.04) dist=4.96m
[INFO] [1788600294.802654858] [fast_planner_bridge]: [CLIMBING] pos_ned=(-0.02,0.10,-1.14) dist=3.87m
[INFO] [1788600295.802706858] [fast_planner_bridge]: [CLIMBING] pos_ned=(-0.16,-0.01,-2.85) dist=2.16m
[INFO] [1788600296.803086285] [fast_planner_bridge]: [CLIMBING] pos_ned=(-0.14,-0.07,-3.85) dist=1.17m
[INFO] [1788600297.802922330] [fast_planner_bridge]: [CLIMBING] pos_ned=(-0.04,-0.07,-4.29) dist=0.72m
[INFO] [1788600298.802869038] [fast_planner_bridge]: [CLIMBING] pos_ned=(0.01,-0.06,-4.53) dist=0.48m
[INFO] [1788600299.802803892] [fast_planner_bridge]: [CLIMBING] pos_ned=(-0.00,0.01,-4.68) dist=0.33m
[INFO] [1788600300.052871012] [fast_planner_bridge]: Climb complete (dist=0.30m) -- following Fast-Planner.
[INFO] [1788600300.803101223] [fast_planner_bridge]: [FOLLOWING] pos_ned=(-0.02,0.04,-4.65) target_ned=(0.01,-0.03,-4.61) pos_cmd_age=0.01s
[INFO] [1788600301.803058700] [fast_planner_bridge]: [FOLLOWING] pos_ned=(-0.01,0.00,-4.55) target_ned=(0.02,-0.03,-4.61) pos_cmd_age=0.01s
[INFO] [1788600302.802674128] [fast_planner_bridge]: [FOLLOWING] pos_ned=(0.19,-0.12,-4.56) target_ned=(0.27,-0.14,-4.61) pos_cmd_age=0.01s
[INFO] [1788600303.802797520] [fast_planner_bridge]: [FOLLOWING] pos_ned=(0.68,-0.38,-4.59) target_ned=(0.79,-0.35,-4.63) pos_cmd_age=0.01s
[INFO] [1788600304.803000246] [fast_planner_bridge]: [FOLLOWING] pos_ned=(1.41,-0.62,-4.62) target_ned=(1.50,-0.59,-4.66) pos_cmd_age=0.01s
[INFO] [1788600305.802733167] [fast_planner_bridge]: [FOLLOWING] pos_ned=(2.20,-0.85,-4.66) target_ned=(2.29,-0.81,-4.70) pos_cmd_age=0.01s
[INFO] [1788600306.802780398] [fast_planner_bridge]: [FOLLOWING] pos_ned=(2.86,-0.97,-4.70) target_ned=(2.94,-0.95,-4.73) pos_cmd_age=0.01s
[INFO] [1788600307.802868595] [fast_planner_bridge]: [FOLLOWING] pos_ned=(3.30,-0.94,-4.75) target_ned=(3.36,-0.98,-4.75) pos_cmd_age=0.01s
[INFO] [1788600308.803034733] [fast_planner_bridge]: [FOLLOWING] pos_ned=(3.54,-0.94,-4.76) target_ned=(3.49,-0.99,-4.76) pos_cmd_age=0.01s
[INFO] [1788600309.803018010] [fast_planner_bridge]: [FOLLOWING] pos_ned=(3.53,-0.95,-4.76) target_ned=(3.65,-1.00,-4.77) pos_cmd_age=0.01s
[INFO] [1788600310.803362058] [fast_planner_bridge]: [FOLLOWING] pos_ned=(3.53,-0.96,-4.74) target_ned=(3.78,-1.00,-4.78) pos_cmd_age=0.01s
[INFO] [1788600311.803041573] [fast_planner_bridge]: [FOLLOWING] pos_ned=(3.55,-0.94,-4.75) target_ned=(3.55,-0.94,-4.75) pos_cmd_age=0.01s
[INFO] [1788600312.803006093] [fast_planner_bridge]: [FOLLOWING] pos_ned=(3.56,-0.93,-4.76) target_ned=(3.73,-0.96,-4.76) pos_cmd_age=0.01s
[INFO] [1788600313.803167714] [fast_planner_bridge]: [FOLLOWING] pos_ned=(3.54,-0.93,-4.74) target_ned=(3.84,-0.96,-4.76) pos_cmd_age=0.01s
[INFO] [1788600314.802782628] [fast_planner_bridge]: [FOLLOWING] pos_ned=(3.54,-0.92,-4.76) target_ned=(3.84,-0.96,-4.76) pos_cmd_age=0.01s
[INFO] [1788600315.803117346] [fast_planner_bridge]: [FOLLOWING] pos_ned=(3.55,-0.91,-4.76) target_ned=(3.84,-0.96,-4.76) pos_cmd_age=0.01s
[INFO] [1788600316.802949245] [fast_planner_bridge]: [FOLLOWING] pos_ned=(3.55,-0.91,-4.76) target_ned=(3.55,-0.91,-4.76) pos_cmd_age=0.01s
[INFO] [1788600317.802876451] [fast_planner_bridge]: [FOLLOWING] pos_ned=(3.55,-0.92,-4.76) target_ned=(3.71,-0.92,-4.77) pos_cmd_age=0.01s
[INFO] [1788600318.803069307] [fast_planner_bridge]: [FOLLOWING] pos_ned=(3.55,-0.92,-4.74) target_ned=(3.55,-0.92,-4.73) pos_cmd_age=0.01s
[INFO] [1788600319.802866231] [fast_planner_bridge]: [FOLLOWING] pos_ned=(3.55,-0.93,-4.74) target_ned=(3.72,-0.93,-4.75) pos_cmd_age=0.01s
[INFO] [1788600320.802876160] [fast_planner_bridge]: [FOLLOWING] pos_ned=(3.45,-1.01,-4.73) target_ned=(3.49,-0.97,-4.71) pos_cmd_age=0.01s
[INFO] [1788600321.803035252] [fast_planner_bridge]: [FOLLOWING] pos_ned=(3.53,-1.21,-4.80) target_ned=(3.68,-0.97,-4.72) pos_cmd_age=0.01s
[INFO] [1788600322.803030331] [fast_planner_bridge]: [FOLLOWING] pos_ned=(3.68,-1.34,-4.74) target_ned=(3.63,-1.32,-4.79) pos_cmd_age=0.01s
[INFO] [1788600323.803161247] [fast_planner_bridge]: [FOLLOWING] pos_ned=(3.92,-1.82,-4.64) target_ned=(3.90,-1.63,-4.79) pos_cmd_age=0.01s
[INFO] [1788600324.803020610] [fast_planner_bridge]: [FOLLOWING] pos_ned=(4.49,-2.31,-4.65) target_ned=(4.45,-2.16,-4.82) pos_cmd_age=0.01s
[INFO] [1788600325.802886770] [fast_planner_bridge]: [FOLLOWING] pos_ned=(5.39,-2.54,-4.88) target_ned=(4.98,-2.62,-4.86) pos_cmd_age=0.00s
[INFO] [1788600326.802901540] [fast_planner_bridge]: [FOLLOWING] pos_ned=(5.80,-2.87,-4.82) target_ned=(5.26,-2.74,-4.91) pos_cmd_age=0.00s
[INFO] [1788600327.802875753] [fast_planner_bridge]: [FOLLOWING] pos_ned=(5.86,-2.71,-4.98) target_ned=(5.35,-2.52,-4.95) pos_cmd_age=0.00s
[WARN] [1788600328.302015365] [fast_planner_bridge]: Shutdown signal 15 received -- ceasing ARM requests, commanding AUTO.LAND, will disarm and exit once landed. If this doesn't complete and the vehicle needs to come down NOW, use emergency_stop.py instead of repeating this signal.
[INFO] [1788600328.303046102] [fast_planner_bridge]: Requesting AUTO.LAND... nav_state=14
[INFO] [1788600328.402618091] [fast_planner_bridge]: AUTO.LAND confirmed -- ceasing offboard setpoints, handing off to the autopilot.
[INFO] [1788600329.803105413] [fast_planner_bridge]: Waiting for disarm (backstop disarm sent)... arming_state=2
