[INFO] [1788688536.723884053] [vslam_compare]: vslam_compare: logging per-message CSV to /workspaces/isaac_ros-dev/results/feasibility_gate/gate_sweep_poor_low_r01/vslam_compare.csv (exp_id='gate_sweep_poor_low_r01')
[INFO] [1788688536.743064549] [vslam_compare]: vslam_compare ready -- watching /visual_slam/tracking/odometry vs /ground_truth/odom
[INFO] [1788688536.745374185] [vslam_compare]: Ground truth origin set: (0.01767779141664505, 0.03826260566711426, -0.010916948318481445)
[INFO] [1788688537.709913774] [vslam_compare]: cuVSLAM origin set: (0.0, 0.0, 0.0) -- tracking initialized
[INFO] [1788688537.743426356] [vslam_compare]: gt=(0.0, -0.01, -0.0) vslam=(0.0, 0.0, 0.0) error=0.007m max_error=0.007m (n=1)
[INFO] [1788688538.743447856] [vslam_compare]: gt=(0.01, -0.01, 0.0) vslam=(0.0, 0.0, 0.0) error=0.019m max_error=0.019m (n=2)
[INFO] [1788688539.743333530] [vslam_compare]: gt=(0.03, -0.01, 0.01) vslam=(0.0, 0.0, 0.0) error=0.032m max_error=0.032m (n=3)
[INFO] [1788688540.743707230] [vslam_compare]: gt=(0.02, -0.02, -0.0) vslam=(0.0, 0.0, 0.0) error=0.027m max_error=0.032m (n=4)
[INFO] [1788688541.743701369] [vslam_compare]: gt=(0.01, -0.02, -0.01) vslam=(0.0, 0.0, 0.0) error=0.023m max_error=0.032m (n=5)
[INFO] [1788688542.743146330] [vslam_compare]: gt=(-0.01, -0.01, -0.02) vslam=(0.0, 0.0, 0.0) error=0.023m max_error=0.032m (n=6)
[INFO] [1788688543.743377603] [vslam_compare]: gt=(-0.01, 0.01, -0.03) vslam=(0.0, 0.0, 0.0) error=0.030m max_error=0.032m (n=7)
[INFO] [1788688544.743362192] [vslam_compare]: gt=(-0.0, 0.01, -0.02) vslam=(0.0, 0.0, 0.0) error=0.028m max_error=0.032m (n=8)
[INFO] [1788688545.743518608] [vslam_compare]: gt=(0.03, 0.01, -0.0) vslam=(-0.0, -0.0, -0.02) error=0.039m max_error=0.039m (n=9)
[INFO] [1788688546.743645846] [vslam_compare]: gt=(0.1, 0.01, 0.03) vslam=(0.12, -0.1, 0.02) error=0.111m max_error=0.111m (n=10)
[INFO] [1788688547.743640412] [vslam_compare]: gt=(0.1, -0.01, 0.82) vslam=(0.31, -0.29, 0.64) error=0.385m max_error=0.385m (n=11)
[INFO] [1788688548.743633741] [vslam_compare]: gt=(0.03, -0.11, 2.56) vslam=(0.12, -0.38, 2.29) error=0.397m max_error=0.397m (n=12)
[INFO] [1788688549.743336885] [vslam_compare]: gt=(-0.06, -0.09, 3.76) vslam=(-0.08, -0.16, 3.6) error=0.181m max_error=0.397m (n=13)
[INFO] [1788688550.743506365] [vslam_compare]: gt=(-0.07, -0.01, 4.24) vslam=(-0.19, 0.05, 4.31) error=0.149m max_error=0.397m (n=14)
[INFO] [1788688551.743382684] [vslam_compare]: gt=(-0.03, -0.0, 4.49) vslam=(-0.16, 0.05, 4.27) error=0.266m max_error=0.397m (n=15)
[INFO] [1788688552.743342233] [vslam_compare]: gt=(-0.01, 0.0, 4.66) vslam=(-0.69, 0.11, 3.81) error=1.090m max_error=1.090m (n=16)
[INFO] [1788688553.743508334] [vslam_compare]: gt=(-0.0, 0.01, 4.62) vslam=(-0.78, 0.14, 3.72) error=1.198m max_error=1.198m (n=17)
[INFO] [1788688554.743605071] [vslam_compare]: gt=(0.02, 0.02, 4.54) vslam=(-0.94, 0.16, 3.32) error=1.554m max_error=1.554m (n=18)
[INFO] [1788688555.743333175] [vslam_compare]: gt=(-0.18, 0.21, 4.62) vslam=(-1.13, 0.23, 3.09) error=1.802m max_error=1.802m (n=19)
[INFO] [1788688556.743548244] [vslam_compare]: gt=(-0.57, 0.68, 4.67) vslam=(-1.51, 0.46, 2.82) error=2.087m max_error=2.087m (n=20)
[INFO] [1788688557.743573724] [vslam_compare]: gt=(-0.93, 1.34, 4.66) vslam=(-1.77, 1.12, 2.79) error=2.058m max_error=2.087m (n=21)
[INFO] [1788688558.743381023] [vslam_compare]: gt=(-1.11, 2.13, 4.67) vslam=(-1.88, 2.01, 2.69) error=2.129m max_error=2.129m (n=22)
[INFO] [1788688559.743207503] [vslam_compare]: gt=(-1.04, 2.85, 4.71) vslam=(-1.83, 2.86, 2.64) error=2.216m max_error=2.216m (n=23)
[INFO] [1788688560.743290196] [vslam_compare]: gt=(-1.01, 3.29, 4.76) vslam=(-1.76, 3.1, 2.31) error=2.567m max_error=2.567m (n=24)
[INFO] [1788688561.743371181] [vslam_compare]: gt=(-0.88, 3.42, 4.79) vslam=(-2.23, 2.52, 2.36) error=2.918m max_error=2.918m (n=25)
[INFO] [1788688562.743601951] [vslam_compare]: gt=(-0.54, 3.61, 4.8) vslam=(-1.9, 2.9, 2.37) error=2.881m max_error=2.918m (n=26)
[INFO] [1788688563.743400089] [vslam_compare]: gt=(-0.03, 3.98, 5.0) vslam=(-1.51, 3.16, 2.62) error=2.929m max_error=2.929m (n=27)
[INFO] [1788688564.743684549] [vslam_compare]: gt=(0.5, 4.57, 5.0) vslam=(-1.34, 2.61, 2.32) error=3.799m max_error=3.799m (n=28)
[INFO] [1788688565.743390445] [vslam_compare]: gt=(0.8, 5.36, 4.97) vslam=(-2.83, 4.53, 1.97) error=4.775m max_error=4.775m (n=29)
[INFO] [1788688566.743679484] [vslam_compare]: gt=(1.05, 6.07, 4.95) vslam=(-2.88, 4.31, 1.84) error=5.310m max_error=5.310m (n=30)
[INFO] [1788688567.743452174] [vslam_compare]: gt=(1.17, 6.65, 4.98) vslam=(-2.96, 3.58, 1.42) error=6.260m max_error=6.260m (n=31)
[INFO] [1788688568.743385760] [vslam_compare]: gt=(1.22, 6.85, 4.99) vslam=(-2.95, 3.36, 1.28) error=6.589m max_error=6.589m (n=32)
[INFO] [1788688569.743388981] [vslam_compare]: gt=(1.25, 6.78, 4.94) vslam=(284.22, -258.34, 69.01) error=393.017m max_error=393.017m (n=33)
[INFO] [1788688570.743538980] [vslam_compare]: gt=(0.99, 6.86, 4.9) vslam=(517.97, -561.81, 3.67) error=768.545m max_error=768.545m (n=34)
[INFO] [1788688571.743519988] [vslam_compare]: gt=(0.67, 7.3, 4.94) vslam=(513.62, -562.49, 10.63) error=766.690m max_error=768.545m (n=35)
[INFO] [1788688572.743227371] [vslam_compare]: gt=(0.38, 7.56, 4.98) vslam=(506.8, -539.53, 5.07) error=745.496m max_error=768.545m (n=36)
[INFO] [1788688573.743371954] [vslam_compare]: gt=(0.06, 7.89, 5.03) vslam=(505.4, -533.26, 3.53) error=740.414m max_error=768.545m (n=37)
[INFO] [1788688574.743215690] [vslam_compare]: gt=(-0.01, 7.97, 5.03) vslam=(660.29, -820.43, 25.53) error=1059.563m max_error=1059.563m (n=38)
[INFO] [1788688575.743312634] [vslam_compare]: gt=(0.11, 7.88, 5.02) vslam=(660.29, -820.43, 25.54) error=1059.412m max_error=1059.563m (n=39)
[INFO] [1788688576.743565503] [vslam_compare]: gt=(0.08, 7.89, 5.02) vslam=(648.26, -849.12, 174.87) error=1087.861m max_error=1087.861m (n=40)
[INFO] [1788688577.743406187] [vslam_compare]: gt=(0.01, 7.94, 5.02) vslam=(648.26, -849.13, 174.86) error=1087.950m max_error=1087.950m (n=41)
Traceback (most recent call last):
  File "/workspaces/isaac_ros-dev/ros2_ws/install/px4_vslam_bridge/lib/px4_vslam_bridge/vslam_compare", line 33, in <module>
    sys.exit(load_entry_point('px4-vslam-bridge==0.1.0', 'console_scripts', 'vslam_compare')())
  File "/workspaces/isaac_ros-dev/ros2_ws/install/px4_vslam_bridge/lib/python3.10/site-packages/px4_vslam_bridge/vslam_compare.py", line 199, in main
    rclpy.shutdown()
  File "/opt/ros/humble/local/lib/python3.10/dist-packages/rclpy/__init__.py", line 130, in shutdown
    _shutdown(context=context)
  File "/opt/ros/humble/local/lib/python3.10/dist-packages/rclpy/utilities.py", line 58, in shutdown
    return context.shutdown()
  File "/opt/ros/humble/local/lib/python3.10/dist-packages/rclpy/context.py", line 102, in shutdown
    self.__context.shutdown()
rclpy._rclpy_pybind11.RCLError: failed to shutdown: rcl_shutdown already called on the given context, at ./src/rcl/init.c:241
