[INFO] [1788690320.864315494] [fast_planner_bridge]: fast_planner_bridge ready -- will capture home at arm time and climb (0.0, 0.0, -5.0) NED relative to it, then follow /planning/pos_cmd from Fast-Planner
[INFO] [1788690320.864896159] [fast_planner_bridge]: >>> Press ENTER to arm and fly (or set OFFBOARD_AUTO_START=1) <<<
[INFO] [1788690324.875903452] [fast_planner_bridge]: OFFBOARD + ARMED confirmed -- home_ned=(-0.02431151457130909, 0.016702670603990555, 0.013455331325531006), climbing to (-0.02431151457130909, 0.016702670603990555, -4.986544668674469).
[INFO] [1788690325.825831996] [fast_planner_bridge]: [CLIMBING] pos_ned=(-0.05,0.02,0.01) dist=5.00m
[INFO] [1788690326.826021850] [fast_planner_bridge]: [CLIMBING] pos_ned=(-0.06,0.03,0.03) dist=5.01m
[INFO] [1788690327.825697178] [fast_planner_bridge]: [CLIMBING] pos_ned=(-0.06,0.03,0.04) dist=5.02m
[INFO] [1788690328.825709792] [fast_planner_bridge]: [CLIMBING] pos_ned=(-0.06,0.04,0.03) dist=5.01m
[INFO] [1788690329.825844786] [fast_planner_bridge]: [CLIMBING] pos_ned=(-0.01,0.12,-0.01) dist=4.98m
[INFO] [1788690330.825741413] [fast_planner_bridge]: [CLIMBING] pos_ned=(-0.00,0.09,-0.95) dist=4.04m
[INFO] [1788690331.825792083] [fast_planner_bridge]: [CLIMBING] pos_ned=(-0.13,-0.00,-2.71) dist=2.28m
[INFO] [1788690332.825741700] [fast_planner_bridge]: [CLIMBING] pos_ned=(-0.12,-0.05,-3.79) dist=1.20m
[INFO] [1788690333.825956822] [fast_planner_bridge]: [CLIMBING] pos_ned=(-0.07,-0.05,-4.22) dist=0.77m
[INFO] [1788690334.826012917] [fast_planner_bridge]: [CLIMBING] pos_ned=(-0.03,-0.04,-4.46) dist=0.53m
[INFO] [1788690335.825747451] [fast_planner_bridge]: [CLIMBING] pos_ned=(-0.01,-0.01,-4.63) dist=0.36m
[INFO] [1788690336.325953099] [fast_planner_bridge]: Climb complete (dist=0.30m) -- following Fast-Planner.
[INFO] [1788690336.825785847] [fast_planner_bridge]: [FOLLOWING] pos_ned=(0.02,0.00,-4.69) target_ned=(-0.01,-0.02,-4.60) pos_cmd_age=0.00s
[INFO] [1788690337.825898299] [fast_planner_bridge]: [FOLLOWING] pos_ned=(0.02,-0.00,-4.57) target_ned=(-0.01,-0.02,-4.60) pos_cmd_age=0.00s
[INFO] [1788690338.825848088] [fast_planner_bridge]: [FOLLOWING] pos_ned=(0.07,-0.04,-4.55) target_ned=(0.10,-0.06,-4.60) pos_cmd_age=0.00s
[INFO] [1788690339.826042873] [fast_planner_bridge]: [FOLLOWING] pos_ned=(0.40,-0.19,-4.54) target_ned=(0.50,-0.18,-4.59) pos_cmd_age=0.00s
[INFO] [1788690340.825906841] [fast_planner_bridge]: [FOLLOWING] pos_ned=(1.03,-0.35,-4.56) target_ned=(1.10,-0.34,-4.59) pos_cmd_age=0.00s
[INFO] [1788690341.826028912] [fast_planner_bridge]: [FOLLOWING] pos_ned=(1.73,-0.56,-4.60) target_ned=(1.79,-0.54,-4.62) pos_cmd_age=0.00s
[INFO] [1788690342.825491415] [fast_planner_bridge]: [FOLLOWING] pos_ned=(2.45,-0.74,-4.65) target_ned=(2.56,-0.69,-4.68) pos_cmd_age=0.00s
[INFO] [1788690343.825667155] [fast_planner_bridge]: [FOLLOWING] pos_ned=(3.05,-0.75,-4.68) target_ned=(3.08,-0.77,-4.71) pos_cmd_age=0.00s
[INFO] [1788690344.825710473] [fast_planner_bridge]: [FOLLOWING] pos_ned=(3.44,-0.77,-4.70) target_ned=(3.38,-0.80,-4.73) pos_cmd_age=0.00s
[INFO] [1788690345.825818080] [fast_planner_bridge]: [FOLLOWING] pos_ned=(3.50,-0.74,-4.71) target_ned=(3.45,-0.81,-4.73) pos_cmd_age=0.00s
[INFO] [1788690346.825734239] [fast_planner_bridge]: [FOLLOWING] pos_ned=(3.57,-0.74,-4.73) target_ned=(3.66,-0.82,-4.74) pos_cmd_age=0.00s
[INFO] [1788690347.825871570] [fast_planner_bridge]: [FOLLOWING] pos_ned=(3.54,-0.76,-4.72) target_ned=(3.72,-0.83,-4.75) pos_cmd_age=0.00s
[INFO] [1788690348.825983443] [fast_planner_bridge]: [FOLLOWING] pos_ned=(3.53,-0.76,-4.72) target_ned=(3.72,-0.83,-4.75) pos_cmd_age=0.00s
[INFO] [1788690349.825736056] [fast_planner_bridge]: [FOLLOWING] pos_ned=(3.52,-0.77,-4.72) target_ned=(3.72,-0.83,-4.75) pos_cmd_age=0.00s
[INFO] [1788690350.825642748] [fast_planner_bridge]: [FOLLOWING] pos_ned=(3.53,-0.76,-4.72) target_ned=(3.72,-0.83,-4.75) pos_cmd_age=0.00s
[INFO] [1788690351.825795943] [fast_planner_bridge]: [FOLLOWING] pos_ned=(3.54,-0.76,-4.73) target_ned=(3.72,-0.83,-4.75) pos_cmd_age=0.00s
[INFO] [1788690352.825527787] [fast_planner_bridge]: [FOLLOWING] pos_ned=(3.53,-0.76,-4.74) target_ned=(3.72,-0.83,-4.75) pos_cmd_age=0.00s
[INFO] [1788690353.826027267] [fast_planner_bridge]: [FOLLOWING] pos_ned=(3.53,-0.75,-4.74) target_ned=(3.72,-0.83,-4.75) pos_cmd_age=0.00s
[INFO] [1788690354.826059855] [fast_planner_bridge]: [FOLLOWING] pos_ned=(3.53,-0.74,-4.75) target_ned=(3.72,-0.83,-4.75) pos_cmd_age=0.00s
[INFO] [1788690355.826110094] [fast_planner_bridge]: [FOLLOWING] pos_ned=(3.54,-0.75,-4.76) target_ned=(3.72,-0.83,-4.75) pos_cmd_age=0.00s
[INFO] [1788690356.825812168] [fast_planner_bridge]: [FOLLOWING] pos_ned=(3.55,-0.78,-4.76) target_ned=(3.72,-0.83,-4.75) pos_cmd_age=0.00s
[INFO] [1788690357.826376717] [fast_planner_bridge]: [FOLLOWING] pos_ned=(3.55,-0.80,-4.75) target_ned=(3.55,-0.80,-4.75) pos_cmd_age=0.00s
[INFO] [1788690358.825948895] [fast_planner_bridge]: [FOLLOWING] pos_ned=(3.57,-0.86,-4.77) target_ned=(3.69,-0.81,-4.76) pos_cmd_age=0.01s
[INFO] [1788690359.825801585] [fast_planner_bridge]: [FOLLOWING] pos_ned=(3.53,-0.87,-4.73) target_ned=(3.55,-0.86,-4.73) pos_cmd_age=0.01s
[INFO] [1788690360.826201537] [fast_planner_bridge]: [FOLLOWING] pos_ned=(3.57,-0.91,-4.76) target_ned=(3.55,-0.86,-4.73) pos_cmd_age=0.01s
[INFO] [1788690361.825727554] [fast_planner_bridge]: [FOLLOWING] pos_ned=(3.48,-0.96,-4.74) target_ned=(3.55,-0.92,-4.71) pos_cmd_age=0.01s
[INFO] [1788690362.826041299] [fast_planner_bridge]: [FOLLOWING] pos_ned=(3.55,-1.06,-4.80) target_ned=(3.62,-0.97,-4.75) pos_cmd_age=0.01s
[INFO] [1788690363.825626608] [fast_planner_bridge]: [FOLLOWING] pos_ned=(3.55,-1.07,-4.76) target_ned=(3.78,-0.98,-4.76) pos_cmd_age=0.01s
[WARN] [1788690364.524255881] [fast_planner_bridge]: Shutdown signal 15 received -- ceasing ARM requests, commanding AUTO.LAND, will disarm and exit once landed. If this doesn't complete and the vehicle needs to come down NOW, use emergency_stop.py instead of repeating this signal.
[INFO] [1788690364.576130314] [fast_planner_bridge]: Requesting AUTO.LAND... nav_state=14
[INFO] [1788690364.826411381] [fast_planner_bridge]: AUTO.LAND confirmed -- ceasing offboard setpoints, handing off to the autopilot.
[INFO] [1788690366.825770484] [fast_planner_bridge]: Waiting for disarm (backstop disarm sent)... arming_state=2
