[INFO] [1788715495.081310699] [visual_odometry_bridge]: visual_odometry_bridge ready: /visual_slam/tracking/odometry -> /fmu/in/vehicle_visual_odometry
[INFO] [1788715499.957426463] [visual_odometry_bridge]: published 100 vehicle_visual_odometry samples (last NED pos=(0.00,0.00,-0.00))
[WARN] [1788715506.428868919] [visual_odometry_bridge]: Rejected cuVSLAM update: implied speed 294.2 m/s (jumped 9.41m in 32ms) -- holding last known-good position, not forwarding to EKF2. (1 rejected total)
[WARN] [1788715507.430437611] [visual_odometry_bridge]: Rejected cuVSLAM update: implied speed 12.5 m/s (jumped 9.13m in 728ms) -- holding last known-good position, not forwarding to EKF2. (21 rejected total)
[WARN] [1788715510.003806149] [visual_odometry_bridge]: Rejected cuVSLAM update: implied speed 190.6 m/s (jumped 6.86m in 36ms) -- holding last known-good position, not forwarding to EKF2. (34 rejected total)
[WARN] [1788715511.026743944] [visual_odometry_bridge]: Rejected cuVSLAM update: implied speed 10.4 m/s (jumped 7.21m in 696ms) -- holding last known-good position, not forwarding to EKF2. (54 rejected total)
[INFO] [1788715512.747994108] [visual_odometry_bridge]: published 300 vehicle_visual_odometry samples (last NED pos=(-1.26,-15.89,-0.66))
[INFO] [1788715522.665042083] [visual_odometry_bridge]: published 500 vehicle_visual_odometry samples (last NED pos=(-4.05,-14.93,-1.92))
[INFO] [1788715527.681111740] [visual_odometry_bridge]: published 600 vehicle_visual_odometry samples (last NED pos=(-4.64,-12.71,-2.28))
Traceback (most recent call last):
  File "/workspaces/isaac_ros-dev/ros2_ws/install/px4_vslam_bridge/lib/python3.10/site-packages/px4_vslam_bridge/visual_odometry_bridge.py", line 160, in main
    rclpy.spin(node)
  File "/opt/ros/humble/local/lib/python3.10/dist-packages/rclpy/__init__.py", line 229, in spin
    executor.spin_once()
  File "/opt/ros/humble/local/lib/python3.10/dist-packages/rclpy/executors.py", line 808, in spin_once
    self._spin_once_impl(timeout_sec)
  File "/opt/ros/humble/local/lib/python3.10/dist-packages/rclpy/executors.py", line 797, in _spin_once_impl
    handler, entity, node = self.wait_for_ready_callbacks(timeout_sec=timeout_sec)
  File "/opt/ros/humble/local/lib/python3.10/dist-packages/rclpy/executors.py", line 780, in wait_for_ready_callbacks
    return next(self._cb_iter)
  File "/opt/ros/humble/local/lib/python3.10/dist-packages/rclpy/executors.py", line 681, in _wait_for_ready_callbacks
    raise ExternalShutdownException()
rclpy.executors.ExternalShutdownException

During handling of the above exception, another exception occurred:

Traceback (most recent call last):
  File "/workspaces/isaac_ros-dev/ros2_ws/install/px4_vslam_bridge/lib/px4_vslam_bridge/visual_odometry_bridge", line 33, in <module>
    sys.exit(load_entry_point('px4-vslam-bridge==0.1.0', 'console_scripts', 'visual_odometry_bridge')())
  File "/workspaces/isaac_ros-dev/ros2_ws/install/px4_vslam_bridge/lib/python3.10/site-packages/px4_vslam_bridge/visual_odometry_bridge.py", line 165, in main
    rclpy.shutdown()
  File "/opt/ros/humble/local/lib/python3.10/dist-packages/rclpy/__init__.py", line 130, in shutdown
    _shutdown(context=context)
  File "/opt/ros/humble/local/lib/python3.10/dist-packages/rclpy/utilities.py", line 58, in shutdown
    return context.shutdown()
  File "/opt/ros/humble/local/lib/python3.10/dist-packages/rclpy/context.py", line 102, in shutdown
    self.__context.shutdown()
rclpy._rclpy_pybind11.RCLError: failed to shutdown: rcl_shutdown already called on the given context, at ./src/rcl/init.c:241
