[INFO] [1788709237.436473074] [fast_planner_bridge]: fast_planner_bridge ready -- will capture home at arm time and climb (0.0, 0.0, -5.0) NED relative to it, then follow /planning/pos_cmd from Fast-Planner
[INFO] [1788709237.436886185] [fast_planner_bridge]: >>> Press ENTER to arm and fly (or set OFFBOARD_AUTO_START=1) <<<
[INFO] [1788709240.258113523] [fast_planner_bridge]: OFFBOARD + ARMED confirmed -- home_ned=(-0.020238999277353287, 0.01376434974372387, -0.022431552410125732), climbing to (-0.020238999277353287, 0.01376434974372387, -5.022431552410126).
[INFO] [1788709240.408065611] [fast_planner_bridge]: [CLIMBING] pos_ned=(-0.02,0.01,-0.02) dist=5.00m
[INFO] [1788709241.408427425] [fast_planner_bridge]: [CLIMBING] pos_ned=(-0.05,-0.04,-0.01) dist=5.01m
[INFO] [1788709242.408360668] [fast_planner_bridge]: [CLIMBING] pos_ned=(-0.13,-0.15,0.01) dist=5.04m
[INFO] [1788709243.408415268] [fast_planner_bridge]: [CLIMBING] pos_ned=(-0.14,-0.15,0.02) dist=5.05m
[INFO] [1788709244.408512907] [fast_planner_bridge]: [CLIMBING] pos_ned=(-0.15,0.06,0.02) dist=5.04m
[INFO] [1788709245.408325565] [fast_planner_bridge]: [CLIMBING] pos_ned=(-0.09,0.19,0.01) dist=5.04m
[INFO] [1788709246.408354687] [fast_planner_bridge]: [CLIMBING] pos_ned=(-0.09,-0.13,-0.86) dist=4.16m
[INFO] [1788709247.408545420] [fast_planner_bridge]: [CLIMBING] pos_ned=(-0.31,-0.42,-2.54) dist=2.54m
[INFO] [1788709248.408692341] [fast_planner_bridge]: [CLIMBING] pos_ned=(-0.45,-0.29,-3.68) dist=1.44m
[INFO] [1788709249.408086798] [fast_planner_bridge]: [CLIMBING] pos_ned=(-0.39,-0.07,-4.21) dist=0.89m
[INFO] [1788709250.408650015] [fast_planner_bridge]: [CLIMBING] pos_ned=(-0.15,0.12,-4.51) dist=0.54m
[INFO] [1788709251.408154758] [fast_planner_bridge]: [CLIMBING] pos_ned=(0.09,0.17,-4.70) dist=0.38m
[INFO] [1788709252.408465544] [fast_planner_bridge]: [CLIMBING] pos_ned=(0.23,0.13,-4.82) dist=0.34m
[INFO] [1788709253.408179506] [fast_planner_bridge]: [CLIMBING] pos_ned=(0.26,0.04,-4.90) dist=0.31m
[INFO] [1788709253.658149712] [fast_planner_bridge]: Climb complete (dist=0.30m) -- following Fast-Planner.
[INFO] [1788709254.408234515] [fast_planner_bridge]: [FOLLOWING] pos_ned=(0.27,-0.01,-4.84) target_ned=(0.25,0.17,-4.70) pos_cmd_age=0.01s
[INFO] [1788709255.408374352] [fast_planner_bridge]: [FOLLOWING] pos_ned=(0.73,0.07,-4.73) target_ned=(0.78,0.18,-4.69) pos_cmd_age=0.01s
[INFO] [1788709256.408128749] [fast_planner_bridge]: [FOLLOWING] pos_ned=(1.56,0.21,-4.72) target_ned=(1.60,0.17,-4.70) pos_cmd_age=0.01s
[INFO] [1788709257.408234312] [fast_planner_bridge]: [FOLLOWING] pos_ned=(2.38,0.30,-4.75) target_ned=(2.41,0.16,-4.72) pos_cmd_age=0.01s
[INFO] [1788709258.408363328] [fast_planner_bridge]: [FOLLOWING] pos_ned=(3.05,0.28,-4.80) target_ned=(3.06,0.14,-4.76) pos_cmd_age=0.01s
[INFO] [1788709259.408141579] [fast_planner_bridge]: [FOLLOWING] pos_ned=(3.38,0.19,-4.80) target_ned=(3.37,0.08,-4.77) pos_cmd_age=0.01s
[INFO] [1788709260.408487079] [fast_planner_bridge]: [FOLLOWING] pos_ned=(3.65,-0.10,-4.78) target_ned=(3.69,-0.15,-4.74) pos_cmd_age=0.01s
[INFO] [1788709261.408258848] [fast_planner_bridge]: [FOLLOWING] pos_ned=(4.24,-0.41,-4.74) target_ned=(4.26,-0.43,-4.71) pos_cmd_age=0.01s
[INFO] [1788709262.408462873] [fast_planner_bridge]: [FOLLOWING] pos_ned=(4.95,-0.49,-4.76) target_ned=(4.96,-0.46,-4.73) pos_cmd_age=0.01s
[INFO] [1788709263.408329318] [fast_planner_bridge]: [FOLLOWING] pos_ned=(5.54,-0.22,-4.84) target_ned=(5.61,-0.18,-4.80) pos_cmd_age=0.01s
[INFO] [1788709264.408253070] [fast_planner_bridge]: [FOLLOWING] pos_ned=(5.94,0.33,-4.92) target_ned=(5.96,0.35,-4.89) pos_cmd_age=0.01s
[INFO] [1788709265.408402663] [fast_planner_bridge]: [FOLLOWING] pos_ned=(6.18,0.85,-4.86) target_ned=(6.23,0.77,-4.95) pos_cmd_age=0.01s
[INFO] [1788709266.408217151] [fast_planner_bridge]: [FOLLOWING] pos_ned=(6.58,0.93,-4.89) target_ned=(6.70,0.82,-4.98) pos_cmd_age=0.01s
[INFO] [1788709267.408326018] [fast_planner_bridge]: [FOLLOWING] pos_ned=(7.36,0.65,-4.91) target_ned=(7.33,0.52,-4.98) pos_cmd_age=0.01s
[INFO] [1788709268.408228059] [fast_planner_bridge]: [FOLLOWING] pos_ned=(7.84,0.10,-4.97) target_ned=(7.75,0.16,-4.98) pos_cmd_age=0.01s
[INFO] [1788709269.408429248] [fast_planner_bridge]: [FOLLOWING] pos_ned=(7.95,-0.11,-4.98) target_ned=(7.86,0.01,-4.99) pos_cmd_age=0.01s
[INFO] [1788709270.408542733] [fast_planner_bridge]: [FOLLOWING] pos_ned=(7.92,-0.01,-4.97) target_ned=(7.86,0.01,-4.99) pos_cmd_age=0.01s
[INFO] [1788709271.408087767] [fast_planner_bridge]: [FOLLOWING] pos_ned=(7.91,-0.00,-4.97) target_ned=(7.86,0.01,-4.99) pos_cmd_age=0.01s
[INFO] [1788709272.408589356] [fast_planner_bridge]: [FOLLOWING] pos_ned=(7.92,-0.05,-4.98) target_ned=(7.86,0.01,-4.99) pos_cmd_age=0.01s
[INFO] [1788709273.408595129] [fast_planner_bridge]: [FOLLOWING] pos_ned=(7.90,-0.04,-4.98) target_ned=(7.86,0.01,-4.99) pos_cmd_age=0.01s
[WARN] [1788709274.078340545] [fast_planner_bridge]: Shutdown signal 15 received -- ceasing ARM requests, commanding AUTO.LAND, will disarm and exit once landed. If this doesn't complete and the vehicle needs to come down NOW, use emergency_stop.py instead of repeating this signal.
[INFO] [1788709274.158196157] [fast_planner_bridge]: Requesting AUTO.LAND... nav_state=14
[INFO] [1788709274.208393948] [fast_planner_bridge]: AUTO.LAND confirmed -- ceasing offboard setpoints, handing off to the autopilot.
[INFO] [1788709275.408415049] [fast_planner_bridge]: Waiting for disarm (backstop disarm sent)... arming_state=2
