[INFO] [1788708602.240959396] [fast_planner_bridge]: fast_planner_bridge ready -- will capture home at arm time and climb (0.0, 0.0, -5.0) NED relative to it, then follow /planning/pos_cmd from Fast-Planner
[INFO] [1788708602.241335498] [fast_planner_bridge]: >>> Press ENTER to arm and fly (or set OFFBOARD_AUTO_START=1) <<<
[INFO] [1788708605.062356511] [fast_planner_bridge]: OFFBOARD + ARMED confirmed -- home_ned=(-0.009574863128364086, 0.013214589096605778, -0.03436565399169922), climbing to (-0.009574863128364086, 0.013214589096605778, -5.034365653991699).
[INFO] [1788708605.212713618] [fast_planner_bridge]: [CLIMBING] pos_ned=(-0.01,0.01,-0.03) dist=5.00m
[INFO] [1788708606.212595508] [fast_planner_bridge]: [CLIMBING] pos_ned=(0.01,0.02,-0.04) dist=4.99m
[INFO] [1788708607.212726842] [fast_planner_bridge]: [CLIMBING] pos_ned=(0.01,0.01,-0.04) dist=4.99m
[INFO] [1788708608.213039455] [fast_planner_bridge]: [CLIMBING] pos_ned=(-0.00,0.02,-0.05) dist=4.99m
[INFO] [1788708609.212396995] [fast_planner_bridge]: [CLIMBING] pos_ned=(-0.03,0.06,-0.05) dist=4.99m
[INFO] [1788708610.212422350] [fast_planner_bridge]: [CLIMBING] pos_ned=(-0.01,0.08,-0.41) dist=4.62m
[INFO] [1788708611.212719562] [fast_planner_bridge]: [CLIMBING] pos_ned=(-0.05,0.04,-1.92) dist=3.11m
[INFO] [1788708612.212800650] [fast_planner_bridge]: [CLIMBING] pos_ned=(-0.10,-0.01,-3.49) dist=1.55m
[INFO] [1788708613.212745904] [fast_planner_bridge]: [CLIMBING] pos_ned=(-0.16,-0.03,-4.22) dist=0.83m
[INFO] [1788708614.213180300] [fast_planner_bridge]: [CLIMBING] pos_ned=(-0.26,0.03,-4.61) dist=0.50m
[INFO] [1788708615.212801648] [fast_planner_bridge]: [CLIMBING] pos_ned=(-0.40,0.06,-4.84) dist=0.44m
[INFO] [1788708616.212935612] [fast_planner_bridge]: [CLIMBING] pos_ned=(-0.71,0.05,-4.94) dist=0.70m
[INFO] [1788708617.162654338] [fast_planner_bridge]: Climb complete (dist=0.28m) -- following Fast-Planner.
[INFO] [1788708617.213043818] [fast_planner_bridge]: [FOLLOWING] pos_ned=(-0.23,-0.06,-4.93) target_ned=(-0.57,0.00,-4.94) pos_cmd_age=0.01s
[INFO] [1788708618.212575267] [fast_planner_bridge]: [FOLLOWING] pos_ned=(0.35,-0.10,-4.89) target_ned=(-0.57,0.00,-4.94) pos_cmd_age=0.00s
[INFO] [1788708619.212654918] [fast_planner_bridge]: [FOLLOWING] pos_ned=(0.14,-0.01,-4.89) target_ned=(0.26,-0.05,-4.89) pos_cmd_age=0.00s
[INFO] [1788708620.213150164] [fast_planner_bridge]: [FOLLOWING] pos_ned=(0.05,-0.05,-4.90) target_ned=(0.53,-0.18,-4.88) pos_cmd_age=0.00s
[INFO] [1788708621.213186583] [fast_planner_bridge]: [FOLLOWING] pos_ned=(0.58,-0.37,-4.85) target_ned=(1.08,-0.43,-4.85) pos_cmd_age=0.00s
[INFO] [1788708622.212858472] [fast_planner_bridge]: [FOLLOWING] pos_ned=(1.01,-0.62,-4.80) target_ned=(0.91,-0.57,-4.80) pos_cmd_age=0.00s
[INFO] [1788708623.212384317] [fast_planner_bridge]: [FOLLOWING] pos_ned=(1.20,-0.75,-4.81) target_ned=(0.91,-0.57,-4.80) pos_cmd_age=0.00s
[INFO] [1788708624.212895440] [fast_planner_bridge]: [FOLLOWING] pos_ned=(1.41,-0.70,-4.80) target_ned=(0.91,-0.57,-4.80) pos_cmd_age=0.00s
[INFO] [1788708625.212772380] [fast_planner_bridge]: [FOLLOWING] pos_ned=(1.83,-0.79,-4.83) target_ned=(1.14,-0.80,-4.80) pos_cmd_age=0.00s
[INFO] [1788708626.212811942] [fast_planner_bridge]: [FOLLOWING] pos_ned=(2.18,-1.28,-4.78) target_ned=(1.69,-1.31,-4.80) pos_cmd_age=0.00s
[INFO] [1788708627.212718686] [fast_planner_bridge]: [FOLLOWING] pos_ned=(2.50,-1.78,-4.72) target_ned=(2.42,-1.91,-4.79) pos_cmd_age=0.00s
[INFO] [1788708628.213100165] [fast_planner_bridge]: [FOLLOWING] pos_ned=(2.60,-2.21,-4.75) target_ned=(3.18,-2.44,-4.80) pos_cmd_age=0.00s
[INFO] [1788708629.212634903] [fast_planner_bridge]: [FOLLOWING] pos_ned=(3.06,-2.54,-4.77) target_ned=(2.63,-2.28,-4.76) pos_cmd_age=0.00s
[INFO] [1788708630.213507457] [fast_planner_bridge]: [FOLLOWING] pos_ned=(3.27,-2.58,-4.76) target_ned=(2.63,-2.28,-4.76) pos_cmd_age=0.00s
[INFO] [1788708631.212402962] [fast_planner_bridge]: [FOLLOWING] pos_ned=(3.04,-2.40,-4.75) target_ned=(2.64,-2.28,-4.76) pos_cmd_age=0.00s
[INFO] [1788708632.212808093] [fast_planner_bridge]: [FOLLOWING] pos_ned=(2.97,-2.37,-4.67) target_ned=(2.87,-2.38,-4.75) pos_cmd_age=0.00s
[INFO] [1788708633.212530549] [fast_planner_bridge]: [FOLLOWING] pos_ned=(3.32,-2.51,-4.58) target_ned=(3.35,-2.54,-4.71) pos_cmd_age=0.00s
[INFO] [1788708634.212788945] [fast_planner_bridge]: [FOLLOWING] pos_ned=(3.92,-2.73,-4.57) target_ned=(3.99,-2.75,-4.68) pos_cmd_age=0.00s
[INFO] [1788708635.212536267] [fast_planner_bridge]: [FOLLOWING] pos_ned=(4.58,-2.97,-4.60) target_ned=(4.57,-2.94,-4.70) pos_cmd_age=0.00s
[INFO] [1788708636.212909876] [fast_planner_bridge]: [FOLLOWING] pos_ned=(4.92,-2.97,-4.58) target_ned=(4.95,-2.88,-4.72) pos_cmd_age=0.00s
[INFO] [1788708637.212403283] [fast_planner_bridge]: [FOLLOWING] pos_ned=(4.99,-2.52,-4.57) target_ned=(4.98,-2.46,-4.73) pos_cmd_age=0.00s
[WARN] [1788708638.158709009] [fast_planner_bridge]: Shutdown signal 15 received -- ceasing ARM requests, commanding AUTO.LAND, will disarm and exit once landed. If this doesn't complete and the vehicle needs to come down NOW, use emergency_stop.py instead of repeating this signal.
[INFO] [1788708638.212395821] [fast_planner_bridge]: Requesting AUTO.LAND... nav_state=14
[INFO] [1788708638.262501390] [fast_planner_bridge]: AUTO.LAND confirmed -- ceasing offboard setpoints, handing off to the autopilot.
[INFO] [1788708640.212666617] [fast_planner_bridge]: Waiting for disarm (backstop disarm sent)... arming_state=2
