[INFO] [1788687876.876672886] [fast_planner_bridge]: fast_planner_bridge ready -- will capture home at arm time and climb (0.0, 0.0, -5.0) NED relative to it, then follow /planning/pos_cmd from Fast-Planner
[INFO] [1788687876.877085013] [fast_planner_bridge]: >>> Press ENTER to arm and fly (or set OFFBOARD_AUTO_START=1) <<<
[INFO] [1788687879.746623655] [fast_planner_bridge]: OFFBOARD + ARMED confirmed -- home_ned=(-0.02731834165751934, 0.009961271658539772, -0.03418430685997009), climbing to (-0.02731834165751934, 0.009961271658539772, -5.03418430685997).
[INFO] [1788687879.846957528] [fast_planner_bridge]: [CLIMBING] pos_ned=(-0.03,0.01,-0.03) dist=5.00m
[INFO] [1788687880.846796035] [fast_planner_bridge]: [CLIMBING] pos_ned=(-0.04,-0.00,-0.02) dist=5.01m
[INFO] [1788687881.846837166] [fast_planner_bridge]: [CLIMBING] pos_ned=(-0.04,-0.01,-0.01) dist=5.02m
[INFO] [1788687882.846800393] [fast_planner_bridge]: [CLIMBING] pos_ned=(-0.03,-0.00,-0.02) dist=5.02m
[INFO] [1788687883.846664626] [fast_planner_bridge]: [CLIMBING] pos_ned=(-0.04,0.04,-0.02) dist=5.02m
[INFO] [1788687884.846814530] [fast_planner_bridge]: [CLIMBING] pos_ned=(0.00,0.12,-0.13) dist=4.90m
[INFO] [1788687885.846939129] [fast_planner_bridge]: [CLIMBING] pos_ned=(-0.05,0.06,-1.44) dist=3.60m
[INFO] [1788687886.846950727] [fast_planner_bridge]: [CLIMBING] pos_ned=(-0.14,-0.01,-3.12) dist=1.92m
[INFO] [1788687887.846683232] [fast_planner_bridge]: [CLIMBING] pos_ned=(-0.11,-0.05,-4.00) dist=1.04m
[INFO] [1788687888.846878713] [fast_planner_bridge]: [CLIMBING] pos_ned=(-0.04,-0.05,-4.38) dist=0.66m
[INFO] [1788687889.846772417] [fast_planner_bridge]: [CLIMBING] pos_ned=(-0.00,-0.02,-4.59) dist=0.44m
[INFO] [1788687890.847028646] [fast_planner_bridge]: [CLIMBING] pos_ned=(-0.00,0.02,-4.73) dist=0.31m
[INFO] [1788687890.946749286] [fast_planner_bridge]: Climb complete (dist=0.30m) -- following Fast-Planner.
[INFO] [1788687891.846884193] [fast_planner_bridge]: [FOLLOWING] pos_ned=(0.07,0.03,-4.60) target_ned=(-0.01,0.02,-4.74) pos_cmd_age=0.01s
[INFO] [1788687892.846553823] [fast_planner_bridge]: [FOLLOWING] pos_ned=(0.18,-0.02,-4.64) target_ned=(-0.01,0.02,-4.74) pos_cmd_age=0.01s
[INFO] [1788687893.846642704] [fast_planner_bridge]: [FOLLOWING] pos_ned=(0.05,-0.01,-4.65) target_ned=(0.00,0.02,-4.74) pos_cmd_age=0.01s
[INFO] [1788687894.846823210] [fast_planner_bridge]: [FOLLOWING] pos_ned=(0.15,-0.09,-4.68) target_ned=(0.26,-0.08,-4.74) pos_cmd_age=0.01s
[INFO] [1788687895.846785389] [fast_planner_bridge]: [FOLLOWING] pos_ned=(0.65,-0.30,-4.69) target_ned=(0.78,-0.24,-4.74) pos_cmd_age=0.01s
[INFO] [1788687896.846892071] [fast_planner_bridge]: [FOLLOWING] pos_ned=(1.38,-0.46,-4.69) target_ned=(1.47,-0.39,-4.73) pos_cmd_age=0.01s
[INFO] [1788687897.847010820] [fast_planner_bridge]: [FOLLOWING] pos_ned=(2.12,-0.62,-4.70) target_ned=(1.75,-0.58,-4.69) pos_cmd_age=0.01s
[INFO] [1788687898.846553725] [fast_planner_bridge]: [FOLLOWING] pos_ned=(2.43,-0.81,-4.68) target_ned=(2.09,-0.81,-4.68) pos_cmd_age=0.01s
[INFO] [1788687899.846601204] [fast_planner_bridge]: [FOLLOWING] pos_ned=(2.75,-1.05,-4.70) target_ned=(2.71,-1.15,-4.70) pos_cmd_age=0.01s
[INFO] [1788687900.846778400] [fast_planner_bridge]: [FOLLOWING] pos_ned=(3.31,-1.34,-4.74) target_ned=(3.28,-1.40,-4.74) pos_cmd_age=0.01s
[INFO] [1788687901.847055326] [fast_planner_bridge]: [FOLLOWING] pos_ned=(3.54,-1.45,-4.75) target_ned=(3.49,-1.43,-4.75) pos_cmd_age=0.01s
[INFO] [1788687902.846738155] [fast_planner_bridge]: [FOLLOWING] pos_ned=(3.38,-1.40,-4.75) target_ned=(3.41,-1.46,-4.74) pos_cmd_age=0.01s
[INFO] [1788687903.846780645] [fast_planner_bridge]: [FOLLOWING] pos_ned=(3.22,-1.55,-4.69) target_ned=(3.35,-1.65,-4.71) pos_cmd_age=0.01s
[INFO] [1788687904.847067297] [fast_planner_bridge]: [FOLLOWING] pos_ned=(3.46,-1.88,-4.56) target_ned=(3.60,-2.04,-4.69) pos_cmd_age=0.01s
[INFO] [1788687905.846779128] [fast_planner_bridge]: [FOLLOWING] pos_ned=(4.03,-2.40,-4.72) target_ned=(4.12,-2.50,-4.71) pos_cmd_age=0.01s
[INFO] [1788687906.846669919] [fast_planner_bridge]: [FOLLOWING] pos_ned=(4.68,-3.03,-4.83) target_ned=(4.79,-2.99,-4.79) pos_cmd_age=0.01s
[INFO] [1788687907.846655721] [fast_planner_bridge]: [FOLLOWING] pos_ned=(5.34,-3.50,-4.83) target_ned=(5.50,-3.48,-4.81) pos_cmd_age=0.01s
[INFO] [1788687908.846935420] [fast_planner_bridge]: [FOLLOWING] pos_ned=(5.97,-3.79,-4.82) target_ned=(6.14,-3.75,-4.80) pos_cmd_age=0.01s
[INFO] [1788687909.846801421] [fast_planner_bridge]: [FOLLOWING] pos_ned=(6.48,-3.71,-4.85) target_ned=(6.61,-3.71,-4.83) pos_cmd_age=0.01s
[INFO] [1788687910.846599407] [fast_planner_bridge]: [FOLLOWING] pos_ned=(6.78,-3.54,-4.87) target_ned=(6.79,-3.63,-4.86) pos_cmd_age=0.01s
[INFO] [1788687911.846813880] [fast_planner_bridge]: [FOLLOWING] pos_ned=(6.75,-3.58,-4.84) target_ned=(6.71,-3.69,-4.84) pos_cmd_age=0.01s
[INFO] [1788687912.846931243] [fast_planner_bridge]: [FOLLOWING] pos_ned=(6.65,-3.81,-4.81) target_ned=(6.70,-3.88,-4.82) pos_cmd_age=0.01s
[INFO] [1788687913.846739114] [fast_planner_bridge]: [FOLLOWING] pos_ned=(6.95,-3.97,-4.72) target_ned=(6.97,-4.08,-4.83) pos_cmd_age=0.01s
[INFO] [1788687914.847144715] [fast_planner_bridge]: [FOLLOWING] pos_ned=(7.49,-4.14,-4.86) target_ned=(7.47,-4.17,-4.86) pos_cmd_age=0.01s
[INFO] [1788687915.846788172] [fast_planner_bridge]: [FOLLOWING] pos_ned=(8.07,-4.19,-4.91) target_ned=(8.10,-4.07,-4.88) pos_cmd_age=0.01s
[INFO] [1788687916.846954526] [fast_planner_bridge]: [FOLLOWING] pos_ned=(8.57,-3.89,-4.93) target_ned=(8.63,-3.76,-4.91) pos_cmd_age=0.01s
[INFO] [1788687917.846705781] [fast_planner_bridge]: [FOLLOWING] pos_ned=(8.93,-3.40,-4.98) target_ned=(8.97,-3.26,-4.94) pos_cmd_age=0.01s
[INFO] [1788687918.846889042] [fast_planner_bridge]: [FOLLOWING] pos_ned=(9.17,-2.73,-5.02) target_ned=(9.15,-2.58,-4.98) pos_cmd_age=0.01s
[WARN] [1788687918.921802058] [fast_planner_bridge]: Shutdown signal 15 received -- ceasing ARM requests, commanding AUTO.LAND, will disarm and exit once landed. If this doesn't complete and the vehicle needs to come down NOW, use emergency_stop.py instead of repeating this signal.
[INFO] [1788687919.096938580] [fast_planner_bridge]: Requesting AUTO.LAND... nav_state=14
[INFO] [1788687919.146958053] [fast_planner_bridge]: AUTO.LAND confirmed -- ceasing offboard setpoints, handing off to the autopilot.
[INFO] [1788687920.846541987] [fast_planner_bridge]: Waiting for disarm (backstop disarm sent)... arming_state=2
