[INFO] [1788689878.422871101] [fast_planner_bridge]: fast_planner_bridge ready -- will capture home at arm time and climb (0.0, 0.0, -5.0) NED relative to it, then follow /planning/pos_cmd from Fast-Planner
[INFO] [1788689878.423329041] [fast_planner_bridge]: >>> Press ENTER to arm and fly (or set OFFBOARD_AUTO_START=1) <<<
[INFO] [1788689881.340080025] [fast_planner_bridge]: OFFBOARD + ARMED confirmed -- home_ned=(-0.04344066604971886, 0.003013112349435687, -0.005755960941314697), climbing to (-0.04344066604971886, 0.003013112349435687, -5.005755960941315).
[INFO] [1788689881.390445885] [fast_planner_bridge]: [CLIMBING] pos_ned=(-0.04,0.00,-0.01) dist=5.00m
[INFO] [1788689882.390512523] [fast_planner_bridge]: [CLIMBING] pos_ned=(-0.05,-0.02,-0.00) dist=5.00m
[INFO] [1788689883.390246096] [fast_planner_bridge]: [CLIMBING] pos_ned=(-0.04,-0.01,0.00) dist=5.01m
[INFO] [1788689884.390279575] [fast_planner_bridge]: [CLIMBING] pos_ned=(-0.04,0.01,0.01) dist=5.01m
[INFO] [1788689885.390381524] [fast_planner_bridge]: [CLIMBING] pos_ned=(-0.05,0.03,0.01) dist=5.01m
[INFO] [1788689886.390731932] [fast_planner_bridge]: [CLIMBING] pos_ned=(-0.02,0.10,-0.02) dist=4.99m
[INFO] [1788689887.390127228] [fast_planner_bridge]: [CLIMBING] pos_ned=(-0.01,0.10,-0.85) dist=4.16m
[INFO] [1788689888.390104209] [fast_planner_bridge]: [CLIMBING] pos_ned=(-0.15,0.02,-2.57) dist=2.44m
[INFO] [1788689889.390367328] [fast_planner_bridge]: [CLIMBING] pos_ned=(-0.17,-0.06,-3.71) dist=1.30m
[INFO] [1788689890.389963096] [fast_planner_bridge]: [CLIMBING] pos_ned=(-0.12,-0.07,-4.20) dist=0.81m
[INFO] [1788689891.390076158] [fast_planner_bridge]: [CLIMBING] pos_ned=(-0.05,-0.03,-4.47) dist=0.53m
[INFO] [1788689892.390064276] [fast_planner_bridge]: [CLIMBING] pos_ned=(-0.00,0.00,-4.64) dist=0.37m
[INFO] [1788689892.989992657] [fast_planner_bridge]: Climb complete (dist=0.30m) -- following Fast-Planner.
[INFO] [1788689893.390082043] [fast_planner_bridge]: [FOLLOWING] pos_ned=(0.00,-0.00,-4.71) target_ned=(-0.03,-0.02,-4.53) pos_cmd_age=0.00s
[INFO] [1788689894.390233341] [fast_planner_bridge]: [FOLLOWING] pos_ned=(0.00,-0.03,-4.54) target_ned=(-0.03,-0.02,-4.53) pos_cmd_age=0.00s
[INFO] [1788689895.390362370] [fast_planner_bridge]: [FOLLOWING] pos_ned=(0.08,-0.09,-4.50) target_ned=(0.12,-0.10,-4.52) pos_cmd_age=0.00s
[INFO] [1788689896.390219140] [fast_planner_bridge]: [FOLLOWING] pos_ned=(0.47,-0.36,-4.48) target_ned=(0.54,-0.32,-4.49) pos_cmd_age=0.00s
[INFO] [1788689897.390198211] [fast_planner_bridge]: [FOLLOWING] pos_ned=(1.14,-0.66,-4.45) target_ned=(1.19,-0.59,-4.47) pos_cmd_age=0.00s
[INFO] [1788689898.390056898] [fast_planner_bridge]: [FOLLOWING] pos_ned=(1.85,-0.88,-4.46) target_ned=(1.93,-0.81,-4.49) pos_cmd_age=0.00s
[INFO] [1788689899.390227953] [fast_planner_bridge]: [FOLLOWING] pos_ned=(2.55,-0.96,-4.51) target_ned=(2.62,-0.92,-4.54) pos_cmd_age=0.00s
[INFO] [1788689900.390326333] [fast_planner_bridge]: [FOLLOWING] pos_ned=(3.05,-0.93,-4.57) target_ned=(3.07,-0.94,-4.59) pos_cmd_age=0.00s
[INFO] [1788689901.390003074] [fast_planner_bridge]: [FOLLOWING] pos_ned=(3.26,-0.81,-4.61) target_ned=(3.30,-0.82,-4.64) pos_cmd_age=0.00s
[INFO] [1788689902.390266569] [fast_planner_bridge]: [FOLLOWING] pos_ned=(3.47,-0.46,-4.63) target_ned=(3.52,-0.49,-4.69) pos_cmd_age=0.00s
[INFO] [1788689903.389932243] [fast_planner_bridge]: [FOLLOWING] pos_ned=(3.96,-0.03,-4.70) target_ned=(3.90,-0.03,-4.74) pos_cmd_age=0.00s
[INFO] [1788689904.390189078] [fast_planner_bridge]: [FOLLOWING] pos_ned=(4.48,0.47,-4.80) target_ned=(4.44,0.46,-4.78) pos_cmd_age=0.00s
[INFO] [1788689905.390093584] [fast_planner_bridge]: [FOLLOWING] pos_ned=(5.07,0.87,-4.85) target_ned=(5.09,0.89,-4.83) pos_cmd_age=0.00s
[INFO] [1788689906.390204429] [fast_planner_bridge]: [FOLLOWING] pos_ned=(5.77,1.15,-4.89) target_ned=(5.81,1.23,-4.87) pos_cmd_age=0.00s
[INFO] [1788689907.390061780] [fast_planner_bridge]: [FOLLOWING] pos_ned=(6.46,1.33,-4.93) target_ned=(6.51,1.36,-4.91) pos_cmd_age=0.00s
[INFO] [1788689908.390193808] [fast_planner_bridge]: [FOLLOWING] pos_ned=(6.88,1.31,-4.94) target_ned=(6.92,1.31,-4.93) pos_cmd_age=0.00s
[INFO] [1788689909.390107318] [fast_planner_bridge]: [FOLLOWING] pos_ned=(7.02,1.33,-4.93) target_ned=(7.05,1.28,-4.94) pos_cmd_age=0.00s
[INFO] [1788689910.390170681] [fast_planner_bridge]: [FOLLOWING] pos_ned=(6.94,1.39,-4.94) target_ned=(6.99,1.27,-4.94) pos_cmd_age=0.00s
[INFO] [1788689911.390123278] [fast_planner_bridge]: [FOLLOWING] pos_ned=(6.97,1.20,-4.97) target_ned=(7.10,1.04,-4.94) pos_cmd_age=0.00s
[INFO] [1788689912.390057352] [fast_planner_bridge]: [FOLLOWING] pos_ned=(7.40,0.75,-4.99) target_ned=(7.45,0.59,-4.96) pos_cmd_age=0.00s
[INFO] [1788689913.390110171] [fast_planner_bridge]: [FOLLOWING] pos_ned=(7.87,0.20,-4.98) target_ned=(7.83,0.17,-4.99) pos_cmd_age=0.00s
[INFO] [1788689914.390007960] [fast_planner_bridge]: [FOLLOWING] pos_ned=(8.03,-0.05,-4.99) target_ned=(8.00,0.00,-5.00) pos_cmd_age=0.00s
[INFO] [1788689915.390117258] [fast_planner_bridge]: [FOLLOWING] pos_ned=(7.97,0.02,-4.98) target_ned=(8.00,0.00,-5.00) pos_cmd_age=0.00s
[INFO] [1788689916.390410193] [fast_planner_bridge]: [FOLLOWING] pos_ned=(7.98,0.02,-4.98) target_ned=(8.00,0.00,-5.00) pos_cmd_age=0.00s
[INFO] [1788689917.390030497] [fast_planner_bridge]: [FOLLOWING] pos_ned=(8.04,-0.02,-4.98) target_ned=(8.00,0.00,-5.00) pos_cmd_age=0.00s
[INFO] [1788689918.390045303] [fast_planner_bridge]: [FOLLOWING] pos_ned=(8.04,-0.04,-4.99) target_ned=(8.00,0.00,-5.00) pos_cmd_age=0.00s
[INFO] [1788689919.390454251] [fast_planner_bridge]: [FOLLOWING] pos_ned=(8.03,-0.03,-5.00) target_ned=(8.00,0.00,-5.00) pos_cmd_age=0.00s
[INFO] [1788689920.390104396] [fast_planner_bridge]: [FOLLOWING] pos_ned=(8.02,-0.01,-4.99) target_ned=(8.00,0.00,-5.00) pos_cmd_age=0.00s
[WARN] [1788689920.977330231] [fast_planner_bridge]: Shutdown signal 15 received -- ceasing ARM requests, commanding AUTO.LAND, will disarm and exit once landed. If this doesn't complete and the vehicle needs to come down NOW, use emergency_stop.py instead of repeating this signal.
[INFO] [1788689921.140052937] [fast_planner_bridge]: Requesting AUTO.LAND... nav_state=14
[INFO] [1788689921.189853981] [fast_planner_bridge]: AUTO.LAND confirmed -- ceasing offboard setpoints, handing off to the autopilot.
[INFO] [1788689922.389990091] [fast_planner_bridge]: Waiting for disarm (backstop disarm sent)... arming_state=2
