[INFO] [1788689875.912880128] [vslam_compare]: vslam_compare: logging per-message CSV to /workspaces/isaac_ros-dev/results/feasibility_gate/gate_sweep_poor_medium_r11/vslam_compare.csv (exp_id='gate_sweep_poor_medium_r11')
[INFO] [1788689875.933477524] [vslam_compare]: vslam_compare ready -- watching /visual_slam/tracking/odometry vs /ground_truth/odom
[INFO] [1788689875.962893115] [vslam_compare]: cuVSLAM origin set: (0.023693935945630074, -0.10147736966609955, -0.005776409059762955) -- tracking initialized
[INFO] [1788689876.001761421] [vslam_compare]: Ground truth origin set: (0.004115949384868145, -0.0106581412255764, -0.020259201526641846)
[INFO] [1788689876.933589827] [vslam_compare]: gt=(0.0, -0.01, 0.0) vslam=(0.01, 0.01, -0.0) error=0.020m max_error=0.020m (n=1)
[INFO] [1788689877.933842685] [vslam_compare]: gt=(-0.0, -0.01, 0.01) vslam=(-0.02, 0.03, 0.0) error=0.037m max_error=0.037m (n=2)
[INFO] [1788689878.933647484] [vslam_compare]: gt=(-0.01, -0.01, 0.02) vslam=(0.0, -0.01, 0.0) error=0.021m max_error=0.037m (n=3)
[INFO] [1788689879.933992369] [vslam_compare]: gt=(0.0, -0.02, 0.02) vslam=(-0.01, -0.01, 0.0) error=0.029m max_error=0.037m (n=4)
[INFO] [1788689880.933900836] [vslam_compare]: gt=(0.01, -0.03, 0.02) vslam=(-0.02, -0.02, 0.01) error=0.036m max_error=0.037m (n=5)
[INFO] [1788689881.933949980] [vslam_compare]: gt=(-0.01, -0.04, 0.03) vslam=(-0.02, -0.02, 0.01) error=0.023m max_error=0.037m (n=6)
[INFO] [1788689882.933855356] [vslam_compare]: gt=(-0.02, -0.03, 0.02) vslam=(-0.02, -0.02, 0.01) error=0.020m max_error=0.037m (n=7)
[INFO] [1788689883.933793985] [vslam_compare]: gt=(-0.01, -0.03, 0.02) vslam=(-0.03, -0.02, 0.01) error=0.024m max_error=0.037m (n=8)
[INFO] [1788689884.933829769] [vslam_compare]: gt=(0.01, -0.03, 0.01) vslam=(-0.03, -0.02, 0.01) error=0.043m max_error=0.043m (n=9)
[INFO] [1788689885.933778963] [vslam_compare]: gt=(0.05, -0.03, 0.01) vslam=(0.02, -0.06, -0.02) error=0.061m max_error=0.061m (n=10)
[INFO] [1788689886.933935818] [vslam_compare]: gt=(0.12, 0.03, 0.38) vslam=(0.23, -0.05, 0.31) error=0.153m max_error=0.153m (n=11)
[INFO] [1788689887.933836324] [vslam_compare]: gt=(0.06, -0.08, 1.76) vslam=(0.15, -0.11, 1.37) error=0.397m max_error=0.397m (n=12)
[INFO] [1788689888.933590487] [vslam_compare]: gt=(-0.03, -0.16, 3.34) vslam=(-0.01, -0.07, 2.45) error=0.896m max_error=0.896m (n=13)
[INFO] [1788689889.933731588] [vslam_compare]: gt=(-0.07, -0.14, 4.04) vslam=(-0.1, 0.07, 3.21) error=0.857m max_error=0.896m (n=14)
[INFO] [1788689890.933723842] [vslam_compare]: gt=(-0.05, -0.07, 4.39) vslam=(-0.11, 0.2, 3.59) error=0.845m max_error=0.896m (n=15)
[INFO] [1788689891.933712050] [vslam_compare]: gt=(-0.02, -0.01, 4.59) vslam=(-0.14, 0.51, 3.87) error=0.900m max_error=0.900m (n=16)
[INFO] [1788689892.933650597] [vslam_compare]: gt=(0.0, 0.01, 4.73) vslam=(-0.21, 0.84, 4.02) error=1.106m max_error=1.106m (n=17)
[INFO] [1788689893.933845076] [vslam_compare]: gt=(-0.02, 0.01, 4.62) vslam=(-0.24, 1.03, 4.0) error=1.213m max_error=1.213m (n=18)
[INFO] [1788689894.933762757] [vslam_compare]: gt=(-0.05, 0.02, 4.52) vslam=(-0.25, 1.08, 3.93) error=1.222m max_error=1.222m (n=19)
[INFO] [1788689895.934018905] [vslam_compare]: gt=(-0.22, 0.28, 4.51) vslam=(-0.4, 1.28, 3.88) error=1.199m max_error=1.222m (n=20)
[INFO] [1788689896.933895683] [vslam_compare]: gt=(-0.54, 0.83, 4.49) vslam=(-0.69, 1.78, 3.79) error=1.194m max_error=1.222m (n=21)
[INFO] [1788689897.934104477] [vslam_compare]: gt=(-0.79, 1.53, 4.47) vslam=(-0.93, 2.38, 3.6) error=1.223m max_error=1.223m (n=22)
[INFO] [1788689898.933814686] [vslam_compare]: gt=(-0.95, 2.26, 4.51) vslam=(-1.11, 3.07, 3.57) error=1.249m max_error=1.249m (n=23)
[INFO] [1788689899.934008114] [vslam_compare]: gt=(-0.96, 2.86, 4.57) vslam=(-1.16, 3.72, 3.5) error=1.384m max_error=1.384m (n=24)
[INFO] [1788689900.934022668] [vslam_compare]: gt=(-0.9, 3.2, 4.63) vslam=(-0.99, 4.16, 3.49) error=1.491m max_error=1.491m (n=25)
[INFO] [1788689901.934076008] [vslam_compare]: gt=(-0.64, 3.35, 4.68) vslam=(-0.47, 4.29, 3.32) error=1.652m max_error=1.652m (n=26)
[INFO] [1788689902.933938360] [vslam_compare]: gt=(-0.24, 3.73, 4.66) vslam=(-0.13, 4.74, 3.27) error=1.723m max_error=1.723m (n=27)
[INFO] [1788689903.933798550] [vslam_compare]: gt=(0.23, 4.24, 4.79) vslam=(0.2, 4.87, 3.75) error=1.219m max_error=1.723m (n=28)
[INFO] [1788689904.933680362] [vslam_compare]: gt=(0.7, 4.79, 4.85) vslam=(0.12, 4.89, 3.76) error=1.237m max_error=1.723m (n=29)
[INFO] [1788689905.933827825] [vslam_compare]: gt=(1.02, 5.46, 4.89) vslam=(-0.41, 4.53, 3.9) error=1.978m max_error=1.978m (n=30)
[INFO] [1788689906.933795322] [vslam_compare]: gt=(1.28, 6.15, 4.93) vslam=(-0.31, 4.82, 3.84) error=2.343m max_error=2.343m (n=31)
[INFO] [1788689907.933775745] [vslam_compare]: gt=(1.32, 6.73, 4.96) vslam=(-0.43, 5.42, 3.74) error=2.502m max_error=2.502m (n=32)
[INFO] [1788689908.934012200] [vslam_compare]: gt=(1.3, 7.0, 4.95) vslam=(-0.52, 5.65, 3.71) error=2.589m max_error=2.589m (n=33)
[INFO] [1788689909.933759740] [vslam_compare]: gt=(1.36, 7.0, 4.95) vslam=(-0.59, 5.7, 3.7) error=2.657m max_error=2.657m (n=34)
[INFO] [1788689910.933986170] [vslam_compare]: gt=(1.33, 6.92, 4.99) vslam=(-0.91, 11.09, 2.73) error=5.234m max_error=5.234m (n=35)
[INFO] [1788689911.933946943] [vslam_compare]: gt=(0.98, 7.17, 5.01) vslam=(-2.02, 11.56, 3.04) error=5.668m max_error=5.668m (n=36)
[INFO] [1788689912.933813942] [vslam_compare]: gt=(0.44, 7.69, 5.0) vslam=(0.04, -6.55, 9.89) error=15.061m max_error=15.061m (n=37)
[INFO] [1788689913.933879395] [vslam_compare]: gt=(0.01, 8.0, 5.01) vslam=(-30.61, -19.25, 15.26) error=42.253m max_error=42.253m (n=38)
[INFO] [1788689914.933844031] [vslam_compare]: gt=(-0.03, 8.02, 5.01) vslam=(-38.69, -21.86, 16.74) error=50.245m max_error=50.245m (n=39)
[INFO] [1788689915.933985881] [vslam_compare]: gt=(0.03, 7.98, 5.0) vslam=(-43.11, -20.27, 19.24) error=53.495m max_error=53.495m (n=40)
[INFO] [1788689916.933964928] [vslam_compare]: gt=(-0.0, 8.02, 5.0) vslam=(-43.11, -20.27, 19.24) error=53.491m max_error=53.495m (n=41)
Traceback (most recent call last):
  File "/workspaces/isaac_ros-dev/ros2_ws/install/px4_vslam_bridge/lib/python3.10/site-packages/px4_vslam_bridge/vslam_compare.py", line 194, in main
    rclpy.spin(node)
  File "/opt/ros/humble/local/lib/python3.10/dist-packages/rclpy/__init__.py", line 229, in spin
    executor.spin_once()
  File "/opt/ros/humble/local/lib/python3.10/dist-packages/rclpy/executors.py", line 808, in spin_once
    self._spin_once_impl(timeout_sec)
  File "/opt/ros/humble/local/lib/python3.10/dist-packages/rclpy/executors.py", line 797, in _spin_once_impl
    handler, entity, node = self.wait_for_ready_callbacks(timeout_sec=timeout_sec)
  File "/opt/ros/humble/local/lib/python3.10/dist-packages/rclpy/executors.py", line 780, in wait_for_ready_callbacks
    return next(self._cb_iter)
  File "/opt/ros/humble/local/lib/python3.10/dist-packages/rclpy/executors.py", line 681, in _wait_for_ready_callbacks
    raise ExternalShutdownException()
rclpy.executors.ExternalShutdownException

During handling of the above exception, another exception occurred:

Traceback (most recent call last):
  File "/workspaces/isaac_ros-dev/ros2_ws/install/px4_vslam_bridge/lib/px4_vslam_bridge/vslam_compare", line 33, in <module>
    sys.exit(load_entry_point('px4-vslam-bridge==0.1.0', 'console_scripts', 'vslam_compare')())
  File "/workspaces/isaac_ros-dev/ros2_ws/install/px4_vslam_bridge/lib/python3.10/site-packages/px4_vslam_bridge/vslam_compare.py", line 199, in main
    rclpy.shutdown()
  File "/opt/ros/humble/local/lib/python3.10/dist-packages/rclpy/__init__.py", line 130, in shutdown
    _shutdown(context=context)
  File "/opt/ros/humble/local/lib/python3.10/dist-packages/rclpy/utilities.py", line 58, in shutdown
    return context.shutdown()
  File "/opt/ros/humble/local/lib/python3.10/dist-packages/rclpy/context.py", line 102, in shutdown
    self.__context.shutdown()
rclpy._rclpy_pybind11.RCLError: failed to shutdown: rcl_shutdown already called on the given context, at ./src/rcl/init.c:241
