[INFO] [1788710334.778732194] [fast_planner_bridge]: fast_planner_bridge ready -- will capture home at arm time and climb (0.0, 0.0, -5.0) NED relative to it, then follow /planning/pos_cmd from Fast-Planner
[INFO] [1788710334.779136084] [fast_planner_bridge]: >>> Press ENTER to arm and fly (or set OFFBOARD_AUTO_START=1) <<<
[INFO] [1788710338.744447371] [fast_planner_bridge]: OFFBOARD + ARMED confirmed -- home_ned=(0.048898834735155106, 0.00011405614350223914, -0.03527116775512695), climbing to (0.048898834735155106, 0.00011405614350223914, -5.035271167755127).
[INFO] [1788710338.745206918] [fast_planner_bridge]: [CLIMBING] pos_ned=(0.05,0.00,-0.04) dist=5.00m
[INFO] [1788710339.744850411] [fast_planner_bridge]: [CLIMBING] pos_ned=(0.04,-0.02,-0.03) dist=5.01m
[INFO] [1788710340.744637552] [fast_planner_bridge]: [CLIMBING] pos_ned=(0.03,-0.10,-0.02) dist=5.02m
[INFO] [1788710341.744943908] [fast_planner_bridge]: [CLIMBING] pos_ned=(0.03,-0.13,-0.02) dist=5.02m
[INFO] [1788710342.744725540] [fast_planner_bridge]: [CLIMBING] pos_ned=(0.03,-0.10,-0.02) dist=5.02m
[INFO] [1788710343.744756343] [fast_planner_bridge]: [CLIMBING] pos_ned=(0.04,0.03,-0.02) dist=5.01m
[INFO] [1788710344.744599523] [fast_planner_bridge]: [CLIMBING] pos_ned=(0.04,0.02,-0.03) dist=5.01m
[INFO] [1788710345.744820780] [fast_planner_bridge]: [CLIMBING] pos_ned=(-0.01,-0.15,-0.38) dist=4.66m
[INFO] [1788710346.744998831] [fast_planner_bridge]: [CLIMBING] pos_ned=(-0.29,-0.36,-1.89) dist=3.19m
[INFO] [1788710347.745067901] [fast_planner_bridge]: [CLIMBING] pos_ned=(-0.31,-0.13,-3.27) dist=1.80m
[INFO] [1788710348.744908862] [fast_planner_bridge]: [CLIMBING] pos_ned=(-0.11,-0.05,-3.96) dist=1.09m
[INFO] [1788710349.745281251] [fast_planner_bridge]: [CLIMBING] pos_ned=(0.07,-0.02,-4.32) dist=0.72m
[INFO] [1788710350.744759384] [fast_planner_bridge]: [CLIMBING] pos_ned=(0.12,0.04,-4.55) dist=0.49m
[INFO] [1788710351.745013761] [fast_planner_bridge]: [CLIMBING] pos_ned=(0.11,0.07,-4.69) dist=0.35m
[INFO] [1788710352.294614264] [fast_planner_bridge]: Climb complete (dist=0.29m) -- following Fast-Planner.
[INFO] [1788710352.744702118] [fast_planner_bridge]: [FOLLOWING] pos_ned=(0.11,0.08,-4.74) target_ned=(0.11,0.03,-4.51) pos_cmd_age=0.01s
[INFO] [1788710353.745225891] [fast_planner_bridge]: [FOLLOWING] pos_ned=(0.13,0.09,-4.53) target_ned=(0.17,0.03,-4.51) pos_cmd_age=0.01s
[INFO] [1788710354.745019762] [fast_planner_bridge]: [FOLLOWING] pos_ned=(0.47,0.08,-4.46) target_ned=(0.52,0.02,-4.49) pos_cmd_age=0.01s
[INFO] [1788710355.744766349] [fast_planner_bridge]: [FOLLOWING] pos_ned=(1.11,0.06,-4.43) target_ned=(1.14,0.02,-4.47) pos_cmd_age=0.01s
[INFO] [1788710356.744577185] [fast_planner_bridge]: [FOLLOWING] pos_ned=(1.90,0.03,-4.47) target_ned=(1.90,0.01,-4.49) pos_cmd_age=0.01s
[INFO] [1788710357.744970087] [fast_planner_bridge]: [FOLLOWING] pos_ned=(2.62,0.06,-4.54) target_ned=(2.67,0.01,-4.56) pos_cmd_age=0.01s
[INFO] [1788710358.744802738] [fast_planner_bridge]: [FOLLOWING] pos_ned=(3.20,0.10,-4.59) target_ned=(3.21,0.01,-4.61) pos_cmd_age=0.01s
[INFO] [1788710359.744960166] [fast_planner_bridge]: [FOLLOWING] pos_ned=(3.49,0.09,-4.59) target_ned=(3.53,0.01,-4.63) pos_cmd_age=0.01s
[INFO] [1788710360.744777904] [fast_planner_bridge]: [FOLLOWING] pos_ned=(3.89,0.07,-4.63) target_ned=(3.94,0.01,-4.66) pos_cmd_age=0.01s
[INFO] [1788710361.745231359] [fast_planner_bridge]: [FOLLOWING] pos_ned=(4.40,0.06,-4.67) target_ned=(4.36,0.01,-4.69) pos_cmd_age=0.01s
[INFO] [1788710362.744967196] [fast_planner_bridge]: [FOLLOWING] pos_ned=(4.64,0.06,-4.69) target_ned=(4.53,0.01,-4.72) pos_cmd_age=0.01s
[INFO] [1788710363.744991008] [fast_planner_bridge]: [FOLLOWING] pos_ned=(4.54,0.08,-4.69) target_ned=(4.47,-0.01,-4.70) pos_cmd_age=0.01s
[INFO] [1788710364.744749282] [fast_planner_bridge]: [FOLLOWING] pos_ned=(4.54,-0.06,-4.72) target_ned=(4.58,-0.15,-4.69) pos_cmd_age=0.01s
[INFO] [1788710365.744738083] [fast_planner_bridge]: [FOLLOWING] pos_ned=(5.01,-0.38,-4.78) target_ned=(5.02,-0.48,-4.72) pos_cmd_age=0.01s
[INFO] [1788710366.744901023] [fast_planner_bridge]: [FOLLOWING] pos_ned=(5.67,-0.85,-4.80) target_ned=(5.67,-0.88,-4.79) pos_cmd_age=0.01s
[INFO] [1788710367.744987916] [fast_planner_bridge]: [FOLLOWING] pos_ned=(6.30,-1.22,-4.85) target_ned=(6.36,-1.16,-4.86) pos_cmd_age=0.01s
[INFO] [1788710368.744782320] [fast_planner_bridge]: [FOLLOWING] pos_ned=(6.84,-1.24,-4.88) target_ned=(6.94,-1.19,-4.90) pos_cmd_age=0.01s
[INFO] [1788710369.744742478] [fast_planner_bridge]: [FOLLOWING] pos_ned=(7.36,-0.99,-4.93) target_ned=(7.43,-0.93,-4.94) pos_cmd_age=0.01s
[INFO] [1788710370.744965093] [fast_planner_bridge]: [FOLLOWING] pos_ned=(7.82,-0.52,-4.97) target_ned=(7.77,-0.49,-4.97) pos_cmd_age=0.01s
[WARN] [1788710371.494585007] [fast_planner_bridge]: Shutdown signal 15 received -- ceasing ARM requests, commanding AUTO.LAND, will disarm and exit once landed. If this doesn't complete and the vehicle needs to come down NOW, use emergency_stop.py instead of repeating this signal.
[INFO] [1788710371.495718004] [fast_planner_bridge]: Requesting AUTO.LAND... nav_state=14
[INFO] [1788710371.544981765] [fast_planner_bridge]: AUTO.LAND confirmed -- ceasing offboard setpoints, handing off to the autopilot.
[INFO] [1788710372.744518520] [fast_planner_bridge]: Waiting for disarm (backstop disarm sent)... arming_state=2
