[INFO] [1788594843.243791069] [fast_planner_bridge]: fast_planner_bridge ready -- will capture home at arm time and climb (0.0, 0.0, -5.0) NED relative to it, then follow /planning/pos_cmd from Fast-Planner
[INFO] [1788594843.244190607] [fast_planner_bridge]: >>> Press ENTER to arm and fly (or set OFFBOARD_AUTO_START=1) <<<
[INFO] [1788594846.113013284] [fast_planner_bridge]: OFFBOARD + ARMED confirmed -- home_ned=(-0.001005786587484181, -0.0033286307007074356, -0.030596435070037842), climbing to (-0.001005786587484181, -0.0033286307007074356, -5.030596435070038).
[INFO] [1788594846.213594847] [fast_planner_bridge]: [CLIMBING] pos_ned=(-0.00,-0.00,-0.03) dist=5.00m
[INFO] [1788594847.213287513] [fast_planner_bridge]: [CLIMBING] pos_ned=(0.01,-0.00,-0.03) dist=5.00m
[INFO] [1788594848.213619427] [fast_planner_bridge]: [CLIMBING] pos_ned=(0.01,0.00,-0.02) dist=5.01m
[INFO] [1788594849.213469634] [fast_planner_bridge]: [CLIMBING] pos_ned=(0.02,-0.00,-0.00) dist=5.03m
[INFO] [1788594850.213431674] [fast_planner_bridge]: [CLIMBING] pos_ned=(0.01,0.03,-0.00) dist=5.03m
[INFO] [1788594851.213399599] [fast_planner_bridge]: [CLIMBING] pos_ned=(0.02,0.12,-0.18) dist=4.86m
[INFO] [1788594852.213192440] [fast_planner_bridge]: [CLIMBING] pos_ned=(-0.07,0.07,-1.51) dist=3.52m
[INFO] [1788594853.213119945] [fast_planner_bridge]: [CLIMBING] pos_ned=(-0.14,-0.02,-3.21) dist=1.82m
[INFO] [1788594854.213547723] [fast_planner_bridge]: [CLIMBING] pos_ned=(-0.08,-0.06,-4.00) dist=1.03m
[INFO] [1788594855.213407686] [fast_planner_bridge]: [CLIMBING] pos_ned=(0.00,-0.04,-4.38) dist=0.65m
[INFO] [1788594856.213349366] [fast_planner_bridge]: [CLIMBING] pos_ned=(0.03,-0.01,-4.59) dist=0.44m
[INFO] [1788594857.213129532] [fast_planner_bridge]: [CLIMBING] pos_ned=(0.04,-0.01,-4.73) dist=0.30m
[INFO] [1788594857.263524446] [fast_planner_bridge]: Climb complete (dist=0.30m) -- following Fast-Planner.
[INFO] [1788594858.213249958] [fast_planner_bridge]: [FOLLOWING] pos_ned=(0.05,0.01,-4.66) target_ned=(0.04,-0.01,-4.65) pos_cmd_age=0.01s
[INFO] [1788594859.213369734] [fast_planner_bridge]: [FOLLOWING] pos_ned=(0.05,-0.00,-4.60) target_ned=(0.04,-0.01,-4.65) pos_cmd_age=0.01s
[INFO] [1788594860.213367605] [fast_planner_bridge]: [FOLLOWING] pos_ned=(0.15,-0.08,-4.58) target_ned=(0.23,-0.12,-4.60) pos_cmd_age=0.01s
[INFO] [1788594861.213589850] [fast_planner_bridge]: [FOLLOWING] pos_ned=(0.50,-0.17,-4.57) target_ned=(0.57,-0.18,-4.59) pos_cmd_age=0.01s
[INFO] [1788594862.213639844] [fast_planner_bridge]: [FOLLOWING] pos_ned=(1.01,-0.07,-4.57) target_ned=(1.07,0.01,-4.59) pos_cmd_age=0.01s
[INFO] [1788594863.213550569] [fast_planner_bridge]: [FOLLOWING] pos_ned=(1.61,0.32,-4.60) target_ned=(1.54,0.35,-4.61) pos_cmd_age=0.01s
[INFO] [1788594864.213419463] [fast_planner_bridge]: [FOLLOWING] pos_ned=(2.11,0.73,-4.58) target_ned=(2.13,0.84,-4.64) pos_cmd_age=0.01s
[INFO] [1788594865.213366280] [fast_planner_bridge]: [FOLLOWING] pos_ned=(2.39,0.99,-4.54) target_ned=(2.39,1.05,-4.63) pos_cmd_age=0.01s
[INFO] [1788594866.213445321] [fast_planner_bridge]: [FOLLOWING] pos_ned=(2.37,0.98,-4.53) target_ned=(2.34,0.97,-4.60) pos_cmd_age=0.01s
[INFO] [1788594867.213450475] [fast_planner_bridge]: [FOLLOWING] pos_ned=(2.15,0.69,-4.47) target_ned=(2.11,0.70,-4.60) pos_cmd_age=0.01s
[INFO] [1788594868.213365342] [fast_planner_bridge]: [FOLLOWING] pos_ned=(1.81,0.37,-4.68) target_ned=(1.88,0.32,-4.65) pos_cmd_age=0.01s
[INFO] [1788594869.213283107] [fast_planner_bridge]: [FOLLOWING] pos_ned=(1.72,0.01,-4.78) target_ned=(1.82,-0.13,-4.72) pos_cmd_age=0.01s
[INFO] [1788594870.213530861] [fast_planner_bridge]: [FOLLOWING] pos_ned=(1.94,-0.47,-4.81) target_ned=(2.00,-0.62,-4.77) pos_cmd_age=0.01s
[INFO] [1788594871.213617221] [fast_planner_bridge]: [FOLLOWING] pos_ned=(2.41,-1.01,-4.85) target_ned=(2.44,-1.07,-4.81) pos_cmd_age=0.01s
[INFO] [1788594872.213478981] [fast_planner_bridge]: [FOLLOWING] pos_ned=(3.02,-1.45,-4.87) target_ned=(3.08,-1.49,-4.84) pos_cmd_age=0.01s
[INFO] [1788594873.213313052] [fast_planner_bridge]: [FOLLOWING] pos_ned=(3.73,-1.94,-4.88) target_ned=(3.77,-1.93,-4.86) pos_cmd_age=0.01s
[INFO] [1788594874.213436145] [fast_planner_bridge]: [FOLLOWING] pos_ned=(4.28,-2.35,-4.91) target_ned=(4.33,-2.30,-4.88) pos_cmd_age=0.01s
[INFO] [1788594875.213617786] [fast_planner_bridge]: [FOLLOWING] pos_ned=(4.80,-2.58,-4.92) target_ned=(4.89,-2.55,-4.90) pos_cmd_age=0.01s
[INFO] [1788594876.213638077] [fast_planner_bridge]: [FOLLOWING] pos_ned=(5.37,-2.70,-4.93) target_ned=(5.41,-2.67,-4.91) pos_cmd_age=0.01s
[INFO] [1788594877.213508924] [fast_planner_bridge]: [FOLLOWING] pos_ned=(5.26,-3.21,-4.77) target_ned=(5.75,-2.65,-4.92) pos_cmd_age=0.01s
[INFO] [1788594878.213402773] [fast_planner_bridge]: [FOLLOWING] pos_ned=(3.18,-4.34,-4.06) target_ned=(5.22,-3.25,-4.76) pos_cmd_age=0.01s
[INFO] [1788594879.213564385] [fast_planner_bridge]: [FOLLOWING] pos_ned=(1.21,-3.64,-2.70) target_ned=(5.22,-3.25,-4.76) pos_cmd_age=0.01s
[INFO] [1788594880.213662206] [fast_planner_bridge]: [FOLLOWING] pos_ned=(1.82,-2.30,-0.27) target_ned=(1.72,-2.31,-0.42) pos_cmd_age=0.01s
[INFO] [1788594881.213426335] [fast_planner_bridge]: [FOLLOWING] pos_ned=(2.95,-3.45,0.33) target_ned=(1.72,-2.31,-0.42) pos_cmd_age=0.01s
[INFO] [1788594882.213637228] [fast_planner_bridge]: [FOLLOWING] pos_ned=(2.19,-2.88,-0.29) target_ned=(1.72,-2.31,-0.42) pos_cmd_age=0.01s
[INFO] [1788594883.213512885] [fast_planner_bridge]: [FOLLOWING] pos_ned=(2.86,-3.00,0.47) target_ned=(2.81,-2.93,0.49) pos_cmd_age=0.01s
[INFO] [1788594884.213365857] [fast_planner_bridge]: [FOLLOWING] pos_ned=(4.51,-4.07,0.22) target_ned=(2.81,-2.93,0.49) pos_cmd_age=0.01s
[INFO] [1788594885.213567628] [fast_planner_bridge]: [FOLLOWING] pos_ned=(4.13,-4.10,0.19) target_ned=(2.81,-2.93,0.49) pos_cmd_age=0.01s
[WARN] [1788594886.043755881] [fast_planner_bridge]: Shutdown signal 15 received -- ceasing ARM requests, commanding AUTO.LAND, will disarm and exit once landed. If this doesn't complete and the vehicle needs to come down NOW, use emergency_stop.py instead of repeating this signal.
[INFO] [1788594886.213509490] [fast_planner_bridge]: Requesting AUTO.LAND... nav_state=14
[INFO] [1788594886.263268636] [fast_planner_bridge]: AUTO.LAND confirmed -- ceasing offboard setpoints, handing off to the autopilot.
[INFO] [1788594887.213669547] [fast_planner_bridge]: Waiting for disarm (backstop disarm sent)... arming_state=2
