[INFO] [1788720418.963507899] [fast_planner_bridge]: fast_planner_bridge ready -- will capture home at arm time and climb (0.0, 0.0, -5.0) NED relative to it, then follow /planning/pos_cmd from Fast-Planner
[INFO] [1788720418.964073397] [fast_planner_bridge]: >>> Press ENTER to arm and fly (or set OFFBOARD_AUTO_START=1) <<<
[WARN] [1788720420.932531062] [fast_planner_bridge]: [tick 40] No data on /fmu/out/vehicle_local_position_v1.
[INFO] [1788720424.532406984] [fast_planner_bridge]: OFFBOARD + ARMED confirmed -- home_ned=(-0.0021230801939964294, -0.008302227593958378, -0.02756597101688385), climbing to (-0.0021230801939964294, -0.008302227593958378, -5.027565971016884).
[INFO] [1788720424.932597425] [fast_planner_bridge]: [CLIMBING] pos_ned=(-0.00,-0.01,-0.03) dist=5.00m
[INFO] [1788720425.932699825] [fast_planner_bridge]: [CLIMBING] pos_ned=(-0.02,0.03,0.05) dist=5.08m
[INFO] [1788720426.932764594] [fast_planner_bridge]: [CLIMBING] pos_ned=(-0.05,0.08,0.18) dist=5.21m
[INFO] [1788720427.932792152] [fast_planner_bridge]: [CLIMBING] pos_ned=(-0.07,0.08,0.23) dist=5.25m
[INFO] [1788720428.932791447] [fast_planner_bridge]: [CLIMBING] pos_ned=(-0.08,0.09,0.23) dist=5.26m
[INFO] [1788720429.932538629] [fast_planner_bridge]: [CLIMBING] pos_ned=(-0.00,0.04,-0.48) dist=4.55m
[INFO] [1788720430.932565523] [fast_planner_bridge]: [CLIMBING] pos_ned=(-0.14,0.05,-2.10) dist=2.93m
[INFO] [1788720431.932709776] [fast_planner_bridge]: [CLIMBING] pos_ned=(-0.28,-0.03,-3.45) dist=1.60m
[INFO] [1788720432.932591527] [fast_planner_bridge]: [CLIMBING] pos_ned=(0.05,-0.12,-3.78) dist=1.25m
[INFO] [1788720433.932728123] [fast_planner_bridge]: [CLIMBING] pos_ned=(0.08,-0.10,-4.03) dist=1.00m
[INFO] [1788720434.932731899] [fast_planner_bridge]: [CLIMBING] pos_ned=(-0.05,-0.03,-4.54) dist=0.49m
[INFO] [1788720435.632771058] [fast_planner_bridge]: Climb complete (dist=0.30m) -- following Fast-Planner.
[INFO] [1788720435.932873352] [fast_planner_bridge]: [FOLLOWING] pos_ned=(0.10,-0.01,-4.79) target_ned=(-0.06,-0.07,-4.32) pos_cmd_age=0.01s
[INFO] [1788720436.932932489] [fast_planner_bridge]: [FOLLOWING] pos_ned=(0.09,-0.03,-4.67) target_ned=(0.13,-0.02,-4.69) pos_cmd_age=0.01s
[INFO] [1788720437.932758778] [fast_planner_bridge]: [FOLLOWING] pos_ned=(0.24,-0.09,-4.90) target_ned=(0.42,-0.11,-4.70) pos_cmd_age=0.01s
[INFO] [1788720438.932616996] [fast_planner_bridge]: [FOLLOWING] pos_ned=(0.81,-0.33,-5.06) target_ned=(1.01,-0.32,-4.74) pos_cmd_age=0.01s
[INFO] [1788720439.932983323] [fast_planner_bridge]: [FOLLOWING] pos_ned=(1.43,-0.54,-5.13) target_ned=(1.84,-0.48,-4.79) pos_cmd_age=0.01s
[INFO] [1788720440.932546676] [fast_planner_bridge]: [FOLLOWING] pos_ned=(2.16,-0.54,-5.16) target_ned=(2.60,-0.45,-4.83) pos_cmd_age=0.01s
[INFO] [1788720441.932720700] [fast_planner_bridge]: [FOLLOWING] pos_ned=(3.13,-0.40,-5.10) target_ned=(3.13,-0.36,-4.84) pos_cmd_age=0.01s
[INFO] [1788720442.932786188] [fast_planner_bridge]: [FOLLOWING] pos_ned=(3.67,-0.35,-5.05) target_ned=(3.43,-0.42,-4.83) pos_cmd_age=0.01s
[INFO] [1788720443.932893193] [fast_planner_bridge]: [FOLLOWING] pos_ned=(3.94,-0.58,-5.03) target_ned=(3.90,-0.65,-4.82) pos_cmd_age=0.01s
[INFO] [1788720444.932652243] [fast_planner_bridge]: [FOLLOWING] pos_ned=(4.48,-0.73,-5.02) target_ned=(4.55,-0.77,-4.83) pos_cmd_age=0.01s
[INFO] [1788720445.932973845] [fast_planner_bridge]: [FOLLOWING] pos_ned=(5.16,-0.65,-5.05) target_ned=(5.25,-0.62,-4.89) pos_cmd_age=0.01s
[INFO] [1788720446.932616895] [fast_planner_bridge]: [FOLLOWING] pos_ned=(5.84,-0.38,-5.13) target_ned=(5.75,-0.36,-5.03) pos_cmd_age=0.01s
[INFO] [1788720447.933079386] [fast_planner_bridge]: [FOLLOWING] pos_ned=(6.13,-0.05,-5.25) target_ned=(5.97,-0.02,-5.18) pos_cmd_age=0.01s
[INFO] [1788720448.932439662] [fast_planner_bridge]: [FOLLOWING] pos_ned=(6.28,0.20,-5.18) target_ned=(6.28,0.18,-5.22) pos_cmd_age=0.01s
[INFO] [1788720449.932685823] [fast_planner_bridge]: [FOLLOWING] pos_ned=(6.87,0.14,-5.10) target_ned=(6.89,0.14,-5.16) pos_cmd_age=0.01s
[INFO] [1788720450.932643342] [fast_planner_bridge]: [FOLLOWING] pos_ned=(7.72,0.06,-5.01) target_ned=(7.53,0.03,-5.06) pos_cmd_age=0.01s
[INFO] [1788720451.932707908] [fast_planner_bridge]: [FOLLOWING] pos_ned=(8.04,-0.04,-5.01) target_ned=(7.86,-0.01,-5.01) pos_cmd_age=0.01s
[INFO] [1788720452.932653719] [fast_planner_bridge]: [FOLLOWING] pos_ned=(7.92,0.02,-5.00) target_ned=(7.88,-0.01,-5.01) pos_cmd_age=0.01s
[INFO] [1788720453.932395225] [fast_planner_bridge]: [FOLLOWING] pos_ned=(7.86,0.08,-4.98) target_ned=(7.88,-0.01,-5.01) pos_cmd_age=0.01s
[INFO] [1788720454.932597742] [fast_planner_bridge]: [FOLLOWING] pos_ned=(7.87,0.04,-4.97) target_ned=(7.88,-0.01,-5.01) pos_cmd_age=0.01s
[INFO] [1788720455.932643051] [fast_planner_bridge]: [FOLLOWING] pos_ned=(7.88,-0.00,-4.97) target_ned=(7.88,-0.01,-5.01) pos_cmd_age=0.01s
[WARN] [1788720456.874273364] [fast_planner_bridge]: Shutdown signal 15 received -- ceasing ARM requests, commanding AUTO.LAND, will disarm and exit once landed. If this doesn't complete and the vehicle needs to come down NOW, use emergency_stop.py instead of repeating this signal.
[INFO] [1788720456.932817830] [fast_planner_bridge]: Requesting AUTO.LAND... nav_state=14
[INFO] [1788720456.982550912] [fast_planner_bridge]: AUTO.LAND confirmed -- ceasing offboard setpoints, handing off to the autopilot.
[INFO] [1788720458.932487485] [fast_planner_bridge]: Waiting for disarm (backstop disarm sent)... arming_state=2
