[INFO] [1788720411.481171811] [visual_odometry_bridge]: visual_odometry_bridge ready: /visual_slam/tracking/odometry -> /fmu/in/vehicle_visual_odometry
[INFO] [1788720416.700941027] [visual_odometry_bridge]: published 100 vehicle_visual_odometry samples (last NED pos=(0.00,0.00,-0.00))
[WARN] [1788720424.977512413] [visual_odometry_bridge]: Rejected cuVSLAM update: implied speed 18.4 m/s (jumped 0.59m in 32ms) -- holding last known-good position, not forwarding to EKF2. (1 rejected total)
[INFO] [1788720425.932367744] [visual_odometry_bridge]: published 300 vehicle_visual_odometry samples (last NED pos=(-0.13,0.32,0.61))
[WARN] [1788720428.886961159] [visual_odometry_bridge]: Rejected cuVSLAM update: implied speed 22.0 m/s (jumped 0.70m in 32ms) -- holding last known-good position, not forwarding to EKF2. (3 rejected total)
[WARN] [1788720430.523184184] [visual_odometry_bridge]: Rejected cuVSLAM update: implied speed 9.7 m/s (jumped 0.35m in 36ms) -- holding last known-good position, not forwarding to EKF2. (9 rejected total)
[INFO] [1788720431.251517383] [visual_odometry_bridge]: published 400 vehicle_visual_odometry samples (last NED pos=(-4.34,2.25,0.58))
[WARN] [1788720431.529796642] [visual_odometry_bridge]: Rejected cuVSLAM update: implied speed 10.2 m/s (jumped 1.99m in 196ms) -- holding last known-good position, not forwarding to EKF2. (22 rejected total)
[WARN] [1788720433.358324064] [visual_odometry_bridge]: Rejected cuVSLAM update: implied speed 42.8 m/s (jumped 1.37m in 32ms) -- holding last known-good position, not forwarding to EKF2. (28 rejected total)
[INFO] [1788720436.801201089] [visual_odometry_bridge]: published 500 vehicle_visual_odometry samples (last NED pos=(-10.84,5.71,1.86))
[WARN] [1788720438.521560005] [visual_odometry_bridge]: Rejected cuVSLAM update: implied speed 40.6 m/s (jumped 1.30m in 32ms) -- holding last known-good position, not forwarding to EKF2. (38 rejected total)
[WARN] [1788720439.729313077] [visual_odometry_bridge]: Rejected cuVSLAM update: implied speed 26.1 m/s (jumped 0.83m in 32ms) -- holding last known-good position, not forwarding to EKF2. (42 rejected total)
[WARN] [1788720440.762096845] [visual_odometry_bridge]: Rejected cuVSLAM update: implied speed 9.9 m/s (jumped 2.62m in 264ms) -- holding last known-good position, not forwarding to EKF2. (53 rejected total)
[WARN] [1788720442.153287736] [visual_odometry_bridge]: Rejected cuVSLAM update: implied speed 11.3 m/s (jumped 0.36m in 32ms) -- holding last known-good position, not forwarding to EKF2. (61 rejected total)
[INFO] [1788720442.688507087] [visual_odometry_bridge]: published 600 vehicle_visual_odometry samples (last NED pos=(-15.50,7.85,4.78))
[WARN] [1788720444.240318411] [visual_odometry_bridge]: Rejected cuVSLAM update: implied speed 17.3 m/s (jumped 0.55m in 32ms) -- holding last known-good position, not forwarding to EKF2. (66 rejected total)
[WARN] [1788720445.276341449] [visual_odometry_bridge]: Rejected cuVSLAM update: implied speed 20.5 m/s (jumped 2.70m in 132ms) -- holding last known-good position, not forwarding to EKF2. (72 rejected total)
[WARN] [1788720447.050006397] [visual_odometry_bridge]: Rejected cuVSLAM update: implied speed 34.3 m/s (jumped 1.10m in 32ms) -- holding last known-good position, not forwarding to EKF2. (82 rejected total)
[WARN] [1788720448.245761309] [visual_odometry_bridge]: Rejected cuVSLAM update: implied speed 21.4 m/s (jumped 0.68m in 32ms) -- holding last known-good position, not forwarding to EKF2. (87 rejected total)
[INFO] [1788720448.816644797] [visual_odometry_bridge]: published 700 vehicle_visual_odometry samples (last NED pos=(-19.41,12.48,8.69))
Traceback (most recent call last):
  File "/workspaces/isaac_ros-dev/ros2_ws/install/px4_vslam_bridge/lib/python3.10/site-packages/px4_vslam_bridge/visual_odometry_bridge.py", line 160, in main
    rclpy.spin(node)
  File "/opt/ros/humble/local/lib/python3.10/dist-packages/rclpy/__init__.py", line 229, in spin
    executor.spin_once()
  File "/opt/ros/humble/local/lib/python3.10/dist-packages/rclpy/executors.py", line 808, in spin_once
    self._spin_once_impl(timeout_sec)
  File "/opt/ros/humble/local/lib/python3.10/dist-packages/rclpy/executors.py", line 797, in _spin_once_impl
    handler, entity, node = self.wait_for_ready_callbacks(timeout_sec=timeout_sec)
  File "/opt/ros/humble/local/lib/python3.10/dist-packages/rclpy/executors.py", line 780, in wait_for_ready_callbacks
    return next(self._cb_iter)
  File "/opt/ros/humble/local/lib/python3.10/dist-packages/rclpy/executors.py", line 681, in _wait_for_ready_callbacks
    raise ExternalShutdownException()
rclpy.executors.ExternalShutdownException

During handling of the above exception, another exception occurred:

Traceback (most recent call last):
  File "/workspaces/isaac_ros-dev/ros2_ws/install/px4_vslam_bridge/lib/px4_vslam_bridge/visual_odometry_bridge", line 33, in <module>
    sys.exit(load_entry_point('px4-vslam-bridge==0.1.0', 'console_scripts', 'visual_odometry_bridge')())
  File "/workspaces/isaac_ros-dev/ros2_ws/install/px4_vslam_bridge/lib/python3.10/site-packages/px4_vslam_bridge/visual_odometry_bridge.py", line 165, in main
    rclpy.shutdown()
  File "/opt/ros/humble/local/lib/python3.10/dist-packages/rclpy/__init__.py", line 130, in shutdown
    _shutdown(context=context)
  File "/opt/ros/humble/local/lib/python3.10/dist-packages/rclpy/utilities.py", line 58, in shutdown
    return context.shutdown()
  File "/opt/ros/humble/local/lib/python3.10/dist-packages/rclpy/context.py", line 102, in shutdown
    self.__context.shutdown()
rclpy._rclpy_pybind11.RCLError: failed to shutdown: rcl_shutdown already called on the given context, at ./src/rcl/init.c:241
