[INFO] [1788720414.409969495] [vslam_compare]: vslam_compare: logging per-message CSV to /workspaces/isaac_ros-dev/results/route2_probe/r2_none_r116/vslam_compare.csv (exp_id='r2_none_r116')
[INFO] [1788720414.430489311] [vslam_compare]: vslam_compare ready -- watching /visual_slam/tracking/odometry vs /ground_truth/odom
[INFO] [1788720414.431601541] [vslam_compare]: Ground truth origin set: (0.0006614142912440002, -0.020981397479772568, 0.042401984333992004)
[INFO] [1788720414.461384011] [vslam_compare]: cuVSLAM origin set: (0.0, 0.0, 0.0) -- tracking initialized
[INFO] [1788720415.430732597] [vslam_compare]: gt=(-0.0, 0.0, -0.0) vslam=(0.0, 0.0, 0.0) error=0.006m max_error=0.006m (n=1)
[INFO] [1788720416.430826233] [vslam_compare]: gt=(-0.01, 0.02, -0.0) vslam=(0.0, 0.0, 0.0) error=0.018m max_error=0.018m (n=2)
[INFO] [1788720417.430542995] [vslam_compare]: gt=(-0.01, 0.03, -0.0) vslam=(0.0, 0.0, 0.0) error=0.036m max_error=0.036m (n=3)
[INFO] [1788720418.430710389] [vslam_compare]: gt=(-0.01, 0.04, -0.01) vslam=(0.0, 0.0, 0.0) error=0.038m max_error=0.038m (n=4)
[INFO] [1788720419.430778868] [vslam_compare]: gt=(0.0, 0.04, -0.01) vslam=(0.0, 0.0, 0.0) error=0.043m max_error=0.043m (n=5)
[INFO] [1788720420.430609672] [vslam_compare]: gt=(-0.01, 0.04, -0.01) vslam=(0.0, 0.0, 0.0) error=0.045m max_error=0.045m (n=6)
[INFO] [1788720421.430769571] [vslam_compare]: gt=(-0.01, 0.04, -0.01) vslam=(0.0, 0.0, 0.0) error=0.039m max_error=0.045m (n=7)
[INFO] [1788720422.430719207] [vslam_compare]: gt=(-0.01, 0.04, -0.01) vslam=(0.0, 0.0, 0.0) error=0.042m max_error=0.045m (n=8)
[INFO] [1788720423.430696424] [vslam_compare]: gt=(-0.01, 0.03, -0.02) vslam=(0.0, 0.0, 0.0) error=0.036m max_error=0.045m (n=9)
[INFO] [1788720424.430903821] [vslam_compare]: gt=(-0.01, 0.02, -0.02) vslam=(-0.01, 0.02, -0.0) error=0.014m max_error=0.045m (n=10)
[INFO] [1788720425.430917145] [vslam_compare]: gt=(-0.01, 0.02, -0.02) vslam=(0.36, -0.1, -0.57) error=0.672m max_error=0.672m (n=11)
[INFO] [1788720426.430636638] [vslam_compare]: gt=(0.07, -0.02, -0.18) vslam=(0.32, -0.13, -0.6) error=0.503m max_error=0.672m (n=12)
[INFO] [1788720427.430700424] [vslam_compare]: gt=(0.09, -0.04, -0.25) vslam=(0.34, -0.14, -0.6) error=0.443m max_error=0.672m (n=13)
[INFO] [1788720428.430750604] [vslam_compare]: gt=(0.08, -0.06, -0.28) vslam=(0.33, -0.16, -0.64) error=0.448m max_error=0.672m (n=14)
[INFO] [1788720429.430659910] [vslam_compare]: gt=(0.06, -0.02, -0.01) vslam=(0.56, -0.01, -0.42) error=0.647m max_error=0.672m (n=15)
[INFO] [1788720430.430869186] [vslam_compare]: gt=(0.05, 0.01, 1.15) vslam=(1.03, -1.32, -0.12) error=2.083m max_error=2.083m (n=16)
[INFO] [1788720431.430696166] [vslam_compare]: gt=(0.03, -0.29, 2.87) vslam=(2.64, -5.3, -1.28) error=7.010m max_error=7.010m (n=17)
[INFO] [1788720432.430661293] [vslam_compare]: gt=(-0.09, -0.09, 3.73) vslam=(3.43, -7.31, -1.52) error=9.595m max_error=9.595m (n=18)
[INFO] [1788720433.430671143] [vslam_compare]: gt=(-0.13, 0.12, 3.78) vslam=(4.21, -8.92, -1.84) error=11.491m max_error=11.491m (n=19)
[INFO] [1788720434.430751823] [vslam_compare]: gt=(-0.06, -0.04, 4.3) vslam=(5.26, -10.52, -1.93) error=13.303m max_error=13.303m (n=20)
[INFO] [1788720435.431019803] [vslam_compare]: gt=(-0.01, 0.05, 4.64) vslam=(5.6, -10.83, -1.85) error=13.853m max_error=13.853m (n=21)
[INFO] [1788720436.430764853] [vslam_compare]: gt=(-0.02, 0.14, 4.65) vslam=(5.7, -10.87, -1.82) error=13.988m max_error=13.988m (n=22)
[INFO] [1788720437.430859826] [vslam_compare]: gt=(-0.04, 0.13, 4.75) vslam=(5.8, -10.87, -1.92) error=14.130m max_error=14.130m (n=23)
[INFO] [1788720438.430917198] [vslam_compare]: gt=(-0.19, 0.5, 4.94) vslam=(5.57, -10.9, -1.73) error=14.407m max_error=14.407m (n=24)
[INFO] [1788720439.430507764] [vslam_compare]: gt=(-0.45, 1.16, 5.06) vslam=(5.72, -11.84, -2.02) error=16.036m max_error=16.036m (n=25)
[INFO] [1788720440.430575201] [vslam_compare]: gt=(-0.57, 1.79, 5.11) vslam=(6.5, -13.5, -3.27) error=18.810m max_error=18.810m (n=26)
[INFO] [1788720441.430881964] [vslam_compare]: gt=(-0.48, 2.7, 5.1) vslam=(7.8, -15.28, -4.58) error=22.033m max_error=22.033m (n=27)
[INFO] [1788720442.430891048] [vslam_compare]: gt=(-0.33, 3.5, 5.01) vslam=(7.72, -15.31, -4.54) error=22.588m max_error=22.588m (n=28)
[INFO] [1788720443.430687321] [vslam_compare]: gt=(-0.45, 3.82, 4.99) vslam=(8.02, -16.02, -5.1) error=23.813m max_error=23.813m (n=29)
[INFO] [1788720444.430703264] [vslam_compare]: gt=(-0.68, 4.2, 4.97) vslam=(8.13, -16.26, -5.24) error=24.506m max_error=24.506m (n=30)
[INFO] [1788720445.430944647] [vslam_compare]: gt=(-0.72, 4.82, 4.99) vslam=(9.48, -18.3, -6.72) error=27.851m max_error=27.851m (n=31)
[INFO] [1788720446.430694688] [vslam_compare]: gt=(-0.52, 5.57, 5.04) vslam=(9.9, -18.89, -6.93) error=29.160m max_error=29.160m (n=32)
[INFO] [1788720447.430623200] [vslam_compare]: gt=(-0.23, 6.06, 5.15) vslam=(10.75, -19.5, -7.84) error=30.709m max_error=30.709m (n=33)
[INFO] [1788720448.430504242] [vslam_compare]: gt=(0.12, 6.18, 5.19) vslam=(11.74, -19.45, -8.58) error=31.321m max_error=31.321m (n=34)
[INFO] [1788720449.430631421] [vslam_compare]: gt=(0.16, 6.53, 5.16) vslam=(12.34, -19.57, -8.8) error=32.002m max_error=32.002m (n=35)
[INFO] [1788720450.430822248] [vslam_compare]: gt=(0.11, 7.35, 4.96) vslam=(11.85, -20.06, -9.11) error=32.964m max_error=32.964m (n=36)
[INFO] [1788720451.430795835] [vslam_compare]: gt=(-0.01, 7.98, 4.97) vslam=(12.95, -21.37, -9.95) error=35.378m max_error=35.378m (n=37)
[INFO] [1788720452.430943225] [vslam_compare]: gt=(-0.02, 8.02, 4.96) vslam=(12.9, -21.37, -9.93) error=35.397m max_error=35.397m (n=38)
Traceback (most recent call last):
  File "/workspaces/isaac_ros-dev/ros2_ws/install/px4_vslam_bridge/lib/px4_vslam_bridge/vslam_compare", line 33, in <module>
    sys.exit(load_entry_point('px4-vslam-bridge==0.1.0', 'console_scripts', 'vslam_compare')())
  File "/workspaces/isaac_ros-dev/ros2_ws/install/px4_vslam_bridge/lib/python3.10/site-packages/px4_vslam_bridge/vslam_compare.py", line 199, in main
    rclpy.shutdown()
  File "/opt/ros/humble/local/lib/python3.10/dist-packages/rclpy/__init__.py", line 130, in shutdown
    _shutdown(context=context)
  File "/opt/ros/humble/local/lib/python3.10/dist-packages/rclpy/utilities.py", line 58, in shutdown
    return context.shutdown()
  File "/opt/ros/humble/local/lib/python3.10/dist-packages/rclpy/context.py", line 102, in shutdown
    self.__context.shutdown()
rclpy._rclpy_pybind11.RCLError: failed to shutdown: rcl_shutdown already called on the given context, at ./src/rcl/init.c:241
