[INFO] [1788688646.316327630] [vslam_compare]: vslam_compare: logging per-message CSV to /workspaces/isaac_ros-dev/results/feasibility_gate/gate_sweep_poor_high_r10/vslam_compare.csv (exp_id='gate_sweep_poor_high_r10')
[INFO] [1788688646.334732528] [vslam_compare]: vslam_compare ready -- watching /visual_slam/tracking/odometry vs /ground_truth/odom
[INFO] [1788688646.478373643] [vslam_compare]: Ground truth origin set: (-0.0016314458334818482, -0.00017384940292686224, -0.029156073927879333)
[INFO] [1788688647.305855517] [vslam_compare]: cuVSLAM origin set: (0.0, 0.0, 0.0) -- tracking initialized
[INFO] [1788688647.334935960] [vslam_compare]: gt=(0.01, 0.0, -0.0) vslam=(0.0, 0.0, 0.0) error=0.008m max_error=0.008m (n=1)
[INFO] [1788688648.335288923] [vslam_compare]: gt=(0.01, 0.01, 0.01) vslam=(0.0, 0.0, 0.0) error=0.017m max_error=0.017m (n=2)
[INFO] [1788688649.334943133] [vslam_compare]: gt=(0.02, 0.02, 0.01) vslam=(0.0, 0.0, 0.0) error=0.027m max_error=0.027m (n=3)
[INFO] [1788688650.335043948] [vslam_compare]: gt=(-0.0, 0.02, 0.01) vslam=(0.0, 0.0, 0.0) error=0.022m max_error=0.027m (n=4)
[INFO] [1788688651.335157447] [vslam_compare]: gt=(0.01, 0.01, 0.01) vslam=(0.0, 0.0, 0.0) error=0.016m max_error=0.027m (n=5)
[INFO] [1788688652.334927817] [vslam_compare]: gt=(0.02, 0.01, -0.0) vslam=(0.0, 0.0, 0.0) error=0.024m max_error=0.027m (n=6)
[INFO] [1788688653.335218169] [vslam_compare]: gt=(0.02, 0.01, -0.0) vslam=(0.0, 0.0, 0.0) error=0.022m max_error=0.027m (n=7)
[INFO] [1788688654.335121389] [vslam_compare]: gt=(0.03, 0.01, -0.0) vslam=(0.0, 0.0, 0.0) error=0.028m max_error=0.028m (n=8)
[INFO] [1788688655.335416652] [vslam_compare]: gt=(0.02, 0.01, 0.0) vslam=(-0.0, -0.01, -0.02) error=0.032m max_error=0.032m (n=9)
[INFO] [1788688656.335236208] [vslam_compare]: gt=(0.09, 0.01, 0.02) vslam=(0.1, -0.09, -0.04) error=0.116m max_error=0.116m (n=10)
[INFO] [1788688657.335557872] [vslam_compare]: gt=(0.12, 0.04, 0.71) vslam=(0.23, -0.19, 0.51) error=0.327m max_error=0.327m (n=11)
[INFO] [1788688658.335115401] [vslam_compare]: gt=(0.06, -0.1, 2.42) vslam=(0.05, -0.5, 1.83) error=0.717m max_error=0.717m (n=12)
[INFO] [1788688659.335255648] [vslam_compare]: gt=(-0.02, -0.11, 3.69) vslam=(-0.02, -0.38, 2.6) error=1.122m max_error=1.122m (n=13)
[INFO] [1788688660.335137194] [vslam_compare]: gt=(-0.05, -0.02, 4.22) vslam=(-0.18, -0.16, 3.17) error=1.069m max_error=1.122m (n=14)
[INFO] [1788688661.335108948] [vslam_compare]: gt=(-0.04, 0.07, 4.48) vslam=(-0.25, -0.42, 3.22) error=1.360m max_error=1.360m (n=15)
[INFO] [1788688662.334990625] [vslam_compare]: gt=(-0.02, 0.09, 4.64) vslam=(-0.32, -0.83, 2.98) error=1.929m max_error=1.929m (n=16)
[INFO] [1788688663.335265356] [vslam_compare]: gt=(0.01, 0.06, 4.72) vslam=(-0.63, -1.7, 3.03) error=2.514m max_error=2.514m (n=17)
[INFO] [1788688664.335260987] [vslam_compare]: gt=(0.04, 0.04, 4.62) vslam=(-0.63, -1.76, 2.76) error=2.674m max_error=2.674m (n=18)
[INFO] [1788688665.335073818] [vslam_compare]: gt=(0.01, 0.08, 4.62) vslam=(-0.75, -1.91, 2.53) error=2.981m max_error=2.981m (n=19)
[INFO] [1788688666.335141835] [vslam_compare]: gt=(0.15, 0.35, 4.65) vslam=(-0.69, -1.81, 2.45) error=3.193m max_error=3.193m (n=20)
[INFO] [1788688667.335156063] [vslam_compare]: gt=(0.4, 0.96, 4.67) vslam=(-0.49, -1.21, 2.38) error=3.273m max_error=3.273m (n=21)
[INFO] [1788688668.335010132] [vslam_compare]: gt=(0.69, 1.76, 4.68) vslam=(-0.3, -0.38, 2.38) error=3.294m max_error=3.294m (n=22)
[INFO] [1788688669.335038978] [vslam_compare]: gt=(1.05, 2.48, 4.72) vslam=(0.06, 0.33, 2.44) error=3.286m max_error=3.294m (n=23)
[INFO] [1788688670.335131012] [vslam_compare]: gt=(1.31, 3.0, 4.75) vslam=(0.32, 0.99, 2.33) error=3.304m max_error=3.304m (n=24)
[INFO] [1788688671.334985783] [vslam_compare]: gt=(1.43, 3.26, 4.79) vslam=(0.41, 1.4, 2.25) error=3.309m max_error=3.309m (n=25)
[INFO] [1788688672.335179438] [vslam_compare]: gt=(1.37, 3.65, 4.82) vslam=(0.09, 1.04, 2.14) error=3.960m max_error=3.960m (n=26)
[INFO] [1788688673.334885472] [vslam_compare]: gt=(1.44, 4.15, 4.83) vslam=(0.16, 0.85, 2.03) error=4.509m max_error=4.509m (n=27)
[INFO] [1788688674.335123200] [vslam_compare]: gt=(1.7, 4.6, 4.85) vslam=(-2.18, -2.35, 2.41) error=8.333m max_error=8.333m (n=28)
[INFO] [1788688675.335165203] [vslam_compare]: gt=(1.86, 4.99, 4.84) vslam=(-2.93, -3.47, 2.36) error=10.037m max_error=10.037m (n=29)
[INFO] [1788688676.335094875] [vslam_compare]: gt=(1.79, 5.47, 4.8) vslam=(-3.46, -5.7, 3.04) error=12.472m max_error=12.472m (n=30)
[INFO] [1788688677.335110719] [vslam_compare]: gt=(1.68, 6.09, 4.89) vslam=(-3.69, -6.5, 3.29) error=13.783m max_error=13.783m (n=31)
[INFO] [1788688678.334922542] [vslam_compare]: gt=(1.49, 6.64, 4.9) vslam=(-3.82, -6.88, 3.42) error=14.603m max_error=14.603m (n=32)
[INFO] [1788688679.334970105] [vslam_compare]: gt=(1.12, 7.1, 4.99) vslam=(-4.07, -7.84, 3.48) error=15.893m max_error=15.893m (n=33)
[INFO] [1788688680.335189019] [vslam_compare]: gt=(0.6, 7.59, 5.06) vslam=(-4.68, -9.21, 3.57) error=17.676m max_error=17.676m (n=34)
[INFO] [1788688681.335094717] [vslam_compare]: gt=(0.15, 7.88, 5.06) vslam=(-4.79, -10.1, 3.83) error=18.682m max_error=18.682m (n=35)
[INFO] [1788688682.335144194] [vslam_compare]: gt=(0.04, 8.01, 5.05) vslam=(-4.99, -10.41, 3.89) error=19.130m max_error=19.130m (n=36)
[INFO] [1788688683.335415926] [vslam_compare]: gt=(0.11, 8.03, 5.05) vslam=(-1.51, -9.45, 6.87) error=17.644m max_error=19.130m (n=37)
[INFO] [1788688684.335065685] [vslam_compare]: gt=(0.04, 8.07, 5.05) vslam=(-1.51, -9.45, 6.87) error=17.681m max_error=19.130m (n=38)
[INFO] [1788688685.335124940] [vslam_compare]: gt=(-0.05, 8.08, 5.04) vslam=(-1.51, -9.45, 6.87) error=17.681m max_error=19.130m (n=39)
[INFO] [1788688686.335199253] [vslam_compare]: gt=(-0.05, 8.03, 5.04) vslam=(-1.51, -9.45, 6.87) error=17.638m max_error=19.130m (n=40)
[INFO] [1788688687.335099490] [vslam_compare]: gt=(-0.04, 7.99, 5.04) vslam=(-1.51, -9.45, 6.87) error=17.602m max_error=19.130m (n=41)
[INFO] [1788688688.334936889] [vslam_compare]: gt=(-0.01, 8.01, 5.04) vslam=(-1.51, -9.45, 6.87) error=17.618m max_error=19.130m (n=42)
Traceback (most recent call last):
  File "/workspaces/isaac_ros-dev/ros2_ws/install/px4_vslam_bridge/lib/python3.10/site-packages/px4_vslam_bridge/vslam_compare.py", line 194, in main
    rclpy.spin(node)
  File "/opt/ros/humble/local/lib/python3.10/dist-packages/rclpy/__init__.py", line 229, in spin
    executor.spin_once()
  File "/opt/ros/humble/local/lib/python3.10/dist-packages/rclpy/executors.py", line 808, in spin_once
    self._spin_once_impl(timeout_sec)
  File "/opt/ros/humble/local/lib/python3.10/dist-packages/rclpy/executors.py", line 797, in _spin_once_impl
    handler, entity, node = self.wait_for_ready_callbacks(timeout_sec=timeout_sec)
  File "/opt/ros/humble/local/lib/python3.10/dist-packages/rclpy/executors.py", line 780, in wait_for_ready_callbacks
    return next(self._cb_iter)
  File "/opt/ros/humble/local/lib/python3.10/dist-packages/rclpy/executors.py", line 681, in _wait_for_ready_callbacks
    raise ExternalShutdownException()
rclpy.executors.ExternalShutdownException

During handling of the above exception, another exception occurred:

Traceback (most recent call last):
  File "/workspaces/isaac_ros-dev/ros2_ws/install/px4_vslam_bridge/lib/px4_vslam_bridge/vslam_compare", line 33, in <module>
    sys.exit(load_entry_point('px4-vslam-bridge==0.1.0', 'console_scripts', 'vslam_compare')())
  File "/workspaces/isaac_ros-dev/ros2_ws/install/px4_vslam_bridge/lib/python3.10/site-packages/px4_vslam_bridge/vslam_compare.py", line 199, in main
    rclpy.shutdown()
  File "/opt/ros/humble/local/lib/python3.10/dist-packages/rclpy/__init__.py", line 130, in shutdown
    _shutdown(context=context)
  File "/opt/ros/humble/local/lib/python3.10/dist-packages/rclpy/utilities.py", line 58, in shutdown
    return context.shutdown()
  File "/opt/ros/humble/local/lib/python3.10/dist-packages/rclpy/context.py", line 102, in shutdown
    self.__context.shutdown()
rclpy._rclpy_pybind11.RCLError: failed to shutdown: rcl_shutdown already called on the given context, at ./src/rcl/init.c:241
