[INFO] [1788715388.884130960] [visual_odometry_bridge]: visual_odometry_bridge ready: /visual_slam/tracking/odometry -> /fmu/in/vehicle_visual_odometry
[INFO] [1788715393.902395647] [visual_odometry_bridge]: published 100 vehicle_visual_odometry samples (last NED pos=(0.00,0.00,-0.00))
[INFO] [1788715403.716064627] [visual_odometry_bridge]: published 300 vehicle_visual_odometry samples (last NED pos=(0.01,0.29,0.07))
[WARN] [1788715406.955509513] [visual_odometry_bridge]: Rejected cuVSLAM update: implied speed 9.5 m/s (jumped 0.34m in 36ms) -- holding last known-good position, not forwarding to EKF2. (1 rejected total)
[INFO] [1788715408.956704125] [visual_odometry_bridge]: published 400 vehicle_visual_odometry samples (last NED pos=(3.84,-3.70,-3.45))
[WARN] [1788715413.709803646] [visual_odometry_bridge]: Rejected cuVSLAM update: implied speed 9.4 m/s (jumped 0.30m in 32ms) -- holding last known-good position, not forwarding to EKF2. (7 rejected total)
[INFO] [1788715413.960819829] [visual_odometry_bridge]: published 500 vehicle_visual_odometry samples (last NED pos=(3.12,-5.49,-4.14))
[WARN] [1788715417.198130071] [visual_odometry_bridge]: Rejected cuVSLAM update: implied speed 13.2 m/s (jumped 0.42m in 32ms) -- holding last known-good position, not forwarding to EKF2. (12 rejected total)
[WARN] [1788715418.238073371] [visual_odometry_bridge]: Rejected cuVSLAM update: implied speed 12.8 m/s (jumped 1.28m in 100ms) -- holding last known-good position, not forwarding to EKF2. (15 rejected total)
[WARN] [1788715419.282515136] [visual_odometry_bridge]: Rejected cuVSLAM update: implied speed 10.5 m/s (jumped 1.39m in 132ms) -- holding last known-good position, not forwarding to EKF2. (26 rejected total)
[INFO] [1788715420.179536286] [visual_odometry_bridge]: published 600 vehicle_visual_odometry samples (last NED pos=(9.24,-8.17,-2.98))
[WARN] [1788715421.717107312] [visual_odometry_bridge]: Rejected cuVSLAM update: implied speed 13.9 m/s (jumped 0.45m in 32ms) -- holding last known-good position, not forwarding to EKF2. (29 rejected total)
[WARN] [1788715422.730575934] [visual_odometry_bridge]: Rejected cuVSLAM update: implied speed 11.3 m/s (jumped 0.72m in 64ms) -- holding last known-good position, not forwarding to EKF2. (32 rejected total)
[WARN] [1788715423.776877703] [visual_odometry_bridge]: Rejected cuVSLAM update: implied speed 13.4 m/s (jumped 0.43m in 32ms) -- holding last known-good position, not forwarding to EKF2. (36 rejected total)
Traceback (most recent call last):
  File "/workspaces/isaac_ros-dev/ros2_ws/install/px4_vslam_bridge/lib/python3.10/site-packages/px4_vslam_bridge/visual_odometry_bridge.py", line 160, in main
    rclpy.spin(node)
  File "/opt/ros/humble/local/lib/python3.10/dist-packages/rclpy/__init__.py", line 229, in spin
    executor.spin_once()
  File "/opt/ros/humble/local/lib/python3.10/dist-packages/rclpy/executors.py", line 808, in spin_once
    self._spin_once_impl(timeout_sec)
  File "/opt/ros/humble/local/lib/python3.10/dist-packages/rclpy/executors.py", line 797, in _spin_once_impl
    handler, entity, node = self.wait_for_ready_callbacks(timeout_sec=timeout_sec)
  File "/opt/ros/humble/local/lib/python3.10/dist-packages/rclpy/executors.py", line 780, in wait_for_ready_callbacks
    return next(self._cb_iter)
  File "/opt/ros/humble/local/lib/python3.10/dist-packages/rclpy/executors.py", line 681, in _wait_for_ready_callbacks
    raise ExternalShutdownException()
rclpy.executors.ExternalShutdownException

During handling of the above exception, another exception occurred:

Traceback (most recent call last):
  File "/workspaces/isaac_ros-dev/ros2_ws/install/px4_vslam_bridge/lib/px4_vslam_bridge/visual_odometry_bridge", line 33, in <module>
    sys.exit(load_entry_point('px4-vslam-bridge==0.1.0', 'console_scripts', 'visual_odometry_bridge')())
  File "/workspaces/isaac_ros-dev/ros2_ws/install/px4_vslam_bridge/lib/python3.10/site-packages/px4_vslam_bridge/visual_odometry_bridge.py", line 165, in main
    rclpy.shutdown()
  File "/opt/ros/humble/local/lib/python3.10/dist-packages/rclpy/__init__.py", line 130, in shutdown
    _shutdown(context=context)
  File "/opt/ros/humble/local/lib/python3.10/dist-packages/rclpy/utilities.py", line 58, in shutdown
    return context.shutdown()
  File "/opt/ros/humble/local/lib/python3.10/dist-packages/rclpy/context.py", line 102, in shutdown
    self.__context.shutdown()
rclpy._rclpy_pybind11.RCLError: failed to shutdown: rcl_shutdown already called on the given context, at ./src/rcl/init.c:241
