[INFO] [1788715391.482949523] [vslam_compare]: vslam_compare: logging per-message CSV to /workspaces/isaac_ros-dev/results/route2_probe/r2_medium_r101/vslam_compare.csv (exp_id='r2_medium_r101')
[INFO] [1788715391.503430218] [vslam_compare]: vslam_compare ready -- watching /visual_slam/tracking/odometry vs /ground_truth/odom
[INFO] [1788715391.504549859] [vslam_compare]: Ground truth origin set: (0.009549406357109547, -0.008493106812238693, 0.023348093032836914)
[INFO] [1788715392.244006617] [vslam_compare]: cuVSLAM origin set: (0.0, 0.0, 0.0) -- tracking initialized
[INFO] [1788715392.503656363] [vslam_compare]: gt=(0.0, -0.0, 0.01) vslam=(0.0, 0.0, 0.0) error=0.008m max_error=0.008m (n=1)
[INFO] [1788715393.503596842] [vslam_compare]: gt=(0.0, -0.01, 0.01) vslam=(0.0, 0.0, 0.0) error=0.011m max_error=0.011m (n=2)
[INFO] [1788715394.503713400] [vslam_compare]: gt=(-0.01, 0.01, 0.01) vslam=(0.0, 0.0, 0.0) error=0.015m max_error=0.015m (n=3)
[INFO] [1788715395.503445845] [vslam_compare]: gt=(-0.0, 0.01, 0.02) vslam=(0.0, 0.0, 0.0) error=0.019m max_error=0.019m (n=4)
[INFO] [1788715396.503471630] [vslam_compare]: gt=(-0.0, -0.0, 0.02) vslam=(0.0, 0.0, 0.0) error=0.018m max_error=0.019m (n=5)
[INFO] [1788715397.503580698] [vslam_compare]: gt=(0.01, -0.01, 0.02) vslam=(0.0, 0.0, 0.0) error=0.020m max_error=0.020m (n=6)
[INFO] [1788715398.503732021] [vslam_compare]: gt=(0.01, -0.0, 0.01) vslam=(0.0, 0.0, 0.0) error=0.019m max_error=0.020m (n=7)
[INFO] [1788715399.503867058] [vslam_compare]: gt=(0.02, 0.0, 0.01) vslam=(0.01, 0.0, -0.0) error=0.022m max_error=0.022m (n=8)
[INFO] [1788715400.503686663] [vslam_compare]: gt=(0.04, 0.02, 0.01) vslam=(0.15, 0.18, -0.18) error=0.269m max_error=0.269m (n=9)
[INFO] [1788715401.503654012] [vslam_compare]: gt=(0.07, 0.06, -0.04) vslam=(0.15, 0.24, -0.17) error=0.240m max_error=0.269m (n=10)
[INFO] [1788715402.503656773] [vslam_compare]: gt=(0.07, 0.08, -0.06) vslam=(0.15, 0.25, -0.17) error=0.213m max_error=0.269m (n=11)
[INFO] [1788715403.503786149] [vslam_compare]: gt=(0.08, 0.08, -0.06) vslam=(0.28, 0.06, -0.09) error=0.197m max_error=0.269m (n=12)
[INFO] [1788715404.503810441] [vslam_compare]: gt=(0.11, 0.02, -0.01) vslam=(0.31, -0.12, -0.01) error=0.244m max_error=0.269m (n=13)
[INFO] [1788715405.503454327] [vslam_compare]: gt=(0.08, -0.03, 0.88) vslam=(0.24, 0.06, 0.59) error=0.346m max_error=0.346m (n=14)
[INFO] [1788715406.503971563] [vslam_compare]: gt=(0.03, 0.06, 2.47) vslam=(-0.5, 0.91, 1.9) error=1.156m max_error=1.156m (n=15)
[INFO] [1788715407.503417714] [vslam_compare]: gt=(-0.23, 0.26, 3.72) vslam=(-1.51, 2.13, 2.87) error=2.423m max_error=2.423m (n=16)
[INFO] [1788715408.503581460] [vslam_compare]: gt=(-0.46, 0.43, 4.22) vslam=(-3.3, 3.74, 3.34) error=4.447m max_error=4.447m (n=17)
[INFO] [1788715409.503777431] [vslam_compare]: gt=(-0.58, 0.47, 4.52) vslam=(-4.06, 3.87, 3.54) error=4.961m max_error=4.961m (n=18)
[INFO] [1788715410.503524176] [vslam_compare]: gt=(-0.36, 0.13, 4.7) vslam=(-4.79, 3.7, 3.58) error=5.799m max_error=5.799m (n=19)
[INFO] [1788715411.503584169] [vslam_compare]: gt=(-0.12, -0.23, 4.82) vslam=(-5.37, 3.38, 3.67) error=6.470m max_error=6.470m (n=20)
[INFO] [1788715412.503753254] [vslam_compare]: gt=(0.04, -0.4, 4.9) vslam=(-5.59, 3.17, 3.78) error=6.765m max_error=6.765m (n=21)
[INFO] [1788715413.503621344] [vslam_compare]: gt=(0.2, -0.4, 4.97) vslam=(-5.57, 2.89, 3.94) error=6.718m max_error=6.765m (n=22)
[INFO] [1788715414.503582825] [vslam_compare]: gt=(0.32, -0.32, 5.03) vslam=(-6.65, 3.68, 4.02) error=8.102m max_error=8.102m (n=23)
[INFO] [1788715415.503692712] [vslam_compare]: gt=(0.19, -0.17, 5.06) vslam=(-6.3, 3.76, 3.95) error=7.674m max_error=8.102m (n=24)
[INFO] [1788715416.503440437] [vslam_compare]: gt=(0.11, -0.05, 5.17) vslam=(-6.03, 3.82, 4.02) error=7.351m max_error=8.102m (n=25)
[INFO] [1788715417.503725626] [vslam_compare]: gt=(0.18, 0.25, 5.24) vslam=(-5.96, 4.26, 4.13) error=7.416m max_error=8.102m (n=26)
[INFO] [1788715418.504035155] [vslam_compare]: gt=(-0.01, 0.84, 5.23) vslam=(-6.49, 5.89, 3.81) error=8.346m max_error=8.346m (n=27)
[INFO] [1788715419.503894637] [vslam_compare]: gt=(-0.46, 1.6, 5.16) vslam=(-7.86, 8.25, 3.12) error=10.154m max_error=10.154m (n=28)
[INFO] [1788715420.503633785] [vslam_compare]: gt=(-0.97, 2.47, 5.07) vslam=(-7.92, 9.23, 3.06) error=9.893m max_error=10.154m (n=29)
[INFO] [1788715421.503812942] [vslam_compare]: gt=(-1.15, 3.21, 5.05) vslam=(-7.31, 9.02, 3.32) error=8.638m max_error=10.154m (n=30)
[INFO] [1788715422.504005168] [vslam_compare]: gt=(-0.98, 3.54, 5.12) vslam=(-7.3, 9.66, 3.49) error=8.949m max_error=10.154m (n=31)
[INFO] [1788715423.503732909] [vslam_compare]: gt=(-1.11, 3.84, 5.18) vslam=(-8.23, 10.82, 3.05) error=10.199m max_error=10.199m (n=32)
[INFO] [1788715424.503416010] [vslam_compare]: gt=(-1.73, 4.18, 5.12) vslam=(-4.11, 14.33, -0.06) error=11.638m max_error=11.638m (n=33)
[INFO] [1788715425.503857342] [vslam_compare]: gt=(-2.32, 4.51, 5.11) vslam=(-3.63, 14.57, -0.17) error=11.432m max_error=11.638m (n=34)
[INFO] [1788715426.503840701] [vslam_compare]: gt=(-2.86, 5.1, 5.11) vslam=(-4.17, 15.39, -0.41) error=11.754m max_error=11.754m (n=35)
[INFO] [1788715427.503898837] [vslam_compare]: gt=(-3.26, 5.63, 4.93) vslam=(-4.96, 16.77, -0.93) error=12.706m max_error=12.706m (n=36)
Traceback (most recent call last):
  File "/workspaces/isaac_ros-dev/ros2_ws/install/px4_vslam_bridge/lib/python3.10/site-packages/px4_vslam_bridge/vslam_compare.py", line 194, in main
    rclpy.spin(node)
  File "/opt/ros/humble/local/lib/python3.10/dist-packages/rclpy/__init__.py", line 229, in spin
    executor.spin_once()
  File "/opt/ros/humble/local/lib/python3.10/dist-packages/rclpy/executors.py", line 808, in spin_once
    self._spin_once_impl(timeout_sec)
  File "/opt/ros/humble/local/lib/python3.10/dist-packages/rclpy/executors.py", line 797, in _spin_once_impl
    handler, entity, node = self.wait_for_ready_callbacks(timeout_sec=timeout_sec)
  File "/opt/ros/humble/local/lib/python3.10/dist-packages/rclpy/executors.py", line 780, in wait_for_ready_callbacks
    return next(self._cb_iter)
  File "/opt/ros/humble/local/lib/python3.10/dist-packages/rclpy/executors.py", line 681, in _wait_for_ready_callbacks
    raise ExternalShutdownException()
rclpy.executors.ExternalShutdownException

During handling of the above exception, another exception occurred:

Traceback (most recent call last):
  File "/workspaces/isaac_ros-dev/ros2_ws/install/px4_vslam_bridge/lib/px4_vslam_bridge/vslam_compare", line 33, in <module>
    sys.exit(load_entry_point('px4-vslam-bridge==0.1.0', 'console_scripts', 'vslam_compare')())
  File "/workspaces/isaac_ros-dev/ros2_ws/install/px4_vslam_bridge/lib/python3.10/site-packages/px4_vslam_bridge/vslam_compare.py", line 199, in main
    rclpy.shutdown()
  File "/opt/ros/humble/local/lib/python3.10/dist-packages/rclpy/__init__.py", line 130, in shutdown
    _shutdown(context=context)
  File "/opt/ros/humble/local/lib/python3.10/dist-packages/rclpy/utilities.py", line 58, in shutdown
    return context.shutdown()
  File "/opt/ros/humble/local/lib/python3.10/dist-packages/rclpy/context.py", line 102, in shutdown
    self.__context.shutdown()
rclpy._rclpy_pybind11.RCLError: failed to shutdown: rcl_shutdown already called on the given context, at ./src/rcl/init.c:241
