[INFO] [1788753244.007671769] [visual_odometry_bridge]: visual_odometry_bridge ready: /visual_slam/tracking/odometry -> /fmu/in/vehicle_visual_odometry
[INFO] [1788753248.659525445] [visual_odometry_bridge]: published 100 vehicle_visual_odometry samples (last NED pos=(0.00,0.00,-0.00))
[INFO] [1788753257.941118834] [visual_odometry_bridge]: published 300 vehicle_visual_odometry samples (last NED pos=(0.00,0.00,-0.00))
[WARN] [1788753264.215235589] [visual_odometry_bridge]: Rejected cuVSLAM update: implied speed 9.0 m/s (jumped 0.29m in 32ms) -- holding last known-good position, not forwarding to EKF2. (1 rejected total)
[WARN] [1788753266.059238693] [visual_odometry_bridge]: Rejected cuVSLAM update: implied speed 13.1 m/s (jumped 0.42m in 32ms) -- holding last known-good position, not forwarding to EKF2. (2 rejected total)
[WARN] [1788753267.218970571] [visual_odometry_bridge]: Rejected cuVSLAM update: implied speed 10.8 m/s (jumped 0.34m in 32ms) -- holding last known-good position, not forwarding to EKF2. (7 rejected total)
[INFO] [1788753267.590536278] [visual_odometry_bridge]: published 500 vehicle_visual_odometry samples (last NED pos=(1.96,-0.37,-8.33))
[WARN] [1788753272.433922872] [visual_odometry_bridge]: Rejected cuVSLAM update: implied speed 9.4 m/s (jumped 0.30m in 32ms) -- holding last known-good position, not forwarding to EKF2. (10 rejected total)
[WARN] [1788753274.825061407] [visual_odometry_bridge]: Rejected cuVSLAM update: implied speed 9.2 m/s (jumped 0.30m in 32ms) -- holding last known-good position, not forwarding to EKF2. (12 rejected total)
[INFO] [1788753277.099138992] [visual_odometry_bridge]: published 700 vehicle_visual_odometry samples (last NED pos=(3.87,-0.17,-8.59))
[WARN] [1788753283.315812534] [visual_odometry_bridge]: Rejected cuVSLAM update: implied speed 8.2 m/s (jumped 0.26m in 32ms) -- holding last known-good position, not forwarding to EKF2. (13 rejected total)
[INFO] [1788753286.572517024] [visual_odometry_bridge]: published 900 vehicle_visual_odometry samples (last NED pos=(6.57,1.82,-6.42))
[WARN] [1788753287.675491493] [visual_odometry_bridge]: Rejected cuVSLAM update: implied speed 11.7 m/s (jumped 0.42m in 36ms) -- holding last known-good position, not forwarding to EKF2. (15 rejected total)
[WARN] [1788753288.699664972] [visual_odometry_bridge]: Rejected cuVSLAM update: implied speed 11.4 m/s (jumped 0.73m in 64ms) -- holding last known-good position, not forwarding to EKF2. (17 rejected total)
[WARN] [1788753292.469519539] [visual_odometry_bridge]: Rejected cuVSLAM update: implied speed 24.2 m/s (jumped 0.78m in 32ms) -- holding last known-good position, not forwarding to EKF2. (19 rejected total)
[WARN] [1788753295.340363418] [visual_odometry_bridge]: Rejected cuVSLAM update: implied speed 10.1 m/s (jumped 0.32m in 32ms) -- holding last known-good position, not forwarding to EKF2. (25 rejected total)
[INFO] [1788753296.378316366] [visual_odometry_bridge]: published 1100 vehicle_visual_odometry samples (last NED pos=(4.63,7.78,-7.29))
[WARN] [1788753297.769100335] [visual_odometry_bridge]: Rejected cuVSLAM update: implied speed 13.7 m/s (jumped 0.44m in 32ms) -- holding last known-good position, not forwarding to EKF2. (26 rejected total)
Traceback (most recent call last):
  File "/workspaces/isaac_ros-dev/ros2_ws/install/px4_vslam_bridge/lib/python3.10/site-packages/px4_vslam_bridge/visual_odometry_bridge.py", line 160, in main
    rclpy.spin(node)
  File "/opt/ros/humble/local/lib/python3.10/dist-packages/rclpy/__init__.py", line 229, in spin
    executor.spin_once()
  File "/opt/ros/humble/local/lib/python3.10/dist-packages/rclpy/executors.py", line 808, in spin_once
    self._spin_once_impl(timeout_sec)
  File "/opt/ros/humble/local/lib/python3.10/dist-packages/rclpy/executors.py", line 797, in _spin_once_impl
    handler, entity, node = self.wait_for_ready_callbacks(timeout_sec=timeout_sec)
  File "/opt/ros/humble/local/lib/python3.10/dist-packages/rclpy/executors.py", line 780, in wait_for_ready_callbacks
    return next(self._cb_iter)
  File "/opt/ros/humble/local/lib/python3.10/dist-packages/rclpy/executors.py", line 681, in _wait_for_ready_callbacks
    raise ExternalShutdownException()
rclpy.executors.ExternalShutdownException

During handling of the above exception, another exception occurred:

Traceback (most recent call last):
  File "/workspaces/isaac_ros-dev/ros2_ws/install/px4_vslam_bridge/lib/px4_vslam_bridge/visual_odometry_bridge", line 33, in <module>
    sys.exit(load_entry_point('px4-vslam-bridge==0.1.0', 'console_scripts', 'visual_odometry_bridge')())
  File "/workspaces/isaac_ros-dev/ros2_ws/install/px4_vslam_bridge/lib/python3.10/site-packages/px4_vslam_bridge/visual_odometry_bridge.py", line 165, in main
    rclpy.shutdown()
  File "/opt/ros/humble/local/lib/python3.10/dist-packages/rclpy/__init__.py", line 130, in shutdown
    _shutdown(context=context)
  File "/opt/ros/humble/local/lib/python3.10/dist-packages/rclpy/utilities.py", line 58, in shutdown
    return context.shutdown()
  File "/opt/ros/humble/local/lib/python3.10/dist-packages/rclpy/context.py", line 102, in shutdown
    self.__context.shutdown()
rclpy._rclpy_pybind11.RCLError: failed to shutdown: rcl_shutdown already called on the given context, at ./src/rcl/init.c:241
