[INFO] [1788753246.906878758] [vslam_compare]: vslam_compare: logging per-message CSV to /workspaces/isaac_ros-dev/results/route2_probe/r2_2_L0_r04/vslam_compare.csv (exp_id='r2_2_L0_r04')
[INFO] [1788753246.925965468] [vslam_compare]: vslam_compare ready -- watching /visual_slam/tracking/odometry vs /ground_truth/odom
[INFO] [1788753247.454460709] [vslam_compare]: cuVSLAM origin set: (0.0, 0.0, 0.0) -- tracking initialized
[WARN] [1788753247.926240676] [vslam_compare]: No /ground_truth/odom data yet.
[INFO] [1788753248.859506469] [vslam_compare]: Ground truth origin set: (0.06527417153120041, 0.02238643541932106, -0.07465697824954987)
[INFO] [1788753248.926061716] [vslam_compare]: gt=(0.0, -0.0, -0.0) vslam=(0.0, 0.0, 0.0) error=0.001m max_error=0.001m (n=1)
[INFO] [1788753249.926345342] [vslam_compare]: gt=(-0.0, -0.0, -0.0) vslam=(0.0, 0.0, 0.0) error=0.005m max_error=0.005m (n=2)
[INFO] [1788753250.926530410] [vslam_compare]: gt=(-0.02, -0.01, -0.0) vslam=(0.0, 0.0, 0.0) error=0.022m max_error=0.022m (n=3)
[INFO] [1788753251.926168333] [vslam_compare]: gt=(-0.02, 0.01, 0.0) vslam=(0.0, 0.0, 0.0) error=0.026m max_error=0.026m (n=4)
[INFO] [1788753252.926299650] [vslam_compare]: gt=(-0.02, 0.01, 0.01) vslam=(0.0, 0.0, 0.0) error=0.027m max_error=0.027m (n=5)
[INFO] [1788753253.926291361] [vslam_compare]: gt=(-0.02, 0.02, 0.01) vslam=(0.0, 0.0, 0.0) error=0.032m max_error=0.032m (n=6)
[INFO] [1788753254.926432529] [vslam_compare]: gt=(-0.03, 0.02, 0.01) vslam=(0.0, 0.0, 0.0) error=0.037m max_error=0.037m (n=7)
[INFO] [1788753255.926216915] [vslam_compare]: gt=(-0.02, 0.02, 0.02) vslam=(0.0, 0.0, 0.0) error=0.031m max_error=0.037m (n=8)
[INFO] [1788753256.926110261] [vslam_compare]: gt=(-0.01, 0.02, 0.02) vslam=(0.0, 0.0, 0.0) error=0.026m max_error=0.037m (n=9)
[INFO] [1788753257.926104781] [vslam_compare]: gt=(-0.01, 0.01, 0.02) vslam=(0.0, 0.0, 0.0) error=0.026m max_error=0.037m (n=10)
[INFO] [1788753258.926235201] [vslam_compare]: gt=(-0.01, 0.0, 0.02) vslam=(0.0, -0.01, -0.0) error=0.025m max_error=0.037m (n=11)
[INFO] [1788753259.926048997] [vslam_compare]: gt=(0.02, 0.01, 0.08) vslam=(0.14, -0.08, -0.0) error=0.172m max_error=0.172m (n=12)
[INFO] [1788753260.926212041] [vslam_compare]: gt=(0.01, 0.0, 0.97) vslam=(0.14, -0.09, 0.72) error=0.287m max_error=0.287m (n=13)
[INFO] [1788753261.926343426] [vslam_compare]: gt=(-0.03, -0.01, 2.7) vslam=(-0.02, -0.15, 2.47) error=0.275m max_error=0.287m (n=14)
[INFO] [1788753262.926456647] [vslam_compare]: gt=(-0.15, -0.03, 3.95) vslam=(-0.11, -0.15, 4.39) error=0.463m max_error=0.463m (n=15)
[INFO] [1788753263.926014767] [vslam_compare]: gt=(-0.15, -0.0, 4.61) vslam=(-0.13, -0.05, 5.38) error=0.775m max_error=0.775m (n=16)
[INFO] [1788753264.926511723] [vslam_compare]: gt=(-0.11, 0.04, 4.89) vslam=(-0.14, 0.18, 6.18) error=1.303m max_error=1.303m (n=17)
[INFO] [1788753265.926488886] [vslam_compare]: gt=(-0.01, -0.02, 5.03) vslam=(0.17, 0.0, 6.01) error=0.994m max_error=1.303m (n=18)
[INFO] [1788753266.926147180] [vslam_compare]: gt=(0.15, -0.13, 5.16) vslam=(-0.18, 1.01, 7.7) error=2.798m max_error=2.798m (n=19)
[INFO] [1788753267.926707851] [vslam_compare]: gt=(0.25, -0.12, 5.5) vslam=(-0.41, 2.15, 8.49) error=3.807m max_error=3.807m (n=20)
[INFO] [1788753268.926290512] [vslam_compare]: gt=(0.35, -0.07, 5.78) vslam=(-0.69, 3.27, 8.98) error=4.744m max_error=4.744m (n=21)
[INFO] [1788753269.926347140] [vslam_compare]: gt=(0.46, -0.09, 5.91) vslam=(-0.54, 3.29, 8.93) error=4.641m max_error=4.744m (n=22)
[INFO] [1788753270.926250877] [vslam_compare]: gt=(0.63, -0.28, 5.89) vslam=(-0.37, 2.83, 9.01) error=4.523m max_error=4.744m (n=23)
[INFO] [1788753271.926243164] [vslam_compare]: gt=(0.73, -0.59, 5.79) vslam=(-0.53, 3.25, 8.69) error=4.980m max_error=4.980m (n=24)
[INFO] [1788753272.926264627] [vslam_compare]: gt=(0.76, -0.82, 5.69) vslam=(-0.76, 3.56, 8.6) error=5.478m max_error=5.478m (n=25)
[INFO] [1788753273.926236096] [vslam_compare]: gt=(0.91, -0.92, 5.59) vslam=(-0.7, 3.3, 8.38) error=5.308m max_error=5.478m (n=26)
[INFO] [1788753274.926191645] [vslam_compare]: gt=(1.01, -0.99, 5.51) vslam=(-0.45, 3.22, 8.64) error=5.437m max_error=5.478m (n=27)
[INFO] [1788753275.926354681] [vslam_compare]: gt=(0.8, -0.92, 5.53) vslam=(-0.58, 3.58, 8.57) error=5.607m max_error=5.607m (n=28)
[INFO] [1788753276.926333496] [vslam_compare]: gt=(1.07, -1.02, 5.53) vslam=(-0.22, 3.96, 8.57) error=5.968m max_error=5.968m (n=29)
[INFO] [1788753277.926525940] [vslam_compare]: gt=(1.17, -1.07, 5.5) vslam=(-0.2, 3.86, 8.6) error=5.980m max_error=5.980m (n=30)
[INFO] [1788753278.926158595] [vslam_compare]: gt=(-0.24, -0.39, 5.34) vslam=(-1.54, 4.77, 8.25) error=6.065m max_error=6.065m (n=31)
[INFO] [1788753279.926308570] [vslam_compare]: gt=(-0.65, -0.05, 5.02) vslam=(-2.2, 5.46, 7.98) error=6.444m max_error=6.444m (n=32)
[INFO] [1788753280.926307857] [vslam_compare]: gt=(-0.39, -0.16, 4.92) vslam=(-2.0, 5.62, 7.69) error=6.613m max_error=6.613m (n=33)
[INFO] [1788753281.926138523] [vslam_compare]: gt=(-0.22, -0.09, 4.88) vslam=(-1.15, 6.08, 7.67) error=6.836m max_error=6.836m (n=34)
[INFO] [1788753282.926195692] [vslam_compare]: gt=(0.04, 0.02, 4.76) vslam=(-0.64, 6.32, 7.59) error=6.946m max_error=6.946m (n=35)
[INFO] [1788753283.926262601] [vslam_compare]: gt=(0.34, 0.07, 4.62) vslam=(0.04, 6.65, 7.23) error=7.087m max_error=7.087m (n=36)
[INFO] [1788753284.926158614] [vslam_compare]: gt=(0.58, 0.01, 4.46) vslam=(1.12, 7.0, 6.9) error=7.416m max_error=7.416m (n=37)
[INFO] [1788753285.926348810] [vslam_compare]: gt=(0.7, -0.17, 4.29) vslam=(1.58, 6.81, 6.76) error=7.453m max_error=7.453m (n=38)
[INFO] [1788753286.926074520] [vslam_compare]: gt=(0.76, -0.41, 4.09) vslam=(1.83, 6.5, 6.44) error=7.379m max_error=7.453m (n=39)
[INFO] [1788753287.926041951] [vslam_compare]: gt=(0.77, -0.67, 3.99) vslam=(1.92, 5.85, 6.61) error=7.120m max_error=7.453m (n=40)
[INFO] [1788753288.926143801] [vslam_compare]: gt=(0.73, -1.0, 3.95) vslam=(2.77, 5.26, 6.83) error=7.191m max_error=7.453m (n=41)
[INFO] [1788753289.926216926] [vslam_compare]: gt=(0.82, -1.29, 3.97) vslam=(2.83, 5.1, 6.87) error=7.305m max_error=7.453m (n=42)
[INFO] [1788753290.926286215] [vslam_compare]: gt=(1.03, -1.42, 3.96) vslam=(3.07, 5.07, 6.76) error=7.353m max_error=7.453m (n=43)
[INFO] [1788753291.926237219] [vslam_compare]: gt=(1.14, -1.5, 3.9) vslam=(3.23, 5.05, 6.73) error=7.437m max_error=7.453m (n=44)
[INFO] [1788753292.926263657] [vslam_compare]: gt=(1.23, -1.61, 4.03) vslam=(4.95, 5.09, 7.03) error=8.229m max_error=8.229m (n=45)
[INFO] [1788753293.926083301] [vslam_compare]: gt=(1.51, -1.75, 4.17) vslam=(6.79, 4.95, 7.26) error=9.071m max_error=9.071m (n=46)
[INFO] [1788753294.926189163] [vslam_compare]: gt=(1.89, -1.88, 4.29) vslam=(7.32, 4.73, 7.4) error=9.101m max_error=9.101m (n=47)
[INFO] [1788753295.926009109] [vslam_compare]: gt=(2.03, -2.0, 4.38) vslam=(7.79, 4.72, 7.25) error=9.299m max_error=9.299m (n=48)
[INFO] [1788753296.926213571] [vslam_compare]: gt=(1.93, -2.18, 4.43) vslam=(7.72, 4.34, 7.44) error=9.230m max_error=9.299m (n=49)
[INFO] [1788753297.926321339] [vslam_compare]: gt=(1.75, -2.39, 4.49) vslam=(8.47, 3.48, 7.67) error=9.476m max_error=9.476m (n=50)
[INFO] [1788753298.926226098] [vslam_compare]: gt=(1.71, -2.56, 4.53) vslam=(8.5, 3.34, 7.72) error=9.548m max_error=9.548m (n=51)
[INFO] [1788753299.926420634] [vslam_compare]: gt=(1.72, -2.58, 4.54) vslam=(8.52, 3.34, 7.74) error=9.568m max_error=9.568m (n=52)
[INFO] [1788753300.926219643] [vslam_compare]: gt=(1.68, -2.5, 4.54) vslam=(8.95, 3.07, 8.07) error=9.819m max_error=9.819m (n=53)
[INFO] [1788753301.926267460] [vslam_compare]: gt=(1.64, -2.42, 4.52) vslam=(8.93, 3.08, 8.08) error=9.798m max_error=9.819m (n=54)
[INFO] [1788753302.926215145] [vslam_compare]: gt=(1.67, -2.4, 4.51) vslam=(9.06, 2.93, 8.15) error=9.820m max_error=9.820m (n=55)
[INFO] [1788753303.926340201] [vslam_compare]: gt=(1.79, -2.39, 4.43) vslam=(9.16, 2.74, 8.08) error=9.686m max_error=9.820m (n=56)
Traceback (most recent call last):
  File "/workspaces/isaac_ros-dev/ros2_ws/install/px4_vslam_bridge/lib/python3.10/site-packages/px4_vslam_bridge/vslam_compare.py", line 194, in main
    rclpy.spin(node)
  File "/opt/ros/humble/local/lib/python3.10/dist-packages/rclpy/__init__.py", line 229, in spin
    executor.spin_once()
  File "/opt/ros/humble/local/lib/python3.10/dist-packages/rclpy/executors.py", line 808, in spin_once
    self._spin_once_impl(timeout_sec)
  File "/opt/ros/humble/local/lib/python3.10/dist-packages/rclpy/executors.py", line 797, in _spin_once_impl
    handler, entity, node = self.wait_for_ready_callbacks(timeout_sec=timeout_sec)
  File "/opt/ros/humble/local/lib/python3.10/dist-packages/rclpy/executors.py", line 780, in wait_for_ready_callbacks
    return next(self._cb_iter)
  File "/opt/ros/humble/local/lib/python3.10/dist-packages/rclpy/executors.py", line 681, in _wait_for_ready_callbacks
    raise ExternalShutdownException()
rclpy.executors.ExternalShutdownException

During handling of the above exception, another exception occurred:

Traceback (most recent call last):
  File "/workspaces/isaac_ros-dev/ros2_ws/install/px4_vslam_bridge/lib/px4_vslam_bridge/vslam_compare", line 33, in <module>
    sys.exit(load_entry_point('px4-vslam-bridge==0.1.0', 'console_scripts', 'vslam_compare')())
  File "/workspaces/isaac_ros-dev/ros2_ws/install/px4_vslam_bridge/lib/python3.10/site-packages/px4_vslam_bridge/vslam_compare.py", line 199, in main
    rclpy.shutdown()
  File "/opt/ros/humble/local/lib/python3.10/dist-packages/rclpy/__init__.py", line 130, in shutdown
    _shutdown(context=context)
  File "/opt/ros/humble/local/lib/python3.10/dist-packages/rclpy/utilities.py", line 58, in shutdown
    return context.shutdown()
  File "/opt/ros/humble/local/lib/python3.10/dist-packages/rclpy/context.py", line 102, in shutdown
    self.__context.shutdown()
rclpy._rclpy_pybind11.RCLError: failed to shutdown: rcl_shutdown already called on the given context, at ./src/rcl/init.c:241
