[INFO] [1788683647.297246698] [fast_planner_bridge]: fast_planner_bridge ready -- will capture home at arm time and climb (0.0, 0.0, -5.0) NED relative to it, then follow /planning/pos_cmd from Fast-Planner
[INFO] [1788683647.297660522] [fast_planner_bridge]: >>> Press ENTER to arm and fly (or set OFFBOARD_AUTO_START=1) <<<
[INFO] [1788683650.166273367] [fast_planner_bridge]: OFFBOARD + ARMED confirmed -- home_ned=(0.019805071875452995, 0.009406783618032932, -0.10472559928894043), climbing to (0.019805071875452995, 0.009406783618032932, -5.10472559928894).
[INFO] [1788683650.266663262] [fast_planner_bridge]: [CLIMBING] pos_ned=(0.02,0.01,-0.10) dist=5.00m
[INFO] [1788683651.266767720] [fast_planner_bridge]: [CLIMBING] pos_ned=(0.03,0.00,-0.10) dist=5.00m
[INFO] [1788683652.266598233] [fast_planner_bridge]: [CLIMBING] pos_ned=(0.03,-0.00,-0.10) dist=5.01m
[INFO] [1788683653.266617707] [fast_planner_bridge]: [CLIMBING] pos_ned=(0.03,-0.01,-0.10) dist=5.00m
[INFO] [1788683654.266574065] [fast_planner_bridge]: [CLIMBING] pos_ned=(0.04,0.01,-0.11) dist=4.99m
[INFO] [1788683655.266556755] [fast_planner_bridge]: [CLIMBING] pos_ned=(0.05,0.11,-0.15) dist=4.95m
[INFO] [1788683656.266880385] [fast_planner_bridge]: [CLIMBING] pos_ned=(0.03,0.10,-1.11) dist=4.00m
[INFO] [1788683657.266377132] [fast_planner_bridge]: [CLIMBING] pos_ned=(-0.09,0.05,-2.82) dist=2.29m
[INFO] [1788683658.266613735] [fast_planner_bridge]: [CLIMBING] pos_ned=(-0.06,0.01,-3.88) dist=1.23m
[INFO] [1788683659.266933649] [fast_planner_bridge]: [CLIMBING] pos_ned=(-0.01,-0.01,-4.32) dist=0.78m
[INFO] [1788683660.266649512] [fast_planner_bridge]: [CLIMBING] pos_ned=(0.01,-0.00,-4.58) dist=0.53m
[INFO] [1788683661.266637045] [fast_planner_bridge]: [CLIMBING] pos_ned=(0.00,-0.02,-4.74) dist=0.36m
[INFO] [1788683661.816670091] [fast_planner_bridge]: Climb complete (dist=0.30m) -- following Fast-Planner.
[INFO] [1788683662.266854367] [fast_planner_bridge]: [FOLLOWING] pos_ned=(0.01,-0.04,-4.82) target_ned=(0.13,-0.08,-4.72) pos_cmd_age=0.01s
[INFO] [1788683663.266779149] [fast_planner_bridge]: [FOLLOWING] pos_ned=(0.31,-0.20,-4.71) target_ned=(0.54,-0.27,-4.72) pos_cmd_age=0.01s
[INFO] [1788683664.266925296] [fast_planner_bridge]: [FOLLOWING] pos_ned=(1.01,-0.42,-4.69) target_ned=(1.12,-0.47,-4.73) pos_cmd_age=0.01s
[INFO] [1788683665.266701166] [fast_planner_bridge]: [FOLLOWING] pos_ned=(1.64,-0.53,-4.72) target_ned=(1.64,-0.54,-4.76) pos_cmd_age=0.01s
[INFO] [1788683666.266524520] [fast_planner_bridge]: [FOLLOWING] pos_ned=(1.92,-0.46,-4.80) target_ned=(1.91,-0.46,-4.81) pos_cmd_age=0.01s
[INFO] [1788683667.266837867] [fast_planner_bridge]: [FOLLOWING] pos_ned=(2.05,-0.45,-4.82) target_ned=(2.07,-0.51,-4.85) pos_cmd_age=0.01s
[INFO] [1788683668.266633560] [fast_planner_bridge]: [FOLLOWING] pos_ned=(2.28,-0.73,-4.87) target_ned=(2.29,-0.81,-4.88) pos_cmd_age=0.01s
[INFO] [1788683669.266691814] [fast_planner_bridge]: [FOLLOWING] pos_ned=(2.61,-1.22,-4.93) target_ned=(2.63,-1.27,-4.97) pos_cmd_age=0.01s
[INFO] [1788683670.266873468] [fast_planner_bridge]: [FOLLOWING] pos_ned=(3.06,-1.76,-5.04) target_ned=(3.06,-1.73,-5.07) pos_cmd_age=0.01s
[INFO] [1788683671.266574447] [fast_planner_bridge]: [FOLLOWING] pos_ned=(3.51,-2.14,-5.06) target_ned=(3.52,-2.10,-5.12) pos_cmd_age=0.01s
[INFO] [1788683672.266561343] [fast_planner_bridge]: [FOLLOWING] pos_ned=(3.72,-2.25,-4.96) target_ned=(3.78,-2.18,-5.03) pos_cmd_age=0.01s
[INFO] [1788683673.266498651] [fast_planner_bridge]: [FOLLOWING] pos_ned=(3.79,-2.04,-4.81) target_ned=(3.82,-2.01,-4.87) pos_cmd_age=0.01s
[INFO] [1788683674.266516438] [fast_planner_bridge]: [FOLLOWING] pos_ned=(3.81,-1.63,-4.77) target_ned=(3.72,-1.71,-4.77) pos_cmd_age=0.01s
[INFO] [1788683675.266818449] [fast_planner_bridge]: [FOLLOWING] pos_ned=(3.63,-1.43,-4.87) target_ned=(3.46,-1.38,-4.80) pos_cmd_age=0.01s
[INFO] [1788683676.266747640] [fast_planner_bridge]: [FOLLOWING] pos_ned=(3.17,-1.21,-4.83) target_ned=(2.96,-1.03,-4.88) pos_cmd_age=0.01s
[INFO] [1788683677.266497508] [fast_planner_bridge]: [FOLLOWING] pos_ned=(2.56,-0.73,-5.01) target_ned=(2.36,-0.71,-4.98) pos_cmd_age=0.01s
[INFO] [1788683678.266559743] [fast_planner_bridge]: [FOLLOWING] pos_ned=(2.39,-0.51,-5.03) target_ned=(1.80,-0.47,-5.04) pos_cmd_age=0.01s
[INFO] [1788683679.266434600] [fast_planner_bridge]: [FOLLOWING] pos_ned=(3.17,-0.73,-4.74) target_ned=(2.49,-0.55,-5.00) pos_cmd_age=0.01s
[INFO] [1788683680.266843035] [fast_planner_bridge]: [FOLLOWING] pos_ned=(3.43,0.65,-3.64) target_ned=(3.29,-0.72,-4.68) pos_cmd_age=0.01s
[INFO] [1788683681.266604131] [fast_planner_bridge]: [FOLLOWING] pos_ned=(3.59,3.49,-1.54) target_ned=(3.29,-0.72,-4.68) pos_cmd_age=0.01s
[INFO] [1788683682.266587123] [fast_planner_bridge]: [FOLLOWING] pos_ned=(4.09,5.61,-0.80) target_ned=(3.29,-0.72,-4.68) pos_cmd_age=0.01s
[INFO] [1788683683.266825156] [fast_planner_bridge]: [FOLLOWING] pos_ned=(6.64,8.61,-0.14) target_ned=(3.29,-0.72,-4.68) pos_cmd_age=0.01s
[INFO] [1788683684.266485993] [fast_planner_bridge]: [FOLLOWING] pos_ned=(9.73,9.84,0.20) target_ned=(6.39,8.48,-0.22) pos_cmd_age=0.01s
[INFO] [1788683685.266450643] [fast_planner_bridge]: [FOLLOWING] pos_ned=(12.15,12.48,0.20) target_ned=(6.39,8.48,-0.22) pos_cmd_age=0.01s
[INFO] [1788683686.266812792] [fast_planner_bridge]: [FOLLOWING] pos_ned=(13.74,14.47,-0.18) target_ned=(13.51,14.12,-0.03) pos_cmd_age=0.01s
[INFO] [1788683687.266828214] [fast_planner_bridge]: [FOLLOWING] pos_ned=(14.05,14.96,-0.17) target_ned=(13.87,14.80,-0.24) pos_cmd_age=0.01s
[INFO] [1788683688.266594331] [fast_planner_bridge]: [FOLLOWING] pos_ned=(14.59,15.62,-0.16) target_ned=(13.87,14.80,-0.24) pos_cmd_age=0.01s
[INFO] [1788683689.266577215] [fast_planner_bridge]: [FOLLOWING] pos_ned=(14.68,15.86,-0.28) target_ned=(14.70,15.84,-0.27) pos_cmd_age=0.01s
[INFO] [1788683690.266761890] [fast_planner_bridge]: [FOLLOWING] pos_ned=(14.52,15.97,-0.30) target_ned=(14.54,15.82,-0.32) pos_cmd_age=0.01s
[WARN] [1788683690.520270441] [fast_planner_bridge]: Shutdown signal 15 received -- ceasing ARM requests, commanding AUTO.LAND, will disarm and exit once landed. If this doesn't complete and the vehicle needs to come down NOW, use emergency_stop.py instead of repeating this signal.
[INFO] [1788683690.766712337] [fast_planner_bridge]: Requesting AUTO.LAND... nav_state=14
[INFO] [1788683691.016539290] [fast_planner_bridge]: AUTO.LAND confirmed -- ceasing offboard setpoints, handing off to the autopilot.
[INFO] [1788683691.266451526] [fast_planner_bridge]: Waiting for disarm (backstop disarm sent)... arming_state=2
[INFO] [1788683693.266583348] [fast_planner_bridge]: Waiting for disarm (backstop disarm sent)... arming_state=2
[INFO] [1788683693.316366086] [fast_planner_bridge]: Disarmed -- graceful stop complete, shutting down.
