[INFO] [1788716358.324079873] [fast_planner_bridge]: fast_planner_bridge ready -- will capture home at arm time and climb (0.0, 0.0, -5.0) NED relative to it, then follow /planning/pos_cmd from Fast-Planner
[INFO] [1788716358.324626883] [fast_planner_bridge]: >>> Press ENTER to arm and fly (or set OFFBOARD_AUTO_START=1) <<<
[INFO] [1788716362.541488725] [fast_planner_bridge]: OFFBOARD + ARMED confirmed -- home_ned=(-0.0003014172543771565, -0.05537441372871399, 0.0018723458051681519), climbing to (-0.0003014172543771565, -0.05537441372871399, -4.998127654194832).
[INFO] [1788716363.291662538] [fast_planner_bridge]: [CLIMBING] pos_ned=(0.00,-0.06,0.00) dist=5.00m
[INFO] [1788716364.291500687] [fast_planner_bridge]: [CLIMBING] pos_ned=(0.03,-0.23,-0.00) dist=5.00m
[INFO] [1788716365.291376885] [fast_planner_bridge]: [CLIMBING] pos_ned=(-0.03,-0.37,-0.04) dist=4.97m
[INFO] [1788716366.291720627] [fast_planner_bridge]: [CLIMBING] pos_ned=(-0.06,-0.33,-0.06) dist=4.95m
[INFO] [1788716367.291737366] [fast_planner_bridge]: [CLIMBING] pos_ned=(-0.07,-0.13,-0.07) dist=4.92m
[INFO] [1788716368.291196711] [fast_planner_bridge]: [CLIMBING] pos_ned=(-0.04,-0.04,-0.11) dist=4.89m
[INFO] [1788716369.291239481] [fast_planner_bridge]: [CLIMBING] pos_ned=(-0.07,-0.10,-0.27) dist=4.73m
[INFO] [1788716370.291338836] [fast_planner_bridge]: [CLIMBING] pos_ned=(-0.31,-0.46,-1.54) dist=3.49m
[INFO] [1788716371.291328536] [fast_planner_bridge]: [CLIMBING] pos_ned=(-0.43,-0.32,-3.06) dist=2.00m
[INFO] [1788716372.291413575] [fast_planner_bridge]: [CLIMBING] pos_ned=(-0.21,-0.21,-3.80) dist=1.23m
[INFO] [1788716373.291380563] [fast_planner_bridge]: [CLIMBING] pos_ned=(0.03,-0.15,-4.20) dist=0.80m
[INFO] [1788716374.291223659] [fast_planner_bridge]: [CLIMBING] pos_ned=(0.13,-0.07,-4.38) dist=0.63m
[INFO] [1788716375.291435910] [fast_planner_bridge]: [CLIMBING] pos_ned=(0.11,0.01,-4.52) dist=0.50m
[INFO] [1788716376.291324355] [fast_planner_bridge]: [CLIMBING] pos_ned=(0.10,0.06,-4.67) dist=0.36m
[INFO] [1788716376.791349324] [fast_planner_bridge]: Climb complete (dist=0.30m) -- following Fast-Planner.
[INFO] [1788716377.291327306] [fast_planner_bridge]: [FOLLOWING] pos_ned=(0.09,0.10,-4.73) target_ned=(0.10,0.09,-4.77) pos_cmd_age=0.00s
[INFO] [1788716378.291430536] [fast_planner_bridge]: [FOLLOWING] pos_ned=(0.26,0.11,-4.72) target_ned=(0.33,0.09,-4.77) pos_cmd_age=0.00s
[INFO] [1788716379.291402009] [fast_planner_bridge]: [FOLLOWING] pos_ned=(0.78,0.11,-4.73) target_ned=(0.81,0.09,-4.77) pos_cmd_age=0.00s
[INFO] [1788716380.291343501] [fast_planner_bridge]: [FOLLOWING] pos_ned=(1.50,0.10,-4.71) target_ned=(1.51,0.10,-4.75) pos_cmd_age=0.00s
[INFO] [1788716381.291172042] [fast_planner_bridge]: [FOLLOWING] pos_ned=(2.31,0.09,-4.70) target_ned=(2.28,0.11,-4.73) pos_cmd_age=0.00s
[INFO] [1788716382.291389205] [fast_planner_bridge]: [FOLLOWING] pos_ned=(2.99,0.12,-4.74) target_ned=(2.98,0.10,-4.75) pos_cmd_age=0.00s
[INFO] [1788716383.291492967] [fast_planner_bridge]: [FOLLOWING] pos_ned=(3.39,0.12,-4.82) target_ned=(3.36,0.08,-4.80) pos_cmd_age=0.00s
[INFO] [1788716384.291232507] [fast_planner_bridge]: [FOLLOWING] pos_ned=(3.60,0.10,-4.86) target_ned=(3.64,-0.02,-4.86) pos_cmd_age=0.00s
[INFO] [1788716385.291418309] [fast_planner_bridge]: [FOLLOWING] pos_ned=(3.98,-0.05,-4.87) target_ned=(4.04,-0.21,-4.92) pos_cmd_age=0.00s
[INFO] [1788716386.291645497] [fast_planner_bridge]: [FOLLOWING] pos_ned=(4.60,-0.25,-4.88) target_ned=(4.63,-0.37,-4.97) pos_cmd_age=0.00s
[INFO] [1788716387.291795444] [fast_planner_bridge]: [FOLLOWING] pos_ned=(5.31,-0.34,-4.93) target_ned=(5.28,-0.36,-4.99) pos_cmd_age=0.00s
[INFO] [1788716388.291322311] [fast_planner_bridge]: [FOLLOWING] pos_ned=(5.74,-0.07,-5.07) target_ned=(5.77,-0.03,-5.03) pos_cmd_age=0.00s
[INFO] [1788716389.291391636] [fast_planner_bridge]: [FOLLOWING] pos_ned=(6.06,0.57,-5.16) target_ned=(5.99,0.54,-5.09) pos_cmd_age=0.00s
[INFO] [1788716390.291371717] [fast_planner_bridge]: [FOLLOWING] pos_ned=(6.23,1.14,-5.08) target_ned=(6.14,1.00,-5.12) pos_cmd_age=0.00s
[INFO] [1788716391.291316396] [fast_planner_bridge]: [FOLLOWING] pos_ned=(6.47,1.22,-5.10) target_ned=(6.46,1.13,-5.11) pos_cmd_age=0.00s
[INFO] [1788716392.291272043] [fast_planner_bridge]: [FOLLOWING] pos_ned=(7.00,0.93,-5.06) target_ned=(6.98,0.90,-5.08) pos_cmd_age=0.00s
[INFO] [1788716393.291570074] [fast_planner_bridge]: [FOLLOWING] pos_ned=(7.42,0.34,-5.08) target_ned=(7.48,0.42,-5.04) pos_cmd_age=0.00s
[INFO] [1788716394.291495887] [fast_planner_bridge]: [FOLLOWING] pos_ned=(7.66,-0.00,-5.06) target_ned=(7.69,0.10,-5.01) pos_cmd_age=0.00s
[WARN] [1788716394.298725222] [fast_planner_bridge]: Shutdown signal 15 received -- ceasing ARM requests, commanding AUTO.LAND, will disarm and exit once landed. If this doesn't complete and the vehicle needs to come down NOW, use emergency_stop.py instead of repeating this signal.
[INFO] [1788716394.541667231] [fast_planner_bridge]: Requesting AUTO.LAND... nav_state=14
[INFO] [1788716394.591228562] [fast_planner_bridge]: AUTO.LAND confirmed -- ceasing offboard setpoints, handing off to the autopilot.
[INFO] [1788716396.291445673] [fast_planner_bridge]: Waiting for disarm (backstop disarm sent)... arming_state=2
