[INFO] [1788719340.884963273] [vslam_compare]: vslam_compare: logging per-message CSV to /workspaces/isaac_ros-dev/results/route2_probe/r2_medium_r106/vslam_compare.csv (exp_id='r2_medium_r106')
[INFO] [1788719340.906018013] [vslam_compare]: vslam_compare ready -- watching /visual_slam/tracking/odometry vs /ground_truth/odom
[INFO] [1788719340.907163438] [vslam_compare]: Ground truth origin set: (-0.007582574617117643, -0.007682438939809799, -0.010364919900894165)
[INFO] [1788719340.951363296] [vslam_compare]: cuVSLAM origin set: (0.0, 0.0, 0.0) -- tracking initialized
[INFO] [1788719341.906362669] [vslam_compare]: gt=(0.01, 0.0, -0.0) vslam=(0.0, 0.0, 0.0) error=0.008m max_error=0.008m (n=1)
[INFO] [1788719342.906302914] [vslam_compare]: gt=(0.01, -0.0, -0.01) vslam=(0.0, 0.0, 0.0) error=0.011m max_error=0.011m (n=2)
[INFO] [1788719343.906222119] [vslam_compare]: gt=(0.01, -0.01, -0.01) vslam=(0.0, 0.0, 0.0) error=0.021m max_error=0.021m (n=3)
[INFO] [1788719344.906297561] [vslam_compare]: gt=(0.0, -0.03, -0.01) vslam=(0.0, 0.0, 0.0) error=0.030m max_error=0.030m (n=4)
[INFO] [1788719345.906346894] [vslam_compare]: gt=(0.01, -0.04, -0.01) vslam=(0.0, 0.0, 0.0) error=0.037m max_error=0.037m (n=5)
[INFO] [1788719346.906305013] [vslam_compare]: gt=(0.01, -0.03, -0.01) vslam=(0.0, 0.0, 0.0) error=0.035m max_error=0.037m (n=6)
[INFO] [1788719347.906501587] [vslam_compare]: gt=(-0.0, -0.03, -0.01) vslam=(-0.87, 0.15, -0.05) error=0.885m max_error=0.885m (n=7)
[INFO] [1788719348.906139294] [vslam_compare]: gt=(-0.12, 0.0, -0.03) vslam=(-3.04, 0.88, -0.61) error=3.102m max_error=3.102m (n=8)
[INFO] [1788719349.906425328] [vslam_compare]: gt=(-0.91, 0.2, -0.16) vslam=(-3.1, 0.85, -0.58) error=2.318m max_error=3.102m (n=9)
[INFO] [1788719350.906424806] [vslam_compare]: gt=(-1.45, 0.26, -0.22) vslam=(-3.21, 0.83, -0.87) error=1.967m max_error=3.102m (n=10)
[INFO] [1788719351.906365332] [vslam_compare]: gt=(-1.41, 0.4, -0.1) vslam=(-3.08, 1.27, -1.17) error=2.162m max_error=3.102m (n=11)
[INFO] [1788719352.906268175] [vslam_compare]: gt=(-0.54, -0.1, -0.39) vslam=(-5.32, 0.51, -0.4) error=4.816m max_error=4.816m (n=12)
[INFO] [1788719353.906465821] [vslam_compare]: gt=(0.42, -1.4, 0.11) vslam=(-5.64, 0.38, -0.44) error=6.334m max_error=6.334m (n=13)
[INFO] [1788719354.906261249] [vslam_compare]: gt=(2.54, -3.89, 0.25) vslam=(-5.54, -0.67, 0.18) error=8.691m max_error=8.691m (n=14)
[INFO] [1788719355.906260346] [vslam_compare]: gt=(3.14, -5.49, -0.89) vslam=(-5.56, 0.3, -1.07) error=10.444m max_error=10.444m (n=15)
[INFO] [1788719356.906202084] [vslam_compare]: gt=(3.24, -4.69, -0.89) vslam=(-5.53, 0.39, -1.04) error=10.130m max_error=10.444m (n=16)
[INFO] [1788719357.906394510] [vslam_compare]: gt=(2.46, -3.02, -0.59) vslam=(-5.54, 0.41, -1.03) error=8.713m max_error=10.444m (n=17)
[INFO] [1788719358.906372206] [vslam_compare]: gt=(2.41, -2.76, -0.52) vslam=(-5.54, 0.41, -1.03) error=8.568m max_error=10.444m (n=18)
[INFO] [1788719359.906382415] [vslam_compare]: gt=(2.53, -3.02, -0.49) vslam=(-5.54, 0.41, -1.03) error=8.783m max_error=10.444m (n=19)
[INFO] [1788719360.906485801] [vslam_compare]: gt=(2.67, -3.35, -0.46) vslam=(-5.54, 0.41, -1.03) error=9.044m max_error=10.444m (n=20)
[INFO] [1788719361.906254619] [vslam_compare]: gt=(2.8, -3.61, -0.43) vslam=(-5.54, 0.41, -1.03) error=9.271m max_error=10.444m (n=21)
[INFO] [1788719362.906344699] [vslam_compare]: gt=(2.91, -3.82, -0.39) vslam=(-5.54, 0.41, -1.03) error=9.463m max_error=10.444m (n=22)
[INFO] [1788719363.906307447] [vslam_compare]: gt=(2.99, -3.98, -0.35) vslam=(-5.79, 0.44, -0.73) error=9.838m max_error=10.444m (n=23)
[INFO] [1788719364.906252291] [vslam_compare]: gt=(3.03, -4.11, -0.26) vslam=(-5.79, 0.45, -0.73) error=9.937m max_error=10.444m (n=24)
[INFO] [1788719365.906236690] [vslam_compare]: gt=(3.07, -4.2, -0.16) vslam=(-5.79, 0.45, -0.73) error=10.020m max_error=10.444m (n=25)
[INFO] [1788719366.906910404] [vslam_compare]: gt=(3.12, -4.26, -0.1) vslam=(-5.79, 0.45, -0.73) error=10.099m max_error=10.444m (n=26)
[INFO] [1788719367.906172055] [vslam_compare]: gt=(3.18, -4.31, -0.05) vslam=(-5.79, 0.45, -0.73) error=10.171m max_error=10.444m (n=27)
[INFO] [1788719368.906209555] [vslam_compare]: gt=(3.23, -4.35, -0.0) vslam=(-5.79, 0.45, -0.73) error=10.239m max_error=10.444m (n=28)
[INFO] [1788719369.906353699] [vslam_compare]: gt=(3.28, -4.4, 0.03) vslam=(-5.79, 0.45, -0.73) error=10.306m max_error=10.444m (n=29)
[INFO] [1788719370.906336014] [vslam_compare]: gt=(3.32, -4.44, 0.05) vslam=(-5.79, 0.45, -0.73) error=10.367m max_error=10.444m (n=30)
[INFO] [1788719371.906198531] [vslam_compare]: gt=(3.37, -4.47, 0.08) vslam=(-5.79, 0.45, -0.73) error=10.427m max_error=10.444m (n=31)
[INFO] [1788719372.907170213] [vslam_compare]: gt=(3.42, -4.48, 0.11) vslam=(-5.79, 0.45, -0.73) error=10.477m max_error=10.477m (n=32)
[INFO] [1788719373.906269704] [vslam_compare]: gt=(3.45, -4.51, 0.13) vslam=(-5.79, 0.45, -0.73) error=10.522m max_error=10.522m (n=33)
[INFO] [1788719374.906569815] [vslam_compare]: gt=(3.48, -4.57, 0.14) vslam=(-5.79, 0.45, -0.73) error=10.578m max_error=10.578m (n=34)
[INFO] [1788719375.906358111] [vslam_compare]: gt=(3.51, -4.67, 0.11) vslam=(-5.79, 0.45, -0.73) error=10.647m max_error=10.647m (n=35)
[INFO] [1788719376.906430097] [vslam_compare]: gt=(3.52, -4.76, 0.08) vslam=(-5.79, 0.45, -0.73) error=10.699m max_error=10.699m (n=36)
Traceback (most recent call last):
  File "/workspaces/isaac_ros-dev/ros2_ws/install/px4_vslam_bridge/lib/python3.10/site-packages/px4_vslam_bridge/vslam_compare.py", line 194, in main
    rclpy.spin(node)
  File "/opt/ros/humble/local/lib/python3.10/dist-packages/rclpy/__init__.py", line 229, in spin
    executor.spin_once()
  File "/opt/ros/humble/local/lib/python3.10/dist-packages/rclpy/executors.py", line 808, in spin_once
    self._spin_once_impl(timeout_sec)
  File "/opt/ros/humble/local/lib/python3.10/dist-packages/rclpy/executors.py", line 797, in _spin_once_impl
    handler, entity, node = self.wait_for_ready_callbacks(timeout_sec=timeout_sec)
  File "/opt/ros/humble/local/lib/python3.10/dist-packages/rclpy/executors.py", line 780, in wait_for_ready_callbacks
    return next(self._cb_iter)
  File "/opt/ros/humble/local/lib/python3.10/dist-packages/rclpy/executors.py", line 681, in _wait_for_ready_callbacks
    raise ExternalShutdownException()
rclpy.executors.ExternalShutdownException

During handling of the above exception, another exception occurred:

Traceback (most recent call last):
  File "/workspaces/isaac_ros-dev/ros2_ws/install/px4_vslam_bridge/lib/px4_vslam_bridge/vslam_compare", line 33, in <module>
    sys.exit(load_entry_point('px4-vslam-bridge==0.1.0', 'console_scripts', 'vslam_compare')())
  File "/workspaces/isaac_ros-dev/ros2_ws/install/px4_vslam_bridge/lib/python3.10/site-packages/px4_vslam_bridge/vslam_compare.py", line 199, in main
    rclpy.shutdown()
  File "/opt/ros/humble/local/lib/python3.10/dist-packages/rclpy/__init__.py", line 130, in shutdown
    _shutdown(context=context)
  File "/opt/ros/humble/local/lib/python3.10/dist-packages/rclpy/utilities.py", line 58, in shutdown
    return context.shutdown()
  File "/opt/ros/humble/local/lib/python3.10/dist-packages/rclpy/context.py", line 102, in shutdown
    self.__context.shutdown()
rclpy._rclpy_pybind11.RCLError: failed to shutdown: rcl_shutdown already called on the given context, at ./src/rcl/init.c:241
