[INFO] [1788682433.295708999] [fast_planner_bridge]: fast_planner_bridge ready -- will capture home at arm time and climb (0.0, 0.0, -5.0) NED relative to it, then follow /planning/pos_cmd from Fast-Planner
[INFO] [1788682433.296119101] [fast_planner_bridge]: >>> Press ENTER to arm and fly (or set OFFBOARD_AUTO_START=1) <<<
[INFO] [1788682436.114706448] [fast_planner_bridge]: OFFBOARD + ARMED confirmed -- home_ned=(-0.004596075043082237, -0.015977241098880768, -0.08114685118198395), climbing to (-0.004596075043082237, -0.015977241098880768, -5.081146851181984).
[INFO] [1788682436.265023377] [fast_planner_bridge]: [CLIMBING] pos_ned=(-0.00,-0.01,-0.08) dist=5.00m
[INFO] [1788682437.264609492] [fast_planner_bridge]: [CLIMBING] pos_ned=(-0.00,0.00,-0.09) dist=5.00m
[INFO] [1788682438.264952559] [fast_planner_bridge]: [CLIMBING] pos_ned=(-0.01,-0.01,-0.07) dist=5.01m
[INFO] [1788682439.264801516] [fast_planner_bridge]: [CLIMBING] pos_ned=(-0.01,-0.01,-0.06) dist=5.02m
[INFO] [1788682440.264991576] [fast_planner_bridge]: [CLIMBING] pos_ned=(-0.00,0.02,-0.05) dist=5.04m
[INFO] [1788682441.265048955] [fast_planner_bridge]: [CLIMBING] pos_ned=(0.02,0.11,-0.20) dist=4.88m
[INFO] [1788682442.264561562] [fast_planner_bridge]: [CLIMBING] pos_ned=(-0.07,0.04,-1.58) dist=3.50m
[INFO] [1788682443.265042570] [fast_planner_bridge]: [CLIMBING] pos_ned=(-0.14,-0.03,-3.26) dist=1.83m
[INFO] [1788682444.265086308] [fast_planner_bridge]: [CLIMBING] pos_ned=(-0.12,-0.08,-4.09) dist=1.00m
[INFO] [1788682445.264836936] [fast_planner_bridge]: [CLIMBING] pos_ned=(-0.03,-0.07,-4.44) dist=0.64m
[INFO] [1788682446.264778786] [fast_planner_bridge]: [CLIMBING] pos_ned=(0.04,-0.03,-4.66) dist=0.43m
[INFO] [1788682447.264706872] [fast_planner_bridge]: Climb complete (dist=0.30m) -- following Fast-Planner.
[INFO] [1788682447.265069604] [fast_planner_bridge]: [CLIMBING] pos_ned=(0.07,0.00,-4.80) dist=0.30m
[INFO] [1788682448.265015817] [fast_planner_bridge]: [FOLLOWING] pos_ned=(0.06,-0.00,-4.89) target_ned=(-0.00,-0.02,-5.08) pos_cmd_age=0.00s
[INFO] [1788682449.265087520] [fast_planner_bridge]: [FOLLOWING] pos_ned=(0.02,0.00,-4.95) target_ned=(-0.00,-0.02,-5.08) pos_cmd_age=0.00s
[INFO] [1788682450.264849493] [fast_planner_bridge]: [FOLLOWING] pos_ned=(-0.01,-0.01,-4.98) target_ned=(-0.00,-0.02,-5.08) pos_cmd_age=0.00s
[INFO] [1788682451.264757275] [fast_planner_bridge]: [FOLLOWING] pos_ned=(-0.01,-0.02,-5.01) target_ned=(-0.00,-0.02,-5.08) pos_cmd_age=0.00s
[INFO] [1788682452.264660532] [fast_planner_bridge]: [FOLLOWING] pos_ned=(0.01,-0.01,-5.03) target_ned=(-0.00,-0.02,-5.08) pos_cmd_age=0.00s
[INFO] [1788682453.264672238] [fast_planner_bridge]: [FOLLOWING] pos_ned=(-0.01,-0.00,-5.06) target_ned=(-0.00,-0.02,-5.08) pos_cmd_age=0.00s
[INFO] [1788682454.265037262] [fast_planner_bridge]: [FOLLOWING] pos_ned=(-0.02,-0.00,-5.07) target_ned=(-0.00,-0.02,-5.08) pos_cmd_age=0.00s
[INFO] [1788682455.264735819] [fast_planner_bridge]: [FOLLOWING] pos_ned=(-0.02,-0.00,-5.08) target_ned=(-0.00,-0.02,-5.08) pos_cmd_age=0.00s
[INFO] [1788682456.264855634] [fast_planner_bridge]: [FOLLOWING] pos_ned=(-0.02,-0.01,-5.09) target_ned=(-0.00,-0.02,-5.08) pos_cmd_age=0.00s
[INFO] [1788682457.264815713] [fast_planner_bridge]: [FOLLOWING] pos_ned=(-0.01,-0.00,-5.08) target_ned=(-0.00,-0.02,-5.08) pos_cmd_age=0.00s
[INFO] [1788682458.264909621] [fast_planner_bridge]: [FOLLOWING] pos_ned=(-0.02,0.01,-5.08) target_ned=(-0.00,-0.02,-5.08) pos_cmd_age=0.00s
[INFO] [1788682459.264734089] [fast_planner_bridge]: [FOLLOWING] pos_ned=(0.00,-0.01,-5.09) target_ned=(-0.00,-0.02,-5.08) pos_cmd_age=0.00s
[INFO] [1788682460.264751355] [fast_planner_bridge]: [FOLLOWING] pos_ned=(0.02,-0.02,-5.08) target_ned=(-0.00,-0.02,-5.08) pos_cmd_age=0.00s
[INFO] [1788682461.264929842] [fast_planner_bridge]: [FOLLOWING] pos_ned=(0.02,-0.04,-5.08) target_ned=(-0.00,-0.02,-5.08) pos_cmd_age=0.00s
[INFO] [1788682462.265007177] [fast_planner_bridge]: [FOLLOWING] pos_ned=(0.01,-0.04,-5.09) target_ned=(-0.00,-0.02,-5.08) pos_cmd_age=0.00s
[INFO] [1788682463.264795315] [fast_planner_bridge]: [FOLLOWING] pos_ned=(-0.00,-0.03,-5.09) target_ned=(-0.00,-0.02,-5.08) pos_cmd_age=0.00s
[INFO] [1788682464.264551231] [fast_planner_bridge]: [FOLLOWING] pos_ned=(-0.01,-0.03,-5.09) target_ned=(-0.00,-0.02,-5.08) pos_cmd_age=0.00s
[INFO] [1788682465.264838895] [fast_planner_bridge]: [FOLLOWING] pos_ned=(-0.01,-0.03,-5.09) target_ned=(-0.00,-0.02,-5.08) pos_cmd_age=0.00s
[INFO] [1788682466.264732237] [fast_planner_bridge]: [FOLLOWING] pos_ned=(-0.01,-0.02,-5.09) target_ned=(-0.00,-0.02,-5.08) pos_cmd_age=0.00s
[INFO] [1788682467.264992797] [fast_planner_bridge]: [FOLLOWING] pos_ned=(-0.01,-0.02,-5.08) target_ned=(-0.00,-0.02,-5.08) pos_cmd_age=0.00s
[INFO] [1788682468.264691442] [fast_planner_bridge]: [FOLLOWING] pos_ned=(-0.03,-0.02,-5.07) target_ned=(-0.00,-0.02,-5.08) pos_cmd_age=0.00s
[INFO] [1788682469.264827537] [fast_planner_bridge]: [FOLLOWING] pos_ned=(-0.02,-0.01,-5.08) target_ned=(-0.00,-0.02,-5.08) pos_cmd_age=0.00s
[INFO] [1788682470.264821626] [fast_planner_bridge]: [FOLLOWING] pos_ned=(-0.01,-0.02,-5.08) target_ned=(-0.00,-0.02,-5.08) pos_cmd_age=0.00s
[INFO] [1788682471.264576206] [fast_planner_bridge]: [FOLLOWING] pos_ned=(-0.00,-0.02,-5.08) target_ned=(-0.00,-0.02,-5.08) pos_cmd_age=0.00s
[INFO] [1788682472.264924782] [fast_planner_bridge]: [FOLLOWING] pos_ned=(-0.01,-0.02,-5.08) target_ned=(-0.00,-0.02,-5.08) pos_cmd_age=0.00s
[INFO] [1788682473.264790902] [fast_planner_bridge]: [FOLLOWING] pos_ned=(-0.01,-0.02,-5.08) target_ned=(-0.00,-0.02,-5.08) pos_cmd_age=0.00s
[INFO] [1788682474.264776188] [fast_planner_bridge]: [FOLLOWING] pos_ned=(-0.01,-0.01,-5.07) target_ned=(-0.00,-0.02,-5.08) pos_cmd_age=0.00s
[INFO] [1788682475.264818201] [fast_planner_bridge]: [FOLLOWING] pos_ned=(-0.01,0.00,-5.08) target_ned=(-0.00,-0.02,-5.08) pos_cmd_age=0.00s
[WARN] [1788682475.464594541] [fast_planner_bridge]: Shutdown signal 15 received -- ceasing ARM requests, commanding AUTO.LAND, will disarm and exit once landed. If this doesn't complete and the vehicle needs to come down NOW, use emergency_stop.py instead of repeating this signal.
[INFO] [1788682475.515229794] [fast_planner_bridge]: Requesting AUTO.LAND... nav_state=14
[INFO] [1788682475.565035669] [fast_planner_bridge]: AUTO.LAND confirmed -- ceasing offboard setpoints, handing off to the autopilot.
[INFO] [1788682477.264711787] [fast_planner_bridge]: Waiting for disarm (backstop disarm sent)... arming_state=2
