[INFO] [1788682428.722908251] [vslam_compare]: vslam_compare: logging per-message CSV to /workspaces/isaac_ros-dev/results/feasibility_gate/gate_sweep_poor_medium_r07/vslam_compare.csv (exp_id='gate_sweep_poor_medium_r07')
[INFO] [1788682428.742831737] [vslam_compare]: vslam_compare ready -- watching /visual_slam/tracking/odometry vs /ground_truth/odom
[INFO] [1788682428.786023705] [vslam_compare]: cuVSLAM origin set: (0.0, 0.0, 0.0) -- tracking initialized
[INFO] [1788682428.825878072] [vslam_compare]: Ground truth origin set: (-0.017920270562171936, -0.004938090685755014, 0.06409098207950592)
[INFO] [1788682429.742999769] [vslam_compare]: gt=(0.0, -0.01, 0.0) vslam=(0.0, 0.0, 0.0) error=0.006m max_error=0.006m (n=1)
[INFO] [1788682430.743033726] [vslam_compare]: gt=(-0.0, -0.02, 0.01) vslam=(0.0, 0.0, 0.0) error=0.026m max_error=0.026m (n=2)
[INFO] [1788682431.743267726] [vslam_compare]: gt=(-0.0, -0.03, 0.01) vslam=(0.0, 0.0, 0.0) error=0.033m max_error=0.033m (n=3)
[INFO] [1788682432.743299753] [vslam_compare]: gt=(0.01, -0.02, 0.01) vslam=(0.0, 0.0, 0.0) error=0.026m max_error=0.033m (n=4)
[INFO] [1788682433.743030111] [vslam_compare]: gt=(0.02, -0.01, 0.01) vslam=(0.0, 0.0, 0.0) error=0.023m max_error=0.033m (n=5)
[INFO] [1788682434.743195545] [vslam_compare]: gt=(0.01, -0.02, 0.01) vslam=(0.0, 0.0, 0.0) error=0.025m max_error=0.033m (n=6)
[INFO] [1788682435.743106288] [vslam_compare]: gt=(0.0, -0.01, 0.01) vslam=(0.0, 0.0, 0.0) error=0.015m max_error=0.033m (n=7)
[INFO] [1788682436.743145081] [vslam_compare]: gt=(0.01, 0.01, 0.02) vslam=(0.0, 0.0, 0.0) error=0.024m max_error=0.033m (n=8)
[INFO] [1788682437.742904879] [vslam_compare]: gt=(0.02, -0.0, 0.02) vslam=(0.0, 0.0, 0.0) error=0.024m max_error=0.033m (n=9)
[INFO] [1788682438.742939102] [vslam_compare]: gt=(0.01, -0.01, 0.0) vslam=(0.0, 0.0, 0.0) error=0.013m max_error=0.033m (n=10)
[INFO] [1788682439.743067392] [vslam_compare]: gt=(0.02, -0.0, -0.01) vslam=(-0.0, -0.01, -0.01) error=0.023m max_error=0.033m (n=11)
[INFO] [1788682440.743230898] [vslam_compare]: gt=(0.07, 0.0, -0.02) vslam=(0.05, -0.07, -0.01) error=0.079m max_error=0.079m (n=12)
[INFO] [1788682441.743065747] [vslam_compare]: gt=(0.11, 0.01, 0.66) vslam=(0.26, -0.3, 0.48) error=0.388m max_error=0.388m (n=13)
[INFO] [1788682442.743293105] [vslam_compare]: gt=(0.02, -0.11, 2.37) vslam=(0.03, -0.49, 2.1) error=0.465m max_error=0.465m (n=14)
[INFO] [1788682443.743028659] [vslam_compare]: gt=(-0.04, -0.14, 3.7) vslam=(-0.07, -0.36, 3.02) error=0.718m max_error=0.718m (n=15)
[INFO] [1788682444.743240500] [vslam_compare]: gt=(-0.06, -0.07, 4.22) vslam=(-0.19, -0.09, 3.69) error=0.549m max_error=0.718m (n=16)
[INFO] [1788682445.743722071] [vslam_compare]: gt=(-0.04, 0.02, 4.5) vslam=(-0.2, 0.06, 3.98) error=0.544m max_error=0.718m (n=17)
[INFO] [1788682446.743231936] [vslam_compare]: gt=(0.01, 0.06, 4.67) vslam=(-0.41, -0.2, 4.08) error=0.769m max_error=0.769m (n=18)
[INFO] [1788682447.742970494] [vslam_compare]: gt=(0.02, 0.08, 4.78) vslam=(-0.36, -0.25, 3.88) error=1.029m max_error=1.029m (n=19)
[INFO] [1788682448.743038966] [vslam_compare]: gt=(0.02, 0.05, 4.86) vslam=(-0.48, -0.74, 3.52) error=1.640m max_error=1.640m (n=20)
[INFO] [1788682449.743282270] [vslam_compare]: gt=(0.02, 0.01, 4.9) vslam=(-0.54, -0.82, 3.48) error=1.737m max_error=1.737m (n=21)
[INFO] [1788682450.743277471] [vslam_compare]: gt=(-0.01, -0.01, 4.93) vslam=(-0.58, -0.86, 3.53) error=1.732m max_error=1.737m (n=22)
[INFO] [1788682451.742908761] [vslam_compare]: gt=(0.0, 0.0, 4.95) vslam=(-0.72, -1.08, 3.42) error=2.008m max_error=2.008m (n=23)
[INFO] [1788682452.742919259] [vslam_compare]: gt=(0.01, 0.01, 4.98) vslam=(-0.76, -1.12, 3.41) error=2.083m max_error=2.083m (n=24)
[INFO] [1788682453.743120480] [vslam_compare]: gt=(0.02, -0.01, 5.0) vslam=(-0.75, -1.24, 3.35) error=2.196m max_error=2.196m (n=25)
[INFO] [1788682454.743323279] [vslam_compare]: gt=(0.02, -0.01, 5.01) vslam=(-0.75, -1.24, 3.35) error=2.204m max_error=2.204m (n=26)
[INFO] [1788682455.743080506] [vslam_compare]: gt=(0.01, -0.01, 5.02) vslam=(-0.75, -1.24, 3.35) error=2.210m max_error=2.210m (n=27)
[INFO] [1788682456.742899114] [vslam_compare]: gt=(0.01, -0.01, 5.02) vslam=(-0.75, -1.24, 3.35) error=2.213m max_error=2.213m (n=28)
[INFO] [1788682457.743104285] [vslam_compare]: gt=(0.03, -0.01, 5.02) vslam=(-0.75, -1.24, 3.35) error=2.213m max_error=2.213m (n=29)
[INFO] [1788682458.743079789] [vslam_compare]: gt=(0.02, -0.0, 5.02) vslam=(-0.75, -1.24, 3.35) error=2.216m max_error=2.216m (n=30)
[INFO] [1788682459.743050973] [vslam_compare]: gt=(0.0, 0.02, 5.02) vslam=(-0.75, -1.24, 3.35) error=2.226m max_error=2.226m (n=31)
[INFO] [1788682460.743123624] [vslam_compare]: gt=(-0.01, 0.03, 5.02) vslam=(-0.75, -1.24, 3.35) error=2.224m max_error=2.226m (n=32)
[INFO] [1788682461.742971210] [vslam_compare]: gt=(-0.02, 0.02, 5.02) vslam=(-0.75, -1.24, 3.35) error=2.220m max_error=2.226m (n=33)
[INFO] [1788682462.743271894] [vslam_compare]: gt=(-0.02, 0.01, 5.02) vslam=(-0.75, -1.24, 3.35) error=2.208m max_error=2.226m (n=34)
[INFO] [1788682463.743201890] [vslam_compare]: gt=(-0.01, -0.0, 5.03) vslam=(-0.75, -1.24, 3.35) error=2.214m max_error=2.226m (n=35)
[INFO] [1788682464.742929945] [vslam_compare]: gt=(-0.01, -0.01, 5.02) vslam=(-0.75, -1.24, 3.35) error=2.210m max_error=2.226m (n=36)
[INFO] [1788682465.743062108] [vslam_compare]: gt=(-0.01, -0.01, 5.03) vslam=(-0.75, -1.24, 3.35) error=2.211m max_error=2.226m (n=37)
[INFO] [1788682466.742853790] [vslam_compare]: gt=(0.0, -0.0, 5.02) vslam=(-0.75, -1.24, 3.35) error=2.214m max_error=2.226m (n=38)
[INFO] [1788682467.742831470] [vslam_compare]: gt=(-0.0, -0.02, 5.01) vslam=(-0.75, -1.24, 3.35) error=2.198m max_error=2.226m (n=39)
[INFO] [1788682468.742956788] [vslam_compare]: gt=(0.0, -0.02, 5.01) vslam=(-0.75, -1.24, 3.35) error=2.196m max_error=2.226m (n=40)
[INFO] [1788682469.743061266] [vslam_compare]: gt=(0.0, -0.01, 5.01) vslam=(-0.75, -1.24, 3.35) error=2.204m max_error=2.226m (n=41)
[INFO] [1788682470.743035639] [vslam_compare]: gt=(-0.0, -0.0, 5.02) vslam=(-0.75, -1.24, 3.35) error=2.212m max_error=2.226m (n=42)
[INFO] [1788682471.743199089] [vslam_compare]: gt=(-0.01, -0.0, 5.02) vslam=(-0.75, -1.24, 3.35) error=2.208m max_error=2.226m (n=43)
Failed to publish log message to rosout: publisher's context is invalid, at ./src/rcl/publisher.c:389
Traceback (most recent call last):
  File "/workspaces/isaac_ros-dev/ros2_ws/install/px4_vslam_bridge/lib/px4_vslam_bridge/vslam_compare", line 33, in <module>
    sys.exit(load_entry_point('px4-vslam-bridge==0.1.0', 'console_scripts', 'vslam_compare')())
  File "/workspaces/isaac_ros-dev/ros2_ws/install/px4_vslam_bridge/lib/python3.10/site-packages/px4_vslam_bridge/vslam_compare.py", line 199, in main
    rclpy.shutdown()
  File "/opt/ros/humble/local/lib/python3.10/dist-packages/rclpy/__init__.py", line 130, in shutdown
    _shutdown(context=context)
  File "/opt/ros/humble/local/lib/python3.10/dist-packages/rclpy/utilities.py", line 58, in shutdown
    return context.shutdown()
  File "/opt/ros/humble/local/lib/python3.10/dist-packages/rclpy/context.py", line 102, in shutdown
    self.__context.shutdown()
rclpy._rclpy_pybind11.RCLError: failed to shutdown: rcl_shutdown already called on the given context, at ./src/rcl/init.c:241
