[INFO] [1788717848.783505099] [fast_planner_bridge]: fast_planner_bridge ready -- will capture home at arm time and climb (0.0, 0.0, -5.0) NED relative to it, then follow /planning/pos_cmd from Fast-Planner
[INFO] [1788717848.783966479] [fast_planner_bridge]: >>> Press ENTER to arm and fly (or set OFFBOARD_AUTO_START=1) <<<
[WARN] [1788717850.752274470] [fast_planner_bridge]: [tick 40] No data on /fmu/out/vehicle_local_position_v1.
[INFO] [1788717854.202419390] [fast_planner_bridge]: OFFBOARD + ARMED confirmed -- home_ned=(-0.011171029880642891, -0.014051697216928005, 0.10397441685199738), climbing to (-0.011171029880642891, -0.014051697216928005, -4.896025583148003).
[INFO] [1788717854.752734727] [fast_planner_bridge]: [CLIMBING] pos_ned=(-0.01,-0.01,0.10) dist=5.00m
[INFO] [1788717855.752454808] [fast_planner_bridge]: [CLIMBING] pos_ned=(-0.04,0.10,0.09) dist=4.99m
[INFO] [1788717856.752379710] [fast_planner_bridge]: [CLIMBING] pos_ned=(-0.07,0.29,0.09) dist=4.99m
[INFO] [1788717857.752693915] [fast_planner_bridge]: [CLIMBING] pos_ned=(-0.07,0.34,0.11) dist=5.02m
[INFO] [1788717858.752640068] [fast_planner_bridge]: [CLIMBING] pos_ned=(-0.07,0.31,0.11) dist=5.01m
[INFO] [1788717859.752498874] [fast_planner_bridge]: [CLIMBING] pos_ned=(-0.02,-0.07,-0.26) dist=4.64m
[INFO] [1788717860.752624079] [fast_planner_bridge]: [CLIMBING] pos_ned=(0.00,-0.18,-1.52) dist=3.38m
[INFO] [1788717861.752528853] [fast_planner_bridge]: [CLIMBING] pos_ned=(0.08,-0.14,-3.21) dist=1.69m
[INFO] [1788717862.752485026] [fast_planner_bridge]: [CLIMBING] pos_ned=(0.30,-0.22,-4.13) dist=0.85m
[INFO] [1788717863.752562550] [fast_planner_bridge]: [CLIMBING] pos_ned=(0.19,-0.13,-4.43) dist=0.52m
[INFO] [1788717864.752413582] [fast_planner_bridge]: [CLIMBING] pos_ned=(-0.05,0.01,-4.56) dist=0.34m
[INFO] [1788717865.752605946] [fast_planner_bridge]: [CLIMBING] pos_ned=(-0.18,0.06,-4.64) dist=0.31m
[INFO] [1788717866.202466841] [fast_planner_bridge]: Climb complete (dist=0.30m) -- following Fast-Planner.
[INFO] [1788717866.752629247] [fast_planner_bridge]: [FOLLOWING] pos_ned=(-0.20,0.04,-4.64) target_ned=(-0.20,0.04,-4.64) pos_cmd_age=0.01s
[INFO] [1788717867.752402912] [fast_planner_bridge]: [FOLLOWING] pos_ned=(-0.19,-0.02,-4.59) target_ned=(-0.05,0.04,-4.65) pos_cmd_age=0.01s
[INFO] [1788717868.752912281] [fast_planner_bridge]: [FOLLOWING] pos_ned=(0.09,-0.01,-4.59) target_ned=(0.10,0.04,-4.66) pos_cmd_age=0.01s
[INFO] [1788717869.752466668] [fast_planner_bridge]: [FOLLOWING] pos_ned=(0.23,0.01,-4.56) target_ned=(0.22,-0.01,-4.59) pos_cmd_age=0.01s
[INFO] [1788717870.752671095] [fast_planner_bridge]: [FOLLOWING] pos_ned=(0.65,0.01,-4.56) target_ned=(0.68,-0.01,-4.60) pos_cmd_age=0.01s
[INFO] [1788717871.752644713] [fast_planner_bridge]: [FOLLOWING] pos_ned=(1.40,-0.03,-4.60) target_ned=(1.39,-0.02,-4.64) pos_cmd_age=0.01s
[INFO] [1788717872.752735724] [fast_planner_bridge]: [FOLLOWING] pos_ned=(2.18,-0.06,-4.64) target_ned=(2.20,-0.03,-4.68) pos_cmd_age=0.01s
[INFO] [1788717873.752603309] [fast_planner_bridge]: [FOLLOWING] pos_ned=(2.88,-0.09,-4.68) target_ned=(2.90,-0.10,-4.72) pos_cmd_age=0.01s
[INFO] [1788717874.752860698] [fast_planner_bridge]: [FOLLOWING] pos_ned=(3.30,-0.07,-4.71) target_ned=(3.31,-0.07,-4.74) pos_cmd_age=0.01s
[INFO] [1788717875.752545004] [fast_planner_bridge]: [FOLLOWING] pos_ned=(3.54,0.02,-4.69) target_ned=(3.57,-0.00,-4.73) pos_cmd_age=0.01s
[INFO] [1788717876.752759020] [fast_planner_bridge]: [FOLLOWING] pos_ned=(4.24,0.03,-4.76) target_ned=(4.00,-0.01,-4.68) pos_cmd_age=0.01s
[INFO] [1788717877.752545000] [fast_planner_bridge]: [FOLLOWING] pos_ned=(5.04,0.09,-4.84) target_ned=(4.66,-0.09,-4.65) pos_cmd_age=0.01s
[INFO] [1788717878.752678494] [fast_planner_bridge]: [FOLLOWING] pos_ned=(5.37,-0.01,-4.86) target_ned=(5.24,0.16,-4.84) pos_cmd_age=0.01s
[INFO] [1788717879.752623918] [fast_planner_bridge]: [FOLLOWING] pos_ned=(5.24,0.31,-4.82) target_ned=(5.52,0.55,-4.89) pos_cmd_age=0.01s
[INFO] [1788717880.752664925] [fast_planner_bridge]: [FOLLOWING] pos_ned=(5.60,1.11,-4.78) target_ned=(5.93,1.22,-4.95) pos_cmd_age=0.01s
[INFO] [1788717881.752626502] [fast_planner_bridge]: [FOLLOWING] pos_ned=(5.92,1.65,-4.79) target_ned=(5.82,1.29,-4.80) pos_cmd_age=0.01s
[INFO] [1788717882.752877018] [fast_planner_bridge]: [FOLLOWING] pos_ned=(5.93,1.37,-4.61) target_ned=(6.14,0.91,-4.78) pos_cmd_age=0.01s
[INFO] [1788717883.752576915] [fast_planner_bridge]: [FOLLOWING] pos_ned=(6.53,0.60,-4.54) target_ned=(6.78,0.35,-4.78) pos_cmd_age=0.01s
[INFO] [1788717884.752704498] [fast_planner_bridge]: [FOLLOWING] pos_ned=(7.44,0.15,-4.77) target_ned=(7.47,0.03,-4.87) pos_cmd_age=0.01s
[INFO] [1788717885.752549542] [fast_planner_bridge]: [FOLLOWING] pos_ned=(7.87,-0.05,-4.95) target_ned=(7.89,-0.01,-4.97) pos_cmd_age=0.01s
[WARN] [1788717885.873954094] [fast_planner_bridge]: Shutdown signal 15 received -- ceasing ARM requests, commanding AUTO.LAND, will disarm and exit once landed. If this doesn't complete and the vehicle needs to come down NOW, use emergency_stop.py instead of repeating this signal.
[INFO] [1788717886.002884631] [fast_planner_bridge]: Requesting AUTO.LAND... nav_state=14
[INFO] [1788717886.052758328] [fast_planner_bridge]: AUTO.LAND confirmed -- ceasing offboard setpoints, handing off to the autopilot.
[INFO] [1788717886.752694238] [fast_planner_bridge]: Waiting for disarm (backstop disarm sent)... arming_state=2
[INFO] [1788717888.752500558] [fast_planner_bridge]: Waiting for disarm (backstop disarm sent)... arming_state=2
