[INFO] [1788717843.661650119] [visual_odometry_bridge]: visual_odometry_bridge ready: /visual_slam/tracking/odometry -> /fmu/in/vehicle_visual_odometry
[INFO] [1788717848.478444600] [visual_odometry_bridge]: published 100 vehicle_visual_odometry samples (last NED pos=(0.00,0.00,-0.00))
[WARN] [1788717854.592561941] [visual_odometry_bridge]: Rejected cuVSLAM update: implied speed 9.2 m/s (jumped 0.29m in 32ms) -- holding last known-good position, not forwarding to EKF2. (1 rejected total)
[INFO] [1788717858.556777759] [visual_odometry_bridge]: published 300 vehicle_visual_odometry samples (last NED pos=(-0.17,1.20,-0.03))
[WARN] [1788717858.608432753] [visual_odometry_bridge]: Rejected cuVSLAM update: implied speed 20.0 m/s (jumped 0.64m in 32ms) -- holding last known-good position, not forwarding to EKF2. (7 rejected total)
[WARN] [1788717859.633173208] [visual_odometry_bridge]: Rejected cuVSLAM update: implied speed 8.6 m/s (jumped 3.67m in 428ms) -- holding last known-good position, not forwarding to EKF2. (21 rejected total)
[WARN] [1788717861.038244028] [visual_odometry_bridge]: Rejected cuVSLAM update: implied speed 10.9 m/s (jumped 0.35m in 32ms) -- holding last known-good position, not forwarding to EKF2. (23 rejected total)
[INFO] [1788717864.487995533] [visual_odometry_bridge]: published 400 vehicle_visual_odometry samples (last NED pos=(4.95,-3.72,0.18))
[WARN] [1788717866.191567312] [visual_odometry_bridge]: Rejected cuVSLAM update: implied speed 22.2 m/s (jumped 0.71m in 32ms) -- holding last known-good position, not forwarding to EKF2. (26 rejected total)
[WARN] [1788717873.832119976] [visual_odometry_bridge]: Rejected cuVSLAM update: implied speed 9.5 m/s (jumped 0.30m in 32ms) -- holding last known-good position, not forwarding to EKF2. (28 rejected total)
[INFO] [1788717874.482000320] [visual_odometry_bridge]: published 600 vehicle_visual_odometry samples (last NED pos=(7.05,-3.86,1.89))
[WARN] [1788717875.250926618] [visual_odometry_bridge]: Rejected cuVSLAM update: implied speed 17.3 m/s (jumped 0.55m in 32ms) -- holding last known-good position, not forwarding to EKF2. (30 rejected total)
[WARN] [1788717878.253388298] [visual_odometry_bridge]: Rejected cuVSLAM update: implied speed 17.0 m/s (jumped 0.61m in 36ms) -- holding last known-good position, not forwarding to EKF2. (37 rejected total)
Failed to publish log message to rosout: publisher's context is invalid, at ./src/rcl/publisher.c:389
Traceback (most recent call last):
  File "/workspaces/isaac_ros-dev/ros2_ws/install/px4_vslam_bridge/lib/px4_vslam_bridge/visual_odometry_bridge", line 33, in <module>
    sys.exit(load_entry_point('px4-vslam-bridge==0.1.0', 'console_scripts', 'visual_odometry_bridge')())
  File "/workspaces/isaac_ros-dev/ros2_ws/install/px4_vslam_bridge/lib/python3.10/site-packages/px4_vslam_bridge/visual_odometry_bridge.py", line 165, in main
    rclpy.shutdown()
  File "/opt/ros/humble/local/lib/python3.10/dist-packages/rclpy/__init__.py", line 130, in shutdown
    _shutdown(context=context)
  File "/opt/ros/humble/local/lib/python3.10/dist-packages/rclpy/utilities.py", line 58, in shutdown
    return context.shutdown()
  File "/opt/ros/humble/local/lib/python3.10/dist-packages/rclpy/context.py", line 102, in shutdown
    self.__context.shutdown()
rclpy._rclpy_pybind11.RCLError: failed to shutdown: rcl_shutdown already called on the given context, at ./src/rcl/init.c:241
