[INFO] [1788708491.183449024] [vslam_compare]: vslam_compare: logging per-message CSV to /workspaces/isaac_ros-dev/results/route2_probe/r2_none_r01/vslam_compare.csv (exp_id='r2_none_r01')
[INFO] [1788708491.202592535] [vslam_compare]: vslam_compare ready -- watching /visual_slam/tracking/odometry vs /ground_truth/odom
[INFO] [1788708491.207409884] [vslam_compare]: Ground truth origin set: (0.01748572289943695, -0.04147656261920929, -0.025271713733673096)
[INFO] [1788708492.153199389] [vslam_compare]: cuVSLAM origin set: (0.0, 0.0, 0.0) -- tracking initialized
[INFO] [1788708492.202835978] [vslam_compare]: gt=(0.0, 0.01, 0.0) vslam=(0.0, 0.0, 0.0) error=0.007m max_error=0.007m (n=1)
[INFO] [1788708493.202817070] [vslam_compare]: gt=(-0.0, 0.0, 0.0) vslam=(0.0, 0.0, 0.0) error=0.004m max_error=0.007m (n=2)
[INFO] [1788708494.202982265] [vslam_compare]: gt=(-0.0, 0.0, 0.0) vslam=(0.0, 0.0, 0.0) error=0.006m max_error=0.007m (n=3)
[INFO] [1788708495.202615797] [vslam_compare]: gt=(-0.01, 0.0, 0.01) vslam=(0.0, 0.0, 0.0) error=0.010m max_error=0.010m (n=4)
[INFO] [1788708496.202658542] [vslam_compare]: gt=(-0.01, 0.01, 0.0) vslam=(0.0, 0.0, 0.0) error=0.012m max_error=0.012m (n=5)
[INFO] [1788708497.202861977] [vslam_compare]: gt=(-0.01, 0.02, -0.0) vslam=(0.0, 0.0, 0.0) error=0.023m max_error=0.023m (n=6)
[INFO] [1788708498.202560538] [vslam_compare]: gt=(-0.01, 0.03, 0.0) vslam=(0.0, 0.0, 0.0) error=0.032m max_error=0.032m (n=7)
[INFO] [1788708499.202967660] [vslam_compare]: gt=(-0.01, 0.04, -0.0) vslam=(0.0, 0.01, -0.0) error=0.029m max_error=0.032m (n=8)
[INFO] [1788708500.202742933] [vslam_compare]: gt=(-0.01, 0.05, 0.0) vslam=(-0.94, 0.09, -0.03) error=0.934m max_error=0.934m (n=9)
[INFO] [1788708501.202929804] [vslam_compare]: gt=(-0.22, 0.08, -0.0) vslam=(-0.95, 0.14, -0.01) error=0.733m max_error=0.934m (n=10)
[INFO] [1788708502.202644362] [vslam_compare]: gt=(-0.29, 0.11, -0.01) vslam=(-0.96, 0.18, 0.01) error=0.675m max_error=0.934m (n=11)
[INFO] [1788708503.202916650] [vslam_compare]: gt=(-0.18, 0.11, 0.0) vslam=(0.2, 0.06, 0.13) error=0.399m max_error=0.934m (n=12)
[INFO] [1788708504.202555756] [vslam_compare]: gt=(0.22, 0.07, 0.03) vslam=(0.28, 0.04, 0.13) error=0.117m max_error=0.934m (n=13)
[INFO] [1788708505.202754976] [vslam_compare]: gt=(0.25, 0.01, 0.18) vslam=(0.57, -0.11, 0.29) error=0.351m max_error=0.934m (n=14)
[INFO] [1788708506.202513994] [vslam_compare]: gt=(-0.32, -0.17, 1.41) vslam=(0.03, -0.09, 1.56) error=0.390m max_error=0.934m (n=15)
[INFO] [1788708507.202512789] [vslam_compare]: gt=(-0.33, -0.26, 3.1) vslam=(0.28, -0.43, 2.93) error=0.659m max_error=0.934m (n=16)
[INFO] [1788708508.202840537] [vslam_compare]: gt=(-0.12, -0.18, 3.88) vslam=(1.69, -1.64, 3.57) error=2.351m max_error=2.351m (n=17)
[INFO] [1788708509.202634919] [vslam_compare]: gt=(0.15, -0.23, 4.26) vslam=(2.83, -2.53, 3.93) error=3.543m max_error=3.543m (n=18)
[INFO] [1788708510.202697660] [vslam_compare]: gt=(0.37, -0.3, 4.5) vslam=(2.98, -2.38, 4.18) error=3.349m max_error=3.543m (n=19)
[INFO] [1788708511.202685542] [vslam_compare]: gt=(0.12, 0.05, 4.68) vslam=(3.04, -1.91, 4.44) error=3.522m max_error=3.543m (n=20)
[INFO] [1788708512.202789008] [vslam_compare]: gt=(-0.09, 0.36, 4.8) vslam=(3.06, -1.62, 4.64) error=3.715m max_error=3.715m (n=21)
[INFO] [1788708513.202821802] [vslam_compare]: gt=(-0.12, 0.42, 4.88) vslam=(3.09, -1.66, 4.66) error=3.834m max_error=3.834m (n=22)
[INFO] [1788708514.202930216] [vslam_compare]: gt=(-0.09, 0.3, 4.91) vslam=(3.1, -1.92, 4.58) error=3.906m max_error=3.906m (n=23)
[INFO] [1788708515.202784275] [vslam_compare]: gt=(-0.07, 0.21, 4.86) vslam=(3.11, -2.13, 4.49) error=3.967m max_error=3.967m (n=24)
[INFO] [1788708516.202528018] [vslam_compare]: gt=(-0.11, 0.34, 4.83) vslam=(3.22, -2.14, 4.44) error=4.165m max_error=4.165m (n=25)
[INFO] [1788708517.202645917] [vslam_compare]: gt=(-0.39, 0.7, 4.82) vslam=(3.36, -1.41, 6.39) error=4.581m max_error=4.581m (n=26)
[INFO] [1788708518.202558223] [vslam_compare]: gt=(-0.89, 1.52, 5.27) vslam=(2.63, -0.56, 6.13) error=4.184m max_error=4.581m (n=27)
[INFO] [1788708519.202686791] [vslam_compare]: gt=(-1.54, 2.26, 5.04) vslam=(1.97, -0.06, 5.65) error=4.253m max_error=4.581m (n=28)
[INFO] [1788708520.202745588] [vslam_compare]: gt=(-1.91, 2.42, 4.7) vslam=(1.53, -0.59, 5.22) error=4.596m max_error=4.596m (n=29)
[INFO] [1788708521.202653844] [vslam_compare]: gt=(-1.68, 2.33, 4.36) vslam=(1.2, -2.18, 4.57) error=5.354m max_error=5.354m (n=30)
[INFO] [1788708522.202529217] [vslam_compare]: gt=(-1.13, 2.18, 4.32) vslam=(2.23, -3.02, 4.1) error=6.196m max_error=6.196m (n=31)
[INFO] [1788708523.202898482] [vslam_compare]: gt=(-0.49, 1.89, 4.31) vslam=(2.57, -2.53, 4.3) error=5.383m max_error=6.196m (n=32)
[INFO] [1788708524.202728569] [vslam_compare]: gt=(-0.37, 2.31, 4.3) vslam=(2.85, -2.27, 4.37) error=5.601m max_error=6.196m (n=33)
[INFO] [1788708525.202765572] [vslam_compare]: gt=(-0.66, 2.45, 4.31) vslam=(2.17, -3.35, 4.45) error=6.451m max_error=6.451m (n=34)
[INFO] [1788708526.202762950] [vslam_compare]: gt=(-0.62, 2.44, 4.33) vslam=(1.83, -4.19, 4.4) error=7.064m max_error=7.064m (n=35)
[INFO] [1788708527.202950914] [vslam_compare]: gt=(0.02, 2.62, 4.37) vslam=(1.94, -4.57, 4.69) error=7.454m max_error=7.454m (n=36)
[INFO] [1788708528.202853644] [vslam_compare]: gt=(0.89, 2.79, 4.44) vslam=(2.87, -5.53, 4.89) error=8.561m max_error=8.561m (n=37)
Traceback (most recent call last):
  File "/workspaces/isaac_ros-dev/ros2_ws/install/px4_vslam_bridge/lib/python3.10/site-packages/px4_vslam_bridge/vslam_compare.py", line 194, in main
    rclpy.spin(node)
  File "/opt/ros/humble/local/lib/python3.10/dist-packages/rclpy/__init__.py", line 229, in spin
    executor.spin_once()
  File "/opt/ros/humble/local/lib/python3.10/dist-packages/rclpy/executors.py", line 808, in spin_once
    self._spin_once_impl(timeout_sec)
  File "/opt/ros/humble/local/lib/python3.10/dist-packages/rclpy/executors.py", line 797, in _spin_once_impl
    handler, entity, node = self.wait_for_ready_callbacks(timeout_sec=timeout_sec)
  File "/opt/ros/humble/local/lib/python3.10/dist-packages/rclpy/executors.py", line 780, in wait_for_ready_callbacks
    return next(self._cb_iter)
  File "/opt/ros/humble/local/lib/python3.10/dist-packages/rclpy/executors.py", line 681, in _wait_for_ready_callbacks
    raise ExternalShutdownException()
rclpy.executors.ExternalShutdownException

During handling of the above exception, another exception occurred:

Traceback (most recent call last):
  File "/workspaces/isaac_ros-dev/ros2_ws/install/px4_vslam_bridge/lib/px4_vslam_bridge/vslam_compare", line 33, in <module>
    sys.exit(load_entry_point('px4-vslam-bridge==0.1.0', 'console_scripts', 'vslam_compare')())
  File "/workspaces/isaac_ros-dev/ros2_ws/install/px4_vslam_bridge/lib/python3.10/site-packages/px4_vslam_bridge/vslam_compare.py", line 199, in main
    rclpy.shutdown()
  File "/opt/ros/humble/local/lib/python3.10/dist-packages/rclpy/__init__.py", line 130, in shutdown
    _shutdown(context=context)
  File "/opt/ros/humble/local/lib/python3.10/dist-packages/rclpy/utilities.py", line 58, in shutdown
    return context.shutdown()
  File "/opt/ros/humble/local/lib/python3.10/dist-packages/rclpy/context.py", line 102, in shutdown
    self.__context.shutdown()
rclpy._rclpy_pybind11.RCLError: failed to shutdown: rcl_shutdown already called on the given context, at ./src/rcl/init.c:241
