[INFO] [1788684751.265577710] [vslam_compare]: vslam_compare: logging per-message CSV to /workspaces/isaac_ros-dev/results/feasibility_gate/gate_sweep_poor_extreme_r07/vslam_compare.csv (exp_id='gate_sweep_poor_extreme_r07')
[INFO] [1788684751.285461563] [vslam_compare]: vslam_compare ready -- watching /visual_slam/tracking/odometry vs /ground_truth/odom
[INFO] [1788684751.286353423] [vslam_compare]: Ground truth origin set: (0.04055776074528694, -0.014642341993749142, 0.04417136311531067)
[INFO] [1788684751.321759544] [vslam_compare]: cuVSLAM origin set: (0.0, 0.0, 0.0) -- tracking initialized
[INFO] [1788684752.285741220] [vslam_compare]: gt=(-0.01, -0.01, 0.02) vslam=(0.0, 0.0, 0.0) error=0.018m max_error=0.018m (n=1)
[INFO] [1788684753.286023668] [vslam_compare]: gt=(-0.01, -0.01, 0.04) vslam=(0.0, 0.0, 0.0) error=0.038m max_error=0.038m (n=2)
[INFO] [1788684754.285862515] [vslam_compare]: gt=(-0.02, -0.01, 0.04) vslam=(0.0, 0.0, 0.0) error=0.042m max_error=0.042m (n=3)
[INFO] [1788684755.285804843] [vslam_compare]: gt=(-0.01, -0.02, 0.03) vslam=(0.0, 0.0, 0.0) error=0.039m max_error=0.042m (n=4)
[INFO] [1788684756.285720636] [vslam_compare]: gt=(-0.01, -0.03, 0.03) vslam=(0.0, 0.0, 0.0) error=0.043m max_error=0.043m (n=5)
[INFO] [1788684757.286059310] [vslam_compare]: gt=(-0.01, -0.03, 0.03) vslam=(0.0, 0.0, 0.0) error=0.048m max_error=0.048m (n=6)
[INFO] [1788684758.285980843] [vslam_compare]: gt=(-0.02, -0.02, 0.03) vslam=(0.0, 0.0, 0.0) error=0.042m max_error=0.048m (n=7)
[INFO] [1788684759.285731496] [vslam_compare]: gt=(-0.03, -0.01, 0.03) vslam=(0.0, 0.0, 0.0) error=0.041m max_error=0.048m (n=8)
[INFO] [1788684760.285619465] [vslam_compare]: gt=(-0.03, -0.02, 0.03) vslam=(0.0, 0.0, 0.0) error=0.044m max_error=0.048m (n=9)
[INFO] [1788684761.285944883] [vslam_compare]: gt=(-0.05, -0.02, 0.03) vslam=(0.0, 0.0, 0.0) error=0.060m max_error=0.060m (n=10)
[INFO] [1788684762.285640235] [vslam_compare]: gt=(-0.05, -0.02, 0.03) vslam=(0.0, 0.0, 0.0) error=0.063m max_error=0.063m (n=11)
[INFO] [1788684763.285840054] [vslam_compare]: gt=(-0.05, -0.02, 0.02) vslam=(0.0, 0.0, 0.0) error=0.058m max_error=0.063m (n=12)
[INFO] [1788684764.285847622] [vslam_compare]: gt=(-0.04, 0.01, 0.01) vslam=(0.0, 0.0, 0.0) error=0.045m max_error=0.063m (n=13)
[INFO] [1788684765.285993929] [vslam_compare]: gt=(-0.04, 0.01, 0.01) vslam=(-0.0, -0.0, 0.0) error=0.045m max_error=0.063m (n=14)
[INFO] [1788684766.285771138] [vslam_compare]: gt=(-0.01, 0.02, 0.0) vslam=(0.06, -0.03, 0.01) error=0.090m max_error=0.090m (n=15)
[INFO] [1788684767.285877069] [vslam_compare]: gt=(0.02, 0.03, 0.52) vslam=(0.3, -0.29, 0.34) error=0.467m max_error=0.467m (n=16)
[INFO] [1788684768.285707159] [vslam_compare]: gt=(0.03, -0.01, 1.99) vslam=(0.29, -0.65, 1.66) error=0.760m max_error=0.760m (n=17)
[INFO] [1788684769.285761613] [vslam_compare]: gt=(-0.04, -0.07, 3.5) vslam=(0.26, -0.63, 3.25) error=0.691m max_error=0.760m (n=18)
[INFO] [1788684770.285872489] [vslam_compare]: gt=(-0.09, -0.06, 4.16) vslam=(0.16, -0.58, 3.7) error=0.737m max_error=0.760m (n=19)
[INFO] [1788684771.285782989] [vslam_compare]: gt=(-0.06, -0.02, 4.46) vslam=(0.12, -0.54, 3.85) error=0.819m max_error=0.819m (n=20)
[INFO] [1788684772.285847688] [vslam_compare]: gt=(-0.06, -0.01, 4.64) vslam=(0.23, -0.44, 3.71) error=1.061m max_error=1.061m (n=21)
[INFO] [1788684773.285820057] [vslam_compare]: gt=(-0.07, -0.02, 4.75) vslam=(0.8, 0.01, 3.33) error=1.665m max_error=1.665m (n=22)
[INFO] [1788684774.285740263] [vslam_compare]: gt=(-0.12, 0.12, 4.67) vslam=(0.8, 0.35, 3.29) error=1.670m max_error=1.670m (n=23)
[INFO] [1788684775.285999950] [vslam_compare]: gt=(-0.12, 0.11, 4.66) vslam=(0.81, 0.37, 3.11) error=1.824m max_error=1.824m (n=24)
[INFO] [1788684776.285773147] [vslam_compare]: gt=(-0.06, 0.06, 4.67) vslam=(0.95, 0.28, 2.84) error=2.099m max_error=2.099m (n=25)
[INFO] [1788684777.286459890] [vslam_compare]: gt=(0.17, 0.37, 4.69) vslam=(1.14, 0.44, 2.56) error=2.351m max_error=2.351m (n=26)
[INFO] [1788684778.285630137] [vslam_compare]: gt=(0.34, 1.04, 4.73) vslam=(1.25, 1.08, 2.65) error=2.264m max_error=2.351m (n=27)
[INFO] [1788684779.286022752] [vslam_compare]: gt=(0.59, 1.77, 4.75) vslam=(1.4, 1.96, 2.66) error=2.248m max_error=2.351m (n=28)
[INFO] [1788684780.285813365] [vslam_compare]: gt=(0.98, 2.47, 4.79) vslam=(1.71, 2.49, 2.66) error=2.254m max_error=2.351m (n=29)
[INFO] [1788684781.285760893] [vslam_compare]: gt=(1.34, 3.22, 4.82) vslam=(1.89, 2.98, 2.22) error=2.661m max_error=2.661m (n=30)
[INFO] [1788684782.285730579] [vslam_compare]: gt=(1.56, 3.78, 4.84) vslam=(1.77, 3.16, 1.72) error=3.195m max_error=3.195m (n=31)
[INFO] [1788684783.285777729] [vslam_compare]: gt=(1.57, 3.94, 4.83) vslam=(2.71, 4.58, 2.28) error=2.862m max_error=3.195m (n=32)
[INFO] [1788684784.285838641] [vslam_compare]: gt=(1.67, 3.89, 4.83) vslam=(2.77, 4.51, 2.3) error=2.827m max_error=3.195m (n=33)
[INFO] [1788684785.285962048] [vslam_compare]: gt=(1.76, 3.9, 4.8) vslam=(3.42, 3.59, 2.59) error=2.781m max_error=3.195m (n=34)
[INFO] [1788684786.285792654] [vslam_compare]: gt=(1.68, 4.27, 4.75) vslam=(3.62, 3.77, 2.2) error=3.242m max_error=3.242m (n=35)
[INFO] [1788684787.285888231] [vslam_compare]: gt=(1.62, 4.94, 4.72) vslam=(4.14, 2.79, 2.17) error=4.180m max_error=4.180m (n=36)
[INFO] [1788684788.285719290] [vslam_compare]: gt=(1.67, 5.74, 4.77) vslam=(4.51, 2.15, 2.07) error=5.320m max_error=5.320m (n=37)
[INFO] [1788684789.285677368] [vslam_compare]: gt=(1.74, 6.41, 4.88) vslam=(4.73, 1.37, 2.26) error=6.423m max_error=6.423m (n=38)
[INFO] [1788684790.285746904] [vslam_compare]: gt=(1.67, 6.93, 4.89) vslam=(5.16, 0.8, 2.21) error=7.544m max_error=7.544m (n=39)
[INFO] [1788684791.286053358] [vslam_compare]: gt=(1.55, 7.19, 4.85) vslam=(8.19, 0.87, 2.26) error=9.529m max_error=9.529m (n=40)
[INFO] [1788684792.285850678] [vslam_compare]: gt=(1.59, 7.13, 4.86) vslam=(9.11, 0.81, 2.26) error=10.161m max_error=10.161m (n=41)
[INFO] [1788684793.285800025] [vslam_compare]: gt=(1.61, 7.1, 4.91) vslam=(10.41, 0.11, 1.97) error=11.612m max_error=11.612m (n=42)
[INFO] [1788684794.286005295] [vslam_compare]: gt=(1.18, 7.38, 4.93) vslam=(11.96, -0.11, 1.94) error=13.462m max_error=13.462m (n=43)
[INFO] [1788684795.285875414] [vslam_compare]: gt=(0.5, 7.76, 4.93) vslam=(13.28, -0.17, 1.95) error=15.328m max_error=15.328m (n=44)
Traceback (most recent call last):
  File "/workspaces/isaac_ros-dev/ros2_ws/install/px4_vslam_bridge/lib/python3.10/site-packages/px4_vslam_bridge/vslam_compare.py", line 194, in main
    rclpy.spin(node)
  File "/opt/ros/humble/local/lib/python3.10/dist-packages/rclpy/__init__.py", line 229, in spin
    executor.spin_once()
  File "/opt/ros/humble/local/lib/python3.10/dist-packages/rclpy/executors.py", line 808, in spin_once
    self._spin_once_impl(timeout_sec)
  File "/opt/ros/humble/local/lib/python3.10/dist-packages/rclpy/executors.py", line 797, in _spin_once_impl
    handler, entity, node = self.wait_for_ready_callbacks(timeout_sec=timeout_sec)
  File "/opt/ros/humble/local/lib/python3.10/dist-packages/rclpy/executors.py", line 780, in wait_for_ready_callbacks
    return next(self._cb_iter)
  File "/opt/ros/humble/local/lib/python3.10/dist-packages/rclpy/executors.py", line 653, in _wait_for_ready_callbacks
    wait_set = _rclpy.WaitSet(
rclpy._rclpy_pybind11.RCLError: failed to initialize wait set: the given context is not valid, either rcl_init() was not called or rcl_shutdown() was called., at ./src/rcl/wait.c:130

During handling of the above exception, another exception occurred:

Traceback (most recent call last):
  File "/workspaces/isaac_ros-dev/ros2_ws/install/px4_vslam_bridge/lib/px4_vslam_bridge/vslam_compare", line 33, in <module>
    sys.exit(load_entry_point('px4-vslam-bridge==0.1.0', 'console_scripts', 'vslam_compare')())
  File "/workspaces/isaac_ros-dev/ros2_ws/install/px4_vslam_bridge/lib/python3.10/site-packages/px4_vslam_bridge/vslam_compare.py", line 199, in main
    rclpy.shutdown()
  File "/opt/ros/humble/local/lib/python3.10/dist-packages/rclpy/__init__.py", line 130, in shutdown
    _shutdown(context=context)
  File "/opt/ros/humble/local/lib/python3.10/dist-packages/rclpy/utilities.py", line 58, in shutdown
    return context.shutdown()
  File "/opt/ros/humble/local/lib/python3.10/dist-packages/rclpy/context.py", line 102, in shutdown
    self.__context.shutdown()
rclpy._rclpy_pybind11.RCLError: failed to shutdown: rcl_shutdown already called on the given context, at ./src/rcl/init.c:241
