stdin is not a terminal device. Keyboard handling disabled.[INFO] [1788530349.910346974] [rosbag2_recorder]: Press SPACE for pausing/resuming
[INFO] [1788530349.912201546] [rosbag2_storage]: Opened database '/workspaces/isaac_ros-dev/results/feasibility_gate/mini_dose_high_r5/rosbag/rosbag_0.db3' for READ_WRITE.
[INFO] [1788530349.913204977] [rosbag2_recorder]: Listening for topics...
[INFO] [1788530349.913218304] [rosbag2_recorder]: Event publisher thread: Starting
[INFO] [1788530349.917344003] [rosbag2_recorder]: Subscribed to topic '/visual_slam/vis/observations_cloud'
[INFO] [1788530349.918599725] [rosbag2_recorder]: Subscribed to topic '/visual_slam/tracking/odometry'
[INFO] [1788530349.919424843] [rosbag2_recorder]: Subscribed to topic '/stereo/right/image'
[INFO] [1788530349.920700405] [rosbag2_recorder]: Subscribed to topic '/visual_slam/status'
[INFO] [1788530349.921504030] [rosbag2_recorder]: Subscribed to topic '/stereo/right/camera_info'
[INFO] [1788530349.922977705] [rosbag2_recorder]: Subscribed to topic '/tf_static'
[INFO] [1788530349.923528689] [rosbag2_recorder]: Subscribed to topic '/stereo/left/image'
[INFO] [1788530349.924069863] [rosbag2_recorder]: Subscribed to topic '/stereo/left/camera_info'
[INFO] [1788530349.924654373] [rosbag2_recorder]: Subscribed to topic '/tf'
[INFO] [1788530349.925172522] [rosbag2_recorder]: Subscribed to topic '/ground_truth/odom'
[INFO] [1788530349.926065655] [rosbag2_recorder]: Subscribed to topic '/clock'
[INFO] [1788530349.926128099] [rosbag2_recorder]: Recording...
[INFO] [1788530350.033034794] [rosbag2_recorder]: Subscribed to topic '/fmu/out/estimator_status_flags'
[INFO] [1788530350.033079152] [rosbag2_recorder]: All requested topics are subscribed. Stopping discovery...
[INFO] [1788530392.695772045] [rosbag2_cpp]: Writing remaining messages from cache to the bag. It may take a while
[INFO] [1788530392.697063300] [rosbag2_recorder]: Event publisher thread: Exiting
[INFO] [1788530392.697169650] [rosbag2_recorder]: Recording stopped
