[INFO] [1788753522.110192635] [vslam_compare]: vslam_compare: logging per-message CSV to /workspaces/isaac_ros-dev/results/route2_probe/r2_2_L2_r15/vslam_compare.csv (exp_id='r2_2_L2_r15')
[INFO] [1788753522.129619929] [vslam_compare]: vslam_compare ready -- watching /visual_slam/tracking/odometry vs /ground_truth/odom
[INFO] [1788753522.131543667] [vslam_compare]: Ground truth origin set: (-0.0013062283396720886, 0.01694561541080475, -0.004190102219581604)
[WARN] [1788753523.129910294] [vslam_compare]: No /visual_slam/tracking/odometry data yet -- cuVSLAM not tracking (or not launched).
[WARN] [1788753528.130044438] [vslam_compare]: No /visual_slam/tracking/odometry data yet -- cuVSLAM not tracking (or not launched).
[WARN] [1788753534.130612790] [vslam_compare]: No /visual_slam/tracking/odometry data yet -- cuVSLAM not tracking (or not launched).
[WARN] [1788753540.130359158] [vslam_compare]: No /visual_slam/tracking/odometry data yet -- cuVSLAM not tracking (or not launched).
[WARN] [1788753546.130128937] [vslam_compare]: No /visual_slam/tracking/odometry data yet -- cuVSLAM not tracking (or not launched).
[WARN] [1788753552.130074870] [vslam_compare]: No /visual_slam/tracking/odometry data yet -- cuVSLAM not tracking (or not launched).
[WARN] [1788753557.130095666] [vslam_compare]: No /visual_slam/tracking/odometry data yet -- cuVSLAM not tracking (or not launched).
[WARN] [1788753563.130068902] [vslam_compare]: No /visual_slam/tracking/odometry data yet -- cuVSLAM not tracking (or not launched).
[WARN] [1788753569.130117387] [vslam_compare]: No /visual_slam/tracking/odometry data yet -- cuVSLAM not tracking (or not launched).
[WARN] [1788753574.130111612] [vslam_compare]: No /visual_slam/tracking/odometry data yet -- cuVSLAM not tracking (or not launched).
Traceback (most recent call last):
  File "/workspaces/isaac_ros-dev/ros2_ws/install/px4_vslam_bridge/lib/python3.10/site-packages/px4_vslam_bridge/vslam_compare.py", line 194, in main
    rclpy.spin(node)
  File "/opt/ros/humble/local/lib/python3.10/dist-packages/rclpy/__init__.py", line 229, in spin
    executor.spin_once()
  File "/opt/ros/humble/local/lib/python3.10/dist-packages/rclpy/executors.py", line 808, in spin_once
    self._spin_once_impl(timeout_sec)
  File "/opt/ros/humble/local/lib/python3.10/dist-packages/rclpy/executors.py", line 797, in _spin_once_impl
    handler, entity, node = self.wait_for_ready_callbacks(timeout_sec=timeout_sec)
  File "/opt/ros/humble/local/lib/python3.10/dist-packages/rclpy/executors.py", line 780, in wait_for_ready_callbacks
    return next(self._cb_iter)
  File "/opt/ros/humble/local/lib/python3.10/dist-packages/rclpy/executors.py", line 681, in _wait_for_ready_callbacks
    raise ExternalShutdownException()
rclpy.executors.ExternalShutdownException

During handling of the above exception, another exception occurred:

Traceback (most recent call last):
  File "/workspaces/isaac_ros-dev/ros2_ws/install/px4_vslam_bridge/lib/px4_vslam_bridge/vslam_compare", line 33, in <module>
    sys.exit(load_entry_point('px4-vslam-bridge==0.1.0', 'console_scripts', 'vslam_compare')())
  File "/workspaces/isaac_ros-dev/ros2_ws/install/px4_vslam_bridge/lib/python3.10/site-packages/px4_vslam_bridge/vslam_compare.py", line 199, in main
    rclpy.shutdown()
  File "/opt/ros/humble/local/lib/python3.10/dist-packages/rclpy/__init__.py", line 130, in shutdown
    _shutdown(context=context)
  File "/opt/ros/humble/local/lib/python3.10/dist-packages/rclpy/utilities.py", line 58, in shutdown
    return context.shutdown()
  File "/opt/ros/humble/local/lib/python3.10/dist-packages/rclpy/context.py", line 102, in shutdown
    self.__context.shutdown()
rclpy._rclpy_pybind11.RCLError: failed to shutdown: rcl_shutdown already called on the given context, at ./src/rcl/init.c:241
