[INFO] [1788709485.504218079] [fast_planner_bridge]: fast_planner_bridge ready -- will capture home at arm time and climb (0.0, 0.0, -5.0) NED relative to it, then follow /planning/pos_cmd from Fast-Planner
[INFO] [1788709485.504664333] [fast_planner_bridge]: >>> Press ENTER to arm and fly (or set OFFBOARD_AUTO_START=1) <<<
[INFO] [1788709489.322550582] [fast_planner_bridge]: OFFBOARD + ARMED confirmed -- home_ned=(-0.019505079835653305, -0.008697539567947388, -0.007403060793876648), climbing to (-0.019505079835653305, -0.008697539567947388, -5.007403060793877).
[INFO] [1788709489.472784926] [fast_planner_bridge]: [CLIMBING] pos_ned=(-0.02,-0.01,-0.01) dist=5.00m
[INFO] [1788709490.473063135] [fast_planner_bridge]: [CLIMBING] pos_ned=(-0.03,-0.01,-0.01) dist=5.00m
[INFO] [1788709491.472890126] [fast_planner_bridge]: [CLIMBING] pos_ned=(-0.01,-0.06,0.01) dist=5.02m
[INFO] [1788709492.472641862] [fast_planner_bridge]: [CLIMBING] pos_ned=(0.00,-0.08,0.02) dist=5.03m
[INFO] [1788709493.472744859] [fast_planner_bridge]: [CLIMBING] pos_ned=(0.00,-0.05,0.02) dist=5.03m
[INFO] [1788709494.472838244] [fast_planner_bridge]: [CLIMBING] pos_ned=(0.01,0.17,-0.05) dist=4.96m
[INFO] [1788709495.472873991] [fast_planner_bridge]: [CLIMBING] pos_ned=(-0.02,0.12,-1.09) dist=3.92m
[INFO] [1788709496.472702923] [fast_planner_bridge]: [CLIMBING] pos_ned=(-0.08,0.03,-2.80) dist=2.21m
[INFO] [1788709497.472532654] [fast_planner_bridge]: [CLIMBING] pos_ned=(-0.15,-0.08,-3.90) dist=1.12m
[INFO] [1788709498.472787265] [fast_planner_bridge]: [CLIMBING] pos_ned=(-0.25,-0.06,-4.39) dist=0.66m
[INFO] [1788709499.472764270] [fast_planner_bridge]: [CLIMBING] pos_ned=(-0.30,0.02,-4.66) dist=0.44m
[INFO] [1788709500.472964993] [fast_planner_bridge]: [CLIMBING] pos_ned=(-0.29,0.06,-4.82) dist=0.34m
[INFO] [1788709500.672798466] [fast_planner_bridge]: Climb complete (dist=0.29m) -- following Fast-Planner.
[INFO] [1788709501.473053862] [fast_planner_bridge]: [FOLLOWING] pos_ned=(-0.04,-0.02,-4.73) target_ned=(-0.27,-0.01,-4.59) pos_cmd_age=0.01s
[INFO] [1788709502.472887021] [fast_planner_bridge]: [FOLLOWING] pos_ned=(0.12,-0.09,-4.61) target_ned=(-0.17,-0.01,-4.59) pos_cmd_age=0.01s
[INFO] [1788709503.472891223] [fast_planner_bridge]: [FOLLOWING] pos_ned=(0.46,-0.10,-4.58) target_ned=(0.28,-0.01,-4.61) pos_cmd_age=0.01s
[INFO] [1788709504.473142822] [fast_planner_bridge]: [FOLLOWING] pos_ned=(1.03,-0.07,-4.60) target_ned=(0.98,-0.01,-4.65) pos_cmd_age=0.01s
[INFO] [1788709505.472952429] [fast_planner_bridge]: [FOLLOWING] pos_ned=(1.75,-0.02,-4.64) target_ned=(1.80,-0.01,-4.69) pos_cmd_age=0.01s
[INFO] [1788709506.472584624] [fast_planner_bridge]: [FOLLOWING] pos_ned=(2.49,0.01,-4.72) target_ned=(2.50,-0.01,-4.73) pos_cmd_age=0.01s
[INFO] [1788709507.472972052] [fast_planner_bridge]: [FOLLOWING] pos_ned=(3.06,0.00,-4.82) target_ned=(2.87,-0.03,-4.80) pos_cmd_age=0.01s
[INFO] [1788709508.472791959] [fast_planner_bridge]: [FOLLOWING] pos_ned=(3.19,-0.27,-4.71) target_ned=(3.05,-0.35,-4.81) pos_cmd_age=0.01s
[INFO] [1788709509.472932130] [fast_planner_bridge]: [FOLLOWING] pos_ned=(3.24,-0.90,-4.69) target_ned=(3.31,-0.98,-4.84) pos_cmd_age=0.01s
[INFO] [1788709510.472934761] [fast_planner_bridge]: [FOLLOWING] pos_ned=(3.45,-1.62,-4.83) target_ned=(3.63,-1.75,-4.88) pos_cmd_age=0.01s
[INFO] [1788709511.472906685] [fast_planner_bridge]: [FOLLOWING] pos_ned=(3.87,-2.30,-4.93) target_ned=(4.10,-2.44,-4.94) pos_cmd_age=0.01s
[INFO] [1788709512.472832412] [fast_planner_bridge]: [FOLLOWING] pos_ned=(4.53,-2.80,-4.99) target_ned=(4.68,-2.96,-4.97) pos_cmd_age=0.01s
[INFO] [1788709513.472692525] [fast_planner_bridge]: [FOLLOWING] pos_ned=(4.92,-3.10,-4.86) target_ned=(5.08,-3.21,-4.91) pos_cmd_age=0.01s
[INFO] [1788709514.472774256] [fast_planner_bridge]: [FOLLOWING] pos_ned=(5.15,-3.19,-4.72) target_ned=(5.21,-3.12,-4.77) pos_cmd_age=0.01s
[INFO] [1788709515.472968969] [fast_planner_bridge]: [FOLLOWING] pos_ned=(5.35,-2.81,-4.65) target_ned=(5.22,-2.69,-4.68) pos_cmd_age=0.01s
[INFO] [1788709516.472541066] [fast_planner_bridge]: [FOLLOWING] pos_ned=(5.51,-2.20,-4.76) target_ned=(5.32,-2.04,-4.75) pos_cmd_age=0.01s
[INFO] [1788709517.473145652] [fast_planner_bridge]: [FOLLOWING] pos_ned=(5.67,-1.51,-4.83) target_ned=(5.47,-1.30,-4.86) pos_cmd_age=0.01s
[INFO] [1788709518.472522355] [fast_planner_bridge]: [FOLLOWING] pos_ned=(5.86,-0.85,-4.87) target_ned=(5.73,-0.69,-4.91) pos_cmd_age=0.01s
[INFO] [1788709519.472485707] [fast_planner_bridge]: [FOLLOWING] pos_ned=(6.28,-0.38,-4.90) target_ned=(6.26,-0.29,-4.91) pos_cmd_age=0.01s
[INFO] [1788709520.472914918] [fast_planner_bridge]: [FOLLOWING] pos_ned=(6.89,-0.11,-4.90) target_ned=(6.92,-0.14,-4.92) pos_cmd_age=0.01s
[INFO] [1788709521.473018568] [fast_planner_bridge]: [FOLLOWING] pos_ned=(7.49,-0.12,-4.93) target_ned=(7.54,-0.12,-4.96) pos_cmd_age=0.01s
[WARN] [1788709522.176660336] [fast_planner_bridge]: Shutdown signal 15 received -- ceasing ARM requests, commanding AUTO.LAND, will disarm and exit once landed. If this doesn't complete and the vehicle needs to come down NOW, use emergency_stop.py instead of repeating this signal.
[INFO] [1788709522.222847816] [fast_planner_bridge]: Requesting AUTO.LAND... nav_state=14
[INFO] [1788709522.272769878] [fast_planner_bridge]: AUTO.LAND confirmed -- ceasing offboard setpoints, handing off to the autopilot.
[INFO] [1788709523.472733676] [fast_planner_bridge]: Waiting for disarm (backstop disarm sent)... arming_state=2
