[INFO] [1788756403.304056378] [reactive_esdf_avoidance]: reactive_esdf_avoidance ready -- climb to (0.0, 0.0, -5.0) NED, then reactively fly to goal (7.0, 0.0, 5.0) ENU
[INFO] [1788756403.304427819] [reactive_esdf_avoidance]: >>> Press ENTER to arm and fly (or set OFFBOARD_AUTO_START=1) <<<
[WARN] [1788756405.272265062] [reactive_esdf_avoidance]: [tick 40] No data on /fmu/out/vehicle_local_position_v1.
[INFO] [1788756408.572343437] [reactive_esdf_avoidance]: OFFBOARD + ARMED confirmed -- climbing.
[INFO] [1788756409.272206658] [reactive_esdf_avoidance]: [CLIMBING] pos_ned=(0.06,-0.04,-0.04) dist=4.96m
[INFO] [1788756410.272255076] [reactive_esdf_avoidance]: [CLIMBING] pos_ned=(0.06,-0.05,-0.04) dist=4.96m
[INFO] [1788756411.272271899] [reactive_esdf_avoidance]: [CLIMBING] pos_ned=(0.05,-0.05,-0.04) dist=4.96m
[INFO] [1788756412.272107064] [reactive_esdf_avoidance]: [CLIMBING] pos_ned=(0.05,-0.05,-0.04) dist=4.96m
[INFO] [1788756413.272256266] [reactive_esdf_avoidance]: [CLIMBING] pos_ned=(0.04,0.02,-0.04) dist=4.96m
[INFO] [1788756414.272334329] [reactive_esdf_avoidance]: [CLIMBING] pos_ned=(0.00,0.04,-0.03) dist=4.97m
[INFO] [1788756415.272329892] [reactive_esdf_avoidance]: [CLIMBING] pos_ned=(-0.07,0.01,-0.25) dist=4.75m
[INFO] [1788756416.272190003] [reactive_esdf_avoidance]: [CLIMBING] pos_ned=(-0.18,-0.36,-1.56) dist=3.46m
[INFO] [1788756417.272327924] [reactive_esdf_avoidance]: [CLIMBING] pos_ned=(-0.27,-0.28,-2.95) dist=2.08m
[INFO] [1788756418.272359879] [reactive_esdf_avoidance]: [CLIMBING] pos_ned=(-0.16,-0.17,-3.72) dist=1.30m
[INFO] [1788756419.272374816] [reactive_esdf_avoidance]: [CLIMBING] pos_ned=(0.01,-0.08,-4.16) dist=0.84m
[INFO] [1788756420.272351797] [reactive_esdf_avoidance]: [CLIMBING] pos_ned=(0.08,0.02,-4.47) dist=0.54m
[INFO] [1788756421.272264391] [reactive_esdf_avoidance]: [CLIMBING] pos_ned=(0.09,0.11,-4.66) dist=0.36m
[INFO] [1788756421.822314365] [reactive_esdf_avoidance]: Climb complete (dist=0.30m) -- starting reactive avoidance.
[INFO] [1788756422.272188751] [reactive_esdf_avoidance]: [REACTIVE NAV] pos_enu=(0.12,0.07,4.79) goal_dist=6.88m nearest_obstacle=0.25m
[INFO] [1788756423.272137643] [reactive_esdf_avoidance]: [REACTIVE NAV] pos_enu=(0.19,0.02,4.87) goal_dist=6.81m nearest_obstacle=0.30m
[INFO] [1788756424.272219009] [reactive_esdf_avoidance]: [REACTIVE NAV] pos_enu=(0.36,-0.05,4.97) goal_dist=6.64m nearest_obstacle=0.38m
[INFO] [1788756425.272458618] [reactive_esdf_avoidance]: [REACTIVE NAV] pos_enu=(0.51,-0.13,5.07) goal_dist=6.49m nearest_obstacle=0.53m
[INFO] [1788756426.272604875] [reactive_esdf_avoidance]: [REACTIVE NAV] pos_enu=(0.60,-0.24,5.12) goal_dist=6.41m nearest_obstacle=0.25m
[INFO] [1788756427.272349730] [reactive_esdf_avoidance]: [REACTIVE NAV] pos_enu=(0.54,-0.40,5.17) goal_dist=6.47m nearest_obstacle=0.36m
[INFO] [1788756428.272169279] [reactive_esdf_avoidance]: [REACTIVE NAV] pos_enu=(0.48,-0.56,5.22) goal_dist=6.55m nearest_obstacle=0.56m
[INFO] [1788756429.272440726] [reactive_esdf_avoidance]: [REACTIVE NAV] pos_enu=(0.42,-0.72,5.28) goal_dist=6.62m nearest_obstacle=0.74m
[INFO] [1788756430.272522339] [reactive_esdf_avoidance]: [REACTIVE NAV] pos_enu=(0.36,-0.88,5.35) goal_dist=6.71m nearest_obstacle=0.92m
[INFO] [1788756431.272217918] [reactive_esdf_avoidance]: [REACTIVE NAV] pos_enu=(0.31,-1.06,5.41) goal_dist=6.78m nearest_obstacle=1.07m
[INFO] [1788756432.272262610] [reactive_esdf_avoidance]: [REACTIVE NAV] pos_enu=(0.30,-1.21,5.44) goal_dist=6.82m nearest_obstacle=1.27m
[INFO] [1788756433.272498357] [reactive_esdf_avoidance]: [REACTIVE NAV] pos_enu=(0.32,-1.37,5.50) goal_dist=6.83m nearest_obstacle=1.43m
[INFO] [1788756434.272291352] [reactive_esdf_avoidance]: [REACTIVE NAV] pos_enu=(0.38,-1.52,5.54) goal_dist=6.82m nearest_obstacle=1.63m
[INFO] [1788756435.272325056] [reactive_esdf_avoidance]: [REACTIVE NAV] pos_enu=(0.44,-1.63,5.56) goal_dist=6.78m nearest_obstacle=1.69m
[INFO] [1788756436.272306706] [reactive_esdf_avoidance]: [REACTIVE NAV] pos_enu=(0.52,-1.72,5.58) goal_dist=6.73m nearest_obstacle=1.72m
[INFO] [1788756437.272331702] [reactive_esdf_avoidance]: [REACTIVE NAV] pos_enu=(0.60,-1.78,5.61) goal_dist=6.67m nearest_obstacle=1.81m
[INFO] [1788756438.272505503] [reactive_esdf_avoidance]: [REACTIVE NAV] pos_enu=(0.71,-1.85,5.60) goal_dist=6.59m nearest_obstacle=1.86m
[INFO] [1788756439.272464192] [reactive_esdf_avoidance]: [REACTIVE NAV] pos_enu=(0.83,-1.92,5.61) goal_dist=6.49m nearest_obstacle=1.89m
[INFO] [1788756440.272462721] [reactive_esdf_avoidance]: [REACTIVE NAV] pos_enu=(0.94,-1.98,5.63) goal_dist=6.41m nearest_obstacle=1.99m
[INFO] [1788756441.272391970] [reactive_esdf_avoidance]: [REACTIVE NAV] pos_enu=(1.05,-2.01,5.64) goal_dist=6.31m nearest_obstacle=2.00m
[INFO] [1788756442.272228741] [reactive_esdf_avoidance]: [REACTIVE NAV] pos_enu=(1.19,-2.01,5.65) goal_dist=6.18m nearest_obstacle=0.71m
[INFO] [1788756443.272456785] [reactive_esdf_avoidance]: [REACTIVE NAV] pos_enu=(1.10,-2.13,5.69) goal_dist=6.31m nearest_obstacle=0.46m
[INFO] [1788756444.272592138] [reactive_esdf_avoidance]: [REACTIVE NAV] pos_enu=(1.00,-2.31,5.74) goal_dist=6.47m nearest_obstacle=0.75m
[INFO] [1788756445.272189188] [reactive_esdf_avoidance]: [REACTIVE NAV] pos_enu=(0.96,-2.47,5.77) goal_dist=6.57m nearest_obstacle=0.00m
[INFO] [1788756446.272194944] [reactive_esdf_avoidance]: [REACTIVE NAV] pos_enu=(0.87,-2.62,5.80) goal_dist=6.71m nearest_obstacle=0.00m
[INFO] [1788756447.272248624] [reactive_esdf_avoidance]: [REACTIVE NAV] pos_enu=(0.80,-2.78,5.83) goal_dist=6.85m nearest_obstacle=0.00m
[INFO] [1788756448.272289825] [reactive_esdf_avoidance]: [REACTIVE NAV] pos_enu=(0.69,-2.94,5.86) goal_dist=7.01m nearest_obstacle=0.00m
[INFO] [1788756449.272293278] [reactive_esdf_avoidance]: [REACTIVE NAV] pos_enu=(0.61,-3.07,5.89) goal_dist=7.14m nearest_obstacle=0.00m
[INFO] [1788756450.272408907] [reactive_esdf_avoidance]: [REACTIVE NAV] pos_enu=(0.59,-3.11,5.90) goal_dist=7.18m nearest_obstacle=0.00m
[INFO] [1788756451.272408781] [reactive_esdf_avoidance]: [REACTIVE NAV] pos_enu=(0.56,-3.09,5.90) goal_dist=7.20m nearest_obstacle=0.00m
[INFO] [1788756452.272356279] [reactive_esdf_avoidance]: [REACTIVE NAV] pos_enu=(0.56,-3.07,5.90) goal_dist=7.19m nearest_obstacle=0.00m
[INFO] [1788756453.272433958] [reactive_esdf_avoidance]: [REACTIVE NAV] pos_enu=(0.58,-3.07,5.90) goal_dist=7.17m nearest_obstacle=0.00m
[INFO] [1788756454.272034399] [reactive_esdf_avoidance]: [REACTIVE NAV] pos_enu=(0.61,-3.08,5.90) goal_dist=7.15m nearest_obstacle=0.00m
[INFO] [1788756455.272365703] [reactive_esdf_avoidance]: [REACTIVE NAV] pos_enu=(0.63,-3.06,5.90) goal_dist=7.12m nearest_obstacle=0.00m
[INFO] [1788756456.272197619] [reactive_esdf_avoidance]: [REACTIVE NAV] pos_enu=(0.61,-3.05,5.90) goal_dist=7.14m nearest_obstacle=0.00m
[INFO] [1788756457.272320026] [reactive_esdf_avoidance]: [REACTIVE NAV] pos_enu=(0.61,-3.07,5.90) goal_dist=7.15m nearest_obstacle=0.00m
[INFO] [1788756458.272529983] [reactive_esdf_avoidance]: [REACTIVE NAV] pos_enu=(0.60,-3.09,5.89) goal_dist=7.16m nearest_obstacle=0.00m
[INFO] [1788756459.272135571] [reactive_esdf_avoidance]: [REACTIVE NAV] pos_enu=(0.61,-3.10,5.89) goal_dist=7.16m nearest_obstacle=0.00m
Traceback (most recent call last):
  File "/workspaces/isaac_ros-dev/ros2_ws/install/px4_vslam_bridge/lib/python3.10/site-packages/px4_vslam_bridge/reactive_esdf_avoidance.py", line 393, in main
    rclpy.spin(node)
  File "/opt/ros/humble/local/lib/python3.10/dist-packages/rclpy/__init__.py", line 229, in spin
    executor.spin_once()
  File "/opt/ros/humble/local/lib/python3.10/dist-packages/rclpy/executors.py", line 808, in spin_once
    self._spin_once_impl(timeout_sec)
  File "/opt/ros/humble/local/lib/python3.10/dist-packages/rclpy/executors.py", line 797, in _spin_once_impl
    handler, entity, node = self.wait_for_ready_callbacks(timeout_sec=timeout_sec)
  File "/opt/ros/humble/local/lib/python3.10/dist-packages/rclpy/executors.py", line 780, in wait_for_ready_callbacks
    return next(self._cb_iter)
  File "/opt/ros/humble/local/lib/python3.10/dist-packages/rclpy/executors.py", line 681, in _wait_for_ready_callbacks
    raise ExternalShutdownException()
rclpy.executors.ExternalShutdownException

During handling of the above exception, another exception occurred:

Traceback (most recent call last):
  File "/workspaces/isaac_ros-dev/ros2_ws/install/px4_vslam_bridge/lib/px4_vslam_bridge/reactive_esdf_avoidance", line 33, in <module>
    sys.exit(load_entry_point('px4-vslam-bridge==0.1.0', 'console_scripts', 'reactive_esdf_avoidance')())
  File "/workspaces/isaac_ros-dev/ros2_ws/install/px4_vslam_bridge/lib/python3.10/site-packages/px4_vslam_bridge/reactive_esdf_avoidance.py", line 398, in main
    rclpy.shutdown()
  File "/opt/ros/humble/local/lib/python3.10/dist-packages/rclpy/__init__.py", line 130, in shutdown
    _shutdown(context=context)
  File "/opt/ros/humble/local/lib/python3.10/dist-packages/rclpy/utilities.py", line 58, in shutdown
    return context.shutdown()
  File "/opt/ros/humble/local/lib/python3.10/dist-packages/rclpy/context.py", line 102, in shutdown
    self.__context.shutdown()
rclpy._rclpy_pybind11.RCLError: failed to shutdown: rcl_shutdown already called on the given context, at ./src/rcl/init.c:241
