[INFO] [1788711513.243814009] [vslam_compare]: vslam_compare: logging per-message CSV to /workspaces/isaac_ros-dev/results/route2_probe/r2_medium_r118/vslam_compare.csv (exp_id='r2_medium_r118')
[INFO] [1788711513.264888463] [vslam_compare]: vslam_compare ready -- watching /visual_slam/tracking/odometry vs /ground_truth/odom
[INFO] [1788711513.267495833] [vslam_compare]: Ground truth origin set: (-0.030698826536536217, -0.022159751504659653, -0.016640186309814453)
[INFO] [1788711513.303241808] [vslam_compare]: cuVSLAM origin set: (0.0, 0.0, 0.0) -- tracking initialized
[INFO] [1788711514.265397626] [vslam_compare]: gt=(0.0, -0.01, -0.0) vslam=(0.0, 0.0, 0.0) error=0.012m max_error=0.012m (n=1)
[INFO] [1788711515.265019283] [vslam_compare]: gt=(0.0, -0.01, -0.01) vslam=(0.0, 0.0, 0.0) error=0.013m max_error=0.013m (n=2)
[INFO] [1788711516.265013699] [vslam_compare]: gt=(0.0, -0.0, -0.01) vslam=(0.0, 0.0, 0.0) error=0.014m max_error=0.014m (n=3)
[INFO] [1788711517.264918594] [vslam_compare]: gt=(0.0, -0.0, -0.01) vslam=(0.0, 0.0, 0.0) error=0.013m max_error=0.014m (n=4)
[INFO] [1788711518.265382839] [vslam_compare]: gt=(-0.0, -0.01, -0.01) vslam=(0.0, 0.0, 0.0) error=0.013m max_error=0.014m (n=5)
[INFO] [1788711519.264972466] [vslam_compare]: gt=(0.0, -0.01, -0.01) vslam=(0.0, 0.0, 0.0) error=0.010m max_error=0.014m (n=6)
[INFO] [1788711520.265291379] [vslam_compare]: gt=(0.01, 0.01, -0.0) vslam=(0.0, 0.0, 0.0) error=0.010m max_error=0.014m (n=7)
[INFO] [1788711521.265261677] [vslam_compare]: gt=(0.0, 0.01, -0.0) vslam=(0.07, -2.12, 0.02) error=2.130m max_error=2.130m (n=8)
[INFO] [1788711522.265303182] [vslam_compare]: gt=(0.0, -0.06, -0.01) vslam=(2.27, -1.11, -0.94) error=2.666m max_error=2.666m (n=9)
[INFO] [1788711523.265397529] [vslam_compare]: gt=(0.49, -0.32, -0.21) vslam=(2.27, -1.1, -0.91) error=2.068m max_error=2.666m (n=10)
[INFO] [1788711524.265224897] [vslam_compare]: gt=(0.93, -0.42, -0.39) vslam=(0.93, -2.17, -1.03) error=1.858m max_error=2.666m (n=11)
[INFO] [1788711525.264981347] [vslam_compare]: gt=(0.59, -0.57, -0.44) vslam=(-5.8, -7.54, -0.97) error=9.473m max_error=9.473m (n=12)
[INFO] [1788711526.265289153] [vslam_compare]: gt=(-0.09, -0.3, -0.23) vslam=(-8.99, -9.84, -2.96) error=13.339m max_error=13.339m (n=13)
[INFO] [1788711527.265788534] [vslam_compare]: gt=(-0.42, 0.28, 0.93) vslam=(-11.92, -11.37, -3.08) error=16.855m max_error=16.855m (n=14)
[INFO] [1788711528.265145269] [vslam_compare]: gt=(-0.33, 0.46, 2.76) vslam=(-15.61, -14.46, -2.08) error=21.895m max_error=21.895m (n=15)
[INFO] [1788711529.265390236] [vslam_compare]: gt=(0.05, 0.49, 3.97) vslam=(-16.87, -14.19, -2.21) error=23.240m max_error=23.240m (n=16)
[INFO] [1788711530.265727297] [vslam_compare]: gt=(0.22, 0.34, 4.39) vslam=(-19.86, -16.34, -3.42) error=27.248m max_error=27.248m (n=17)
[INFO] [1788711531.264934670] [vslam_compare]: gt=(0.24, -0.01, 4.61) vslam=(-19.79, -16.58, -5.13) error=27.764m max_error=27.764m (n=18)
[INFO] [1788711532.265300476] [vslam_compare]: gt=(0.11, -0.16, 4.74) vslam=(-19.79, -16.54, -5.31) error=27.664m max_error=27.764m (n=19)
[INFO] [1788711533.265771324] [vslam_compare]: gt=(-0.06, -0.19, 4.81) vslam=(-19.69, -16.41, -5.37) error=27.426m max_error=27.764m (n=20)
[INFO] [1788711534.265454210] [vslam_compare]: gt=(-0.18, -0.09, 4.87) vslam=(-19.79, -17.33, -6.97) error=28.665m max_error=28.665m (n=21)
[INFO] [1788711535.265132647] [vslam_compare]: gt=(-0.22, -0.0, 4.91) vslam=(-19.95, -17.06, -7.22) error=28.762m max_error=28.762m (n=22)
[INFO] [1788711536.264951179] [vslam_compare]: gt=(-0.15, 0.03, 4.93) vslam=(-19.92, -17.03, -7.07) error=28.737m max_error=28.762m (n=23)
[INFO] [1788711537.264947132] [vslam_compare]: gt=(-0.08, 0.05, 4.96) vslam=(-19.96, -17.05, -7.04) error=28.833m max_error=28.833m (n=24)
[INFO] [1788711538.264940681] [vslam_compare]: gt=(-0.03, 0.06, 4.97) vslam=(-20.0, -17.09, -7.04) error=28.933m max_error=28.933m (n=25)
[INFO] [1788711539.265084266] [vslam_compare]: gt=(0.01, 0.05, 4.98) vslam=(-20.04, -17.12, -7.04) error=29.006m max_error=29.006m (n=26)
[INFO] [1788711540.265156849] [vslam_compare]: gt=(0.03, 0.03, 4.99) vslam=(-20.06, -17.15, -7.06) error=29.055m max_error=29.055m (n=27)
[INFO] [1788711541.265162759] [vslam_compare]: gt=(0.05, 0.02, 4.99) vslam=(-20.06, -17.16, -7.08) error=29.069m max_error=29.069m (n=28)
[INFO] [1788711542.265082998] [vslam_compare]: gt=(0.05, -0.0, 4.98) vslam=(-20.07, -17.19, -7.1) error=29.089m max_error=29.089m (n=29)
[INFO] [1788711543.265629912] [vslam_compare]: gt=(0.03, -0.01, 4.98) vslam=(-20.08, -17.2, -7.12) error=29.096m max_error=29.096m (n=30)
[INFO] [1788711544.265147482] [vslam_compare]: gt=(0.03, -0.0, 4.99) vslam=(-20.09, -17.21, -7.14) error=29.122m max_error=29.122m (n=31)
[INFO] [1788711545.265070539] [vslam_compare]: gt=(0.02, 0.02, 4.99) vslam=(-20.1, -17.21, -7.16) error=29.141m max_error=29.141m (n=32)
[INFO] [1788711546.265093613] [vslam_compare]: gt=(-0.0, 0.02, 4.99) vslam=(-20.09, -17.21, -7.14) error=29.120m max_error=29.141m (n=33)
[INFO] [1788711547.265155852] [vslam_compare]: gt=(-0.0, 0.03, 4.98) vslam=(-20.09, -17.22, -7.13) error=29.115m max_error=29.141m (n=34)
[INFO] [1788711548.265209389] [vslam_compare]: gt=(-0.01, 0.05, 4.98) vslam=(-20.08, -17.21, -7.15) error=29.121m max_error=29.141m (n=35)
Traceback (most recent call last):
  File "/workspaces/isaac_ros-dev/ros2_ws/install/px4_vslam_bridge/lib/python3.10/site-packages/px4_vslam_bridge/vslam_compare.py", line 194, in main
    rclpy.spin(node)
  File "/opt/ros/humble/local/lib/python3.10/dist-packages/rclpy/__init__.py", line 229, in spin
    executor.spin_once()
  File "/opt/ros/humble/local/lib/python3.10/dist-packages/rclpy/executors.py", line 808, in spin_once
    self._spin_once_impl(timeout_sec)
  File "/opt/ros/humble/local/lib/python3.10/dist-packages/rclpy/executors.py", line 797, in _spin_once_impl
    handler, entity, node = self.wait_for_ready_callbacks(timeout_sec=timeout_sec)
  File "/opt/ros/humble/local/lib/python3.10/dist-packages/rclpy/executors.py", line 780, in wait_for_ready_callbacks
    return next(self._cb_iter)
  File "/opt/ros/humble/local/lib/python3.10/dist-packages/rclpy/executors.py", line 681, in _wait_for_ready_callbacks
    raise ExternalShutdownException()
rclpy.executors.ExternalShutdownException

During handling of the above exception, another exception occurred:

Traceback (most recent call last):
  File "/workspaces/isaac_ros-dev/ros2_ws/install/px4_vslam_bridge/lib/px4_vslam_bridge/vslam_compare", line 33, in <module>
    sys.exit(load_entry_point('px4-vslam-bridge==0.1.0', 'console_scripts', 'vslam_compare')())
  File "/workspaces/isaac_ros-dev/ros2_ws/install/px4_vslam_bridge/lib/python3.10/site-packages/px4_vslam_bridge/vslam_compare.py", line 199, in main
    rclpy.shutdown()
  File "/opt/ros/humble/local/lib/python3.10/dist-packages/rclpy/__init__.py", line 130, in shutdown
    _shutdown(context=context)
  File "/opt/ros/humble/local/lib/python3.10/dist-packages/rclpy/utilities.py", line 58, in shutdown
    return context.shutdown()
  File "/opt/ros/humble/local/lib/python3.10/dist-packages/rclpy/context.py", line 102, in shutdown
    self.__context.shutdown()
rclpy._rclpy_pybind11.RCLError: failed to shutdown: rcl_shutdown already called on the given context, at ./src/rcl/init.c:241
