[INFO] [1788721600.121505330] [fast_planner_bridge]: fast_planner_bridge ready -- will capture home at arm time and climb (0.0, 0.0, -5.0) NED relative to it, then follow /planning/pos_cmd from Fast-Planner
[INFO] [1788721600.122080937] [fast_planner_bridge]: >>> Press ENTER to arm and fly (or set OFFBOARD_AUTO_START=1) <<<
[INFO] [1788721604.538829216] [fast_planner_bridge]: OFFBOARD + ARMED confirmed -- home_ned=(0.033248912543058395, 0.006036687176674604, -0.015038132667541504), climbing to (0.033248912543058395, 0.006036687176674604, -5.0150381326675415).
[INFO] [1788721605.089540528] [fast_planner_bridge]: [CLIMBING] pos_ned=(0.04,0.00,-0.01) dist=5.00m
[INFO] [1788721606.089210201] [fast_planner_bridge]: [CLIMBING] pos_ned=(0.03,-0.01,-0.03) dist=4.99m
[INFO] [1788721607.089163813] [fast_planner_bridge]: [CLIMBING] pos_ned=(0.08,-0.22,0.13) dist=5.15m
[INFO] [1788721608.089095077] [fast_planner_bridge]: [CLIMBING] pos_ned=(0.09,-0.25,0.22) dist=5.24m
[INFO] [1788721609.089464112] [fast_planner_bridge]: [CLIMBING] pos_ned=(0.10,0.00,0.29) dist=5.31m
[INFO] [1788721610.088976633] [fast_planner_bridge]: [CLIMBING] pos_ned=(0.14,0.08,0.33) dist=5.35m
[INFO] [1788721611.089298707] [fast_planner_bridge]: [CLIMBING] pos_ned=(0.04,-0.23,-0.30) dist=4.72m
[INFO] [1788721612.088879535] [fast_planner_bridge]: [CLIMBING] pos_ned=(-0.27,-0.37,-2.03) dist=3.02m
[INFO] [1788721613.088949280] [fast_planner_bridge]: [CLIMBING] pos_ned=(-0.31,-0.03,-3.52) dist=1.53m
[INFO] [1788721614.088933147] [fast_planner_bridge]: [CLIMBING] pos_ned=(-0.16,0.05,-4.16) dist=0.88m
[INFO] [1788721615.089202236] [fast_planner_bridge]: [CLIMBING] pos_ned=(-0.02,0.03,-4.48) dist=0.54m
[INFO] [1788721616.088996583] [fast_planner_bridge]: [CLIMBING] pos_ned=(0.06,0.06,-4.67) dist=0.35m
[INFO] [1788721616.538855550] [fast_planner_bridge]: Climb complete (dist=0.30m) -- following Fast-Planner.
[INFO] [1788721617.089291188] [fast_planner_bridge]: [FOLLOWING] pos_ned=(0.13,0.08,-4.69) target_ned=(0.84,0.03,-4.43) pos_cmd_age=0.00s
[INFO] [1788721618.089054684] [fast_planner_bridge]: [FOLLOWING] pos_ned=(0.56,0.10,-4.62) target_ned=(0.13,0.08,-4.69) pos_cmd_age=0.00s
[INFO] [1788721619.089069268] [fast_planner_bridge]: [FOLLOWING] pos_ned=(0.46,0.15,-4.61) target_ned=(0.13,0.08,-4.69) pos_cmd_age=0.00s
[INFO] [1788721620.089327786] [fast_planner_bridge]: [FOLLOWING] pos_ned=(0.32,0.10,-4.63) target_ned=(0.28,-0.03,-4.70) pos_cmd_age=0.00s
[INFO] [1788721621.089079521] [fast_planner_bridge]: [FOLLOWING] pos_ned=(0.71,-0.20,-4.68) target_ned=(0.79,-0.26,-4.73) pos_cmd_age=0.00s
[INFO] [1788721622.088938583] [fast_planner_bridge]: [FOLLOWING] pos_ned=(1.48,-0.35,-4.75) target_ned=(1.55,-0.39,-4.78) pos_cmd_age=0.00s
[INFO] [1788721623.089167707] [fast_planner_bridge]: [FOLLOWING] pos_ned=(2.26,-0.33,-4.79) target_ned=(2.34,-0.36,-4.82) pos_cmd_age=0.00s
[INFO] [1788721624.089279203] [fast_planner_bridge]: [FOLLOWING] pos_ned=(3.03,-0.28,-4.81) target_ned=(3.07,-0.30,-4.84) pos_cmd_age=0.00s
[INFO] [1788721625.089169305] [fast_planner_bridge]: [FOLLOWING] pos_ned=(3.51,-0.23,-4.82) target_ned=(3.51,-0.27,-4.85) pos_cmd_age=0.00s
[INFO] [1788721626.088954041] [fast_planner_bridge]: [FOLLOWING] pos_ned=(3.91,-0.20,-4.83) target_ned=(3.97,-0.25,-4.86) pos_cmd_age=0.00s
[INFO] [1788721627.088889135] [fast_planner_bridge]: [FOLLOWING] pos_ned=(4.42,-0.18,-4.86) target_ned=(4.38,-0.22,-4.88) pos_cmd_age=0.00s
[INFO] [1788721628.088956022] [fast_planner_bridge]: [FOLLOWING] pos_ned=(4.59,-0.15,-4.87) target_ned=(4.48,-0.21,-4.89) pos_cmd_age=0.00s
[INFO] [1788721629.088986193] [fast_planner_bridge]: [FOLLOWING] pos_ned=(4.40,-0.11,-4.81) target_ned=(4.37,-0.13,-4.87) pos_cmd_age=0.00s
[INFO] [1788721630.089089847] [fast_planner_bridge]: [FOLLOWING] pos_ned=(4.37,0.21,-4.77) target_ned=(4.42,0.22,-4.86) pos_cmd_age=0.00s
[INFO] [1788721631.089532966] [fast_planner_bridge]: [FOLLOWING] pos_ned=(4.82,0.75,-4.83) target_ned=(4.75,0.85,-4.85) pos_cmd_age=0.00s
[INFO] [1788721632.089091417] [fast_planner_bridge]: [FOLLOWING] pos_ned=(5.25,1.50,-4.92) target_ned=(5.24,1.63,-4.88) pos_cmd_age=0.00s
[INFO] [1788721633.088885678] [fast_planner_bridge]: [FOLLOWING] pos_ned=(5.69,2.07,-4.93) target_ned=(5.73,2.24,-4.96) pos_cmd_age=0.00s
[INFO] [1788721634.089189043] [fast_planner_bridge]: [FOLLOWING] pos_ned=(6.06,2.38,-5.08) target_ned=(5.92,2.20,-5.00) pos_cmd_age=0.00s
[INFO] [1788721635.089480921] [fast_planner_bridge]: [FOLLOWING] pos_ned=(6.39,2.18,-5.05) target_ned=(6.26,1.88,-5.00) pos_cmd_age=0.00s
[INFO] [1788721636.089129868] [fast_planner_bridge]: [FOLLOWING] pos_ned=(6.79,1.45,-5.01) target_ned=(6.77,1.32,-5.00) pos_cmd_age=0.00s
[WARN] [1788721636.804489840] [fast_planner_bridge]: Shutdown signal 15 received -- ceasing ARM requests, commanding AUTO.LAND, will disarm and exit once landed. If this doesn't complete and the vehicle needs to come down NOW, use emergency_stop.py instead of repeating this signal.
[INFO] [1788721636.839325831] [fast_planner_bridge]: Requesting AUTO.LAND... nav_state=14
[INFO] [1788721636.939214439] [fast_planner_bridge]: AUTO.LAND confirmed -- ceasing offboard setpoints, handing off to the autopilot.
[INFO] [1788721638.089020473] [fast_planner_bridge]: Waiting for disarm (backstop disarm sent)... arming_state=2
