[INFO] [1788686651.185438719] [fast_planner_bridge]: fast_planner_bridge ready -- will capture home at arm time and climb (0.0, 0.0, -5.0) NED relative to it, then follow /planning/pos_cmd from Fast-Planner
[INFO] [1788686651.185821295] [fast_planner_bridge]: >>> Press ENTER to arm and fly (or set OFFBOARD_AUTO_START=1) <<<
[INFO] [1788686654.055164483] [fast_planner_bridge]: OFFBOARD + ARMED confirmed -- home_ned=(-0.026564689353108406, 0.03329463675618172, -0.011185020208358765), climbing to (-0.026564689353108406, 0.03329463675618172, -5.011185020208359).
[INFO] [1788686654.155848598] [fast_planner_bridge]: [CLIMBING] pos_ned=(-0.03,0.03,-0.01) dist=5.00m
[INFO] [1788686655.155495202] [fast_planner_bridge]: [CLIMBING] pos_ned=(-0.03,0.03,-0.01) dist=5.00m
[INFO] [1788686656.155461704] [fast_planner_bridge]: [CLIMBING] pos_ned=(-0.01,0.02,-0.02) dist=4.99m
[INFO] [1788686657.155410059] [fast_planner_bridge]: [CLIMBING] pos_ned=(-0.00,0.01,-0.03) dist=4.98m
[INFO] [1788686658.155426811] [fast_planner_bridge]: [CLIMBING] pos_ned=(0.00,0.02,-0.03) dist=4.98m
[INFO] [1788686659.155603030] [fast_planner_bridge]: [CLIMBING] pos_ned=(0.03,0.14,-0.09) dist=4.93m
[INFO] [1788686660.155587307] [fast_planner_bridge]: [CLIMBING] pos_ned=(-0.02,0.12,-1.14) dist=3.87m
[INFO] [1788686661.155385915] [fast_planner_bridge]: [CLIMBING] pos_ned=(-0.15,0.08,-2.87) dist=2.15m
[INFO] [1788686662.155163402] [fast_planner_bridge]: [CLIMBING] pos_ned=(-0.16,0.03,-3.87) dist=1.15m
[INFO] [1788686663.155477610] [fast_planner_bridge]: [CLIMBING] pos_ned=(-0.10,-0.01,-4.28) dist=0.74m
[INFO] [1788686664.155406987] [fast_planner_bridge]: [CLIMBING] pos_ned=(-0.03,0.01,-4.52) dist=0.49m
[INFO] [1788686665.155509796] [fast_planner_bridge]: [CLIMBING] pos_ned=(0.02,0.02,-4.66) dist=0.35m
[INFO] [1788686665.605553730] [fast_planner_bridge]: Climb complete (dist=0.30m) -- following Fast-Planner.
[INFO] [1788686666.155575623] [fast_planner_bridge]: [FOLLOWING] pos_ned=(0.00,0.01,-4.70) target_ned=(-0.01,0.02,-4.57) pos_cmd_age=0.01s
[INFO] [1788686667.155527526] [fast_planner_bridge]: [FOLLOWING] pos_ned=(-0.01,0.01,-4.56) target_ned=(0.00,0.01,-4.57) pos_cmd_age=0.01s
[INFO] [1788686668.155491388] [fast_planner_bridge]: [FOLLOWING] pos_ned=(0.16,-0.08,-4.55) target_ned=(0.23,-0.11,-4.57) pos_cmd_age=0.01s
[INFO] [1788686669.155543513] [fast_planner_bridge]: [FOLLOWING] pos_ned=(0.63,-0.36,-4.55) target_ned=(0.72,-0.36,-4.56) pos_cmd_age=0.01s
[INFO] [1788686670.155318146] [fast_planner_bridge]: [FOLLOWING] pos_ned=(1.35,-0.68,-4.54) target_ned=(1.38,-0.72,-4.57) pos_cmd_age=0.01s
[INFO] [1788686671.155311165] [fast_planner_bridge]: [FOLLOWING] pos_ned=(2.06,-1.09,-4.55) target_ned=(2.08,-1.09,-4.59) pos_cmd_age=0.01s
[INFO] [1788686672.155481183] [fast_planner_bridge]: [FOLLOWING] pos_ned=(2.69,-1.34,-4.57) target_ned=(2.76,-1.36,-4.61) pos_cmd_age=0.01s
[INFO] [1788686673.155397995] [fast_planner_bridge]: [FOLLOWING] pos_ned=(3.23,-1.51,-4.65) target_ned=(3.27,-1.55,-4.67) pos_cmd_age=0.01s
[INFO] [1788686674.155733458] [fast_planner_bridge]: [FOLLOWING] pos_ned=(3.60,-1.59,-4.67) target_ned=(3.64,-1.63,-4.69) pos_cmd_age=0.01s
[INFO] [1788686675.155335274] [fast_planner_bridge]: [FOLLOWING] pos_ned=(3.77,-1.62,-4.67) target_ned=(3.73,-1.63,-4.68) pos_cmd_age=0.01s
[INFO] [1788686676.155289999] [fast_planner_bridge]: [FOLLOWING] pos_ned=(3.68,-1.64,-4.72) target_ned=(3.66,-1.70,-4.70) pos_cmd_age=0.01s
[INFO] [1788686677.155476825] [fast_planner_bridge]: [FOLLOWING] pos_ned=(3.72,-1.91,-4.74) target_ned=(3.81,-1.99,-4.72) pos_cmd_age=0.01s
[INFO] [1788686678.155615167] [fast_planner_bridge]: [FOLLOWING] pos_ned=(4.25,-2.36,-4.73) target_ned=(4.26,-2.47,-4.73) pos_cmd_age=0.01s
[INFO] [1788686679.155334943] [fast_planner_bridge]: [FOLLOWING] pos_ned=(4.92,-2.96,-4.75) target_ned=(4.93,-2.99,-4.76) pos_cmd_age=0.01s
[INFO] [1788686680.155491725] [fast_planner_bridge]: [FOLLOWING] pos_ned=(5.62,-3.41,-4.79) target_ned=(5.66,-3.37,-4.80) pos_cmd_age=0.01s
[INFO] [1788686681.155411619] [fast_planner_bridge]: [FOLLOWING] pos_ned=(6.25,-3.53,-4.83) target_ned=(6.30,-3.53,-4.84) pos_cmd_age=0.01s
[INFO] [1788686682.155350978] [fast_planner_bridge]: [FOLLOWING] pos_ned=(6.72,-3.54,-4.86) target_ned=(6.78,-3.55,-4.88) pos_cmd_age=0.01s
[INFO] [1788686683.155402673] [fast_planner_bridge]: [FOLLOWING] pos_ned=(7.18,-3.51,-4.89) target_ned=(7.25,-3.53,-4.90) pos_cmd_age=0.01s
[INFO] [1788686684.155226208] [fast_planner_bridge]: [FOLLOWING] pos_ned=(7.78,-3.50,-4.92) target_ned=(7.82,-3.49,-4.93) pos_cmd_age=0.01s
[INFO] [1788686685.155546690] [fast_planner_bridge]: [FOLLOWING] pos_ned=(8.42,-3.47,-4.95) target_ned=(8.43,-3.39,-4.94) pos_cmd_age=0.01s
[INFO] [1788686686.155716326] [fast_planner_bridge]: [FOLLOWING] pos_ned=(8.93,-3.21,-4.97) target_ned=(8.90,-3.12,-4.95) pos_cmd_age=0.01s
[INFO] [1788686687.155616545] [fast_planner_bridge]: [FOLLOWING] pos_ned=(9.14,-2.90,-4.97) target_ned=(9.08,-2.88,-4.96) pos_cmd_age=0.01s
[INFO] [1788686688.155596519] [fast_planner_bridge]: [FOLLOWING] pos_ned=(9.12,-2.85,-4.97) target_ned=(9.12,-2.82,-4.96) pos_cmd_age=0.01s
[INFO] [1788686689.155415068] [fast_planner_bridge]: [FOLLOWING] pos_ned=(9.28,-2.68,-4.97) target_ned=(9.34,-2.55,-4.96) pos_cmd_age=0.01s
[INFO] [1788686690.155660182] [fast_planner_bridge]: [FOLLOWING] pos_ned=(9.77,-2.11,-4.96) target_ned=(9.71,-2.08,-4.97) pos_cmd_age=0.01s
[INFO] [1788686691.155154507] [fast_planner_bridge]: [FOLLOWING] pos_ned=(10.04,-1.77,-4.96) target_ned=(9.90,-1.85,-4.97) pos_cmd_age=0.01s
[INFO] [1788686692.155192326] [fast_planner_bridge]: [FOLLOWING] pos_ned=(9.94,-1.88,-4.96) target_ned=(9.85,-1.88,-4.97) pos_cmd_age=0.01s
[INFO] [1788686693.155427851] [fast_planner_bridge]: [FOLLOWING] pos_ned=(9.59,-1.86,-4.90) target_ned=(9.63,-1.79,-4.96) pos_cmd_age=0.01s
[WARN] [1788686693.549246374] [fast_planner_bridge]: Shutdown signal 15 received -- ceasing ARM requests, commanding AUTO.LAND, will disarm and exit once landed. If this doesn't complete and the vehicle needs to come down NOW, use emergency_stop.py instead of repeating this signal.
[INFO] [1788686693.655685662] [fast_planner_bridge]: Requesting AUTO.LAND... nav_state=14
[INFO] [1788686693.705396827] [fast_planner_bridge]: AUTO.LAND confirmed -- ceasing offboard setpoints, handing off to the autopilot.
[INFO] [1788686695.155304057] [fast_planner_bridge]: Waiting for disarm (backstop disarm sent)... arming_state=2
