[INFO] [1788691322.689051372] [fast_planner_bridge]: fast_planner_bridge ready -- will capture home at arm time and climb (0.0, 0.0, -5.0) NED relative to it, then follow /planning/pos_cmd from Fast-Planner
[INFO] [1788691322.689552800] [fast_planner_bridge]: >>> Press ENTER to arm and fly (or set OFFBOARD_AUTO_START=1) <<<
[INFO] [1788691325.807583904] [fast_planner_bridge]: OFFBOARD + ARMED confirmed -- home_ned=(-0.01864059828221798, -0.03365282714366913, -0.08503028750419617), climbing to (-0.01864059828221798, -0.03365282714366913, -5.085030287504196).
[INFO] [1788691325.907474488] [fast_planner_bridge]: [CLIMBING] pos_ned=(-0.02,-0.03,-0.09) dist=5.00m
[INFO] [1788691326.907645796] [fast_planner_bridge]: [CLIMBING] pos_ned=(-0.02,-0.03,-0.09) dist=5.00m
[INFO] [1788691327.907579305] [fast_planner_bridge]: [CLIMBING] pos_ned=(-0.02,-0.02,-0.09) dist=4.99m
[INFO] [1788691328.907635524] [fast_planner_bridge]: [CLIMBING] pos_ned=(-0.02,-0.02,-0.08) dist=5.00m
[INFO] [1788691329.907578462] [fast_planner_bridge]: [CLIMBING] pos_ned=(-0.01,0.02,-0.08) dist=5.01m
[INFO] [1788691330.907695537] [fast_planner_bridge]: [CLIMBING] pos_ned=(0.01,0.11,-0.19) dist=4.90m
[INFO] [1788691331.907746553] [fast_planner_bridge]: [CLIMBING] pos_ned=(-0.06,0.05,-1.42) dist=3.67m
[INFO] [1788691332.907670761] [fast_planner_bridge]: [CLIMBING] pos_ned=(-0.16,-0.06,-3.19) dist=1.90m
[INFO] [1788691333.907488342] [fast_planner_bridge]: [CLIMBING] pos_ned=(-0.13,-0.11,-4.04) dist=1.05m
[INFO] [1788691334.907608997] [fast_planner_bridge]: [CLIMBING] pos_ned=(-0.06,-0.11,-4.42) dist=0.68m
[INFO] [1788691335.908011436] [fast_planner_bridge]: [CLIMBING] pos_ned=(0.01,-0.09,-4.63) dist=0.46m
[INFO] [1788691336.907469186] [fast_planner_bridge]: [CLIMBING] pos_ned=(0.04,-0.06,-4.78) dist=0.31m
[INFO] [1788691337.007474693] [fast_planner_bridge]: Climb complete (dist=0.30m) -- following Fast-Planner.
[INFO] [1788691337.907775784] [fast_planner_bridge]: [FOLLOWING] pos_ned=(0.04,-0.03,-4.72) target_ned=(0.02,-0.08,-4.68) pos_cmd_age=0.01s
[INFO] [1788691338.907898125] [fast_planner_bridge]: [FOLLOWING] pos_ned=(0.06,-0.03,-4.65) target_ned=(0.06,-0.07,-4.68) pos_cmd_age=0.01s
[INFO] [1788691339.907791625] [fast_planner_bridge]: [FOLLOWING] pos_ned=(0.30,-0.01,-4.65) target_ned=(0.39,-0.06,-4.68) pos_cmd_age=0.01s
[INFO] [1788691340.907910121] [fast_planner_bridge]: [FOLLOWING] pos_ned=(0.82,0.00,-4.64) target_ned=(0.90,-0.01,-4.68) pos_cmd_age=0.01s
[INFO] [1788691341.907500605] [fast_planner_bridge]: [FOLLOWING] pos_ned=(1.45,0.12,-4.64) target_ned=(1.50,0.23,-4.67) pos_cmd_age=0.01s
[INFO] [1788691342.908090854] [fast_planner_bridge]: [FOLLOWING] pos_ned=(2.06,0.56,-4.65) target_ned=(2.10,0.69,-4.68) pos_cmd_age=0.01s
[INFO] [1788691343.907483421] [fast_planner_bridge]: [FOLLOWING] pos_ned=(2.70,1.19,-4.68) target_ned=(2.75,1.32,-4.70) pos_cmd_age=0.01s
[INFO] [1788691344.907505177] [fast_planner_bridge]: [FOLLOWING] pos_ned=(3.40,1.84,-4.73) target_ned=(3.41,1.93,-4.73) pos_cmd_age=0.01s
[INFO] [1788691345.907609315] [fast_planner_bridge]: [FOLLOWING] pos_ned=(4.04,2.26,-4.78) target_ned=(3.98,2.30,-4.77) pos_cmd_age=0.01s
[INFO] [1788691346.907535951] [fast_planner_bridge]: [FOLLOWING] pos_ned=(4.37,2.41,-4.80) target_ned=(4.40,2.36,-4.80) pos_cmd_age=0.01s
[INFO] [1788691347.907952790] [fast_planner_bridge]: [FOLLOWING] pos_ned=(4.61,2.32,-4.83) target_ned=(4.76,2.21,-4.82) pos_cmd_age=0.01s
[INFO] [1788691348.907686831] [fast_planner_bridge]: [FOLLOWING] pos_ned=(5.05,2.15,-4.83) target_ned=(5.19,2.05,-4.83) pos_cmd_age=0.01s
[INFO] [1788691349.907573730] [fast_planner_bridge]: [FOLLOWING] pos_ned=(5.64,2.04,-4.84) target_ned=(5.73,2.03,-4.84) pos_cmd_age=0.01s
[INFO] [1788691350.907617465] [fast_planner_bridge]: [FOLLOWING] pos_ned=(6.28,2.21,-4.89) target_ned=(6.31,2.19,-4.86) pos_cmd_age=0.01s
[INFO] [1788691351.907962122] [fast_planner_bridge]: [FOLLOWING] pos_ned=(6.88,2.30,-4.93) target_ned=(6.82,2.24,-4.90) pos_cmd_age=0.01s
[INFO] [1788691352.908239416] [fast_planner_bridge]: [FOLLOWING] pos_ned=(7.10,2.25,-4.92) target_ned=(7.01,2.17,-4.91) pos_cmd_age=0.01s
[INFO] [1788691353.907690939] [fast_planner_bridge]: [FOLLOWING] pos_ned=(7.01,2.22,-4.91) target_ned=(7.13,2.16,-4.91) pos_cmd_age=0.01s
[INFO] [1788691354.907737927] [fast_planner_bridge]: [FOLLOWING] pos_ned=(7.17,1.87,-4.92) target_ned=(7.32,1.77,-4.91) pos_cmd_age=0.01s
[INFO] [1788691355.907457255] [fast_planner_bridge]: [FOLLOWING] pos_ned=(7.53,1.25,-4.91) target_ned=(7.53,1.24,-4.91) pos_cmd_age=0.01s
[INFO] [1788691356.907703607] [fast_planner_bridge]: [FOLLOWING] pos_ned=(7.68,0.78,-4.90) target_ned=(7.65,0.78,-4.92) pos_cmd_age=0.01s
[INFO] [1788691357.907542627] [fast_planner_bridge]: [FOLLOWING] pos_ned=(7.77,0.42,-4.95) target_ned=(7.79,0.34,-4.95) pos_cmd_age=0.01s
[INFO] [1788691358.907605261] [fast_planner_bridge]: [FOLLOWING] pos_ned=(8.02,0.05,-4.98) target_ned=(7.97,0.04,-4.99) pos_cmd_age=0.01s
[INFO] [1788691359.907831805] [fast_planner_bridge]: [FOLLOWING] pos_ned=(8.09,-0.01,-4.97) target_ned=(8.00,0.00,-5.00) pos_cmd_age=0.01s
[INFO] [1788691360.907892480] [fast_planner_bridge]: [FOLLOWING] pos_ned=(8.04,0.03,-4.97) target_ned=(8.00,0.00,-5.00) pos_cmd_age=0.01s
[INFO] [1788691361.907503021] [fast_planner_bridge]: [FOLLOWING] pos_ned=(8.05,-0.01,-4.98) target_ned=(8.00,0.00,-5.00) pos_cmd_age=0.01s
[INFO] [1788691362.907575381] [fast_planner_bridge]: [FOLLOWING] pos_ned=(8.04,-0.03,-5.00) target_ned=(8.00,0.00,-5.00) pos_cmd_age=0.01s
[INFO] [1788691363.907918025] [fast_planner_bridge]: [FOLLOWING] pos_ned=(8.00,-0.05,-5.00) target_ned=(8.00,0.00,-5.00) pos_cmd_age=0.01s
[INFO] [1788691364.907701517] [fast_planner_bridge]: [FOLLOWING] pos_ned=(7.98,-0.06,-5.00) target_ned=(8.00,0.00,-5.00) pos_cmd_age=0.01s
[WARN] [1788691365.669699866] [fast_planner_bridge]: Shutdown signal 15 received -- ceasing ARM requests, commanding AUTO.LAND, will disarm and exit once landed. If this doesn't complete and the vehicle needs to come down NOW, use emergency_stop.py instead of repeating this signal.
[INFO] [1788691365.907936389] [fast_planner_bridge]: Requesting AUTO.LAND... nav_state=14
[INFO] [1788691365.957669534] [fast_planner_bridge]: AUTO.LAND confirmed -- ceasing offboard setpoints, handing off to the autopilot.
[INFO] [1788691366.907527309] [fast_planner_bridge]: Waiting for disarm (backstop disarm sent)... arming_state=2
[INFO] [1788691368.907457979] [fast_planner_bridge]: Waiting for disarm (backstop disarm sent)... arming_state=2
