[INFO] [1788691320.275440163] [vslam_compare]: vslam_compare: logging per-message CSV to /workspaces/isaac_ros-dev/results/feasibility_gate/gate_sweep_poor_low_r17/vslam_compare.csv (exp_id='gate_sweep_poor_low_r17')
[INFO] [1788691320.293506547] [vslam_compare]: vslam_compare ready -- watching /visual_slam/tracking/odometry vs /ground_truth/odom
[WARN] [1788691321.294233656] [vslam_compare]: No /ground_truth/odom data yet.
[INFO] [1788691321.895731448] [vslam_compare]: cuVSLAM origin set: (0.0, 0.0, 0.0) -- tracking initialized
[INFO] [1788691322.188166397] [vslam_compare]: Ground truth origin set: (-0.005662116222083569, -0.029253898188471794, 0.03697749972343445)
[INFO] [1788691322.294014523] [vslam_compare]: gt=(-0.0, 0.01, 0.0) vslam=(0.0, 0.0, 0.0) error=0.010m max_error=0.010m (n=1)
[INFO] [1788691323.293945962] [vslam_compare]: gt=(-0.01, 0.01, 0.02) vslam=(0.0, 0.0, 0.0) error=0.023m max_error=0.023m (n=2)
[INFO] [1788691324.293896403] [vslam_compare]: gt=(-0.02, 0.02, 0.04) vslam=(0.0, 0.0, 0.0) error=0.046m max_error=0.046m (n=3)
[INFO] [1788691325.293837110] [vslam_compare]: gt=(-0.03, 0.01, 0.05) vslam=(0.0, 0.0, 0.0) error=0.055m max_error=0.055m (n=4)
[INFO] [1788691326.293849429] [vslam_compare]: gt=(-0.03, 0.01, 0.05) vslam=(0.0, -0.0, -0.0) error=0.058m max_error=0.058m (n=5)
[INFO] [1788691327.293834181] [vslam_compare]: gt=(-0.02, 0.01, 0.05) vslam=(0.0, -0.0, -0.0) error=0.058m max_error=0.058m (n=6)
[INFO] [1788691328.293843565] [vslam_compare]: gt=(-0.02, 0.01, 0.05) vslam=(0.0, -0.0, -0.0) error=0.057m max_error=0.058m (n=7)
[INFO] [1788691329.293719390] [vslam_compare]: gt=(-0.01, 0.02, 0.05) vslam=(-0.0, 0.0, -0.01) error=0.053m max_error=0.058m (n=8)
[INFO] [1788691330.293789191] [vslam_compare]: gt=(0.04, 0.02, 0.04) vslam=(0.0, -0.04, 0.06) error=0.077m max_error=0.077m (n=9)
[INFO] [1788691331.294091270] [vslam_compare]: gt=(0.11, 0.04, 0.53) vslam=(0.28, -0.12, 0.34) error=0.307m max_error=0.307m (n=10)
[INFO] [1788691332.293859586] [vslam_compare]: gt=(0.02, -0.09, 2.13) vslam=(0.12, -0.47, 1.84) error=0.489m max_error=0.489m (n=11)
[INFO] [1788691333.293820014] [vslam_compare]: gt=(-0.08, -0.13, 3.58) vslam=(-0.06, -0.35, 3.38) error=0.298m max_error=0.489m (n=12)
[INFO] [1788691334.294067026] [vslam_compare]: gt=(-0.11, -0.08, 4.18) vslam=(-0.14, -0.2, 4.13) error=0.133m max_error=0.489m (n=13)
[INFO] [1788691335.293773511] [vslam_compare]: gt=(-0.1, 0.0, 4.48) vslam=(-0.15, -0.05, 4.35) error=0.148m max_error=0.489m (n=14)
[INFO] [1788691336.294068996] [vslam_compare]: gt=(-0.07, 0.06, 4.66) vslam=(-0.2, -0.49, 4.07) error=0.813m max_error=0.813m (n=15)
[INFO] [1788691337.293899689] [vslam_compare]: gt=(-0.04, 0.07, 4.77) vslam=(-0.19, -0.73, 3.89) error=1.198m max_error=1.198m (n=16)
[INFO] [1788691338.293819519] [vslam_compare]: gt=(-0.02, 0.08, 4.64) vslam=(-0.13, -0.86, 3.43) error=1.536m max_error=1.536m (n=17)
[INFO] [1788691339.293868471] [vslam_compare]: gt=(-0.02, 0.14, 4.62) vslam=(-0.13, -1.15, 2.81) error=2.219m max_error=2.219m (n=18)
[INFO] [1788691340.294158780] [vslam_compare]: gt=(0.0, 0.51, 4.61) vslam=(-0.16, -0.84, 2.71) error=2.338m max_error=2.338m (n=19)
[INFO] [1788691341.293786138] [vslam_compare]: gt=(0.03, 1.11, 4.6) vslam=(-0.21, -0.21, 2.71) error=2.314m max_error=2.338m (n=20)
[INFO] [1788691342.293968152] [vslam_compare]: gt=(0.26, 1.72, 4.6) vslam=(-0.24, 0.33, 2.72) error=2.392m max_error=2.392m (n=21)
[INFO] [1788691343.293609098] [vslam_compare]: gt=(0.81, 2.33, 4.62) vslam=(0.73, 0.98, 2.49) error=2.533m max_error=2.533m (n=22)
[INFO] [1788691344.294262956] [vslam_compare]: gt=(1.47, 3.01, 4.66) vslam=(0.76, 0.96, 1.94) error=3.475m max_error=3.475m (n=23)
[INFO] [1788691345.293877845] [vslam_compare]: gt=(2.05, 3.71, 4.72) vslam=(16.75, -0.54, 0.22) error=15.948m max_error=15.948m (n=24)
[INFO] [1788691346.293778235] [vslam_compare]: gt=(2.36, 4.24, 4.75) vslam=(34.83, 10.67, -1.32) error=33.657m max_error=33.657m (n=25)
[INFO] [1788691347.294011137] [vslam_compare]: gt=(2.4, 4.49, 4.77) vslam=(33.01, 10.3, -1.16) error=31.720m max_error=33.657m (n=26)
[INFO] [1788691348.293818503] [vslam_compare]: gt=(2.26, 4.8, 4.79) vslam=(31.75, 8.74, -1.04) error=30.327m max_error=33.657m (n=27)
[INFO] [1788691349.293821769] [vslam_compare]: gt=(2.09, 5.3, 4.79) vslam=(44.45, -9.49, -1.83) error=45.360m max_error=45.360m (n=28)
[INFO] [1788691350.293967804] [vslam_compare]: gt=(2.1, 5.91, 4.81) vslam=(49.71, -18.91, -1.88) error=54.109m max_error=54.109m (n=29)
[INFO] [1788691351.293982775] [vslam_compare]: gt=(2.26, 6.59, 4.87) vslam=(52.38, -22.94, -1.94) error=58.562m max_error=58.562m (n=30)
[INFO] [1788691352.293847796] [vslam_compare]: gt=(2.3, 7.06, 4.9) vslam=(55.29, -26.33, -2.09) error=63.024m max_error=63.024m (n=31)
[INFO] [1788691353.294125331] [vslam_compare]: gt=(2.24, 7.1, 4.87) vslam=(67.64, -40.61, -2.53) error=81.285m max_error=81.285m (n=32)
[INFO] [1788691354.293927235] [vslam_compare]: gt=(2.14, 7.07, 4.89) vslam=(68.37, -41.48, -2.56) error=82.448m max_error=82.448m (n=33)
[INFO] [1788691355.293978021] [vslam_compare]: gt=(1.63, 7.34, 4.88) vslam=(68.43, -42.39, -2.91) error=83.641m max_error=83.641m (n=34)
[INFO] [1788691356.293913102] [vslam_compare]: gt=(1.03, 7.66, 4.87) vslam=(66.01, -43.38, -2.74) error=82.973m max_error=83.641m (n=35)
[INFO] [1788691357.293742589] [vslam_compare]: gt=(0.64, 7.73, 4.88) vslam=(65.69, -43.27, -2.49) error=82.992m max_error=83.641m (n=36)
[INFO] [1788691358.293855593] [vslam_compare]: gt=(0.26, 7.9, 4.93) vslam=(67.5, -45.57, -2.47) error=86.225m max_error=86.225m (n=37)
[INFO] [1788691359.293630910] [vslam_compare]: gt=(-0.01, 8.11, 4.95) vslam=(68.27, -46.61, -2.47) error=87.819m max_error=87.819m (n=38)
[INFO] [1788691360.293759568] [vslam_compare]: gt=(0.02, 8.09, 4.93) vslam=(71.27, -44.72, -1.62) error=88.928m max_error=88.928m (n=39)
[INFO] [1788691361.293686518] [vslam_compare]: gt=(0.02, 8.07, 4.93) vslam=(71.27, -44.72, -1.62) error=88.920m max_error=88.928m (n=40)
Traceback (most recent call last):
  File "/workspaces/isaac_ros-dev/ros2_ws/install/px4_vslam_bridge/lib/python3.10/site-packages/px4_vslam_bridge/vslam_compare.py", line 194, in main
    rclpy.spin(node)
  File "/opt/ros/humble/local/lib/python3.10/dist-packages/rclpy/__init__.py", line 229, in spin
    executor.spin_once()
  File "/opt/ros/humble/local/lib/python3.10/dist-packages/rclpy/executors.py", line 808, in spin_once
    self._spin_once_impl(timeout_sec)
  File "/opt/ros/humble/local/lib/python3.10/dist-packages/rclpy/executors.py", line 797, in _spin_once_impl
    handler, entity, node = self.wait_for_ready_callbacks(timeout_sec=timeout_sec)
  File "/opt/ros/humble/local/lib/python3.10/dist-packages/rclpy/executors.py", line 780, in wait_for_ready_callbacks
    return next(self._cb_iter)
  File "/opt/ros/humble/local/lib/python3.10/dist-packages/rclpy/executors.py", line 681, in _wait_for_ready_callbacks
    raise ExternalShutdownException()
rclpy.executors.ExternalShutdownException

During handling of the above exception, another exception occurred:

Traceback (most recent call last):
  File "/workspaces/isaac_ros-dev/ros2_ws/install/px4_vslam_bridge/lib/px4_vslam_bridge/vslam_compare", line 33, in <module>
    sys.exit(load_entry_point('px4-vslam-bridge==0.1.0', 'console_scripts', 'vslam_compare')())
  File "/workspaces/isaac_ros-dev/ros2_ws/install/px4_vslam_bridge/lib/python3.10/site-packages/px4_vslam_bridge/vslam_compare.py", line 199, in main
    rclpy.shutdown()
  File "/opt/ros/humble/local/lib/python3.10/dist-packages/rclpy/__init__.py", line 130, in shutdown
    _shutdown(context=context)
  File "/opt/ros/humble/local/lib/python3.10/dist-packages/rclpy/utilities.py", line 58, in shutdown
    return context.shutdown()
  File "/opt/ros/humble/local/lib/python3.10/dist-packages/rclpy/context.py", line 102, in shutdown
    self.__context.shutdown()
rclpy._rclpy_pybind11.RCLError: failed to shutdown: rcl_shutdown already called on the given context, at ./src/rcl/init.c:241
