[INFO] [1788755443.934735951] [reactive_esdf_avoidance]: reactive_esdf_avoidance ready -- climb to (0.0, 0.0, -5.0) NED, then reactively fly to goal (7.0, 0.0, 5.0) ENU
[INFO] [1788755443.935125799] [reactive_esdf_avoidance]: >>> Press ENTER to arm and fly (or set OFFBOARD_AUTO_START=1) <<<
[INFO] [1788755446.754919660] [reactive_esdf_avoidance]: OFFBOARD + ARMED confirmed -- climbing.
[INFO] [1788755446.904933207] [reactive_esdf_avoidance]: [CLIMBING] pos_ned=(0.03,-0.00,-0.02) dist=4.98m
[INFO] [1788755447.905266640] [reactive_esdf_avoidance]: [CLIMBING] pos_ned=(0.03,0.01,-0.02) dist=4.98m
[INFO] [1788755448.905249363] [reactive_esdf_avoidance]: [CLIMBING] pos_ned=(0.04,0.02,-0.02) dist=4.98m
[INFO] [1788755449.905193730] [reactive_esdf_avoidance]: [CLIMBING] pos_ned=(0.05,0.02,-0.02) dist=4.98m
[INFO] [1788755450.904897836] [reactive_esdf_avoidance]: [CLIMBING] pos_ned=(0.04,0.04,-0.02) dist=4.98m
[INFO] [1788755451.904906716] [reactive_esdf_avoidance]: [CLIMBING] pos_ned=(0.04,0.07,-0.40) dist=4.61m
[INFO] [1788755452.905045207] [reactive_esdf_avoidance]: [CLIMBING] pos_ned=(0.01,0.09,-1.72) dist=3.28m
[INFO] [1788755453.905487740] [reactive_esdf_avoidance]: [CLIMBING] pos_ned=(-0.01,-0.01,-3.36) dist=1.64m
[INFO] [1788755454.905014692] [reactive_esdf_avoidance]: [CLIMBING] pos_ned=(-0.00,-0.06,-4.17) dist=0.83m
[INFO] [1788755455.905140566] [reactive_esdf_avoidance]: [CLIMBING] pos_ned=(0.02,-0.02,-4.56) dist=0.45m
[INFO] [1788755456.605183669] [reactive_esdf_avoidance]: Climb complete (dist=0.30m) -- starting reactive avoidance.
[INFO] [1788755456.905306831] [reactive_esdf_avoidance]: [REACTIVE NAV] pos_enu=(-0.02,0.03,4.74) goal_dist=7.02m nearest_obstacle=0.39m
[INFO] [1788755457.905236493] [reactive_esdf_avoidance]: [REACTIVE NAV] pos_enu=(0.01,-0.03,4.62) goal_dist=7.00m nearest_obstacle=0.46m
[INFO] [1788755458.905217288] [reactive_esdf_avoidance]: [REACTIVE NAV] pos_enu=(0.12,-0.18,4.45) goal_dist=6.91m nearest_obstacle=0.60m
[INFO] [1788755459.905251839] [reactive_esdf_avoidance]: [REACTIVE NAV] pos_enu=(0.25,-0.33,4.34) goal_dist=6.79m nearest_obstacle=0.85m
[INFO] [1788755460.905181067] [reactive_esdf_avoidance]: [REACTIVE NAV] pos_enu=(0.39,-0.46,4.30) goal_dist=6.66m nearest_obstacle=0.89m
[INFO] [1788755461.905178028] [reactive_esdf_avoidance]: [REACTIVE NAV] pos_enu=(0.46,-0.62,4.25) goal_dist=6.61m nearest_obstacle=0.68m
[INFO] [1788755462.905181978] [reactive_esdf_avoidance]: [REACTIVE NAV] pos_enu=(0.40,-0.83,4.29) goal_dist=6.69m nearest_obstacle=0.94m
[INFO] [1788755463.905441478] [reactive_esdf_avoidance]: [REACTIVE NAV] pos_enu=(0.34,-1.04,4.35) goal_dist=6.77m nearest_obstacle=1.14m
[INFO] [1788755464.905291647] [reactive_esdf_avoidance]: [REACTIVE NAV] pos_enu=(0.32,-1.23,4.43) goal_dist=6.81m nearest_obstacle=1.27m
[INFO] [1788755465.905159244] [reactive_esdf_avoidance]: [REACTIVE NAV] pos_enu=(0.35,-1.44,4.46) goal_dist=6.83m nearest_obstacle=1.48m
[INFO] [1788755466.905222268] [reactive_esdf_avoidance]: [REACTIVE NAV] pos_enu=(0.40,-1.61,4.54) goal_dist=6.81m nearest_obstacle=1.60m
[INFO] [1788755467.905284244] [reactive_esdf_avoidance]: [REACTIVE NAV] pos_enu=(0.49,-1.73,4.59) goal_dist=6.75m nearest_obstacle=1.66m
[INFO] [1788755468.904880042] [reactive_esdf_avoidance]: [REACTIVE NAV] pos_enu=(0.57,-1.81,4.65) goal_dist=6.69m nearest_obstacle=1.81m
[INFO] [1788755469.904873880] [reactive_esdf_avoidance]: [REACTIVE NAV] pos_enu=(0.69,-1.88,4.71) goal_dist=6.59m nearest_obstacle=1.83m
[INFO] [1788755470.905087510] [reactive_esdf_avoidance]: [REACTIVE NAV] pos_enu=(0.80,-1.95,4.74) goal_dist=6.51m nearest_obstacle=1.87m
[INFO] [1788755471.905231253] [reactive_esdf_avoidance]: [REACTIVE NAV] pos_enu=(0.91,-1.99,4.79) goal_dist=6.41m nearest_obstacle=1.91m
[INFO] [1788755472.905395831] [reactive_esdf_avoidance]: [REACTIVE NAV] pos_enu=(1.03,-2.04,4.84) goal_dist=6.31m nearest_obstacle=1.96m
[INFO] [1788755473.905094510] [reactive_esdf_avoidance]: [REACTIVE NAV] pos_enu=(1.16,-2.07,4.87) goal_dist=6.20m nearest_obstacle=0.75m
[INFO] [1788755474.905237597] [reactive_esdf_avoidance]: [REACTIVE NAV] pos_enu=(1.19,-2.15,4.94) goal_dist=6.20m nearest_obstacle=0.57m
[INFO] [1788755475.905367444] [reactive_esdf_avoidance]: [REACTIVE NAV] pos_enu=(1.12,-2.34,4.99) goal_dist=6.33m nearest_obstacle=0.75m
[INFO] [1788755476.905209742] [reactive_esdf_avoidance]: [REACTIVE NAV] pos_enu=(1.04,-2.55,5.06) goal_dist=6.48m nearest_obstacle=0.86m
[INFO] [1788755477.905248837] [reactive_esdf_avoidance]: [REACTIVE NAV] pos_enu=(0.98,-2.75,5.13) goal_dist=6.62m nearest_obstacle=0.00m
[INFO] [1788755478.905064304] [reactive_esdf_avoidance]: [REACTIVE NAV] pos_enu=(0.88,-2.94,5.17) goal_dist=6.79m nearest_obstacle=0.00m
[INFO] [1788755479.905097169] [reactive_esdf_avoidance]: [REACTIVE NAV] pos_enu=(0.76,-3.11,5.22) goal_dist=6.98m nearest_obstacle=0.00m
[INFO] [1788755480.904981356] [reactive_esdf_avoidance]: [REACTIVE NAV] pos_enu=(0.70,-3.28,5.26) goal_dist=7.10m nearest_obstacle=0.00m
[INFO] [1788755481.905209050] [reactive_esdf_avoidance]: [REACTIVE NAV] pos_enu=(0.80,-3.43,5.28) goal_dist=7.09m nearest_obstacle=0.00m
[INFO] [1788755482.905113076] [reactive_esdf_avoidance]: [REACTIVE NAV] pos_enu=(0.90,-3.59,5.30) goal_dist=7.08m nearest_obstacle=0.00m
[INFO] [1788755483.905169335] [reactive_esdf_avoidance]: [REACTIVE NAV] pos_enu=(1.01,-3.75,5.34) goal_dist=7.07m nearest_obstacle=0.00m
[INFO] [1788755484.904944015] [reactive_esdf_avoidance]: [REACTIVE NAV] pos_enu=(1.13,-3.91,5.34) goal_dist=7.07m nearest_obstacle=0.00m
[INFO] [1788755485.905225562] [reactive_esdf_avoidance]: [REACTIVE NAV] pos_enu=(1.23,-4.08,5.39) goal_dist=7.07m nearest_obstacle=0.00m
[INFO] [1788755486.905477517] [reactive_esdf_avoidance]: [REACTIVE NAV] pos_enu=(1.36,-4.24,5.44) goal_dist=7.07m nearest_obstacle=0.16m
[INFO] [1788755487.904871702] [reactive_esdf_avoidance]: [REACTIVE NAV] pos_enu=(1.49,-4.40,5.49) goal_dist=7.07m nearest_obstacle=0.32m
[INFO] [1788755488.905010633] [reactive_esdf_avoidance]: [REACTIVE NAV] pos_enu=(1.60,-4.56,5.54) goal_dist=7.08m nearest_obstacle=0.43m
[INFO] [1788755489.905134281] [reactive_esdf_avoidance]: [REACTIVE NAV] pos_enu=(1.70,-4.69,5.57) goal_dist=7.10m nearest_obstacle=0.43m
[INFO] [1788755490.905384524] [reactive_esdf_avoidance]: [REACTIVE NAV] pos_enu=(1.73,-4.76,5.58) goal_dist=7.12m nearest_obstacle=0.43m
[INFO] [1788755491.904979679] [reactive_esdf_avoidance]: [REACTIVE NAV] pos_enu=(1.73,-4.75,5.58) goal_dist=7.12m nearest_obstacle=0.43m
[INFO] [1788755492.905234099] [reactive_esdf_avoidance]: [REACTIVE NAV] pos_enu=(1.73,-4.74,5.58) goal_dist=7.11m nearest_obstacle=0.43m
[INFO] [1788755493.905256165] [reactive_esdf_avoidance]: [REACTIVE NAV] pos_enu=(1.73,-4.71,5.58) goal_dist=7.09m nearest_obstacle=0.43m
[INFO] [1788755494.905429892] [reactive_esdf_avoidance]: [REACTIVE NAV] pos_enu=(1.79,-4.70,5.58) goal_dist=7.04m nearest_obstacle=0.43m
[INFO] [1788755495.905237501] [reactive_esdf_avoidance]: [REACTIVE NAV] pos_enu=(1.79,-4.70,5.59) goal_dist=7.04m nearest_obstacle=0.43m
[INFO] [1788755496.905321899] [reactive_esdf_avoidance]: [REACTIVE NAV] pos_enu=(1.75,-4.71,5.59) goal_dist=7.08m nearest_obstacle=0.43m
[INFO] [1788755497.905096486] [reactive_esdf_avoidance]: [REACTIVE NAV] pos_enu=(1.75,-4.73,5.59) goal_dist=7.09m nearest_obstacle=0.43m
[INFO] [1788755498.904922033] [reactive_esdf_avoidance]: [REACTIVE NAV] pos_enu=(1.75,-4.73,5.58) goal_dist=7.09m nearest_obstacle=0.43m
[INFO] [1788755499.905226153] [reactive_esdf_avoidance]: [REACTIVE NAV] pos_enu=(1.74,-4.71,5.59) goal_dist=7.09m nearest_obstacle=0.43m
Traceback (most recent call last):
  File "/workspaces/isaac_ros-dev/ros2_ws/install/px4_vslam_bridge/lib/python3.10/site-packages/px4_vslam_bridge/reactive_esdf_avoidance.py", line 393, in main
    rclpy.spin(node)
  File "/opt/ros/humble/local/lib/python3.10/dist-packages/rclpy/__init__.py", line 229, in spin
    executor.spin_once()
  File "/opt/ros/humble/local/lib/python3.10/dist-packages/rclpy/executors.py", line 808, in spin_once
    self._spin_once_impl(timeout_sec)
  File "/opt/ros/humble/local/lib/python3.10/dist-packages/rclpy/executors.py", line 797, in _spin_once_impl
    handler, entity, node = self.wait_for_ready_callbacks(timeout_sec=timeout_sec)
  File "/opt/ros/humble/local/lib/python3.10/dist-packages/rclpy/executors.py", line 780, in wait_for_ready_callbacks
    return next(self._cb_iter)
  File "/opt/ros/humble/local/lib/python3.10/dist-packages/rclpy/executors.py", line 681, in _wait_for_ready_callbacks
    raise ExternalShutdownException()
rclpy.executors.ExternalShutdownException

During handling of the above exception, another exception occurred:

Traceback (most recent call last):
  File "/workspaces/isaac_ros-dev/ros2_ws/install/px4_vslam_bridge/lib/px4_vslam_bridge/reactive_esdf_avoidance", line 33, in <module>
    sys.exit(load_entry_point('px4-vslam-bridge==0.1.0', 'console_scripts', 'reactive_esdf_avoidance')())
  File "/workspaces/isaac_ros-dev/ros2_ws/install/px4_vslam_bridge/lib/python3.10/site-packages/px4_vslam_bridge/reactive_esdf_avoidance.py", line 398, in main
    rclpy.shutdown()
  File "/opt/ros/humble/local/lib/python3.10/dist-packages/rclpy/__init__.py", line 130, in shutdown
    _shutdown(context=context)
  File "/opt/ros/humble/local/lib/python3.10/dist-packages/rclpy/utilities.py", line 58, in shutdown
    return context.shutdown()
  File "/opt/ros/humble/local/lib/python3.10/dist-packages/rclpy/context.py", line 102, in shutdown
    self.__context.shutdown()
rclpy._rclpy_pybind11.RCLError: failed to shutdown: rcl_shutdown already called on the given context, at ./src/rcl/init.c:241
