[INFO] [1788595169.138965043] [vslam_compare]: vslam_compare: logging per-message CSV to /workspaces/isaac_ros-dev/results/feasibility_gate/gate_sweep_low_r18/vslam_compare.csv (exp_id='gate_sweep_low_r18')
[INFO] [1788595169.157060881] [vslam_compare]: vslam_compare ready -- watching /visual_slam/tracking/odometry vs /ground_truth/odom
[INFO] [1788595169.158524507] [vslam_compare]: Ground truth origin set: (0.003837029915302992, -0.006625530309975147, 0.037046343088150024)
[INFO] [1788595169.227777616] [vslam_compare]: cuVSLAM origin set: (0.0, 0.0, 0.0) -- tracking initialized
[INFO] [1788595170.157328639] [vslam_compare]: gt=(-0.0, -0.01, -0.0) vslam=(0.0, 0.0, 0.0) error=0.007m max_error=0.007m (n=1)
[INFO] [1788595171.157397058] [vslam_compare]: gt=(-0.0, -0.0, -0.01) vslam=(0.0, 0.0, 0.0) error=0.011m max_error=0.011m (n=2)
[INFO] [1788595172.157449314] [vslam_compare]: gt=(-0.01, -0.01, -0.0) vslam=(0.0, 0.0, 0.0) error=0.012m max_error=0.012m (n=3)
[INFO] [1788595173.157355362] [vslam_compare]: gt=(-0.02, -0.01, -0.0) vslam=(0.0, 0.0, 0.0) error=0.020m max_error=0.020m (n=4)
[INFO] [1788595174.157351249] [vslam_compare]: gt=(-0.02, -0.01, -0.01) vslam=(0.0, 0.0, 0.0) error=0.027m max_error=0.027m (n=5)
[INFO] [1788595175.157481786] [vslam_compare]: gt=(-0.01, -0.02, -0.01) vslam=(0.0, 0.0, 0.0) error=0.025m max_error=0.027m (n=6)
[INFO] [1788595176.157477624] [vslam_compare]: gt=(0.01, -0.01, -0.02) vslam=(0.0, 0.0, 0.0) error=0.023m max_error=0.027m (n=7)
[INFO] [1788595177.157378741] [vslam_compare]: gt=(0.0, -0.01, -0.03) vslam=(0.0, 0.0, 0.0) error=0.032m max_error=0.032m (n=8)
[INFO] [1788595178.157182285] [vslam_compare]: gt=(-0.0, -0.02, -0.03) vslam=(0.0, -0.01, 0.0) error=0.035m max_error=0.035m (n=9)
[INFO] [1788595179.157211888] [vslam_compare]: gt=(0.06, -0.0, -0.02) vslam=(0.12, -0.08, 0.01) error=0.104m max_error=0.104m (n=10)
[INFO] [1788595180.157595784] [vslam_compare]: gt=(0.08, 0.03, 0.74) vslam=(0.21, -0.05, 0.56) error=0.239m max_error=0.239m (n=11)
[INFO] [1788595181.157596367] [vslam_compare]: gt=(0.04, -0.03, 2.43) vslam=(0.13, -0.12, 2.07) error=0.377m max_error=0.377m (n=12)
[INFO] [1788595182.157329629] [vslam_compare]: gt=(-0.05, -0.06, 3.7) vslam=(0.01, -0.18, 3.62) error=0.163m max_error=0.377m (n=13)
[INFO] [1788595183.157428181] [vslam_compare]: gt=(-0.07, -0.02, 4.21) vslam=(-0.05, -0.08, 4.6) error=0.396m max_error=0.396m (n=14)
[INFO] [1788595184.157362759] [vslam_compare]: gt=(-0.08, 0.04, 4.48) vslam=(-0.07, -0.02, 5.01) error=0.533m max_error=0.533m (n=15)
[INFO] [1788595185.157424441] [vslam_compare]: gt=(-0.07, 0.01, 4.65) vslam=(-0.12, 0.1, 5.51) error=0.866m max_error=0.866m (n=16)
[INFO] [1788595186.157258907] [vslam_compare]: gt=(-0.04, -0.04, 4.66) vslam=(-0.08, 0.08, 5.59) error=0.936m max_error=0.936m (n=17)
[INFO] [1788595187.157263153] [vslam_compare]: gt=(-0.06, -0.03, 4.51) vslam=(-0.06, 0.07, 5.42) error=0.909m max_error=0.936m (n=18)
[INFO] [1788595188.157422153] [vslam_compare]: gt=(-0.02, 0.13, 4.5) vslam=(-0.05, 0.06, 5.36) error=0.867m max_error=0.936m (n=19)
[INFO] [1788595189.157272932] [vslam_compare]: gt=(0.19, 0.61, 4.51) vslam=(0.28, 0.31, 5.23) error=0.788m max_error=0.936m (n=20)
[INFO] [1788595190.157196365] [vslam_compare]: gt=(0.42, 1.34, 4.53) vslam=(0.51, 0.9, 5.16) error=0.776m max_error=0.936m (n=21)
[INFO] [1788595191.157416125] [vslam_compare]: gt=(0.81, 2.09, 4.57) vslam=(0.84, 1.62, 5.17) error=0.767m max_error=0.936m (n=22)
[INFO] [1788595192.157592993] [vslam_compare]: gt=(1.12, 2.78, 4.61) vslam=(1.23, 2.55, 5.15) error=0.590m max_error=0.936m (n=23)
[INFO] [1788595193.157407903] [vslam_compare]: gt=(1.32, 3.12, 4.65) vslam=(1.46, 2.96, 5.16) error=0.551m max_error=0.936m (n=24)
[INFO] [1788595194.157278299] [vslam_compare]: gt=(1.41, 3.4, 4.67) vslam=(1.59, 3.29, 5.15) error=0.516m max_error=0.936m (n=25)
[INFO] [1788595195.157317937] [vslam_compare]: gt=(1.51, 3.91, 4.69) vslam=(1.7, 4.01, 5.11) error=0.474m max_error=0.936m (n=26)
[INFO] [1788595196.157363406] [vslam_compare]: gt=(1.64, 4.48, 4.71) vslam=(1.77, 4.63, 5.15) error=0.486m max_error=0.936m (n=27)
[INFO] [1788595197.157336424] [vslam_compare]: gt=(1.73, 5.03, 4.78) vslam=(2.01, 5.39, 5.22) error=0.638m max_error=0.936m (n=28)
[INFO] [1788595198.157502887] [vslam_compare]: gt=(1.73, 5.67, 4.83) vslam=(1.88, 6.14, 5.23) error=0.634m max_error=0.936m (n=29)
[INFO] [1788595199.157313442] [vslam_compare]: gt=(1.73, 6.34, 4.86) vslam=(1.95, 6.97, 5.27) error=0.781m max_error=0.936m (n=30)
[INFO] [1788595200.157304689] [vslam_compare]: gt=(1.63, 6.85, 4.88) vslam=(1.77, 7.76, 5.24) error=0.985m max_error=0.985m (n=31)
[INFO] [1788595201.157570616] [vslam_compare]: gt=(1.58, 7.0, 4.86) vslam=(1.63, 7.97, 5.23) error=1.037m max_error=1.037m (n=32)
[INFO] [1788595202.157303020] [vslam_compare]: gt=(1.69, 6.9, 4.86) vslam=(1.75, 7.91, 5.24) error=1.083m max_error=1.083m (n=33)
[INFO] [1788595203.157262602] [vslam_compare]: gt=(1.58, 6.95, 4.88) vslam=(1.67, 8.07, 5.16) error=1.160m max_error=1.160m (n=34)
[INFO] [1788595204.157452721] [vslam_compare]: gt=(1.06, 7.36, 4.9) vslam=(1.16, 8.41, 5.2) error=1.099m max_error=1.160m (n=35)
[INFO] [1788595205.157293896] [vslam_compare]: gt=(0.42, 7.74, 4.91) vslam=(0.61, 8.59, 5.3) error=0.952m max_error=1.160m (n=36)
[INFO] [1788595206.157423204] [vslam_compare]: gt=(0.2, 7.88, 4.93) vslam=(0.28, 8.74, 5.35) error=0.959m max_error=1.160m (n=37)
[INFO] [1788595207.157730309] [vslam_compare]: gt=(0.31, 7.87, 4.93) vslam=(0.36, 8.72, 5.38) error=0.965m max_error=1.160m (n=38)
[INFO] [1788595208.157720286] [vslam_compare]: gt=(0.31, 7.87, 4.94) vslam=(0.34, 8.74, 5.39) error=0.978m max_error=1.160m (n=39)
[INFO] [1788595209.157348690] [vslam_compare]: gt=(0.23, 7.88, 4.95) vslam=(0.29, 8.72, 5.41) error=0.962m max_error=1.160m (n=40)
[INFO] [1788595210.157225625] [vslam_compare]: gt=(0.18, 7.86, 4.95) vslam=(0.27, 8.71, 5.42) error=0.976m max_error=1.160m (n=41)
[INFO] [1788595211.157164784] [vslam_compare]: gt=(0.19, 7.83, 4.96) vslam=(0.23, 8.73, 5.4) error=0.998m max_error=1.160m (n=42)
[INFO] [1788595212.157632859] [vslam_compare]: gt=(0.21, 7.83, 4.95) vslam=(0.23, 8.72, 5.37) error=0.986m max_error=1.160m (n=43)
[INFO] [1788595213.157413054] [vslam_compare]: gt=(0.22, 7.85, 4.94) vslam=(0.24, 8.72, 5.34) error=0.956m max_error=1.160m (n=44)
Traceback (most recent call last):
  File "/workspaces/isaac_ros-dev/ros2_ws/install/px4_vslam_bridge/lib/python3.10/site-packages/px4_vslam_bridge/vslam_compare.py", line 194, in main
    rclpy.spin(node)
  File "/opt/ros/humble/local/lib/python3.10/dist-packages/rclpy/__init__.py", line 229, in spin
    executor.spin_once()
  File "/opt/ros/humble/local/lib/python3.10/dist-packages/rclpy/executors.py", line 808, in spin_once
    self._spin_once_impl(timeout_sec)
  File "/opt/ros/humble/local/lib/python3.10/dist-packages/rclpy/executors.py", line 797, in _spin_once_impl
    handler, entity, node = self.wait_for_ready_callbacks(timeout_sec=timeout_sec)
  File "/opt/ros/humble/local/lib/python3.10/dist-packages/rclpy/executors.py", line 780, in wait_for_ready_callbacks
    return next(self._cb_iter)
  File "/opt/ros/humble/local/lib/python3.10/dist-packages/rclpy/executors.py", line 681, in _wait_for_ready_callbacks
    raise ExternalShutdownException()
rclpy.executors.ExternalShutdownException

During handling of the above exception, another exception occurred:

Traceback (most recent call last):
  File "/workspaces/isaac_ros-dev/ros2_ws/install/px4_vslam_bridge/lib/px4_vslam_bridge/vslam_compare", line 33, in <module>
    sys.exit(load_entry_point('px4-vslam-bridge==0.1.0', 'console_scripts', 'vslam_compare')())
  File "/workspaces/isaac_ros-dev/ros2_ws/install/px4_vslam_bridge/lib/python3.10/site-packages/px4_vslam_bridge/vslam_compare.py", line 199, in main
    rclpy.shutdown()
  File "/opt/ros/humble/local/lib/python3.10/dist-packages/rclpy/__init__.py", line 130, in shutdown
    _shutdown(context=context)
  File "/opt/ros/humble/local/lib/python3.10/dist-packages/rclpy/utilities.py", line 58, in shutdown
    return context.shutdown()
  File "/opt/ros/humble/local/lib/python3.10/dist-packages/rclpy/context.py", line 102, in shutdown
    self.__context.shutdown()
rclpy._rclpy_pybind11.RCLError: failed to shutdown: rcl_shutdown already called on the given context, at ./src/rcl/init.c:241
