[INFO] [1788717637.463261635] [fast_planner_bridge]: fast_planner_bridge ready -- will capture home at arm time and climb (0.0, 0.0, -5.0) NED relative to it, then follow /planning/pos_cmd from Fast-Planner
[INFO] [1788717637.463698869] [fast_planner_bridge]: >>> Press ENTER to arm and fly (or set OFFBOARD_AUTO_START=1) <<<
[INFO] [1788717640.531778400] [fast_planner_bridge]: OFFBOARD + ARMED confirmed -- home_ned=(0.009833704680204391, -0.02612278424203396, -0.02735765278339386), climbing to (0.009833704680204391, -0.02612278424203396, -5.027357652783394).
[INFO] [1788717640.681593916] [fast_planner_bridge]: [CLIMBING] pos_ned=(0.01,-0.03,-0.03) dist=5.00m
[INFO] [1788717641.682357437] [fast_planner_bridge]: [CLIMBING] pos_ned=(0.00,-0.04,-0.04) dist=4.99m
[INFO] [1788717642.682112585] [fast_planner_bridge]: [CLIMBING] pos_ned=(0.02,0.00,-0.28) dist=4.75m
[INFO] [1788717643.682485992] [fast_planner_bridge]: [CLIMBING] pos_ned=(0.03,0.04,-0.49) dist=4.54m
[INFO] [1788717644.681859202] [fast_planner_bridge]: [CLIMBING] pos_ned=(0.01,0.03,-0.56) dist=4.47m
[INFO] [1788717645.682340235] [fast_planner_bridge]: [CLIMBING] pos_ned=(-0.01,0.01,-0.61) dist=4.42m
[INFO] [1788717646.682074905] [fast_planner_bridge]: [CLIMBING] pos_ned=(0.13,0.08,-1.40) dist=3.63m
[INFO] [1788717647.681900227] [fast_planner_bridge]: [CLIMBING] pos_ned=(0.33,0.08,-2.62) dist=2.43m
[INFO] [1788717648.681723627] [fast_planner_bridge]: [CLIMBING] pos_ned=(0.29,-0.08,-3.61) dist=1.45m
[INFO] [1788717649.681760714] [fast_planner_bridge]: [CLIMBING] pos_ned=(-0.05,-0.05,-4.24) dist=0.79m
[INFO] [1788717650.681797511] [fast_planner_bridge]: [CLIMBING] pos_ned=(-0.10,-0.01,-4.51) dist=0.53m
[INFO] [1788717651.682024521] [fast_planner_bridge]: [CLIMBING] pos_ned=(-0.08,-0.03,-4.71) dist=0.33m
[INFO] [1788717651.931925882] [fast_planner_bridge]: Climb complete (dist=0.30m) -- following Fast-Planner.
[INFO] [1788717652.682019829] [fast_planner_bridge]: [FOLLOWING] pos_ned=(-0.11,-0.05,-4.68) target_ned=(-0.11,-0.01,-4.46) pos_cmd_age=0.01s
[INFO] [1788717653.681817651] [fast_planner_bridge]: [FOLLOWING] pos_ned=(-0.08,-0.02,-4.61) target_ned=(0.01,-0.05,-4.65) pos_cmd_age=0.01s
[INFO] [1788717654.682072775] [fast_planner_bridge]: [FOLLOWING] pos_ned=(0.34,-0.03,-4.62) target_ned=(0.45,-0.05,-4.64) pos_cmd_age=0.01s
[INFO] [1788717655.681956742] [fast_planner_bridge]: [FOLLOWING] pos_ned=(1.04,-0.08,-4.63) target_ned=(1.12,-0.05,-4.65) pos_cmd_age=0.01s
[INFO] [1788717656.681874102] [fast_planner_bridge]: [FOLLOWING] pos_ned=(1.83,-0.13,-4.68) target_ned=(1.90,-0.05,-4.69) pos_cmd_age=0.01s
[INFO] [1788717657.681863280] [fast_planner_bridge]: [FOLLOWING] pos_ned=(2.57,-0.16,-4.73) target_ned=(2.60,-0.09,-4.73) pos_cmd_age=0.01s
[INFO] [1788717658.681823182] [fast_planner_bridge]: [FOLLOWING] pos_ned=(3.12,-0.13,-4.75) target_ned=(3.14,-0.09,-4.75) pos_cmd_age=0.01s
[INFO] [1788717659.681883937] [fast_planner_bridge]: [FOLLOWING] pos_ned=(3.45,-0.09,-4.80) target_ned=(3.53,-0.15,-4.77) pos_cmd_age=0.01s
[INFO] [1788717660.682074800] [fast_planner_bridge]: [FOLLOWING] pos_ned=(3.87,-0.22,-4.86) target_ned=(3.99,-0.31,-4.80) pos_cmd_age=0.01s
[INFO] [1788717661.682250394] [fast_planner_bridge]: [FOLLOWING] pos_ned=(4.53,-0.35,-4.90) target_ned=(4.58,-0.43,-4.84) pos_cmd_age=0.01s
[INFO] [1788717662.681974818] [fast_planner_bridge]: [FOLLOWING] pos_ned=(5.19,-0.37,-4.92) target_ned=(5.16,-0.37,-4.87) pos_cmd_age=0.01s
[INFO] [1788717663.681936184] [fast_planner_bridge]: [FOLLOWING] pos_ned=(5.89,-0.30,-4.89) target_ned=(5.80,-0.26,-4.89) pos_cmd_age=0.01s
[INFO] [1788717664.682044951] [fast_planner_bridge]: [FOLLOWING] pos_ned=(6.48,-0.16,-4.90) target_ned=(6.50,-0.17,-4.91) pos_cmd_age=0.01s
[INFO] [1788717665.681875738] [fast_planner_bridge]: [FOLLOWING] pos_ned=(7.09,-0.08,-4.90) target_ned=(7.06,-0.11,-4.94) pos_cmd_age=0.01s
[INFO] [1788717666.681845451] [fast_planner_bridge]: [FOLLOWING] pos_ned=(7.36,-0.07,-4.94) target_ned=(7.34,-0.08,-4.97) pos_cmd_age=0.01s
[INFO] [1788717667.682136446] [fast_planner_bridge]: [FOLLOWING] pos_ned=(7.25,-0.03,-4.96) target_ned=(7.41,-0.05,-4.95) pos_cmd_age=0.01s
[INFO] [1788717668.681870570] [fast_planner_bridge]: [FOLLOWING] pos_ned=(7.57,0.00,-4.99) target_ned=(7.76,-0.02,-4.98) pos_cmd_age=0.01s
[INFO] [1788717669.681961755] [fast_planner_bridge]: [FOLLOWING] pos_ned=(8.01,0.01,-5.01) target_ned=(7.99,-0.00,-5.00) pos_cmd_age=0.01s
[INFO] [1788717670.682446350] [fast_planner_bridge]: [FOLLOWING] pos_ned=(8.02,-0.00,-5.00) target_ned=(8.00,-0.00,-5.00) pos_cmd_age=0.01s
[INFO] [1788717671.681911291] [fast_planner_bridge]: [FOLLOWING] pos_ned=(7.99,0.02,-4.99) target_ned=(8.00,-0.00,-5.00) pos_cmd_age=0.01s
[INFO] [1788717672.681569571] [fast_planner_bridge]: [FOLLOWING] pos_ned=(8.01,0.02,-5.00) target_ned=(8.00,-0.00,-5.00) pos_cmd_age=0.01s
[WARN] [1788717673.526131332] [fast_planner_bridge]: Shutdown signal 15 received -- ceasing ARM requests, commanding AUTO.LAND, will disarm and exit once landed. If this doesn't complete and the vehicle needs to come down NOW, use emergency_stop.py instead of repeating this signal.
[INFO] [1788717673.681779573] [fast_planner_bridge]: Requesting AUTO.LAND... nav_state=14
[INFO] [1788717673.732052860] [fast_planner_bridge]: AUTO.LAND confirmed -- ceasing offboard setpoints, handing off to the autopilot.
[INFO] [1788717675.681874959] [fast_planner_bridge]: Waiting for disarm (backstop disarm sent)... arming_state=2
