[INFO] [1788717630.568538911] [visual_odometry_bridge]: visual_odometry_bridge ready: /visual_slam/tracking/odometry -> /fmu/in/vehicle_visual_odometry
[INFO] [1788717635.487570432] [visual_odometry_bridge]: published 100 vehicle_visual_odometry samples (last NED pos=(0.00,0.00,-0.00))
[WARN] [1788717640.992206852] [visual_odometry_bridge]: Rejected cuVSLAM update: implied speed 20.2 m/s (jumped 0.65m in 32ms) -- holding last known-good position, not forwarding to EKF2. (1 rejected total)
[WARN] [1788717645.498775479] [visual_odometry_bridge]: Rejected cuVSLAM update: implied speed 10.5 m/s (jumped 0.34m in 32ms) -- holding last known-good position, not forwarding to EKF2. (8 rejected total)
[INFO] [1788717645.982465198] [visual_odometry_bridge]: published 300 vehicle_visual_odometry samples (last NED pos=(1.31,0.61,-1.38))
[WARN] [1788717647.244890973] [visual_odometry_bridge]: Rejected cuVSLAM update: implied speed 8.9 m/s (jumped 0.32m in 36ms) -- holding last known-good position, not forwarding to EKF2. (13 rejected total)
[WARN] [1788717648.247570179] [visual_odometry_bridge]: Rejected cuVSLAM update: implied speed 10.8 m/s (jumped 2.85m in 264ms) -- holding last known-good position, not forwarding to EKF2. (27 rejected total)
[WARN] [1788717650.821014983] [visual_odometry_bridge]: Rejected cuVSLAM update: implied speed 242.9 m/s (jumped 7.77m in 32ms) -- holding last known-good position, not forwarding to EKF2. (40 rejected total)
[WARN] [1788717651.861958683] [visual_odometry_bridge]: Rejected cuVSLAM update: implied speed 11.1 m/s (jumped 8.12m in 728ms) -- holding last known-good position, not forwarding to EKF2. (61 rejected total)
[INFO] [1788717653.924905096] [visual_odometry_bridge]: published 400 vehicle_visual_odometry samples (last NED pos=(10.62,-5.60,12.36))
[WARN] [1788717658.945148087] [visual_odometry_bridge]: Rejected cuVSLAM update: implied speed 111.2 m/s (jumped 3.56m in 32ms) -- holding last known-good position, not forwarding to EKF2. (71 rejected total)
[INFO] [1788717659.916696990] [visual_odometry_bridge]: published 500 vehicle_visual_odometry samples (last NED pos=(6.54,-6.82,19.30))
[WARN] [1788717660.079748291] [visual_odometry_bridge]: Rejected cuVSLAM update: implied speed 41.5 m/s (jumped 1.33m in 32ms) -- holding last known-good position, not forwarding to EKF2. (90 rejected total)
[WARN] [1788717661.125125319] [visual_odometry_bridge]: Rejected cuVSLAM update: implied speed 8.2 m/s (jumped 0.79m in 96ms) -- holding last known-good position, not forwarding to EKF2. (101 rejected total)
[WARN] [1788717662.424461958] [visual_odometry_bridge]: Rejected cuVSLAM update: implied speed 12.0 m/s (jumped 0.43m in 36ms) -- holding last known-good position, not forwarding to EKF2. (102 rejected total)
[WARN] [1788717663.456668947] [visual_odometry_bridge]: Rejected cuVSLAM update: implied speed 37.5 m/s (jumped 1.35m in 36ms) -- holding last known-good position, not forwarding to EKF2. (103 rejected total)
[WARN] [1788717664.626792647] [visual_odometry_bridge]: Rejected cuVSLAM update: implied speed 11.8 m/s (jumped 0.38m in 32ms) -- holding last known-good position, not forwarding to EKF2. (113 rejected total)
[WARN] [1788717665.774248142] [visual_odometry_bridge]: Rejected cuVSLAM update: implied speed 161.6 m/s (jumped 5.17m in 32ms) -- holding last known-good position, not forwarding to EKF2. (115 rejected total)
Traceback (most recent call last):
  File "/workspaces/isaac_ros-dev/ros2_ws/install/px4_vslam_bridge/lib/python3.10/site-packages/px4_vslam_bridge/visual_odometry_bridge.py", line 160, in main
    rclpy.spin(node)
  File "/opt/ros/humble/local/lib/python3.10/dist-packages/rclpy/__init__.py", line 229, in spin
    executor.spin_once()
  File "/opt/ros/humble/local/lib/python3.10/dist-packages/rclpy/executors.py", line 808, in spin_once
    self._spin_once_impl(timeout_sec)
  File "/opt/ros/humble/local/lib/python3.10/dist-packages/rclpy/executors.py", line 797, in _spin_once_impl
    handler, entity, node = self.wait_for_ready_callbacks(timeout_sec=timeout_sec)
  File "/opt/ros/humble/local/lib/python3.10/dist-packages/rclpy/executors.py", line 780, in wait_for_ready_callbacks
    return next(self._cb_iter)
  File "/opt/ros/humble/local/lib/python3.10/dist-packages/rclpy/executors.py", line 681, in _wait_for_ready_callbacks
    raise ExternalShutdownException()
rclpy.executors.ExternalShutdownException

During handling of the above exception, another exception occurred:

Traceback (most recent call last):
  File "/workspaces/isaac_ros-dev/ros2_ws/install/px4_vslam_bridge/lib/px4_vslam_bridge/visual_odometry_bridge", line 33, in <module>
    sys.exit(load_entry_point('px4-vslam-bridge==0.1.0', 'console_scripts', 'visual_odometry_bridge')())
  File "/workspaces/isaac_ros-dev/ros2_ws/install/px4_vslam_bridge/lib/python3.10/site-packages/px4_vslam_bridge/visual_odometry_bridge.py", line 165, in main
    rclpy.shutdown()
  File "/opt/ros/humble/local/lib/python3.10/dist-packages/rclpy/__init__.py", line 130, in shutdown
    _shutdown(context=context)
  File "/opt/ros/humble/local/lib/python3.10/dist-packages/rclpy/utilities.py", line 58, in shutdown
    return context.shutdown()
  File "/opt/ros/humble/local/lib/python3.10/dist-packages/rclpy/context.py", line 102, in shutdown
    self.__context.shutdown()
rclpy._rclpy_pybind11.RCLError: failed to shutdown: rcl_shutdown already called on the given context, at ./src/rcl/init.c:241
