[INFO] [1788603401.101896088] [fast_planner_bridge]: fast_planner_bridge ready -- will capture home at arm time and climb (0.0, 0.0, -5.0) NED relative to it, then follow /planning/pos_cmd from Fast-Planner
[INFO] [1788603401.102246728] [fast_planner_bridge]: >>> Press ENTER to arm and fly (or set OFFBOARD_AUTO_START=1) <<<
[INFO] [1788603404.473252153] [fast_planner_bridge]: OFFBOARD + ARMED confirmed -- home_ned=(0.03468964248895645, -0.0024396663065999746, 0.00016163289546966553), climbing to (0.03468964248895645, -0.0024396663065999746, -4.99983836710453).
[INFO] [1788603405.073614572] [fast_planner_bridge]: [CLIMBING] pos_ned=(0.04,-0.01,-0.00) dist=5.00m
[INFO] [1788603406.073545931] [fast_planner_bridge]: [CLIMBING] pos_ned=(0.03,-0.01,-0.00) dist=5.00m
[INFO] [1788603407.073422442] [fast_planner_bridge]: [CLIMBING] pos_ned=(0.03,-0.01,0.00) dist=5.00m
[INFO] [1788603408.073456554] [fast_planner_bridge]: [CLIMBING] pos_ned=(0.02,-0.01,0.00) dist=5.00m
[INFO] [1788603409.073562837] [fast_planner_bridge]: [CLIMBING] pos_ned=(0.02,0.08,0.00) dist=5.00m
[INFO] [1788603410.073358499] [fast_planner_bridge]: [CLIMBING] pos_ned=(0.04,0.10,-0.75) dist=4.25m
[INFO] [1788603411.073211625] [fast_planner_bridge]: [CLIMBING] pos_ned=(-0.09,-0.02,-2.59) dist=2.41m
[INFO] [1788603412.073369196] [fast_planner_bridge]: [CLIMBING] pos_ned=(-0.07,-0.09,-3.79) dist=1.22m
[INFO] [1788603413.073165399] [fast_planner_bridge]: [CLIMBING] pos_ned=(0.02,-0.06,-4.26) dist=0.74m
[INFO] [1788603414.073397606] [fast_planner_bridge]: [CLIMBING] pos_ned=(0.08,-0.02,-4.52) dist=0.49m
[INFO] [1788603415.073380513] [fast_planner_bridge]: [CLIMBING] pos_ned=(0.09,-0.00,-4.68) dist=0.32m
[INFO] [1788603415.273140102] [fast_planner_bridge]: Climb complete (dist=0.30m) -- following Fast-Planner.
[INFO] [1788603416.073269167] [fast_planner_bridge]: [FOLLOWING] pos_ned=(0.08,0.01,-4.65) target_ned=(0.09,-0.01,-4.61) pos_cmd_age=0.00s
[INFO] [1788603417.073464548] [fast_planner_bridge]: [FOLLOWING] pos_ned=(0.09,0.01,-4.57) target_ned=(0.11,-0.00,-4.61) pos_cmd_age=0.00s
[INFO] [1788603418.073463733] [fast_planner_bridge]: [FOLLOWING] pos_ned=(0.31,0.13,-4.58) target_ned=(0.39,0.14,-4.61) pos_cmd_age=0.00s
[INFO] [1788603419.073289688] [fast_planner_bridge]: [FOLLOWING] pos_ned=(0.89,0.40,-4.59) target_ned=(0.98,0.46,-4.62) pos_cmd_age=0.00s
[INFO] [1788603420.073498901] [fast_planner_bridge]: [FOLLOWING] pos_ned=(1.71,0.71,-4.61) target_ned=(1.74,0.88,-4.64) pos_cmd_age=0.00s
[INFO] [1788603421.073325816] [fast_planner_bridge]: [FOLLOWING] pos_ned=(2.49,1.12,-4.64) target_ned=(2.49,1.24,-4.68) pos_cmd_age=0.00s
[INFO] [1788603422.073275485] [fast_planner_bridge]: [FOLLOWING] pos_ned=(3.07,1.38,-4.69) target_ned=(3.09,1.46,-4.72) pos_cmd_age=0.00s
[INFO] [1788603423.073224921] [fast_planner_bridge]: [FOLLOWING] pos_ned=(3.43,1.56,-4.72) target_ned=(3.53,1.57,-4.76) pos_cmd_age=0.00s
[INFO] [1788603424.073426194] [fast_planner_bridge]: [FOLLOWING] pos_ned=(3.93,1.73,-4.75) target_ned=(4.02,1.69,-4.79) pos_cmd_age=0.00s
[INFO] [1788603425.073501714] [fast_planner_bridge]: [FOLLOWING] pos_ned=(4.51,1.89,-4.79) target_ned=(4.54,1.82,-4.81) pos_cmd_age=0.00s
[INFO] [1788603426.073290899] [fast_planner_bridge]: [FOLLOWING] pos_ned=(5.09,1.97,-4.81) target_ned=(5.11,1.93,-4.82) pos_cmd_age=0.00s
[INFO] [1788603427.073175551] [fast_planner_bridge]: [FOLLOWING] pos_ned=(5.75,2.02,-4.83) target_ned=(5.83,1.97,-4.83) pos_cmd_age=0.00s
[INFO] [1788603428.073860901] [fast_planner_bridge]: [FOLLOWING] pos_ned=(6.49,2.01,-4.88) target_ned=(6.55,1.98,-4.86) pos_cmd_age=0.00s
[INFO] [1788603429.073675563] [fast_planner_bridge]: [FOLLOWING] pos_ned=(7.02,1.84,-4.92) target_ned=(7.01,1.81,-4.90) pos_cmd_age=0.00s
[INFO] [1788603430.073935471] [fast_planner_bridge]: [FOLLOWING] pos_ned=(7.19,1.71,-4.92) target_ned=(7.16,1.69,-4.91) pos_cmd_age=0.00s
[INFO] [1788603431.073751925] [fast_planner_bridge]: [FOLLOWING] pos_ned=(7.22,1.73,-4.92) target_ned=(7.27,1.58,-4.92) pos_cmd_age=0.00s
[INFO] [1788603432.073725498] [fast_planner_bridge]: [FOLLOWING] pos_ned=(7.44,1.29,-4.89) target_ned=(7.49,1.14,-4.89) pos_cmd_age=0.01s
[INFO] [1788603433.073474602] [fast_planner_bridge]: [FOLLOWING] pos_ned=(7.79,0.50,-4.90) target_ned=(7.77,0.48,-4.90) pos_cmd_age=0.01s
[INFO] [1788603434.073376838] [fast_planner_bridge]: [FOLLOWING] pos_ned=(7.98,0.04,-4.97) target_ned=(7.95,0.09,-4.97) pos_cmd_age=0.01s
[INFO] [1788603435.073272758] [fast_planner_bridge]: [FOLLOWING] pos_ned=(8.02,-0.01,-4.98) target_ned=(8.00,0.00,-5.00) pos_cmd_age=0.01s
[INFO] [1788603436.073742209] [fast_planner_bridge]: [FOLLOWING] pos_ned=(7.99,0.05,-4.99) target_ned=(8.00,0.00,-5.00) pos_cmd_age=0.01s
[INFO] [1788603437.073636482] [fast_planner_bridge]: [FOLLOWING] pos_ned=(8.02,-0.01,-4.99) target_ned=(8.00,0.00,-5.00) pos_cmd_age=0.01s
[INFO] [1788603438.073352347] [fast_planner_bridge]: [FOLLOWING] pos_ned=(8.03,-0.04,-4.99) target_ned=(8.00,0.00,-5.00) pos_cmd_age=0.01s
[INFO] [1788603439.073513689] [fast_planner_bridge]: [FOLLOWING] pos_ned=(8.05,-0.03,-5.00) target_ned=(8.00,0.00,-5.00) pos_cmd_age=0.01s
[INFO] [1788603440.073389431] [fast_planner_bridge]: [FOLLOWING] pos_ned=(8.05,-0.04,-5.00) target_ned=(8.00,0.00,-5.00) pos_cmd_age=0.01s
[INFO] [1788603441.073387754] [fast_planner_bridge]: [FOLLOWING] pos_ned=(8.04,-0.04,-5.00) target_ned=(8.00,0.00,-5.00) pos_cmd_age=0.01s
[INFO] [1788603442.073258077] [fast_planner_bridge]: [FOLLOWING] pos_ned=(8.03,-0.01,-5.00) target_ned=(8.00,0.00,-5.00) pos_cmd_age=0.01s
[INFO] [1788603443.073346586] [fast_planner_bridge]: [FOLLOWING] pos_ned=(7.99,-0.00,-5.00) target_ned=(8.00,0.00,-5.00) pos_cmd_age=0.01s
[WARN] [1788603444.004933235] [fast_planner_bridge]: Shutdown signal 15 received -- ceasing ARM requests, commanding AUTO.LAND, will disarm and exit once landed. If this doesn't complete and the vehicle needs to come down NOW, use emergency_stop.py instead of repeating this signal.
[INFO] [1788603444.073195733] [fast_planner_bridge]: Requesting AUTO.LAND... nav_state=14
[INFO] [1788603444.223316205] [fast_planner_bridge]: AUTO.LAND confirmed -- ceasing offboard setpoints, handing off to the autopilot.
[INFO] [1788603445.073574806] [fast_planner_bridge]: Waiting for disarm (backstop disarm sent)... arming_state=2
[INFO] [1788603447.073308501] [fast_planner_bridge]: Waiting for disarm (backstop disarm sent)... arming_state=2
