[INFO] [1788682208.714363728] [fast_planner_bridge]: fast_planner_bridge ready -- will capture home at arm time and climb (0.0, 0.0, -5.0) NED relative to it, then follow /planning/pos_cmd from Fast-Planner
[INFO] [1788682208.714918531] [fast_planner_bridge]: >>> Press ENTER to arm and fly (or set OFFBOARD_AUTO_START=1) <<<
[WARN] [1788682210.683573010] [fast_planner_bridge]: [tick 40] No data on /fmu/out/vehicle_local_position_v1.
[INFO] [1788682214.033625873] [fast_planner_bridge]: OFFBOARD + ARMED confirmed -- home_ned=(-0.039331283420324326, 0.014017685316503048, -0.01879321038722992), climbing to (-0.039331283420324326, 0.014017685316503048, -5.01879321038723).
[INFO] [1788682214.883796513] [fast_planner_bridge]: [CLIMBING] pos_ned=(-0.02,0.01,-0.02) dist=5.00m
[INFO] [1788682215.883764981] [fast_planner_bridge]: [CLIMBING] pos_ned=(-0.01,0.01,-0.01) dist=5.01m
[INFO] [1788682216.883853855] [fast_planner_bridge]: [CLIMBING] pos_ned=(-0.03,0.00,-0.01) dist=5.00m
[INFO] [1788682217.883565572] [fast_planner_bridge]: [CLIMBING] pos_ned=(-0.04,0.01,-0.01) dist=5.00m
[INFO] [1788682218.883778995] [fast_planner_bridge]: [CLIMBING] pos_ned=(-0.04,0.12,-0.03) dist=4.99m
[INFO] [1788682219.884042139] [fast_planner_bridge]: [CLIMBING] pos_ned=(-0.04,0.10,-0.99) dist=4.03m
[INFO] [1788682220.883557331] [fast_planner_bridge]: [CLIMBING] pos_ned=(-0.19,-0.03,-2.84) dist=2.19m
[INFO] [1788682221.883644676] [fast_planner_bridge]: [CLIMBING] pos_ned=(-0.16,-0.05,-3.85) dist=1.17m
[INFO] [1788682222.883947101] [fast_planner_bridge]: [CLIMBING] pos_ned=(-0.06,-0.05,-4.31) dist=0.71m
[INFO] [1788682223.883595576] [fast_planner_bridge]: [CLIMBING] pos_ned=(0.00,-0.03,-4.56) dist=0.46m
[INFO] [1788682224.883605844] [fast_planner_bridge]: [CLIMBING] pos_ned=(0.01,0.01,-4.71) dist=0.31m
[INFO] [1788682225.033719333] [fast_planner_bridge]: Climb complete (dist=0.30m) -- following Fast-Planner.
[INFO] [1788682225.883795046] [fast_planner_bridge]: [FOLLOWING] pos_ned=(0.02,0.02,-4.66) target_ned=(0.01,-0.01,-4.65) pos_cmd_age=0.00s
[INFO] [1788682226.883604063] [fast_planner_bridge]: [FOLLOWING] pos_ned=(0.02,0.01,-4.59) target_ned=(0.02,-0.01,-4.65) pos_cmd_age=0.00s
[INFO] [1788682227.883796948] [fast_planner_bridge]: [FOLLOWING] pos_ned=(0.17,-0.10,-4.61) target_ned=(0.26,-0.12,-4.66) pos_cmd_age=0.00s
[INFO] [1788682228.883855660] [fast_planner_bridge]: [FOLLOWING] pos_ned=(0.67,-0.35,-4.67) target_ned=(0.79,-0.32,-4.69) pos_cmd_age=0.00s
[INFO] [1788682229.883591681] [fast_planner_bridge]: [FOLLOWING] pos_ned=(1.41,-0.56,-4.70) target_ned=(1.48,-0.55,-4.72) pos_cmd_age=0.00s
[INFO] [1788682230.884201237] [fast_planner_bridge]: [FOLLOWING] pos_ned=(2.19,-0.80,-4.73) target_ned=(2.26,-0.76,-4.76) pos_cmd_age=0.00s
[INFO] [1788682231.883798706] [fast_planner_bridge]: [FOLLOWING] pos_ned=(2.87,-0.93,-4.76) target_ned=(2.92,-0.92,-4.79) pos_cmd_age=0.00s
[INFO] [1788682232.883584412] [fast_planner_bridge]: [FOLLOWING] pos_ned=(3.37,-0.94,-4.80) target_ned=(3.29,-0.95,-4.81) pos_cmd_age=0.00s
[INFO] [1788682233.883682963] [fast_planner_bridge]: [FOLLOWING] pos_ned=(3.53,-0.91,-4.80) target_ned=(3.39,-0.95,-4.81) pos_cmd_age=0.00s
[INFO] [1788682234.883818906] [fast_planner_bridge]: [FOLLOWING] pos_ned=(3.55,-0.89,-4.83) target_ned=(3.58,-0.97,-4.82) pos_cmd_age=0.00s
[INFO] [1788682235.883817525] [fast_planner_bridge]: [FOLLOWING] pos_ned=(3.63,-0.89,-4.84) target_ned=(3.68,-0.97,-4.82) pos_cmd_age=0.00s
[INFO] [1788682236.883732326] [fast_planner_bridge]: [FOLLOWING] pos_ned=(3.58,-0.89,-4.81) target_ned=(3.68,-0.97,-4.82) pos_cmd_age=0.00s
[INFO] [1788682237.883983219] [fast_planner_bridge]: [FOLLOWING] pos_ned=(3.46,-0.94,-4.81) target_ned=(3.47,-0.93,-4.81) pos_cmd_age=0.00s
[INFO] [1788682238.883924393] [fast_planner_bridge]: [FOLLOWING] pos_ned=(3.35,-1.11,-4.82) target_ned=(3.44,-1.02,-4.82) pos_cmd_age=0.00s
[INFO] [1788682239.883766140] [fast_planner_bridge]: [FOLLOWING] pos_ned=(3.60,-1.16,-4.82) target_ned=(3.66,-1.03,-4.83) pos_cmd_age=0.00s
[INFO] [1788682240.883710788] [fast_planner_bridge]: [FOLLOWING] pos_ned=(3.69,-1.15,-4.85) target_ned=(3.70,-1.18,-4.84) pos_cmd_age=0.00s
[INFO] [1788682241.884119284] [fast_planner_bridge]: [FOLLOWING] pos_ned=(3.73,-1.12,-4.87) target_ned=(3.91,-1.18,-4.85) pos_cmd_age=0.00s
[INFO] [1788682242.883940415] [fast_planner_bridge]: [FOLLOWING] pos_ned=(3.72,-1.12,-4.87) target_ned=(3.96,-1.18,-4.85) pos_cmd_age=0.00s
[INFO] [1788682243.883961875] [fast_planner_bridge]: [FOLLOWING] pos_ned=(3.72,-1.12,-4.87) target_ned=(3.96,-1.18,-4.85) pos_cmd_age=0.00s
[INFO] [1788682244.884176209] [fast_planner_bridge]: [FOLLOWING] pos_ned=(3.70,-1.13,-4.87) target_ned=(3.96,-1.18,-4.85) pos_cmd_age=0.01s
[INFO] [1788682245.884150764] [fast_planner_bridge]: [FOLLOWING] pos_ned=(3.65,-1.16,-4.84) target_ned=(3.96,-1.18,-4.85) pos_cmd_age=0.00s
[INFO] [1788682246.883967566] [fast_planner_bridge]: [FOLLOWING] pos_ned=(3.55,-1.67,-4.81) target_ned=(3.96,-1.18,-4.85) pos_cmd_age=0.00s
[INFO] [1788682247.884227151] [fast_planner_bridge]: [FOLLOWING] pos_ned=(3.42,-2.38,-4.95) target_ned=(3.46,-2.30,-4.93) pos_cmd_age=0.00s
[INFO] [1788682248.884892268] [fast_planner_bridge]: [FOLLOWING] pos_ned=(3.66,-2.26,-4.91) target_ned=(3.75,-2.27,-4.93) pos_cmd_age=0.00s
[INFO] [1788682249.884116119] [fast_planner_bridge]: [FOLLOWING] pos_ned=(4.42,-2.24,-4.90) target_ned=(4.36,-2.36,-4.93) pos_cmd_age=0.00s
[INFO] [1788682250.884013946] [fast_planner_bridge]: [FOLLOWING] pos_ned=(5.35,-2.41,-4.89) target_ned=(5.08,-2.58,-4.93) pos_cmd_age=0.00s
[INFO] [1788682251.883944246] [fast_planner_bridge]: [FOLLOWING] pos_ned=(1.57,-4.75,-3.88) target_ned=(4.51,-3.16,-4.64) pos_cmd_age=0.01s
[WARN] [1788682251.901211688] [fast_planner_bridge]: Shutdown signal 15 received -- ceasing ARM requests, commanding AUTO.LAND, will disarm and exit once landed. If this doesn't complete and the vehicle needs to come down NOW, use emergency_stop.py instead of repeating this signal.
[INFO] [1788682252.134067732] [fast_planner_bridge]: Requesting AUTO.LAND... nav_state=14
[INFO] [1788682252.184372082] [fast_planner_bridge]: AUTO.LAND confirmed -- ceasing offboard setpoints, handing off to the autopilot.
[INFO] [1788682252.884086123] [fast_planner_bridge]: Waiting for disarm (backstop disarm sent)... arming_state=2
[INFO] [1788682254.883941230] [fast_planner_bridge]: Waiting for disarm (backstop disarm sent)... arming_state=2
