[INFO] [1788684085.054712290] [vslam_compare]: vslam_compare: logging per-message CSV to /workspaces/isaac_ros-dev/results/feasibility_gate/gate_sweep_poor_none_r17/vslam_compare.csv (exp_id='gate_sweep_poor_none_r17')
[INFO] [1788684085.075666072] [vslam_compare]: vslam_compare ready -- watching /visual_slam/tracking/odometry vs /ground_truth/odom
[INFO] [1788684085.076931628] [vslam_compare]: Ground truth origin set: (-0.001247089821845293, 0.001254951348528266, 0.0014082491397857666)
[INFO] [1788684085.093698293] [vslam_compare]: cuVSLAM origin set: (0.0, 0.0, 0.0) -- tracking initialized
[INFO] [1788684086.075727618] [vslam_compare]: gt=(-0.0, 0.0, -0.0) vslam=(0.0, 0.0, 0.0) error=0.005m max_error=0.005m (n=1)
[INFO] [1788684087.075804109] [vslam_compare]: gt=(-0.0, 0.01, 0.0) vslam=(0.0, 0.0, 0.0) error=0.009m max_error=0.009m (n=2)
[INFO] [1788684088.075925384] [vslam_compare]: gt=(-0.0, 0.01, -0.0) vslam=(0.0, 0.0, 0.0) error=0.010m max_error=0.010m (n=3)
[INFO] [1788684089.075719271] [vslam_compare]: gt=(-0.01, 0.02, -0.01) vslam=(0.0, 0.0, 0.0) error=0.025m max_error=0.025m (n=4)
[INFO] [1788684090.075734514] [vslam_compare]: gt=(-0.02, 0.02, -0.01) vslam=(0.0, 0.0, 0.0) error=0.030m max_error=0.030m (n=5)
[INFO] [1788684091.075759884] [vslam_compare]: gt=(-0.03, 0.02, -0.01) vslam=(0.0, 0.0, 0.0) error=0.036m max_error=0.036m (n=6)
[INFO] [1788684092.075800181] [vslam_compare]: gt=(-0.04, 0.01, -0.01) vslam=(0.0, 0.0, 0.0) error=0.038m max_error=0.038m (n=7)
[INFO] [1788684093.076106512] [vslam_compare]: gt=(-0.04, -0.01, -0.01) vslam=(0.0, 0.0, 0.0) error=0.039m max_error=0.039m (n=8)
[INFO] [1788684094.075665060] [vslam_compare]: gt=(-0.02, -0.01, -0.0) vslam=(-0.01, -0.0, 0.0) error=0.017m max_error=0.039m (n=9)
[INFO] [1788684095.075887914] [vslam_compare]: gt=(0.06, 0.01, -0.01) vslam=(0.07, -0.05, -0.03) error=0.055m max_error=0.055m (n=10)
[INFO] [1788684096.076077472] [vslam_compare]: gt=(0.08, 0.03, 0.74) vslam=(0.31, -0.09, 0.59) error=0.294m max_error=0.294m (n=11)
[INFO] [1788684097.075853627] [vslam_compare]: gt=(-0.04, -0.13, 2.65) vslam=(0.11, -0.25, 2.25) error=0.439m max_error=0.439m (n=12)
[INFO] [1788684098.075975922] [vslam_compare]: gt=(-0.08, -0.11, 3.83) vslam=(-0.03, -0.03, 2.93) error=0.905m max_error=0.905m (n=13)
[INFO] [1788684099.075792652] [vslam_compare]: gt=(-0.07, -0.02, 4.28) vslam=(-0.11, 0.23, 3.33) error=0.980m max_error=0.980m (n=14)
[INFO] [1788684100.075620073] [vslam_compare]: gt=(-0.06, 0.06, 4.53) vslam=(-0.42, 1.34, 3.0) error=2.030m max_error=2.030m (n=15)
[INFO] [1788684101.075954385] [vslam_compare]: gt=(-0.06, 0.08, 4.68) vslam=(-0.44, 1.57, 2.66) error=2.539m max_error=2.539m (n=16)
[INFO] [1788684102.075642043] [vslam_compare]: gt=(-0.05, 0.07, 4.64) vslam=(-0.47, 1.71, 2.57) error=2.673m max_error=2.673m (n=17)
[INFO] [1788684103.075734245] [vslam_compare]: gt=(-0.05, 0.09, 4.61) vslam=(-0.5, 1.92, 2.1) error=3.137m max_error=3.137m (n=18)
[INFO] [1788684104.075971859] [vslam_compare]: gt=(-0.02, 0.25, 4.63) vslam=(-0.72, 2.57, 1.82) error=3.706m max_error=3.706m (n=19)
[INFO] [1788684105.076078307] [vslam_compare]: gt=(0.19, 0.8, 4.63) vslam=(-0.52, 3.12, 1.82) error=3.716m max_error=3.716m (n=20)
[INFO] [1788684106.075978757] [vslam_compare]: gt=(0.5, 1.61, 4.64) vslam=(-0.28, 3.9, 1.62) error=3.866m max_error=3.866m (n=21)
[INFO] [1788684107.076005291] [vslam_compare]: gt=(0.92, 2.4, 4.7) vslam=(0.11, 4.7, 1.59) error=3.951m max_error=3.951m (n=22)
[INFO] [1788684108.075841547] [vslam_compare]: gt=(1.18, 3.08, 4.74) vslam=(0.44, 5.19, 1.59) error=3.857m max_error=3.951m (n=23)
[INFO] [1788684109.075612175] [vslam_compare]: gt=(1.31, 3.41, 4.72) vslam=(0.39, 7.45, 0.97) error=5.583m max_error=5.583m (n=24)
[INFO] [1788684110.075840412] [vslam_compare]: gt=(1.26, 3.82, 4.69) vslam=(0.43, 7.83, 1.23) error=5.368m max_error=5.583m (n=25)
[INFO] [1788684111.075833744] [vslam_compare]: gt=(1.41, 4.42, 4.73) vslam=(0.48, 7.97, 1.25) error=5.059m max_error=5.583m (n=26)
[INFO] [1788684112.075608995] [vslam_compare]: gt=(1.78, 5.05, 4.83) vslam=(0.55, 8.21, 1.17) error=4.993m max_error=5.583m (n=27)
[INFO] [1788684113.075817276] [vslam_compare]: gt=(2.05, 5.74, 4.88) vslam=(1.51, 8.75, 1.07) error=4.884m max_error=5.583m (n=28)
[INFO] [1788684114.075930585] [vslam_compare]: gt=(2.1, 6.49, 4.89) vslam=(1.3, 9.21, 1.23) error=4.631m max_error=5.583m (n=29)
[INFO] [1788684115.075946236] [vslam_compare]: gt=(1.83, 7.03, 4.9) vslam=(1.13, 11.3, 0.83) error=5.932m max_error=5.932m (n=30)
[INFO] [1788684116.075849480] [vslam_compare]: gt=(1.66, 7.22, 4.91) vslam=(1.03, 11.63, 0.82) error=6.044m max_error=6.044m (n=31)
[INFO] [1788684117.075639537] [vslam_compare]: gt=(1.78, 7.22, 4.89) vslam=(36.13, 79.29, -17.42) error=82.900m max_error=82.900m (n=32)
[INFO] [1788684118.076091309] [vslam_compare]: gt=(1.47, 7.45, 4.9) vslam=(-44.51, 39.73, -22.59) error=62.541m max_error=82.900m (n=33)
[INFO] [1788684119.075635224] [vslam_compare]: gt=(0.78, 7.84, 4.9) vslam=(-44.9, 39.35, -22.33) error=61.818m max_error=82.900m (n=34)
[INFO] [1788684120.075817909] [vslam_compare]: gt=(0.25, 7.93, 4.97) vslam=(-45.45, 39.0, -22.29) error=61.620m max_error=82.900m (n=35)
[INFO] [1788684121.075974736] [vslam_compare]: gt=(-0.02, 8.03, 5.0) vslam=(-59.09, 32.55, -20.22) error=68.751m max_error=82.900m (n=36)
[INFO] [1788684122.075783712] [vslam_compare]: gt=(0.07, 8.05, 4.99) vslam=(73.09, 24.85, -22.75) error=79.892m max_error=82.900m (n=37)
[INFO] [1788684123.076073553] [vslam_compare]: gt=(0.02, 8.05, 4.99) vslam=(73.09, 24.85, -22.75) error=79.938m max_error=82.900m (n=38)
[INFO] [1788684124.075973110] [vslam_compare]: gt=(-0.05, 8.04, 5.0) vslam=(73.09, 24.85, -22.75) error=80.009m max_error=82.900m (n=39)
[INFO] [1788684125.075966373] [vslam_compare]: gt=(-0.06, 8.04, 5.0) vslam=(73.09, 24.85, -22.75) error=80.020m max_error=82.900m (n=40)
[INFO] [1788684126.075729363] [vslam_compare]: gt=(-0.03, 8.01, 5.01) vslam=(73.09, 24.85, -22.75) error=80.004m max_error=82.900m (n=41)
[INFO] [1788684127.075666654] [vslam_compare]: gt=(-0.01, 8.01, 5.02) vslam=(73.09, 24.85, -22.75) error=79.985m max_error=82.900m (n=42)
[INFO] [1788684128.075920122] [vslam_compare]: gt=(-0.01, 8.02, 5.01) vslam=(73.09, 24.85, -22.75) error=79.983m max_error=82.900m (n=43)
[INFO] [1788684129.075685057] [vslam_compare]: gt=(-0.01, 8.01, 5.0) vslam=(73.09, 24.85, -22.75) error=79.984m max_error=82.900m (n=44)
Traceback (most recent call last):
  File "/workspaces/isaac_ros-dev/ros2_ws/install/px4_vslam_bridge/lib/python3.10/site-packages/px4_vslam_bridge/vslam_compare.py", line 194, in main
    rclpy.spin(node)
  File "/opt/ros/humble/local/lib/python3.10/dist-packages/rclpy/__init__.py", line 229, in spin
    executor.spin_once()
  File "/opt/ros/humble/local/lib/python3.10/dist-packages/rclpy/executors.py", line 808, in spin_once
    self._spin_once_impl(timeout_sec)
  File "/opt/ros/humble/local/lib/python3.10/dist-packages/rclpy/executors.py", line 797, in _spin_once_impl
    handler, entity, node = self.wait_for_ready_callbacks(timeout_sec=timeout_sec)
  File "/opt/ros/humble/local/lib/python3.10/dist-packages/rclpy/executors.py", line 780, in wait_for_ready_callbacks
    return next(self._cb_iter)
  File "/opt/ros/humble/local/lib/python3.10/dist-packages/rclpy/executors.py", line 681, in _wait_for_ready_callbacks
    raise ExternalShutdownException()
rclpy.executors.ExternalShutdownException

During handling of the above exception, another exception occurred:

Traceback (most recent call last):
  File "/workspaces/isaac_ros-dev/ros2_ws/install/px4_vslam_bridge/lib/px4_vslam_bridge/vslam_compare", line 33, in <module>
    sys.exit(load_entry_point('px4-vslam-bridge==0.1.0', 'console_scripts', 'vslam_compare')())
  File "/workspaces/isaac_ros-dev/ros2_ws/install/px4_vslam_bridge/lib/python3.10/site-packages/px4_vslam_bridge/vslam_compare.py", line 199, in main
    rclpy.shutdown()
  File "/opt/ros/humble/local/lib/python3.10/dist-packages/rclpy/__init__.py", line 130, in shutdown
    _shutdown(context=context)
  File "/opt/ros/humble/local/lib/python3.10/dist-packages/rclpy/utilities.py", line 58, in shutdown
    return context.shutdown()
  File "/opt/ros/humble/local/lib/python3.10/dist-packages/rclpy/context.py", line 102, in shutdown
    self.__context.shutdown()
rclpy._rclpy_pybind11.RCLError: failed to shutdown: rcl_shutdown already called on the given context, at ./src/rcl/init.c:241
