[INFO] [1788684981.362821187] [fast_planner_bridge]: fast_planner_bridge ready -- will capture home at arm time and climb (0.0, 0.0, -5.0) NED relative to it, then follow /planning/pos_cmd from Fast-Planner
[INFO] [1788684981.363192292] [fast_planner_bridge]: >>> Press ENTER to arm and fly (or set OFFBOARD_AUTO_START=1) <<<
[INFO] [1788684984.233639089] [fast_planner_bridge]: OFFBOARD + ARMED confirmed -- home_ned=(-0.04835294187068939, -0.049072232097387314, -0.0248258113861084), climbing to (-0.04835294187068939, -0.049072232097387314, -5.024825811386108).
[INFO] [1788684984.333720288] [fast_planner_bridge]: [CLIMBING] pos_ned=(-0.05,-0.05,-0.02) dist=5.00m
[INFO] [1788684985.334027128] [fast_planner_bridge]: [CLIMBING] pos_ned=(-0.04,-0.05,-0.03) dist=5.00m
[INFO] [1788684986.333628291] [fast_planner_bridge]: [CLIMBING] pos_ned=(-0.01,-0.04,-0.03) dist=5.00m
[INFO] [1788684987.333990384] [fast_planner_bridge]: [CLIMBING] pos_ned=(-0.01,-0.04,-0.05) dist=4.98m
[INFO] [1788684988.333841970] [fast_planner_bridge]: [CLIMBING] pos_ned=(-0.03,-0.02,-0.06) dist=4.96m
[INFO] [1788684989.333666489] [fast_planner_bridge]: [CLIMBING] pos_ned=(-0.01,0.06,-0.15) dist=4.87m
[INFO] [1788684990.333580172] [fast_planner_bridge]: [CLIMBING] pos_ned=(-0.05,0.05,-1.26) dist=3.77m
[INFO] [1788684991.334141931] [fast_planner_bridge]: [CLIMBING] pos_ned=(-0.12,-0.00,-2.99) dist=2.04m
[INFO] [1788684992.333995026] [fast_planner_bridge]: [CLIMBING] pos_ned=(-0.13,-0.05,-3.91) dist=1.11m
[INFO] [1788684993.334350811] [fast_planner_bridge]: [CLIMBING] pos_ned=(-0.10,-0.09,-4.33) dist=0.70m
[INFO] [1788684994.333828070] [fast_planner_bridge]: [CLIMBING] pos_ned=(-0.04,-0.11,-4.56) dist=0.47m
[INFO] [1788684995.333795065] [fast_planner_bridge]: [CLIMBING] pos_ned=(-0.03,-0.11,-4.71) dist=0.32m
[INFO] [1788684995.533806191] [fast_planner_bridge]: Climb complete (dist=0.30m) -- following Fast-Planner.
[INFO] [1788684996.333796198] [fast_planner_bridge]: [FOLLOWING] pos_ned=(0.06,-0.07,-4.69) target_ned=(-0.03,-0.09,-4.75) pos_cmd_age=0.01s
[INFO] [1788684997.334006213] [fast_planner_bridge]: [FOLLOWING] pos_ned=(0.18,-0.10,-4.67) target_ned=(-0.03,-0.09,-4.75) pos_cmd_age=0.01s
[INFO] [1788684998.333780394] [fast_planner_bridge]: [FOLLOWING] pos_ned=(0.10,-0.10,-4.67) target_ned=(-0.02,-0.08,-4.75) pos_cmd_age=0.01s
[INFO] [1788684999.333801408] [fast_planner_bridge]: [FOLLOWING] pos_ned=(0.16,0.04,-4.69) target_ned=(0.23,0.07,-4.74) pos_cmd_age=0.01s
[INFO] [1788685000.333851692] [fast_planner_bridge]: [FOLLOWING] pos_ned=(0.60,0.31,-4.69) target_ned=(0.69,0.29,-4.73) pos_cmd_age=0.01s
[INFO] [1788685001.333817850] [fast_planner_bridge]: [FOLLOWING] pos_ned=(1.25,0.47,-4.69) target_ned=(1.29,0.58,-4.72) pos_cmd_age=0.01s
[INFO] [1788685002.333675206] [fast_planner_bridge]: [FOLLOWING] pos_ned=(1.91,0.78,-4.69) target_ned=(1.96,0.93,-4.72) pos_cmd_age=0.01s
[INFO] [1788685003.334160561] [fast_planner_bridge]: [FOLLOWING] pos_ned=(2.61,1.17,-4.74) target_ned=(2.66,1.27,-4.76) pos_cmd_age=0.01s
[INFO] [1788685004.333741981] [fast_planner_bridge]: [FOLLOWING] pos_ned=(3.11,1.44,-4.78) target_ned=(3.17,1.47,-4.80) pos_cmd_age=0.01s
[INFO] [1788685005.333798880] [fast_planner_bridge]: [FOLLOWING] pos_ned=(3.51,1.59,-4.82) target_ned=(3.63,1.59,-4.84) pos_cmd_age=0.01s
[INFO] [1788685006.333792082] [fast_planner_bridge]: [FOLLOWING] pos_ned=(4.03,1.73,-4.85) target_ned=(4.12,1.71,-4.86) pos_cmd_age=0.01s
[INFO] [1788685007.334074809] [fast_planner_bridge]: [FOLLOWING] pos_ned=(4.61,1.88,-4.86) target_ned=(4.65,1.85,-4.88) pos_cmd_age=0.01s
[INFO] [1788685008.334357471] [fast_planner_bridge]: [FOLLOWING] pos_ned=(5.16,1.92,-4.89) target_ned=(5.13,1.88,-4.89) pos_cmd_age=0.01s
[INFO] [1788685009.333950466] [fast_planner_bridge]: [FOLLOWING] pos_ned=(5.37,1.91,-4.91) target_ned=(5.32,1.85,-4.90) pos_cmd_age=0.01s
[INFO] [1788685010.333831303] [fast_planner_bridge]: [FOLLOWING] pos_ned=(5.30,1.94,-4.89) target_ned=(5.26,1.87,-4.90) pos_cmd_age=0.01s
[INFO] [1788685011.333954185] [fast_planner_bridge]: [FOLLOWING] pos_ned=(5.25,1.95,-4.92) target_ned=(5.30,1.85,-4.92) pos_cmd_age=0.01s
[INFO] [1788685012.333948607] [fast_planner_bridge]: [FOLLOWING] pos_ned=(5.59,1.81,-4.96) target_ned=(5.65,1.76,-4.96) pos_cmd_age=0.01s
[INFO] [1788685013.333641401] [fast_planner_bridge]: [FOLLOWING] pos_ned=(6.25,1.66,-4.98) target_ned=(6.28,1.67,-5.00) pos_cmd_age=0.01s
[INFO] [1788685014.333552594] [fast_planner_bridge]: [FOLLOWING] pos_ned=(6.92,1.60,-4.98) target_ned=(6.87,1.65,-4.99) pos_cmd_age=0.01s
[INFO] [1788685015.333909921] [fast_planner_bridge]: [FOLLOWING] pos_ned=(7.23,1.60,-4.95) target_ned=(7.20,1.59,-4.98) pos_cmd_age=0.01s
[INFO] [1788685016.333635160] [fast_planner_bridge]: [FOLLOWING] pos_ned=(7.41,1.29,-4.98) target_ned=(7.49,1.23,-5.01) pos_cmd_age=0.01s
[INFO] [1788685017.333934075] [fast_planner_bridge]: [FOLLOWING] pos_ned=(7.78,0.68,-5.00) target_ned=(7.77,0.64,-5.04) pos_cmd_age=0.01s
[INFO] [1788685018.334006865] [fast_planner_bridge]: [FOLLOWING] pos_ned=(7.95,0.13,-5.05) target_ned=(7.95,0.16,-5.02) pos_cmd_age=0.01s
[INFO] [1788685019.333760073] [fast_planner_bridge]: [FOLLOWING] pos_ned=(7.99,0.00,-5.03) target_ned=(8.00,0.00,-5.00) pos_cmd_age=0.01s
[INFO] [1788685020.333974252] [fast_planner_bridge]: [FOLLOWING] pos_ned=(8.03,0.12,-5.04) target_ned=(8.00,0.00,-5.00) pos_cmd_age=0.01s
[INFO] [1788685021.334009735] [fast_planner_bridge]: [FOLLOWING] pos_ned=(8.05,0.08,-5.03) target_ned=(8.00,0.00,-5.00) pos_cmd_age=0.01s
[INFO] [1788685022.333615788] [fast_planner_bridge]: [FOLLOWING] pos_ned=(8.04,-0.02,-5.02) target_ned=(8.00,0.00,-5.00) pos_cmd_age=0.01s
[INFO] [1788685023.333936504] [fast_planner_bridge]: [FOLLOWING] pos_ned=(8.03,-0.07,-5.02) target_ned=(8.00,0.00,-5.00) pos_cmd_age=0.01s
[INFO] [1788685024.333813672] [fast_planner_bridge]: [FOLLOWING] pos_ned=(8.02,-0.06,-5.02) target_ned=(8.00,0.00,-5.00) pos_cmd_age=0.01s
[INFO] [1788685025.333781588] [fast_planner_bridge]: [FOLLOWING] pos_ned=(7.99,-0.03,-5.01) target_ned=(8.00,0.00,-5.00) pos_cmd_age=0.01s
[INFO] [1788685026.333934210] [fast_planner_bridge]: [FOLLOWING] pos_ned=(7.99,-0.02,-5.01) target_ned=(8.00,0.00,-5.00) pos_cmd_age=0.01s
[INFO] [1788685027.333779763] [fast_planner_bridge]: [FOLLOWING] pos_ned=(7.98,-0.02,-5.01) target_ned=(8.00,0.00,-5.00) pos_cmd_age=0.01s
[INFO] [1788685028.333753185] [fast_planner_bridge]: [FOLLOWING] pos_ned=(7.97,-0.02,-4.99) target_ned=(8.00,0.00,-5.00) pos_cmd_age=0.01s
[WARN] [1788685028.606175447] [fast_planner_bridge]: Shutdown signal 15 received -- ceasing ARM requests, commanding AUTO.LAND, will disarm and exit once landed. If this doesn't complete and the vehicle needs to come down NOW, use emergency_stop.py instead of repeating this signal.
[INFO] [1788685028.833749694] [fast_planner_bridge]: Requesting AUTO.LAND... nav_state=14
[INFO] [1788685028.883650694] [fast_planner_bridge]: AUTO.LAND confirmed -- ceasing offboard setpoints, handing off to the autopilot.
[INFO] [1788685029.333599960] [fast_planner_bridge]: Waiting for disarm (backstop disarm sent)... arming_state=2
[INFO] [1788685031.333485764] [fast_planner_bridge]: Waiting for disarm (backstop disarm sent)... arming_state=2
