[INFO] [1788683978.018337839] [fast_planner_bridge]: fast_planner_bridge ready -- will capture home at arm time and climb (0.0, 0.0, -5.0) NED relative to it, then follow /planning/pos_cmd from Fast-Planner
[INFO] [1788683978.018740225] [fast_planner_bridge]: >>> Press ENTER to arm and fly (or set OFFBOARD_AUTO_START=1) <<<
[INFO] [1788683982.484886562] [fast_planner_bridge]: Requesting ARM... arming_state=1
[INFO] [1788683982.584436895] [fast_planner_bridge]: OFFBOARD + ARMED confirmed -- home_ned=(0.0644509568810463, -0.001517369644716382, -0.004135593771934509), climbing to (0.0644509568810463, -0.001517369644716382, -5.0041355937719345).
[INFO] [1788683982.984850052] [fast_planner_bridge]: [CLIMBING] pos_ned=(0.07,0.00,-0.00) dist=5.00m
[INFO] [1788683983.984601347] [fast_planner_bridge]: [CLIMBING] pos_ned=(0.08,-0.00,-0.00) dist=5.00m
[INFO] [1788683984.984527489] [fast_planner_bridge]: [CLIMBING] pos_ned=(0.08,-0.00,0.00) dist=5.01m
[INFO] [1788683985.985169925] [fast_planner_bridge]: [CLIMBING] pos_ned=(0.07,0.00,-0.00) dist=5.00m
[INFO] [1788683986.984734234] [fast_planner_bridge]: [CLIMBING] pos_ned=(0.07,0.06,-0.01) dist=4.99m
[INFO] [1788683987.984876927] [fast_planner_bridge]: [CLIMBING] pos_ned=(0.10,0.14,-0.40) dist=4.61m
[INFO] [1788683988.984811081] [fast_planner_bridge]: [CLIMBING] pos_ned=(-0.02,0.05,-1.87) dist=3.14m
[INFO] [1788683989.984603114] [fast_planner_bridge]: [CLIMBING] pos_ned=(-0.07,-0.05,-3.43) dist=1.58m
[INFO] [1788683990.984983904] [fast_planner_bridge]: [CLIMBING] pos_ned=(-0.00,-0.08,-4.10) dist=0.91m
[INFO] [1788683991.984718450] [fast_planner_bridge]: [CLIMBING] pos_ned=(0.09,-0.05,-4.43) dist=0.58m
[INFO] [1788683992.985020491] [fast_planner_bridge]: [CLIMBING] pos_ned=(0.12,-0.02,-4.61) dist=0.40m
[INFO] [1788683993.834755104] [fast_planner_bridge]: Climb complete (dist=0.30m) -- following Fast-Planner.
[INFO] [1788683993.984776555] [fast_planner_bridge]: [FOLLOWING] pos_ned=(0.11,-0.00,-4.73) target_ned=(0.12,-0.02,-4.61) pos_cmd_age=0.01s
[INFO] [1788683994.984859965] [fast_planner_bridge]: [FOLLOWING] pos_ned=(0.12,0.00,-4.60) target_ned=(0.12,-0.02,-4.61) pos_cmd_age=0.01s
[INFO] [1788683995.984828470] [fast_planner_bridge]: [FOLLOWING] pos_ned=(0.18,-0.04,-4.56) target_ned=(0.22,-0.07,-4.61) pos_cmd_age=0.01s
[INFO] [1788683996.984561705] [fast_planner_bridge]: [FOLLOWING] pos_ned=(0.53,-0.28,-4.57) target_ned=(0.62,-0.27,-4.60) pos_cmd_age=0.01s
[INFO] [1788683997.984630813] [fast_planner_bridge]: [FOLLOWING] pos_ned=(1.11,-0.54,-4.59) target_ned=(1.22,-0.51,-4.60) pos_cmd_age=0.01s
[INFO] [1788683998.984879661] [fast_planner_bridge]: [FOLLOWING] pos_ned=(1.90,-0.79,-4.62) target_ned=(2.01,-0.75,-4.63) pos_cmd_age=0.01s
[INFO] [1788683999.984807833] [fast_planner_bridge]: [FOLLOWING] pos_ned=(2.64,-0.93,-4.66) target_ned=(2.76,-0.88,-4.67) pos_cmd_age=0.01s
[INFO] [1788684000.984832592] [fast_planner_bridge]: [FOLLOWING] pos_ned=(3.27,-0.92,-4.70) target_ned=(3.27,-0.97,-4.71) pos_cmd_age=0.01s
[INFO] [1788684001.984783328] [fast_planner_bridge]: [FOLLOWING] pos_ned=(3.35,-0.91,-4.62) target_ned=(3.63,-1.35,-4.74) pos_cmd_age=0.01s
[INFO] [1788684002.985168870] [fast_planner_bridge]: [FOLLOWING] pos_ned=(3.39,-0.59,-4.44) target_ned=(3.27,-0.82,-4.57) pos_cmd_age=0.01s
[INFO] [1788684003.984688495] [fast_planner_bridge]: [FOLLOWING] pos_ned=(1.96,-0.64,-3.68) target_ned=(3.27,-0.82,-4.57) pos_cmd_age=0.01s
[INFO] [1788684004.984610304] [fast_planner_bridge]: [FOLLOWING] pos_ned=(-0.57,-1.96,-1.78) target_ned=(-0.20,-1.59,-2.19) pos_cmd_age=0.01s
[INFO] [1788684005.984803904] [fast_planner_bridge]: [FOLLOWING] pos_ned=(-1.35,-2.76,0.26) target_ned=(-0.20,-1.59,-2.19) pos_cmd_age=0.01s
[INFO] [1788684006.984809107] [fast_planner_bridge]: [FOLLOWING] pos_ned=(-1.40,-3.93,-0.02) target_ned=(-0.20,-1.59,-2.19) pos_cmd_age=0.01s
[INFO] [1788684007.984855010] [fast_planner_bridge]: [FOLLOWING] pos_ned=(-2.53,-5.09,-0.47) target_ned=(-0.20,-1.59,-2.19) pos_cmd_age=0.01s
[INFO] [1788684008.984788626] [fast_planner_bridge]: [FOLLOWING] pos_ned=(-4.65,-5.86,-0.42) target_ned=(-3.71,-5.50,-0.51) pos_cmd_age=0.01s
[INFO] [1788684009.985070712] [fast_planner_bridge]: [FOLLOWING] pos_ned=(-8.95,-9.27,-2.68) target_ned=(-3.71,-5.50,-0.51) pos_cmd_age=0.01s
[INFO] [1788684010.984967760] [fast_planner_bridge]: [FOLLOWING] pos_ned=(-11.30,-12.50,-5.37) target_ned=(-3.71,-5.50,-0.51) pos_cmd_age=0.01s
[INFO] [1788684011.985008238] [fast_planner_bridge]: [FOLLOWING] pos_ned=(-12.76,-16.56,-3.63) target_ned=(-3.71,-5.50,-0.51) pos_cmd_age=0.01s
[INFO] [1788684012.984860142] [fast_planner_bridge]: [FOLLOWING] pos_ned=(-12.09,-19.67,0.68) target_ned=(-3.71,-5.50,-0.51) pos_cmd_age=0.01s
[INFO] [1788684013.984683772] [fast_planner_bridge]: [FOLLOWING] pos_ned=(-11.18,-21.50,0.47) target_ned=(-3.71,-5.50,-0.51) pos_cmd_age=0.01s
[INFO] [1788684014.985102675] [fast_planner_bridge]: [FOLLOWING] pos_ned=(-9.27,-22.01,-0.34) target_ned=(-3.71,-5.50,-0.51) pos_cmd_age=0.01s
[INFO] [1788684015.985012649] [fast_planner_bridge]: [FOLLOWING] pos_ned=(-7.51,-19.20,-0.74) target_ned=(-3.71,-5.50,-0.51) pos_cmd_age=0.01s
[INFO] [1788684016.984740712] [fast_planner_bridge]: [FOLLOWING] pos_ned=(-6.02,-14.09,-0.74) target_ned=(-3.71,-5.50,-0.51) pos_cmd_age=0.01s
[INFO] [1788684017.985056773] [fast_planner_bridge]: [FOLLOWING] pos_ned=(-5.05,-9.27,-0.89) target_ned=(-3.71,-5.50,-0.51) pos_cmd_age=0.01s
[INFO] [1788684018.984766065] [fast_planner_bridge]: [FOLLOWING] pos_ned=(-4.97,-7.31,-0.80) target_ned=(-4.95,-7.38,-0.81) pos_cmd_age=0.01s
[INFO] [1788684019.984786948] [fast_planner_bridge]: [FOLLOWING] pos_ned=(-5.16,-7.24,-0.86) target_ned=(-4.78,-7.49,-0.87) pos_cmd_age=0.01s
[WARN] [1788684020.597062365] [fast_planner_bridge]: Shutdown signal 15 received -- ceasing ARM requests, commanding AUTO.LAND, will disarm and exit once landed. If this doesn't complete and the vehicle needs to come down NOW, use emergency_stop.py instead of repeating this signal.
[INFO] [1788684020.735202956] [fast_planner_bridge]: Requesting AUTO.LAND... nav_state=14
[INFO] [1788684020.785057458] [fast_planner_bridge]: AUTO.LAND confirmed -- ceasing offboard setpoints, handing off to the autopilot.
[INFO] [1788684021.984504564] [fast_planner_bridge]: Waiting for disarm (backstop disarm sent)... arming_state=2
