[INFO] [1788751460.845836362] [reactive_esdf_avoidance]: reactive_esdf_avoidance ready -- climb to (0.0, 0.0, -5.0) NED, then reactively fly to goal (7.0, 0.0, 5.0) ENU
[INFO] [1788751460.846202512] [reactive_esdf_avoidance]: >>> Press ENTER to arm and fly (or set OFFBOARD_AUTO_START=1) <<<
[INFO] [1788751463.767090811] [reactive_esdf_avoidance]: OFFBOARD + ARMED confirmed -- climbing.
[INFO] [1788751463.817287243] [reactive_esdf_avoidance]: [CLIMBING] pos_ned=(0.01,0.00,0.01) dist=5.01m
[INFO] [1788751464.817284991] [reactive_esdf_avoidance]: [CLIMBING] pos_ned=(0.00,0.00,0.01) dist=5.01m
[INFO] [1788751465.817223832] [reactive_esdf_avoidance]: [CLIMBING] pos_ned=(-0.01,0.00,0.01) dist=5.01m
[INFO] [1788751466.817153150] [reactive_esdf_avoidance]: [CLIMBING] pos_ned=(-0.03,0.01,0.01) dist=5.01m
[INFO] [1788751467.817394679] [reactive_esdf_avoidance]: [CLIMBING] pos_ned=(-0.02,0.03,0.00) dist=5.00m
[INFO] [1788751468.817177907] [reactive_esdf_avoidance]: [CLIMBING] pos_ned=(0.03,0.12,-0.09) dist=4.91m
[INFO] [1788751469.817527712] [reactive_esdf_avoidance]: [CLIMBING] pos_ned=(-0.03,0.10,-1.23) dist=3.78m
[INFO] [1788751470.817318084] [reactive_esdf_avoidance]: [CLIMBING] pos_ned=(-0.11,-0.01,-2.93) dist=2.07m
[INFO] [1788751471.817370180] [reactive_esdf_avoidance]: [CLIMBING] pos_ned=(-0.11,-0.11,-3.93) dist=1.08m
[INFO] [1788751472.817244822] [reactive_esdf_avoidance]: [CLIMBING] pos_ned=(-0.05,-0.11,-4.40) dist=0.61m
[INFO] [1788751473.817705048] [reactive_esdf_avoidance]: [CLIMBING] pos_ned=(0.04,-0.06,-4.64) dist=0.37m
[INFO] [1788751474.367046684] [reactive_esdf_avoidance]: Climb complete (dist=0.29m) -- starting reactive avoidance.
[INFO] [1788751474.817507161] [reactive_esdf_avoidance]: [REACTIVE NAV] pos_enu=(-0.01,0.07,4.76) goal_dist=7.01m nearest_obstacle=0.32m
[INFO] [1788751475.817359505] [reactive_esdf_avoidance]: [REACTIVE NAV] pos_enu=(0.06,0.02,4.81) goal_dist=6.95m nearest_obstacle=0.39m
[INFO] [1788751476.817284683] [reactive_esdf_avoidance]: [REACTIVE NAV] pos_enu=(0.20,-0.08,4.88) goal_dist=6.80m nearest_obstacle=0.50m
[INFO] [1788751477.817452419] [reactive_esdf_avoidance]: [REACTIVE NAV] pos_enu=(0.34,-0.20,4.96) goal_dist=6.66m nearest_obstacle=0.64m
[INFO] [1788751478.817402133] [reactive_esdf_avoidance]: [REACTIVE NAV] pos_enu=(0.47,-0.32,5.03) goal_dist=6.53m nearest_obstacle=0.64m
[INFO] [1788751479.817353655] [reactive_esdf_avoidance]: [REACTIVE NAV] pos_enu=(0.51,-0.46,5.05) goal_dist=6.50m nearest_obstacle=0.43m
[INFO] [1788751480.817485296] [reactive_esdf_avoidance]: [REACTIVE NAV] pos_enu=(0.44,-0.63,5.08) goal_dist=6.59m nearest_obstacle=0.61m
[INFO] [1788751481.817354331] [reactive_esdf_avoidance]: [REACTIVE NAV] pos_enu=(0.36,-0.81,5.08) goal_dist=6.69m nearest_obstacle=0.83m
[INFO] [1788751482.817369118] [reactive_esdf_avoidance]: [REACTIVE NAV] pos_enu=(0.28,-1.00,5.10) goal_dist=6.80m nearest_obstacle=1.01m
[INFO] [1788751483.817548835] [reactive_esdf_avoidance]: [REACTIVE NAV] pos_enu=(0.23,-1.19,5.13) goal_dist=6.88m nearest_obstacle=1.17m
[INFO] [1788751484.817207952] [reactive_esdf_avoidance]: [REACTIVE NAV] pos_enu=(0.22,-1.38,5.18) goal_dist=6.92m nearest_obstacle=1.36m
[INFO] [1788751485.817363383] [reactive_esdf_avoidance]: [REACTIVE NAV] pos_enu=(0.27,-1.55,5.21) goal_dist=6.91m nearest_obstacle=1.54m
[INFO] [1788751486.817418065] [reactive_esdf_avoidance]: [REACTIVE NAV] pos_enu=(0.35,-1.68,5.22) goal_dist=6.87m nearest_obstacle=1.66m
[INFO] [1788751487.817391938] [reactive_esdf_avoidance]: [REACTIVE NAV] pos_enu=(0.44,-1.79,5.26) goal_dist=6.81m nearest_obstacle=1.74m
[INFO] [1788751488.817661881] [reactive_esdf_avoidance]: [REACTIVE NAV] pos_enu=(0.54,-1.87,5.29) goal_dist=6.73m nearest_obstacle=1.82m
[INFO] [1788751489.817462422] [reactive_esdf_avoidance]: [REACTIVE NAV] pos_enu=(0.66,-1.95,5.33) goal_dist=6.64m nearest_obstacle=1.87m
[INFO] [1788751490.817508075] [reactive_esdf_avoidance]: [REACTIVE NAV] pos_enu=(0.77,-2.01,5.35) goal_dist=6.55m nearest_obstacle=1.92m
[INFO] [1788751491.817446398] [reactive_esdf_avoidance]: [REACTIVE NAV] pos_enu=(0.88,-2.07,5.38) goal_dist=6.47m nearest_obstacle=2.00m
[INFO] [1788751492.817354499] [reactive_esdf_avoidance]: [REACTIVE NAV] pos_enu=(1.01,-2.08,5.37) goal_dist=6.35m nearest_obstacle=2.00m
[INFO] [1788751493.817449701] [reactive_esdf_avoidance]: [REACTIVE NAV] pos_enu=(1.20,-2.03,5.37) goal_dist=6.16m nearest_obstacle=0.71m
[INFO] [1788751494.817411924] [reactive_esdf_avoidance]: [REACTIVE NAV] pos_enu=(1.27,-2.07,5.43) goal_dist=6.11m nearest_obstacle=0.39m
[INFO] [1788751495.817069890] [reactive_esdf_avoidance]: [REACTIVE NAV] pos_enu=(1.19,-2.25,5.47) goal_dist=6.25m nearest_obstacle=0.52m
[INFO] [1788751496.817349358] [reactive_esdf_avoidance]: [REACTIVE NAV] pos_enu=(1.12,-2.42,5.52) goal_dist=6.38m nearest_obstacle=0.64m
[INFO] [1788751497.817772465] [reactive_esdf_avoidance]: [REACTIVE NAV] pos_enu=(1.04,-2.59,5.58) goal_dist=6.52m nearest_obstacle=0.83m
[INFO] [1788751498.817353338] [reactive_esdf_avoidance]: [REACTIVE NAV] pos_enu=(0.96,-2.76,5.63) goal_dist=6.67m nearest_obstacle=1.04m
[INFO] [1788751499.817247303] [reactive_esdf_avoidance]: [REACTIVE NAV] pos_enu=(0.89,-2.94,5.68) goal_dist=6.81m nearest_obstacle=0.00m
[INFO] [1788751500.817249119] [reactive_esdf_avoidance]: [REACTIVE NAV] pos_enu=(0.79,-3.10,5.73) goal_dist=6.98m nearest_obstacle=0.00m
[INFO] [1788751501.817312326] [reactive_esdf_avoidance]: [REACTIVE NAV] pos_enu=(0.72,-3.27,5.77) goal_dist=7.13m nearest_obstacle=0.00m
[INFO] [1788751502.817523551] [reactive_esdf_avoidance]: [REACTIVE NAV] pos_enu=(0.79,-3.43,5.79) goal_dist=7.14m nearest_obstacle=0.00m
[INFO] [1788751503.817361408] [reactive_esdf_avoidance]: [REACTIVE NAV] pos_enu=(0.89,-3.58,5.83) goal_dist=7.14m nearest_obstacle=0.00m
[INFO] [1788751504.817174751] [reactive_esdf_avoidance]: [REACTIVE NAV] pos_enu=(0.97,-3.73,5.87) goal_dist=7.14m nearest_obstacle=0.00m
[INFO] [1788751505.817525096] [reactive_esdf_avoidance]: [REACTIVE NAV] pos_enu=(1.06,-3.88,5.92) goal_dist=7.15m nearest_obstacle=0.00m
[INFO] [1788751506.817359169] [reactive_esdf_avoidance]: [REACTIVE NAV] pos_enu=(1.16,-4.02,5.95) goal_dist=7.15m nearest_obstacle=0.00m
[INFO] [1788751507.817259081] [reactive_esdf_avoidance]: [REACTIVE NAV] pos_enu=(1.21,-4.08,5.96) goal_dist=7.15m nearest_obstacle=0.00m
[INFO] [1788751508.817841343] [reactive_esdf_avoidance]: [REACTIVE NAV] pos_enu=(1.21,-4.10,5.96) goal_dist=7.16m nearest_obstacle=0.00m
[INFO] [1788751509.817140787] [reactive_esdf_avoidance]: [REACTIVE NAV] pos_enu=(1.20,-4.10,5.97) goal_dist=7.17m nearest_obstacle=0.00m
[INFO] [1788751510.817344864] [reactive_esdf_avoidance]: [REACTIVE NAV] pos_enu=(1.20,-4.09,5.97) goal_dist=7.16m nearest_obstacle=0.00m
[INFO] [1788751511.817184830] [reactive_esdf_avoidance]: [REACTIVE NAV] pos_enu=(1.22,-4.08,5.97) goal_dist=7.14m nearest_obstacle=0.00m
[INFO] [1788751512.817641329] [reactive_esdf_avoidance]: [REACTIVE NAV] pos_enu=(1.23,-4.07,5.96) goal_dist=7.12m nearest_obstacle=0.00m
[INFO] [1788751513.817347318] [reactive_esdf_avoidance]: [REACTIVE NAV] pos_enu=(1.23,-4.07,5.96) goal_dist=7.13m nearest_obstacle=0.00m
[INFO] [1788751514.817471961] [reactive_esdf_avoidance]: [REACTIVE NAV] pos_enu=(1.21,-4.08,5.96) goal_dist=7.14m nearest_obstacle=0.00m
[INFO] [1788751515.817396978] [reactive_esdf_avoidance]: [REACTIVE NAV] pos_enu=(1.21,-4.07,5.96) goal_dist=7.15m nearest_obstacle=0.00m
[INFO] [1788751516.817208732] [reactive_esdf_avoidance]: [REACTIVE NAV] pos_enu=(1.20,-4.08,5.97) goal_dist=7.15m nearest_obstacle=0.00m
[INFO] [1788751517.817383875] [reactive_esdf_avoidance]: [REACTIVE NAV] pos_enu=(1.21,-4.07,5.97) goal_dist=7.15m nearest_obstacle=0.00m
[INFO] [1788751518.817276723] [reactive_esdf_avoidance]: [REACTIVE NAV] pos_enu=(1.22,-4.07,5.97) goal_dist=7.13m nearest_obstacle=0.00m
[INFO] [1788751519.817426296] [reactive_esdf_avoidance]: [REACTIVE NAV] pos_enu=(1.23,-4.03,5.97) goal_dist=7.11m nearest_obstacle=0.00m
Traceback (most recent call last):
  File "/workspaces/isaac_ros-dev/ros2_ws/install/px4_vslam_bridge/lib/python3.10/site-packages/px4_vslam_bridge/reactive_esdf_avoidance.py", line 393, in main
    rclpy.spin(node)
  File "/opt/ros/humble/local/lib/python3.10/dist-packages/rclpy/__init__.py", line 229, in spin
    executor.spin_once()
  File "/opt/ros/humble/local/lib/python3.10/dist-packages/rclpy/executors.py", line 808, in spin_once
    self._spin_once_impl(timeout_sec)
  File "/opt/ros/humble/local/lib/python3.10/dist-packages/rclpy/executors.py", line 797, in _spin_once_impl
    handler, entity, node = self.wait_for_ready_callbacks(timeout_sec=timeout_sec)
  File "/opt/ros/humble/local/lib/python3.10/dist-packages/rclpy/executors.py", line 780, in wait_for_ready_callbacks
    return next(self._cb_iter)
  File "/opt/ros/humble/local/lib/python3.10/dist-packages/rclpy/executors.py", line 681, in _wait_for_ready_callbacks
    raise ExternalShutdownException()
rclpy.executors.ExternalShutdownException

During handling of the above exception, another exception occurred:

Traceback (most recent call last):
  File "/workspaces/isaac_ros-dev/ros2_ws/install/px4_vslam_bridge/lib/px4_vslam_bridge/reactive_esdf_avoidance", line 33, in <module>
    sys.exit(load_entry_point('px4-vslam-bridge==0.1.0', 'console_scripts', 'reactive_esdf_avoidance')())
  File "/workspaces/isaac_ros-dev/ros2_ws/install/px4_vslam_bridge/lib/python3.10/site-packages/px4_vslam_bridge/reactive_esdf_avoidance.py", line 398, in main
    rclpy.shutdown()
  File "/opt/ros/humble/local/lib/python3.10/dist-packages/rclpy/__init__.py", line 130, in shutdown
    _shutdown(context=context)
  File "/opt/ros/humble/local/lib/python3.10/dist-packages/rclpy/utilities.py", line 58, in shutdown
    return context.shutdown()
  File "/opt/ros/humble/local/lib/python3.10/dist-packages/rclpy/context.py", line 102, in shutdown
    self.__context.shutdown()
rclpy._rclpy_pybind11.RCLError: failed to shutdown: rcl_shutdown already called on the given context, at ./src/rcl/init.c:241
