[INFO] [1788751457.313171199] [vslam_compare]: vslam_compare: logging per-message CSV to /workspaces/isaac_ros-dev/results/route2_probe/r2_2_L0_r20/vslam_compare.csv (exp_id='r2_2_L0_r20')
[INFO] [1788751457.331789663] [vslam_compare]: vslam_compare ready -- watching /visual_slam/tracking/odometry vs /ground_truth/odom
[INFO] [1788751457.343667999] [vslam_compare]: Ground truth origin set: (0.011726472526788712, 0.02295026183128357, -0.01608581840991974)
[INFO] [1788751457.375768112] [vslam_compare]: cuVSLAM origin set: (0.0, 0.0, 0.0) -- tracking initialized
[INFO] [1788751458.332084477] [vslam_compare]: gt=(-0.01, -0.01, 0.0) vslam=(0.0, 0.0, 0.0) error=0.011m max_error=0.011m (n=1)
[INFO] [1788751459.331925770] [vslam_compare]: gt=(-0.01, -0.01, 0.0) vslam=(0.0, 0.0, 0.0) error=0.014m max_error=0.014m (n=2)
[INFO] [1788751460.332021083] [vslam_compare]: gt=(-0.02, -0.01, 0.0) vslam=(0.0, 0.0, 0.0) error=0.020m max_error=0.020m (n=3)
[INFO] [1788751461.332171166] [vslam_compare]: gt=(-0.02, -0.01, 0.0) vslam=(0.0, 0.0, 0.0) error=0.024m max_error=0.024m (n=4)
[INFO] [1788751462.332248294] [vslam_compare]: gt=(-0.02, -0.01, 0.0) vslam=(0.0, 0.0, 0.0) error=0.021m max_error=0.024m (n=5)
[INFO] [1788751463.331973665] [vslam_compare]: gt=(-0.01, -0.01, 0.0) vslam=(0.0, 0.0, 0.0) error=0.015m max_error=0.024m (n=6)
[INFO] [1788751464.332336899] [vslam_compare]: gt=(-0.01, -0.01, 0.0) vslam=(0.0, 0.0, 0.0) error=0.017m max_error=0.024m (n=7)
[INFO] [1788751465.332014318] [vslam_compare]: gt=(-0.01, -0.03, 0.0) vslam=(0.0, 0.0, 0.0) error=0.027m max_error=0.027m (n=8)
[INFO] [1788751466.332125471] [vslam_compare]: gt=(-0.01, -0.04, 0.01) vslam=(0.0, 0.0, 0.0) error=0.045m max_error=0.045m (n=9)
[INFO] [1788751467.332076292] [vslam_compare]: gt=(-0.0, -0.05, 0.01) vslam=(-0.0, -0.0, 0.0) error=0.048m max_error=0.048m (n=10)
[INFO] [1788751468.332106941] [vslam_compare]: gt=(0.05, -0.03, 0.01) vslam=(0.03, -0.1, 0.01) error=0.067m max_error=0.067m (n=11)
[INFO] [1788751469.332298081] [vslam_compare]: gt=(0.1, 0.01, 0.58) vslam=(0.26, 0.01, 0.34) error=0.287m max_error=0.287m (n=12)
[INFO] [1788751470.332420114] [vslam_compare]: gt=(0.04, -0.11, 2.14) vslam=(0.11, -0.17, 1.85) error=0.308m max_error=0.308m (n=13)
[INFO] [1788751471.331971140] [vslam_compare]: gt=(-0.09, -0.14, 3.57) vslam=(-0.05, -0.27, 3.36) error=0.253m max_error=0.308m (n=14)
[INFO] [1788751472.332094736] [vslam_compare]: gt=(-0.13, -0.11, 4.23) vslam=(-0.12, -0.23, 4.16) error=0.143m max_error=0.308m (n=15)
[INFO] [1788751473.332159754] [vslam_compare]: gt=(-0.1, -0.03, 4.56) vslam=(-0.09, -0.12, 4.55) error=0.099m max_error=0.308m (n=16)
[INFO] [1788751474.332081904] [vslam_compare]: gt=(-0.04, 0.04, 4.73) vslam=(-0.02, -0.06, 4.7) error=0.107m max_error=0.308m (n=17)
[INFO] [1788751475.331933995] [vslam_compare]: gt=(0.0, 0.03, 4.8) vslam=(0.01, -0.04, 4.81) error=0.074m max_error=0.308m (n=18)
[INFO] [1788751476.332085012] [vslam_compare]: gt=(0.12, -0.05, 4.87) vslam=(0.14, -0.13, 4.86) error=0.077m max_error=0.308m (n=19)
[INFO] [1788751477.332011535] [vslam_compare]: gt=(0.26, -0.16, 4.94) vslam=(0.28, -0.24, 4.91) error=0.085m max_error=0.308m (n=20)
[INFO] [1788751478.332046550] [vslam_compare]: gt=(0.4, -0.28, 5.01) vslam=(0.44, -0.42, 4.91) error=0.177m max_error=0.308m (n=21)
[INFO] [1788751479.332026534] [vslam_compare]: gt=(0.51, -0.41, 5.05) vslam=(0.58, -0.52, 4.96) error=0.164m max_error=0.308m (n=22)
[INFO] [1788751480.332881205] [vslam_compare]: gt=(0.47, -0.57, 5.07) vslam=(0.54, -0.7, 5.0) error=0.166m max_error=0.308m (n=23)
[INFO] [1788751481.331931432] [vslam_compare]: gt=(0.38, -0.75, 5.12) vslam=(0.46, -0.88, 5.04) error=0.174m max_error=0.308m (n=24)
[INFO] [1788751482.332114429] [vslam_compare]: gt=(0.3, -0.93, 5.11) vslam=(0.38, -1.06, 5.04) error=0.164m max_error=0.308m (n=25)
[INFO] [1788751483.332229821] [vslam_compare]: gt=(0.23, -1.12, 5.12) vslam=(0.32, -1.3, 5.05) error=0.207m max_error=0.308m (n=26)
[INFO] [1788751484.332145376] [vslam_compare]: gt=(0.2, -1.31, 5.17) vslam=(0.3, -1.49, 5.08) error=0.218m max_error=0.308m (n=27)
[INFO] [1788751485.332288340] [vslam_compare]: gt=(0.22, -1.49, 5.22) vslam=(0.3, -1.67, 5.11) error=0.225m max_error=0.308m (n=28)
[INFO] [1788751486.331880155] [vslam_compare]: gt=(0.29, -1.65, 5.23) vslam=(0.35, -1.82, 5.13) error=0.212m max_error=0.308m (n=29)
[INFO] [1788751487.332188865] [vslam_compare]: gt=(0.38, -1.76, 5.25) vslam=(0.44, -1.99, 5.18) error=0.243m max_error=0.308m (n=30)
[INFO] [1788751488.332164093] [vslam_compare]: gt=(0.48, -1.85, 5.29) vslam=(0.53, -2.09, 5.21) error=0.253m max_error=0.308m (n=31)
[INFO] [1788751489.332177709] [vslam_compare]: gt=(0.59, -1.94, 5.33) vslam=(0.62, -2.17, 5.26) error=0.248m max_error=0.308m (n=32)
[INFO] [1788751490.332233449] [vslam_compare]: gt=(0.7, -2.0, 5.35) vslam=(0.73, -2.24, 5.29) error=0.247m max_error=0.308m (n=33)
[INFO] [1788751491.332058053] [vslam_compare]: gt=(0.82, -2.07, 5.38) vslam=(0.82, -2.3, 5.33) error=0.241m max_error=0.308m (n=34)
[INFO] [1788751492.332298787] [vslam_compare]: gt=(0.93, -2.11, 5.4) vslam=(0.93, -2.35, 5.35) error=0.249m max_error=0.308m (n=35)
[INFO] [1788751493.332325586] [vslam_compare]: gt=(1.09, -2.08, 5.38) vslam=(1.11, -2.33, 5.34) error=0.253m max_error=0.308m (n=36)
[INFO] [1788751494.331884286] [vslam_compare]: gt=(1.25, -2.04, 5.42) vslam=(1.3, -2.27, 5.33) error=0.252m max_error=0.308m (n=37)
[INFO] [1788751495.332153788] [vslam_compare]: gt=(1.22, -2.18, 5.46) vslam=(1.27, -2.42, 5.37) error=0.264m max_error=0.308m (n=38)
[INFO] [1788751496.332105047] [vslam_compare]: gt=(1.14, -2.36, 5.51) vslam=(1.2, -2.59, 5.41) error=0.256m max_error=0.308m (n=39)
[INFO] [1788751497.332077561] [vslam_compare]: gt=(1.07, -2.53, 5.57) vslam=(1.12, -2.77, 5.47) error=0.259m max_error=0.308m (n=40)
[INFO] [1788751498.332184366] [vslam_compare]: gt=(0.99, -2.7, 5.63) vslam=(1.05, -2.94, 5.53) error=0.270m max_error=0.308m (n=41)
[INFO] [1788751499.331968709] [vslam_compare]: gt=(0.92, -2.87, 5.67) vslam=(0.99, -3.14, 5.57) error=0.291m max_error=0.308m (n=42)
[INFO] [1788751500.331879319] [vslam_compare]: gt=(0.83, -3.05, 5.72) vslam=(0.91, -3.32, 5.62) error=0.300m max_error=0.308m (n=43)
[INFO] [1788751501.331917527] [vslam_compare]: gt=(0.73, -3.21, 5.77) vslam=(0.79, -3.5, 5.67) error=0.311m max_error=0.311m (n=44)
[INFO] [1788751502.332029600] [vslam_compare]: gt=(0.73, -3.38, 5.8) vslam=(0.76, -3.67, 5.69) error=0.318m max_error=0.318m (n=45)
[INFO] [1788751503.332074550] [vslam_compare]: gt=(0.83, -3.54, 5.83) vslam=(0.85, -3.83, 5.72) error=0.316m max_error=0.318m (n=46)
[INFO] [1788751504.332147397] [vslam_compare]: gt=(0.92, -3.68, 5.86) vslam=(0.92, -3.99, 5.76) error=0.321m max_error=0.321m (n=47)
[INFO] [1788751505.332366219] [vslam_compare]: gt=(1.01, -3.83, 5.92) vslam=(0.99, -4.15, 5.8) error=0.333m max_error=0.333m (n=48)
[INFO] [1788751506.332272908] [vslam_compare]: gt=(1.1, -3.98, 5.95) vslam=(1.13, -4.3, 5.84) error=0.336m max_error=0.336m (n=49)
[INFO] [1788751507.332141909] [vslam_compare]: gt=(1.18, -4.09, 5.97) vslam=(1.2, -4.41, 5.87) error=0.335m max_error=0.336m (n=50)
[INFO] [1788751508.331908700] [vslam_compare]: gt=(1.2, -4.12, 5.98) vslam=(1.23, -4.45, 5.88) error=0.351m max_error=0.351m (n=51)
[INFO] [1788751509.332203273] [vslam_compare]: gt=(1.2, -4.12, 5.98) vslam=(1.22, -4.45, 5.88) error=0.348m max_error=0.351m (n=52)
[INFO] [1788751510.332072429] [vslam_compare]: gt=(1.19, -4.12, 5.98) vslam=(1.22, -4.45, 5.88) error=0.353m max_error=0.353m (n=53)
[INFO] [1788751511.332098699] [vslam_compare]: gt=(1.2, -4.11, 5.98) vslam=(1.23, -4.44, 5.88) error=0.353m max_error=0.353m (n=54)
[INFO] [1788751512.332268477] [vslam_compare]: gt=(1.22, -4.1, 5.98) vslam=(1.24, -4.43, 5.87) error=0.351m max_error=0.353m (n=55)
[INFO] [1788751513.331959976] [vslam_compare]: gt=(1.22, -4.09, 5.98) vslam=(1.24, -4.43, 5.87) error=0.356m max_error=0.356m (n=56)
[INFO] [1788751514.332165923] [vslam_compare]: gt=(1.21, -4.1, 5.97) vslam=(1.23, -4.43, 5.87) error=0.346m max_error=0.356m (n=57)
[INFO] [1788751515.332208552] [vslam_compare]: gt=(1.2, -4.1, 5.97) vslam=(1.22, -4.43, 5.88) error=0.348m max_error=0.356m (n=58)
Traceback (most recent call last):
  File "/workspaces/isaac_ros-dev/ros2_ws/install/px4_vslam_bridge/lib/python3.10/site-packages/px4_vslam_bridge/vslam_compare.py", line 194, in main
    rclpy.spin(node)
  File "/opt/ros/humble/local/lib/python3.10/dist-packages/rclpy/__init__.py", line 229, in spin
    executor.spin_once()
  File "/opt/ros/humble/local/lib/python3.10/dist-packages/rclpy/executors.py", line 808, in spin_once
    self._spin_once_impl(timeout_sec)
  File "/opt/ros/humble/local/lib/python3.10/dist-packages/rclpy/executors.py", line 797, in _spin_once_impl
    handler, entity, node = self.wait_for_ready_callbacks(timeout_sec=timeout_sec)
  File "/opt/ros/humble/local/lib/python3.10/dist-packages/rclpy/executors.py", line 780, in wait_for_ready_callbacks
    return next(self._cb_iter)
  File "/opt/ros/humble/local/lib/python3.10/dist-packages/rclpy/executors.py", line 653, in _wait_for_ready_callbacks
    wait_set = _rclpy.WaitSet(
rclpy._rclpy_pybind11.RCLError: failed to initialize wait set: the given context is not valid, either rcl_init() was not called or rcl_shutdown() was called., at ./src/rcl/wait.c:130

During handling of the above exception, another exception occurred:

Traceback (most recent call last):
  File "/workspaces/isaac_ros-dev/ros2_ws/install/px4_vslam_bridge/lib/px4_vslam_bridge/vslam_compare", line 33, in <module>
    sys.exit(load_entry_point('px4-vslam-bridge==0.1.0', 'console_scripts', 'vslam_compare')())
  File "/workspaces/isaac_ros-dev/ros2_ws/install/px4_vslam_bridge/lib/python3.10/site-packages/px4_vslam_bridge/vslam_compare.py", line 199, in main
    rclpy.shutdown()
  File "/opt/ros/humble/local/lib/python3.10/dist-packages/rclpy/__init__.py", line 130, in shutdown
    _shutdown(context=context)
  File "/opt/ros/humble/local/lib/python3.10/dist-packages/rclpy/utilities.py", line 58, in shutdown
    return context.shutdown()
  File "/opt/ros/humble/local/lib/python3.10/dist-packages/rclpy/context.py", line 102, in shutdown
    self.__context.shutdown()
rclpy._rclpy_pybind11.RCLError: failed to shutdown: rcl_shutdown already called on the given context, at ./src/rcl/init.c:241
