[INFO] [1788691766.165583390] [fast_planner_bridge]: fast_planner_bridge ready -- will capture home at arm time and climb (0.0, 0.0, -5.0) NED relative to it, then follow /planning/pos_cmd from Fast-Planner
[INFO] [1788691766.165991046] [fast_planner_bridge]: >>> Press ENTER to arm and fly (or set OFFBOARD_AUTO_START=1) <<<
[WARN] [1788691768.135474508] [fast_planner_bridge]: [tick 40] No data on /fmu/out/vehicle_local_position_v1.
[INFO] [1788691771.585395248] [fast_planner_bridge]: OFFBOARD + ARMED confirmed -- home_ned=(-0.0181745458394289, 0.032362185418605804, 0.05368033051490784), climbing to (-0.0181745458394289, 0.032362185418605804, -4.946319669485092).
[INFO] [1788691772.135717178] [fast_planner_bridge]: [CLIMBING] pos_ned=(-0.02,0.03,0.05) dist=5.00m
[INFO] [1788691773.135346000] [fast_planner_bridge]: [CLIMBING] pos_ned=(-0.03,0.02,0.04) dist=4.99m
[INFO] [1788691774.135617695] [fast_planner_bridge]: [CLIMBING] pos_ned=(-0.03,0.01,0.04) dist=4.99m
[INFO] [1788691775.135791093] [fast_planner_bridge]: [CLIMBING] pos_ned=(-0.01,0.00,0.05) dist=5.00m
[INFO] [1788691776.135350382] [fast_planner_bridge]: [CLIMBING] pos_ned=(-0.01,0.05,0.04) dist=4.99m
[INFO] [1788691777.135770830] [fast_planner_bridge]: [CLIMBING] pos_ned=(0.06,0.19,-0.17) dist=4.78m
[INFO] [1788691778.135423807] [fast_planner_bridge]: [CLIMBING] pos_ned=(-0.04,0.07,-1.62) dist=3.33m
[INFO] [1788691779.135557298] [fast_planner_bridge]: [CLIMBING] pos_ned=(-0.14,0.05,-3.21) dist=1.74m
[INFO] [1788691780.135505546] [fast_planner_bridge]: [CLIMBING] pos_ned=(-0.10,-0.00,-3.96) dist=0.99m
[INFO] [1788691781.135544527] [fast_planner_bridge]: [CLIMBING] pos_ned=(-0.03,-0.01,-4.30) dist=0.65m
[INFO] [1788691782.135468048] [fast_planner_bridge]: [CLIMBING] pos_ned=(-0.00,0.02,-4.50) dist=0.45m
[INFO] [1788691783.135350410] [fast_planner_bridge]: [CLIMBING] pos_ned=(-0.01,0.03,-4.64) dist=0.31m
[INFO] [1788691783.285397302] [fast_planner_bridge]: Climb complete (dist=0.29m) -- following Fast-Planner.
[INFO] [1788691784.135543714] [fast_planner_bridge]: [FOLLOWING] pos_ned=(0.07,-0.03,-4.64) target_ned=(0.37,-0.16,-4.57) pos_cmd_age=0.00s
[INFO] [1788691785.135369699] [fast_planner_bridge]: [FOLLOWING] pos_ned=(0.67,-0.35,-4.56) target_ned=(0.93,-0.46,-4.56) pos_cmd_age=0.00s
[INFO] [1788691786.135336442] [fast_planner_bridge]: [FOLLOWING] pos_ned=(1.59,-0.74,-4.54) target_ned=(1.64,-0.85,-4.58) pos_cmd_age=0.00s
[INFO] [1788691787.135446758] [fast_planner_bridge]: [FOLLOWING] pos_ned=(2.33,-1.19,-4.56) target_ned=(2.35,-1.21,-4.61) pos_cmd_age=0.00s
[INFO] [1788691788.135586249] [fast_planner_bridge]: [FOLLOWING] pos_ned=(2.91,-1.45,-4.60) target_ned=(2.95,-1.46,-4.66) pos_cmd_age=0.00s
[INFO] [1788691789.135495913] [fast_planner_bridge]: [FOLLOWING] pos_ned=(3.37,-1.56,-4.63) target_ned=(3.40,-1.57,-4.69) pos_cmd_age=0.00s
[INFO] [1788691790.135517139] [fast_planner_bridge]: [FOLLOWING] pos_ned=(3.60,-1.59,-4.66) target_ned=(3.56,-1.61,-4.70) pos_cmd_age=0.00s
[INFO] [1788691791.135385946] [fast_planner_bridge]: [FOLLOWING] pos_ned=(3.54,-1.59,-4.68) target_ned=(3.50,-1.63,-4.69) pos_cmd_age=0.00s
[INFO] [1788691792.135632100] [fast_planner_bridge]: [FOLLOWING] pos_ned=(3.55,-1.77,-4.69) target_ned=(3.59,-1.83,-4.68) pos_cmd_age=0.00s
[INFO] [1788691793.135511396] [fast_planner_bridge]: [FOLLOWING] pos_ned=(3.98,-2.14,-4.70) target_ned=(3.99,-2.23,-4.68) pos_cmd_age=0.00s
[INFO] [1788691794.135381766] [fast_planner_bridge]: [FOLLOWING] pos_ned=(4.60,-2.67,-4.71) target_ned=(4.59,-2.74,-4.71) pos_cmd_age=0.00s
[INFO] [1788691795.135436727] [fast_planner_bridge]: [FOLLOWING] pos_ned=(5.27,-3.27,-4.78) target_ned=(5.30,-3.26,-4.78) pos_cmd_age=0.00s
[INFO] [1788691796.135610804] [fast_planner_bridge]: [FOLLOWING] pos_ned=(5.98,-3.66,-4.81) target_ned=(6.07,-3.67,-4.81) pos_cmd_age=0.00s
[INFO] [1788691797.135407394] [fast_planner_bridge]: [FOLLOWING] pos_ned=(6.68,-3.81,-4.82) target_ned=(6.78,-3.80,-4.83) pos_cmd_age=0.00s
[INFO] [1788691798.135465781] [fast_planner_bridge]: [FOLLOWING] pos_ned=(7.21,-3.70,-4.84) target_ned=(7.25,-3.70,-4.86) pos_cmd_age=0.00s
[INFO] [1788691799.135478172] [fast_planner_bridge]: [FOLLOWING] pos_ned=(7.45,-3.59,-4.87) target_ned=(7.43,-3.59,-4.88) pos_cmd_age=0.00s
[INFO] [1788691800.135435828] [fast_planner_bridge]: [FOLLOWING] pos_ned=(7.64,-3.67,-4.90) target_ned=(7.67,-3.63,-4.91) pos_cmd_age=0.00s
[INFO] [1788691801.135433501] [fast_planner_bridge]: [FOLLOWING] pos_ned=(8.19,-3.75,-4.89) target_ned=(8.21,-3.70,-4.93) pos_cmd_age=0.00s
[INFO] [1788691802.135800497] [fast_planner_bridge]: [FOLLOWING] pos_ned=(8.89,-3.61,-4.95) target_ned=(8.87,-3.58,-4.96) pos_cmd_age=0.00s
[INFO] [1788691803.135518779] [fast_planner_bridge]: [FOLLOWING] pos_ned=(9.53,-3.33,-4.98) target_ned=(9.46,-3.22,-4.97) pos_cmd_age=0.00s
[INFO] [1788691804.135542922] [fast_planner_bridge]: [FOLLOWING] pos_ned=(9.83,-2.80,-4.99) target_ned=(9.84,-2.64,-4.99) pos_cmd_age=0.00s
[INFO] [1788691805.135360844] [fast_planner_bridge]: [FOLLOWING] pos_ned=(10.01,-1.98,-5.00) target_ned=(9.97,-1.86,-5.00) pos_cmd_age=0.00s
[INFO] [1788691806.135525186] [fast_planner_bridge]: [FOLLOWING] pos_ned=(9.90,-1.14,-5.00) target_ned=(9.87,-1.06,-5.00) pos_cmd_age=0.00s
[INFO] [1788691807.135341054] [fast_planner_bridge]: [FOLLOWING] pos_ned=(9.71,-0.62,-5.00) target_ned=(9.65,-0.58,-5.00) pos_cmd_age=0.00s
[INFO] [1788691808.135397892] [fast_planner_bridge]: [FOLLOWING] pos_ned=(9.38,-0.39,-5.01) target_ned=(9.27,-0.35,-4.99) pos_cmd_age=0.00s
[WARN] [1788691808.754726887] [fast_planner_bridge]: Shutdown signal 15 received -- ceasing ARM requests, commanding AUTO.LAND, will disarm and exit once landed. If this doesn't complete and the vehicle needs to come down NOW, use emergency_stop.py instead of repeating this signal.
[INFO] [1788691808.885696165] [fast_planner_bridge]: Requesting AUTO.LAND... nav_state=14
[INFO] [1788691808.935809556] [fast_planner_bridge]: AUTO.LAND confirmed -- ceasing offboard setpoints, handing off to the autopilot.
[INFO] [1788691810.135483985] [fast_planner_bridge]: Waiting for disarm (backstop disarm sent)... arming_state=2
