[INFO] [1788691763.893649268] [vslam_compare]: vslam_compare: logging per-message CSV to /workspaces/isaac_ros-dev/results/feasibility_gate/gate_sweep_poor_low_r10/vslam_compare.csv (exp_id='gate_sweep_poor_low_r10')
[INFO] [1788691763.912699782] [vslam_compare]: vslam_compare ready -- watching /visual_slam/tracking/odometry vs /ground_truth/odom
[INFO] [1788691763.913564929] [vslam_compare]: Ground truth origin set: (0.014485027641057968, -0.023126976564526558, -0.065937340259552)
[INFO] [1788691764.221232528] [vslam_compare]: cuVSLAM origin set: (0.0, 0.0, 0.0) -- tracking initialized
[INFO] [1788691764.913077635] [vslam_compare]: gt=(-0.01, 0.01, -0.01) vslam=(0.0, 0.0, 0.0) error=0.016m max_error=0.016m (n=1)
[INFO] [1788691765.913572521] [vslam_compare]: gt=(-0.01, 0.0, -0.01) vslam=(0.0, 0.0, 0.0) error=0.017m max_error=0.017m (n=2)
[INFO] [1788691766.913075337] [vslam_compare]: gt=(-0.02, -0.0, -0.01) vslam=(0.0, 0.0, 0.0) error=0.018m max_error=0.018m (n=3)
[INFO] [1788691767.913190820] [vslam_compare]: gt=(-0.01, -0.0, -0.0) vslam=(0.0, 0.0, 0.0) error=0.007m max_error=0.018m (n=4)
[INFO] [1788691768.913353993] [vslam_compare]: gt=(0.01, 0.01, -0.0) vslam=(0.0, 0.0, 0.0) error=0.012m max_error=0.018m (n=5)
[INFO] [1788691769.912956999] [vslam_compare]: gt=(0.02, 0.01, -0.01) vslam=(0.0, 0.0, 0.0) error=0.021m max_error=0.021m (n=6)
[INFO] [1788691770.913345760] [vslam_compare]: gt=(0.01, 0.01, 0.0) vslam=(0.0, 0.0, 0.0) error=0.017m max_error=0.021m (n=7)
[INFO] [1788691771.913109201] [vslam_compare]: gt=(0.02, 0.0, 0.02) vslam=(0.0, -0.0, -0.0) error=0.025m max_error=0.025m (n=8)
[INFO] [1788691772.913368426] [vslam_compare]: gt=(0.01, -0.01, 0.02) vslam=(0.0, -0.0, -0.0) error=0.027m max_error=0.027m (n=9)
[INFO] [1788691773.913174256] [vslam_compare]: gt=(-0.0, -0.01, 0.02) vslam=(0.0, -0.0, -0.0) error=0.026m max_error=0.027m (n=10)
[INFO] [1788691774.913124742] [vslam_compare]: gt=(-0.01, 0.01, 0.01) vslam=(0.0, -0.0, -0.0) error=0.020m max_error=0.027m (n=11)
[INFO] [1788691775.913171581] [vslam_compare]: gt=(0.01, 0.01, 0.02) vslam=(0.06, 0.01, -0.2) error=0.223m max_error=0.223m (n=12)
[INFO] [1788691776.913211246] [vslam_compare]: gt=(0.16, 0.06, 0.11) vslam=(0.3, -0.03, -0.09) error=0.268m max_error=0.268m (n=13)
[INFO] [1788691777.912869777] [vslam_compare]: gt=(0.08, 0.02, 1.29) vslam=(0.22, -0.13, 0.93) error=0.418m max_error=0.418m (n=14)
[INFO] [1788691778.913180588] [vslam_compare]: gt=(0.04, -0.11, 2.99) vslam=(0.02, -0.01, 2.31) error=0.687m max_error=0.687m (n=15)
[INFO] [1788691779.913203460] [vslam_compare]: gt=(-0.01, -0.09, 3.91) vslam=(-0.2, 0.45, 3.29) error=0.847m max_error=0.847m (n=16)
[INFO] [1788691780.912878290] [vslam_compare]: gt=(-0.03, -0.02, 4.31) vslam=(-0.31, 0.81, 3.74) error=1.048m max_error=1.048m (n=17)
[INFO] [1788691781.913212285] [vslam_compare]: gt=(-0.01, 0.02, 4.53) vslam=(-0.33, 0.9, 3.93) error=1.115m max_error=1.115m (n=18)
[INFO] [1788691782.913022883] [vslam_compare]: gt=(0.02, 0.02, 4.68) vslam=(-0.32, 0.5, 4.29) error=0.708m max_error=1.115m (n=19)
[INFO] [1788691783.912980631] [vslam_compare]: gt=(-0.01, 0.04, 4.72) vslam=(-0.29, -0.39, 4.91) error=0.538m max_error=1.115m (n=20)
[INFO] [1788691784.913002010] [vslam_compare]: gt=(-0.29, 0.52, 4.63) vslam=(-0.43, -0.06, 4.58) error=0.605m max_error=1.115m (n=21)
[INFO] [1788691785.912937746] [vslam_compare]: gt=(-0.65, 1.41, 4.61) vslam=(-0.66, 0.63, 4.2) error=0.881m max_error=1.115m (n=22)
[INFO] [1788691786.913074434] [vslam_compare]: gt=(-1.11, 2.19, 4.62) vslam=(-0.97, 1.43, 3.79) error=1.136m max_error=1.136m (n=23)
[INFO] [1788691787.913067509] [vslam_compare]: gt=(-1.43, 2.84, 4.66) vslam=(-1.19, 2.06, 3.49) error=1.429m max_error=1.429m (n=24)
[INFO] [1788691788.913021068] [vslam_compare]: gt=(-1.55, 3.29, 4.69) vslam=(-1.31, 2.44, 3.08) error=1.842m max_error=1.842m (n=25)
[INFO] [1788691789.913052106] [vslam_compare]: gt=(-1.6, 3.6, 4.73) vslam=(-1.27, 2.65, 2.85) error=2.132m max_error=2.132m (n=26)
[INFO] [1788691790.913265680] [vslam_compare]: gt=(-1.6, 3.59, 4.74) vslam=(-1.47, 2.55, 2.78) error=2.218m max_error=2.218m (n=27)
[INFO] [1788691791.913156431] [vslam_compare]: gt=(-1.72, 3.54, 4.76) vslam=(-1.69, 2.4, 2.37) error=2.644m max_error=2.644m (n=28)
[INFO] [1788691792.913138425] [vslam_compare]: gt=(-2.07, 3.89, 4.78) vslam=(-2.09, 2.25, 2.05) error=3.178m max_error=3.178m (n=29)
[INFO] [1788691793.913059603] [vslam_compare]: gt=(-2.56, 4.5, 4.77) vslam=(-1.87, 1.69, 2.12) error=3.923m max_error=3.923m (n=30)
[INFO] [1788691794.913139964] [vslam_compare]: gt=(-3.17, 5.14, 4.83) vslam=(-1.79, 1.19, 1.66) error=5.249m max_error=5.249m (n=31)
[INFO] [1788691795.913257026] [vslam_compare]: gt=(-3.6, 5.83, 4.87) vslam=(-1.6, 1.33, 1.07) error=6.218m max_error=6.218m (n=32)
[INFO] [1788691796.913150842] [vslam_compare]: gt=(-3.82, 6.55, 4.88) vslam=(0.97, 1.6, 1.66) error=7.602m max_error=7.602m (n=33)
[INFO] [1788691797.913235923] [vslam_compare]: gt=(-3.75, 7.15, 4.9) vslam=(2.01, 1.38, 2.18) error=8.592m max_error=8.592m (n=34)
[INFO] [1788691798.912882990] [vslam_compare]: gt=(-3.62, 7.45, 4.93) vslam=(3.56, 0.79, 2.59) error=10.068m max_error=10.068m (n=35)
[INFO] [1788691799.913118388] [vslam_compare]: gt=(-3.65, 7.6, 4.95) vslam=(1.28, 3.19, 2.1) error=7.198m max_error=10.068m (n=36)
[INFO] [1788691800.912996956] [vslam_compare]: gt=(-3.78, 8.06, 4.96) vslam=(5.54, -0.49, 3.26) error=12.759m max_error=12.759m (n=37)
[INFO] [1788691801.912929587] [vslam_compare]: gt=(-3.66, 8.75, 5.01) vslam=(5.14, -0.87, 3.24) error=13.159m max_error=13.159m (n=38)
[INFO] [1788691802.912973581] [vslam_compare]: gt=(-3.43, 9.42, 5.03) vslam=(5.96, -1.99, 3.52) error=14.850m max_error=14.850m (n=39)
[INFO] [1788691803.913148153] [vslam_compare]: gt=(-2.95, 9.81, 5.06) vslam=(2.48, -0.71, 2.68) error=12.077m max_error=14.850m (n=40)
Traceback (most recent call last):
  File "/workspaces/isaac_ros-dev/ros2_ws/install/px4_vslam_bridge/lib/python3.10/site-packages/px4_vslam_bridge/vslam_compare.py", line 194, in main
    rclpy.spin(node)
  File "/opt/ros/humble/local/lib/python3.10/dist-packages/rclpy/__init__.py", line 229, in spin
    executor.spin_once()
  File "/opt/ros/humble/local/lib/python3.10/dist-packages/rclpy/executors.py", line 808, in spin_once
    self._spin_once_impl(timeout_sec)
  File "/opt/ros/humble/local/lib/python3.10/dist-packages/rclpy/executors.py", line 797, in _spin_once_impl
    handler, entity, node = self.wait_for_ready_callbacks(timeout_sec=timeout_sec)
  File "/opt/ros/humble/local/lib/python3.10/dist-packages/rclpy/executors.py", line 780, in wait_for_ready_callbacks
    return next(self._cb_iter)
  File "/opt/ros/humble/local/lib/python3.10/dist-packages/rclpy/executors.py", line 681, in _wait_for_ready_callbacks
    raise ExternalShutdownException()
rclpy.executors.ExternalShutdownException

During handling of the above exception, another exception occurred:

Traceback (most recent call last):
  File "/workspaces/isaac_ros-dev/ros2_ws/install/px4_vslam_bridge/lib/px4_vslam_bridge/vslam_compare", line 33, in <module>
    sys.exit(load_entry_point('px4-vslam-bridge==0.1.0', 'console_scripts', 'vslam_compare')())
  File "/workspaces/isaac_ros-dev/ros2_ws/install/px4_vslam_bridge/lib/python3.10/site-packages/px4_vslam_bridge/vslam_compare.py", line 199, in main
    rclpy.shutdown()
  File "/opt/ros/humble/local/lib/python3.10/dist-packages/rclpy/__init__.py", line 130, in shutdown
    _shutdown(context=context)
  File "/opt/ros/humble/local/lib/python3.10/dist-packages/rclpy/utilities.py", line 58, in shutdown
    return context.shutdown()
  File "/opt/ros/humble/local/lib/python3.10/dist-packages/rclpy/context.py", line 102, in shutdown
    self.__context.shutdown()
rclpy._rclpy_pybind11.RCLError: failed to shutdown: rcl_shutdown already called on the given context, at ./src/rcl/init.c:241
