[INFO] [1788717952.017039013] [vslam_compare]: vslam_compare: logging per-message CSV to /workspaces/isaac_ros-dev/results/route2_probe/r2_medium_r140/vslam_compare.csv (exp_id='r2_medium_r140')
[INFO] [1788717952.036565999] [vslam_compare]: vslam_compare ready -- watching /visual_slam/tracking/odometry vs /ground_truth/odom
[INFO] [1788717952.041486875] [vslam_compare]: Ground truth origin set: (0.023564904928207397, -0.006851397920399904, -0.027480393648147583)
[INFO] [1788717952.069352154] [vslam_compare]: cuVSLAM origin set: (0.0, 0.0, 0.0) -- tracking initialized
[INFO] [1788717953.036843717] [vslam_compare]: gt=(-0.01, -0.0, 0.0) vslam=(0.0, 0.0, 0.0) error=0.012m max_error=0.012m (n=1)
[INFO] [1788717954.036856881] [vslam_compare]: gt=(-0.02, 0.0, 0.0) vslam=(0.0, 0.0, 0.0) error=0.025m max_error=0.025m (n=2)
[INFO] [1788717955.036790663] [vslam_compare]: gt=(-0.03, -0.0, 0.01) vslam=(0.0, 0.0, 0.0) error=0.031m max_error=0.031m (n=3)
[INFO] [1788717956.036778779] [vslam_compare]: gt=(-0.03, -0.0, 0.0) vslam=(0.0, 0.0, 0.0) error=0.033m max_error=0.033m (n=4)
[INFO] [1788717957.036854864] [vslam_compare]: gt=(-0.03, -0.0, 0.01) vslam=(0.0, 0.0, 0.0) error=0.027m max_error=0.033m (n=5)
[INFO] [1788717958.036687694] [vslam_compare]: gt=(-0.02, -0.01, 0.01) vslam=(0.0, 0.0, 0.0) error=0.023m max_error=0.033m (n=6)
[INFO] [1788717959.036927661] [vslam_compare]: gt=(-0.02, -0.01, 0.02) vslam=(0.0, 0.0, 0.0) error=0.027m max_error=0.033m (n=7)
[INFO] [1788717960.036864350] [vslam_compare]: gt=(-0.02, -0.01, 0.02) vslam=(0.04, -0.04, 0.03) error=0.070m max_error=0.070m (n=8)
[INFO] [1788717961.036804485] [vslam_compare]: gt=(-0.01, -0.02, 0.03) vslam=(0.43, 0.15, -0.24) error=0.545m max_error=0.545m (n=9)
[INFO] [1788717962.036908483] [vslam_compare]: gt=(0.07, 0.01, -0.04) vslam=(0.4, 0.13, -0.29) error=0.435m max_error=0.545m (n=10)
[INFO] [1788717963.037120668] [vslam_compare]: gt=(0.1, 0.02, -0.08) vslam=(0.43, 0.13, -0.29) error=0.410m max_error=0.545m (n=11)
[INFO] [1788717964.036941386] [vslam_compare]: gt=(0.09, 0.01, -0.1) vslam=(0.43, 0.12, -0.29) error=0.405m max_error=0.545m (n=12)
[INFO] [1788717965.037072566] [vslam_compare]: gt=(0.08, 0.01, -0.09) vslam=(0.44, 0.11, -0.26) error=0.418m max_error=0.545m (n=13)
[INFO] [1788717966.036717720] [vslam_compare]: gt=(-0.06, 0.0, 0.74) vslam=(-1.8, -0.53, 1.24) error=1.889m max_error=1.889m (n=14)
[INFO] [1788717967.037038061] [vslam_compare]: gt=(-0.6, -0.09, 2.53) vslam=(-0.44, -2.71, 1.83) error=2.719m max_error=2.719m (n=15)
[INFO] [1788717968.036879148] [vslam_compare]: gt=(-0.32, -0.24, 3.66) vslam=(0.98, -4.76, 1.69) error=5.089m max_error=5.089m (n=16)
[INFO] [1788717969.036812171] [vslam_compare]: gt=(0.1, 0.03, 3.98) vslam=(1.71, -6.44, 3.27) error=6.700m max_error=6.700m (n=17)
[INFO] [1788717970.036903045] [vslam_compare]: gt=(0.23, -0.14, 4.38) vslam=(2.2, -7.07, 2.51) error=7.440m max_error=7.440m (n=18)
[INFO] [1788717971.036848091] [vslam_compare]: gt=(0.17, -0.49, 4.68) vslam=(2.34, -7.48, 2.55) error=7.619m max_error=7.619m (n=19)
[INFO] [1788717972.036762980] [vslam_compare]: gt=(0.01, -0.27, 4.83) vslam=(3.68, -9.8, 0.94) error=10.932m max_error=10.932m (n=20)
[INFO] [1788717973.036645457] [vslam_compare]: gt=(-0.11, 0.18, 4.85) vslam=(3.34, -10.0, 0.99) error=11.410m max_error=11.410m (n=21)
[INFO] [1788717974.036850509] [vslam_compare]: gt=(-0.12, 0.36, 4.86) vslam=(3.32, -10.1, 1.04) error=11.658m max_error=11.658m (n=22)
[INFO] [1788717975.037665524] [vslam_compare]: gt=(-0.1, 0.27, 4.95) vslam=(3.59, -10.09, 1.0) error=11.686m max_error=11.686m (n=23)
[INFO] [1788717976.036840683] [vslam_compare]: gt=(-0.03, 0.13, 5.02) vslam=(3.85, -10.03, 0.93) error=11.620m max_error=11.686m (n=24)
[INFO] [1788717977.036971814] [vslam_compare]: gt=(0.02, 0.06, 5.07) vslam=(4.02, -9.98, 0.83) error=11.606m max_error=11.686m (n=25)
[INFO] [1788717978.037046228] [vslam_compare]: gt=(0.02, 0.02, 5.09) vslam=(4.12, -9.92, 0.72) error=11.604m max_error=11.686m (n=26)
[INFO] [1788717979.037167330] [vslam_compare]: gt=(-0.02, -0.02, 5.1) vslam=(4.18, -9.84, 0.63) error=11.580m max_error=11.686m (n=27)
[INFO] [1788717980.037016916] [vslam_compare]: gt=(-0.04, -0.04, 5.1) vslam=(4.19, -9.77, 0.53) error=11.557m max_error=11.686m (n=28)
[INFO] [1788717981.036823088] [vslam_compare]: gt=(-0.06, -0.03, 5.1) vslam=(4.2, -9.71, 0.48) error=11.550m max_error=11.686m (n=29)
[INFO] [1788717982.036778635] [vslam_compare]: gt=(-0.05, -0.03, 5.1) vslam=(4.16, -9.65, 0.44) error=11.485m max_error=11.686m (n=30)
[INFO] [1788717983.037067178] [vslam_compare]: gt=(-0.04, -0.02, 5.1) vslam=(4.11, -9.57, 0.4) error=11.422m max_error=11.686m (n=31)
[INFO] [1788717984.036755165] [vslam_compare]: gt=(-0.01, -0.02, 5.06) vslam=(4.06, -9.47, 0.37) error=11.301m max_error=11.686m (n=32)
[INFO] [1788717985.036967663] [vslam_compare]: gt=(0.04, -0.08, 5.02) vslam=(4.01, -9.38, 0.38) error=11.117m max_error=11.686m (n=33)
[INFO] [1788717986.036716416] [vslam_compare]: gt=(0.06, -0.09, 5.0) vslam=(3.95, -9.36, 0.39) error=11.066m max_error=11.686m (n=34)
Traceback (most recent call last):
  File "/workspaces/isaac_ros-dev/ros2_ws/install/px4_vslam_bridge/lib/python3.10/site-packages/px4_vslam_bridge/vslam_compare.py", line 194, in main
    rclpy.spin(node)
  File "/opt/ros/humble/local/lib/python3.10/dist-packages/rclpy/__init__.py", line 229, in spin
    executor.spin_once()
  File "/opt/ros/humble/local/lib/python3.10/dist-packages/rclpy/executors.py", line 808, in spin_once
    self._spin_once_impl(timeout_sec)
  File "/opt/ros/humble/local/lib/python3.10/dist-packages/rclpy/executors.py", line 797, in _spin_once_impl
    handler, entity, node = self.wait_for_ready_callbacks(timeout_sec=timeout_sec)
  File "/opt/ros/humble/local/lib/python3.10/dist-packages/rclpy/executors.py", line 780, in wait_for_ready_callbacks
    return next(self._cb_iter)
  File "/opt/ros/humble/local/lib/python3.10/dist-packages/rclpy/executors.py", line 653, in _wait_for_ready_callbacks
    wait_set = _rclpy.WaitSet(
rclpy._rclpy_pybind11.RCLError: failed to initialize wait set: the given context is not valid, either rcl_init() was not called or rcl_shutdown() was called., at ./src/rcl/wait.c:130

During handling of the above exception, another exception occurred:

Traceback (most recent call last):
  File "/workspaces/isaac_ros-dev/ros2_ws/install/px4_vslam_bridge/lib/px4_vslam_bridge/vslam_compare", line 33, in <module>
    sys.exit(load_entry_point('px4-vslam-bridge==0.1.0', 'console_scripts', 'vslam_compare')())
  File "/workspaces/isaac_ros-dev/ros2_ws/install/px4_vslam_bridge/lib/python3.10/site-packages/px4_vslam_bridge/vslam_compare.py", line 199, in main
    rclpy.shutdown()
  File "/opt/ros/humble/local/lib/python3.10/dist-packages/rclpy/__init__.py", line 130, in shutdown
    _shutdown(context=context)
  File "/opt/ros/humble/local/lib/python3.10/dist-packages/rclpy/utilities.py", line 58, in shutdown
    return context.shutdown()
  File "/opt/ros/humble/local/lib/python3.10/dist-packages/rclpy/context.py", line 102, in shutdown
    self.__context.shutdown()
rclpy._rclpy_pybind11.RCLError: failed to shutdown: rcl_shutdown already called on the given context, at ./src/rcl/init.c:241
