[INFO] [1788710971.284120113] [visual_odometry_bridge]: visual_odometry_bridge ready: /visual_slam/tracking/odometry -> /fmu/in/vehicle_visual_odometry
[INFO] [1788710976.133310204] [visual_odometry_bridge]: published 100 vehicle_visual_odometry samples (last NED pos=(0.00,0.00,-0.00))
[WARN] [1788710982.101194420] [visual_odometry_bridge]: Rejected cuVSLAM update: implied speed 16.2 m/s (jumped 0.52m in 32ms) -- holding last known-good position, not forwarding to EKF2. (1 rejected total)
[WARN] [1788710986.071156365] [visual_odometry_bridge]: Rejected cuVSLAM update: implied speed 81.6 m/s (jumped 2.61m in 32ms) -- holding last known-good position, not forwarding to EKF2. (7 rejected total)
[WARN] [1788710987.105464710] [visual_odometry_bridge]: Rejected cuVSLAM update: implied speed 8.6 m/s (jumped 4.79m in 560ms) -- holding last known-good position, not forwarding to EKF2. (25 rejected total)
[INFO] [1788710987.315394282] [visual_odometry_bridge]: published 300 vehicle_visual_odometry samples (last NED pos=(1.20,2.97,0.16))
[WARN] [1788710988.106468367] [visual_odometry_bridge]: Rejected cuVSLAM update: implied speed 15.8 m/s (jumped 0.50m in 32ms) -- holding last known-good position, not forwarding to EKF2. (26 rejected total)
[WARN] [1788710989.112105293] [visual_odometry_bridge]: Rejected cuVSLAM update: implied speed 13.8 m/s (jumped 1.82m in 132ms) -- holding last known-good position, not forwarding to EKF2. (37 rejected total)
[WARN] [1788710990.543889915] [visual_odometry_bridge]: Rejected cuVSLAM update: implied speed 47.0 m/s (jumped 1.69m in 36ms) -- holding last known-good position, not forwarding to EKF2. (45 rejected total)
[INFO] [1788710993.557721499] [visual_odometry_bridge]: published 400 vehicle_visual_odometry samples (last NED pos=(-0.03,0.88,9.14))
[WARN] [1788710995.748572269] [visual_odometry_bridge]: Rejected cuVSLAM update: implied speed 76.2 m/s (jumped 2.44m in 32ms) -- holding last known-good position, not forwarding to EKF2. (52 rejected total)
[WARN] [1788710997.098907600] [visual_odometry_bridge]: Rejected cuVSLAM update: implied speed 12.1 m/s (jumped 0.39m in 32ms) -- holding last known-good position, not forwarding to EKF2. (61 rejected total)
[WARN] [1788710998.594318696] [visual_odometry_bridge]: Rejected cuVSLAM update: implied speed 17.5 m/s (jumped 0.63m in 36ms) -- holding last known-good position, not forwarding to EKF2. (72 rejected total)
[WARN] [1788710999.608296227] [visual_odometry_bridge]: Rejected cuVSLAM update: implied speed 29.0 m/s (jumped 4.87m in 168ms) -- holding last known-good position, not forwarding to EKF2. (78 rejected total)
[INFO] [1788711000.731268487] [visual_odometry_bridge]: published 500 vehicle_visual_odometry samples (last NED pos=(-7.65,6.11,12.57))
[WARN] [1788711001.137335379] [visual_odometry_bridge]: Rejected cuVSLAM update: implied speed 71.7 m/s (jumped 2.30m in 32ms) -- holding last known-good position, not forwarding to EKF2. (93 rejected total)
[WARN] [1788711002.216213799] [visual_odometry_bridge]: Rejected cuVSLAM update: implied speed 9.8 m/s (jumped 0.31m in 32ms) -- holding last known-good position, not forwarding to EKF2. (104 rejected total)
[WARN] [1788711003.816335086] [visual_odometry_bridge]: Rejected cuVSLAM update: implied speed 9.4 m/s (jumped 0.30m in 32ms) -- holding last known-good position, not forwarding to EKF2. (108 rejected total)
[WARN] [1788711004.926889012] [visual_odometry_bridge]: Rejected cuVSLAM update: implied speed 59.8 m/s (jumped 2.15m in 36ms) -- holding last known-good position, not forwarding to EKF2. (109 rejected total)
[WARN] [1788711005.970635804] [visual_odometry_bridge]: Rejected cuVSLAM update: implied speed 10.1 m/s (jumped 7.34m in 728ms) -- holding last known-good position, not forwarding to EKF2. (130 rejected total)
Traceback (most recent call last):
  File "/workspaces/isaac_ros-dev/ros2_ws/install/px4_vslam_bridge/lib/python3.10/site-packages/px4_vslam_bridge/visual_odometry_bridge.py", line 160, in main
    rclpy.spin(node)
  File "/opt/ros/humble/local/lib/python3.10/dist-packages/rclpy/__init__.py", line 229, in spin
    executor.spin_once()
  File "/opt/ros/humble/local/lib/python3.10/dist-packages/rclpy/executors.py", line 808, in spin_once
    self._spin_once_impl(timeout_sec)
  File "/opt/ros/humble/local/lib/python3.10/dist-packages/rclpy/executors.py", line 797, in _spin_once_impl
    handler, entity, node = self.wait_for_ready_callbacks(timeout_sec=timeout_sec)
  File "/opt/ros/humble/local/lib/python3.10/dist-packages/rclpy/executors.py", line 780, in wait_for_ready_callbacks
    return next(self._cb_iter)
  File "/opt/ros/humble/local/lib/python3.10/dist-packages/rclpy/executors.py", line 681, in _wait_for_ready_callbacks
    raise ExternalShutdownException()
rclpy.executors.ExternalShutdownException

During handling of the above exception, another exception occurred:

Traceback (most recent call last):
  File "/workspaces/isaac_ros-dev/ros2_ws/install/px4_vslam_bridge/lib/px4_vslam_bridge/visual_odometry_bridge", line 33, in <module>
    sys.exit(load_entry_point('px4-vslam-bridge==0.1.0', 'console_scripts', 'visual_odometry_bridge')())
  File "/workspaces/isaac_ros-dev/ros2_ws/install/px4_vslam_bridge/lib/python3.10/site-packages/px4_vslam_bridge/visual_odometry_bridge.py", line 165, in main
    rclpy.shutdown()
  File "/opt/ros/humble/local/lib/python3.10/dist-packages/rclpy/__init__.py", line 130, in shutdown
    _shutdown(context=context)
  File "/opt/ros/humble/local/lib/python3.10/dist-packages/rclpy/utilities.py", line 58, in shutdown
    return context.shutdown()
  File "/opt/ros/humble/local/lib/python3.10/dist-packages/rclpy/context.py", line 102, in shutdown
    self.__context.shutdown()
rclpy._rclpy_pybind11.RCLError: failed to shutdown: rcl_shutdown already called on the given context, at ./src/rcl/init.c:241
