stdin is not a terminal device. Keyboard handling disabled.[INFO] [1788529049.364639779] [rosbag2_recorder]: Press SPACE for pausing/resuming
[INFO] [1788529049.366796403] [rosbag2_storage]: Opened database '/workspaces/isaac_ros-dev/results/feasibility_gate/mini_dose_none_r3/rosbag/rosbag_0.db3' for READ_WRITE.
[INFO] [1788529049.368152450] [rosbag2_recorder]: Listening for topics...
[INFO] [1788529049.368163701] [rosbag2_recorder]: Event publisher thread: Starting
[INFO] [1788529049.368523845] [rosbag2_recorder]: Recording...
[INFO] [1788529049.472797674] [rosbag2_recorder]: Subscribed to topic '/clock'
[INFO] [1788529049.475492025] [rosbag2_recorder]: Subscribed to topic '/fmu/out/estimator_status_flags'
[INFO] [1788529049.478117727] [rosbag2_recorder]: Subscribed to topic '/ground_truth/odom'
[INFO] [1788529049.479815834] [rosbag2_recorder]: Subscribed to topic '/tf'
[INFO] [1788529049.481046105] [rosbag2_recorder]: Subscribed to topic '/stereo/left/camera_info'
[INFO] [1788529049.481814212] [rosbag2_recorder]: Subscribed to topic '/stereo/left/image'
[INFO] [1788529049.482447557] [rosbag2_recorder]: Subscribed to topic '/tf_static'
[INFO] [1788529049.482983439] [rosbag2_recorder]: Subscribed to topic '/stereo/right/camera_info'
[INFO] [1788529049.483977569] [rosbag2_recorder]: Subscribed to topic '/visual_slam/status'
[INFO] [1788529049.484684041] [rosbag2_recorder]: Subscribed to topic '/stereo/right/image'
[INFO] [1788529049.485622186] [rosbag2_recorder]: Subscribed to topic '/visual_slam/tracking/odometry'
[INFO] [1788529049.486303651] [rosbag2_recorder]: Subscribed to topic '/visual_slam/vis/observations_cloud'
[INFO] [1788529049.486317687] [rosbag2_recorder]: All requested topics are subscribed. Stopping discovery...
[INFO] [1788529091.461625610] [rosbag2_cpp]: Writing remaining messages from cache to the bag. It may take a while
[INFO] [1788529091.463390372] [rosbag2_recorder]: Event publisher thread: Exiting
[INFO] [1788529091.463462668] [rosbag2_recorder]: Recording stopped
