[INFO] [1788529049.938846192] [fast_planner_bridge]: fast_planner_bridge ready -- will capture home at arm time and climb (0.0, 0.0, -5.0) NED relative to it, then follow /planning/pos_cmd from Fast-Planner
[INFO] [1788529049.939269193] [fast_planner_bridge]: >>> Press ENTER to arm and fly (or set OFFBOARD_AUTO_START=1) <<<
[WARN] [1788529051.908714148] [fast_planner_bridge]: [tick 40] No data on /fmu/out/vehicle_local_position_v1.
[INFO] [1788529055.258772190] [fast_planner_bridge]: OFFBOARD + ARMED confirmed -- home_ned=(-0.029114238917827606, -0.000668415566906333, -0.07926589250564575), climbing to (-0.029114238917827606, -0.000668415566906333, -5.079265892505646).
[INFO] [1788529055.908857839] [fast_planner_bridge]: [CLIMBING] pos_ned=(-0.03,-0.01,-0.07) dist=5.01m
[INFO] [1788529056.908908504] [fast_planner_bridge]: [CLIMBING] pos_ned=(-0.02,-0.01,-0.07) dist=5.01m
[INFO] [1788529057.909018105] [fast_planner_bridge]: [CLIMBING] pos_ned=(-0.01,-0.01,-0.07) dist=5.01m
[INFO] [1788529058.909183327] [fast_planner_bridge]: [CLIMBING] pos_ned=(-0.02,-0.01,-0.09) dist=4.99m
[INFO] [1788529059.908684013] [fast_planner_bridge]: [CLIMBING] pos_ned=(-0.03,0.08,-0.08) dist=5.00m
[INFO] [1788529060.909064661] [fast_planner_bridge]: [CLIMBING] pos_ned=(0.00,0.12,-0.82) dist=4.26m
[INFO] [1788529061.909008628] [fast_planner_bridge]: [CLIMBING] pos_ned=(-0.15,0.01,-2.61) dist=2.47m
[INFO] [1788529062.908650798] [fast_planner_bridge]: [CLIMBING] pos_ned=(-0.16,-0.05,-3.80) dist=1.29m
[INFO] [1788529063.908808478] [fast_planner_bridge]: [CLIMBING] pos_ned=(-0.09,-0.05,-4.30) dist=0.78m
[INFO] [1788529064.909048229] [fast_planner_bridge]: [CLIMBING] pos_ned=(-0.02,-0.04,-4.57) dist=0.51m
[INFO] [1788529065.909049960] [fast_planner_bridge]: [CLIMBING] pos_ned=(0.01,-0.03,-4.74) dist=0.34m
[INFO] [1788529066.359058717] [fast_planner_bridge]: Climb complete (dist=0.30m) -- following Fast-Planner.
[INFO] [1788529066.909002656] [fast_planner_bridge]: [FOLLOWING] pos_ned=(0.01,-0.02,-4.74) target_ned=(-0.00,-0.04,-4.63) pos_cmd_age=0.00s
[INFO] [1788529067.908784519] [fast_planner_bridge]: [FOLLOWING] pos_ned=(0.02,-0.03,-4.60) target_ned=(0.05,-0.04,-4.64) pos_cmd_age=0.00s
[INFO] [1788529068.908963721] [fast_planner_bridge]: [FOLLOWING] pos_ned=(0.27,-0.18,-4.61) target_ned=(0.36,-0.18,-4.65) pos_cmd_age=0.00s
[INFO] [1788529069.908794277] [fast_planner_bridge]: [FOLLOWING] pos_ned=(0.85,-0.45,-4.64) target_ned=(0.95,-0.40,-4.68) pos_cmd_age=0.00s
[INFO] [1788529070.908889785] [fast_planner_bridge]: [FOLLOWING] pos_ned=(1.63,-0.67,-4.68) target_ned=(1.71,-0.64,-4.72) pos_cmd_age=0.00s
[INFO] [1788529071.909045402] [fast_planner_bridge]: [FOLLOWING] pos_ned=(2.42,-0.88,-4.73) target_ned=(2.49,-0.83,-4.76) pos_cmd_age=0.00s
[INFO] [1788529072.908865197] [fast_planner_bridge]: [FOLLOWING] pos_ned=(3.04,-0.97,-4.76) target_ned=(3.05,-0.91,-4.78) pos_cmd_age=0.00s
[INFO] [1788529073.908956495] [fast_planner_bridge]: [FOLLOWING] pos_ned=(3.48,-0.96,-4.79) target_ned=(3.36,-0.94,-4.80) pos_cmd_age=0.00s
[INFO] [1788529074.909015269] [fast_planner_bridge]: [FOLLOWING] pos_ned=(3.51,-0.88,-4.81) target_ned=(3.44,-0.94,-4.80) pos_cmd_age=0.00s
[INFO] [1788529075.909122871] [fast_planner_bridge]: [FOLLOWING] pos_ned=(3.55,-0.89,-4.82) target_ned=(3.66,-0.95,-4.81) pos_cmd_age=0.00s
[INFO] [1788529076.908832704] [fast_planner_bridge]: [FOLLOWING] pos_ned=(3.52,-0.89,-4.82) target_ned=(3.69,-0.96,-4.81) pos_cmd_age=0.00s
[INFO] [1788529077.908735253] [fast_planner_bridge]: [FOLLOWING] pos_ned=(3.53,-0.89,-4.83) target_ned=(3.69,-0.96,-4.81) pos_cmd_age=0.00s
[INFO] [1788529078.908916731] [fast_planner_bridge]: [FOLLOWING] pos_ned=(3.54,-0.87,-4.83) target_ned=(3.69,-0.96,-4.81) pos_cmd_age=0.00s
[INFO] [1788529079.909072957] [fast_planner_bridge]: [FOLLOWING] pos_ned=(3.55,-0.85,-4.84) target_ned=(3.55,-0.85,-4.84) pos_cmd_age=0.00s
[INFO] [1788529080.908844209] [fast_planner_bridge]: [FOLLOWING] pos_ned=(3.56,-0.84,-4.87) target_ned=(3.73,-0.86,-4.85) pos_cmd_age=0.00s
[INFO] [1788529081.909075397] [fast_planner_bridge]: [FOLLOWING] pos_ned=(3.55,-0.85,-4.86) target_ned=(3.84,-0.87,-4.85) pos_cmd_age=0.00s
[INFO] [1788529082.908741994] [fast_planner_bridge]: [FOLLOWING] pos_ned=(3.56,-0.86,-4.86) target_ned=(3.58,-0.86,-4.86) pos_cmd_age=0.00s
[INFO] [1788529083.908743084] [fast_planner_bridge]: [FOLLOWING] pos_ned=(3.57,-0.86,-4.83) target_ned=(3.81,-0.86,-4.85) pos_cmd_age=0.00s
[INFO] [1788529084.908906582] [fast_planner_bridge]: [FOLLOWING] pos_ned=(3.52,-1.01,-4.77) target_ned=(3.56,-0.95,-4.76) pos_cmd_age=0.00s
[INFO] [1788529085.908911080] [fast_planner_bridge]: [FOLLOWING] pos_ned=(3.54,-1.09,-4.84) target_ned=(3.59,-1.04,-4.80) pos_cmd_age=0.00s
[INFO] [1788529086.908949496] [fast_planner_bridge]: [FOLLOWING] pos_ned=(3.55,-1.07,-4.83) target_ned=(3.79,-1.05,-4.81) pos_cmd_age=0.00s
[INFO] [1788529087.908864617] [fast_planner_bridge]: [FOLLOWING] pos_ned=(3.56,-1.06,-4.85) target_ned=(3.64,-1.07,-4.83) pos_cmd_age=0.00s
[INFO] [1788529088.908669037] [fast_planner_bridge]: [FOLLOWING] pos_ned=(3.55,-1.05,-4.81) target_ned=(3.82,-1.07,-4.84) pos_cmd_age=0.00s
[INFO] [1788529089.909052325] [fast_planner_bridge]: [FOLLOWING] pos_ned=(3.57,-1.10,-4.82) target_ned=(3.60,-1.06,-4.81) pos_cmd_age=0.00s
[INFO] [1788529090.908857968] [fast_planner_bridge]: [FOLLOWING] pos_ned=(1.07,-5.16,-4.36) target_ned=(2.16,-3.52,-4.56) pos_cmd_age=0.00s
[WARN] [1788529091.795516531] [fast_planner_bridge]: Shutdown signal 15 received -- ceasing ARM requests, commanding AUTO.LAND, will disarm and exit once landed. If this doesn't complete and the vehicle needs to come down NOW, use emergency_stop.py instead of repeating this signal.
[INFO] [1788529091.908974269] [fast_planner_bridge]: Requesting AUTO.LAND... nav_state=14
[INFO] [1788529091.958954673] [fast_planner_bridge]: AUTO.LAND confirmed -- ceasing offboard setpoints, handing off to the autopilot.
[INFO] [1788529093.908679889] [fast_planner_bridge]: Waiting for disarm (backstop disarm sent)... arming_state=2
