[INFO] [1788714965.116020720] [vslam_compare]: vslam_compare: logging per-message CSV to /workspaces/isaac_ros-dev/results/route2_probe/r2_none_r128/vslam_compare.csv (exp_id='r2_none_r128')
[INFO] [1788714965.134001191] [vslam_compare]: vslam_compare ready -- watching /visual_slam/tracking/odometry vs /ground_truth/odom
[INFO] [1788714965.135067697] [vslam_compare]: Ground truth origin set: (0.02877204120159149, 0.00127303262706846, 0.05160149931907654)
[INFO] [1788714965.144162150] [vslam_compare]: cuVSLAM origin set: (0.0, 0.0, 0.0) -- tracking initialized
[INFO] [1788714966.135099836] [vslam_compare]: gt=(-0.0, 0.0, 0.0) vslam=(0.0, 0.0, 0.0) error=0.005m max_error=0.005m (n=1)
[INFO] [1788714967.134226864] [vslam_compare]: gt=(-0.0, -0.0, 0.0) vslam=(0.0, 0.0, 0.0) error=0.006m max_error=0.006m (n=2)
[INFO] [1788714968.134214661] [vslam_compare]: gt=(-0.0, -0.01, -0.0) vslam=(0.0, 0.0, 0.0) error=0.015m max_error=0.015m (n=3)
[INFO] [1788714969.134281529] [vslam_compare]: gt=(-0.01, -0.02, -0.0) vslam=(0.0, 0.0, 0.0) error=0.017m max_error=0.017m (n=4)
[INFO] [1788714970.134455732] [vslam_compare]: gt=(-0.0, -0.02, -0.01) vslam=(0.0, 0.0, 0.0) error=0.023m max_error=0.023m (n=5)
[INFO] [1788714971.134388840] [vslam_compare]: gt=(-0.0, -0.02, -0.01) vslam=(0.0, 0.0, 0.0) error=0.026m max_error=0.026m (n=6)
[INFO] [1788714972.134338561] [vslam_compare]: gt=(-0.01, -0.03, 0.0) vslam=(0.0, 0.01, -0.0) error=0.033m max_error=0.033m (n=7)
[INFO] [1788714973.134286399] [vslam_compare]: gt=(-0.0, -0.03, 0.0) vslam=(-1.64, 3.67, -2.5) error=4.758m max_error=4.758m (n=8)
[INFO] [1788714974.134116537] [vslam_compare]: gt=(-0.01, -0.04, -0.0) vslam=(-1.62, 3.68, -2.53) error=4.782m max_error=4.782m (n=9)
[INFO] [1788714975.134253245] [vslam_compare]: gt=(-0.01, -0.04, -0.0) vslam=(-1.73, 3.71, -2.39) error=4.768m max_error=4.782m (n=10)
[INFO] [1788714976.134398260] [vslam_compare]: gt=(0.03, -0.08, -0.0) vslam=(-1.91, 3.74, -2.21) error=4.820m max_error=4.820m (n=11)
[INFO] [1788714977.134252106] [vslam_compare]: gt=(0.13, -0.09, 0.24) vslam=(-9.48, 2.05, 7.59) error=12.293m max_error=12.293m (n=12)
[INFO] [1788714978.134740663] [vslam_compare]: gt=(0.02, -0.09, 1.69) vslam=(-8.28, 3.02, 8.14) error=10.966m max_error=12.293m (n=13)
[INFO] [1788714979.134141204] [vslam_compare]: gt=(-0.11, -0.07, 3.4) vslam=(-5.6, 5.66, 8.12) error=9.228m max_error=12.293m (n=14)
[INFO] [1788714980.134346990] [vslam_compare]: gt=(-0.26, 0.01, 4.29) vslam=(-5.14, 6.08, 8.57) error=8.882m max_error=12.293m (n=15)
[INFO] [1788714981.134671029] [vslam_compare]: gt=(-0.2, 0.06, 4.58) vslam=(-5.1, 6.16, 8.8) error=8.893m max_error=12.293m (n=16)
[INFO] [1788714982.134090390] [vslam_compare]: gt=(-0.04, 0.06, 4.69) vslam=(-5.15, 6.17, 8.94) error=9.035m max_error=12.293m (n=17)
[INFO] [1788714983.134235543] [vslam_compare]: gt=(0.05, 0.02, 4.67) vslam=(-5.22, 6.18, 8.99) error=9.185m max_error=12.293m (n=18)
[INFO] [1788714984.134406317] [vslam_compare]: gt=(0.05, 0.02, 4.58) vslam=(-5.26, 6.16, 8.97) error=9.228m max_error=12.293m (n=19)
[INFO] [1788714985.134222330] [vslam_compare]: gt=(-0.01, 0.08, 4.56) vslam=(-5.25, 6.17, 8.96) error=9.165m max_error=12.293m (n=20)
[INFO] [1788714986.134229837] [vslam_compare]: gt=(-0.4, 0.44, 4.59) vslam=(-4.89, 5.98, 9.22) error=8.507m max_error=12.293m (n=21)
[INFO] [1788714987.134361139] [vslam_compare]: gt=(-0.78, 1.19, 4.69) vslam=(-4.35, 5.75, 9.41) error=7.468m max_error=12.293m (n=22)
[INFO] [1788714988.134210017] [vslam_compare]: gt=(-1.21, 1.99, 4.81) vslam=(-3.03, 6.82, 9.49) error=6.967m max_error=12.293m (n=23)
[INFO] [1788714989.134274825] [vslam_compare]: gt=(-1.57, 2.67, 4.98) vslam=(-1.58, 8.34, 9.2) error=7.076m max_error=12.293m (n=24)
[INFO] [1788714990.134245416] [vslam_compare]: gt=(-1.76, 3.07, 5.06) vslam=(-1.24, 7.88, 9.19) error=6.365m max_error=12.293m (n=25)
[INFO] [1788714991.134196070] [vslam_compare]: gt=(-1.52, 3.23, 4.98) vslam=(-1.66, 8.03, 9.14) error=6.354m max_error=12.293m (n=26)
[INFO] [1788714992.134262003] [vslam_compare]: gt=(-0.76, 3.58, 4.75) vslam=(-2.46, 8.5, 9.02) error=6.739m max_error=12.293m (n=27)
[INFO] [1788714993.134284395] [vslam_compare]: gt=(0.07, 3.74, 4.75) vslam=(-3.15, 7.92, 9.53) error=7.123m max_error=12.293m (n=28)
[INFO] [1788714994.134193283] [vslam_compare]: gt=(0.74, 4.15, 4.68) vslam=(-3.25, 7.17, 9.66) error=7.064m max_error=12.293m (n=29)
[INFO] [1788714995.134286951] [vslam_compare]: gt=(1.12, 4.83, 4.68) vslam=(-2.59, 8.2, 9.65) error=7.062m max_error=12.293m (n=30)
[INFO] [1788714996.134331547] [vslam_compare]: gt=(1.3, 5.28, 4.66) vslam=(-2.47, 8.95, 9.9) error=7.417m max_error=12.293m (n=31)
[INFO] [1788714997.134466705] [vslam_compare]: gt=(1.21, 5.53, 4.65) vslam=(-3.15, 8.92, 10.63) error=8.141m max_error=12.293m (n=32)
[INFO] [1788714998.134339728] [vslam_compare]: gt=(0.72, 5.81, 4.57) vslam=(-2.84, 9.75, 10.77) error=8.166m max_error=12.293m (n=33)
[INFO] [1788714999.134292974] [vslam_compare]: gt=(0.1, 5.89, 4.62) vslam=(-2.15, 10.41, 10.86) error=8.026m max_error=12.293m (n=34)
Traceback (most recent call last):
  File "/workspaces/isaac_ros-dev/ros2_ws/install/px4_vslam_bridge/lib/python3.10/site-packages/px4_vslam_bridge/vslam_compare.py", line 194, in main
    rclpy.spin(node)
  File "/opt/ros/humble/local/lib/python3.10/dist-packages/rclpy/__init__.py", line 229, in spin
    executor.spin_once()
  File "/opt/ros/humble/local/lib/python3.10/dist-packages/rclpy/executors.py", line 808, in spin_once
    self._spin_once_impl(timeout_sec)
  File "/opt/ros/humble/local/lib/python3.10/dist-packages/rclpy/executors.py", line 797, in _spin_once_impl
    handler, entity, node = self.wait_for_ready_callbacks(timeout_sec=timeout_sec)
  File "/opt/ros/humble/local/lib/python3.10/dist-packages/rclpy/executors.py", line 780, in wait_for_ready_callbacks
    return next(self._cb_iter)
  File "/opt/ros/humble/local/lib/python3.10/dist-packages/rclpy/executors.py", line 681, in _wait_for_ready_callbacks
    raise ExternalShutdownException()
rclpy.executors.ExternalShutdownException

During handling of the above exception, another exception occurred:

Traceback (most recent call last):
  File "/workspaces/isaac_ros-dev/ros2_ws/install/px4_vslam_bridge/lib/px4_vslam_bridge/vslam_compare", line 33, in <module>
    sys.exit(load_entry_point('px4-vslam-bridge==0.1.0', 'console_scripts', 'vslam_compare')())
  File "/workspaces/isaac_ros-dev/ros2_ws/install/px4_vslam_bridge/lib/python3.10/site-packages/px4_vslam_bridge/vslam_compare.py", line 199, in main
    rclpy.shutdown()
  File "/opt/ros/humble/local/lib/python3.10/dist-packages/rclpy/__init__.py", line 130, in shutdown
    _shutdown(context=context)
  File "/opt/ros/humble/local/lib/python3.10/dist-packages/rclpy/utilities.py", line 58, in shutdown
    return context.shutdown()
  File "/opt/ros/humble/local/lib/python3.10/dist-packages/rclpy/context.py", line 102, in shutdown
    self.__context.shutdown()
rclpy._rclpy_pybind11.RCLError: failed to shutdown: rcl_shutdown already called on the given context, at ./src/rcl/init.c:241
