[INFO] [1788529482.284322944] [fast_planner_bridge]: fast_planner_bridge ready -- will capture home at arm time and climb (0.0, 0.0, -5.0) NED relative to it, then follow /planning/pos_cmd from Fast-Planner
[INFO] [1788529482.284718406] [fast_planner_bridge]: >>> Press ENTER to arm and fly (or set OFFBOARD_AUTO_START=1) <<<
[INFO] [1788529485.152850847] [fast_planner_bridge]: OFFBOARD + ARMED confirmed -- home_ned=(0.015143876895308495, 0.002780567156150937, 0.05174688994884491), climbing to (0.015143876895308495, 0.002780567156150937, -4.948253110051155).
[INFO] [1788529485.253188289] [fast_planner_bridge]: [CLIMBING] pos_ned=(0.01,0.00,0.05) dist=5.00m
[INFO] [1788529486.253044391] [fast_planner_bridge]: [CLIMBING] pos_ned=(0.01,0.01,0.06) dist=5.01m
[INFO] [1788529487.253300390] [fast_planner_bridge]: [CLIMBING] pos_ned=(0.00,0.00,0.06) dist=5.01m
[INFO] [1788529488.253383563] [fast_planner_bridge]: [CLIMBING] pos_ned=(0.01,-0.01,0.06) dist=5.01m
[INFO] [1788529489.253278830] [fast_planner_bridge]: [CLIMBING] pos_ned=(0.02,0.03,0.05) dist=5.00m
[INFO] [1788529490.253119402] [fast_planner_bridge]: [CLIMBING] pos_ned=(0.03,0.09,0.04) dist=4.99m
[INFO] [1788529491.253389566] [fast_planner_bridge]: [CLIMBING] pos_ned=(0.00,0.04,-0.02) dist=4.93m
[INFO] [1788529492.253166783] [fast_planner_bridge]: [CLIMBING] pos_ned=(-0.18,-0.27,-0.97) dist=3.99m
[INFO] [1788529493.253224905] [fast_planner_bridge]: [CLIMBING] pos_ned=(-0.36,-0.23,-2.62) dist=2.36m
[INFO] [1788529494.253408328] [fast_planner_bridge]: [CLIMBING] pos_ned=(-0.26,-0.05,-3.59) dist=1.38m
[INFO] [1788529495.253313967] [fast_planner_bridge]: [CLIMBING] pos_ned=(-0.09,0.00,-4.06) dist=0.89m
[INFO] [1788529496.253365667] [fast_planner_bridge]: [CLIMBING] pos_ned=(0.03,0.04,-4.34) dist=0.61m
[INFO] [1788529497.252976417] [fast_planner_bridge]: [CLIMBING] pos_ned=(0.11,0.05,-4.51) dist=0.45m
[INFO] [1788529498.253666649] [fast_planner_bridge]: [CLIMBING] pos_ned=(0.15,0.03,-4.65) dist=0.33m
[INFO] [1788529498.653522943] [fast_planner_bridge]: Climb complete (dist=0.29m) -- following Fast-Planner.
[INFO] [1788529499.253315625] [fast_planner_bridge]: [FOLLOWING] pos_ned=(0.12,0.03,-4.67) target_ned=(0.15,0.03,-4.65) pos_cmd_age=0.01s
[INFO] [1788529500.253425693] [fast_planner_bridge]: [FOLLOWING] pos_ned=(0.16,0.04,-4.59) target_ned=(0.15,0.03,-4.65) pos_cmd_age=0.01s
[INFO] [1788529501.253130077] [fast_planner_bridge]: [FOLLOWING] pos_ned=(0.22,0.03,-4.56) target_ned=(0.23,-0.03,-4.62) pos_cmd_age=0.01s
[INFO] [1788529502.253348482] [fast_planner_bridge]: [FOLLOWING] pos_ned=(0.53,-0.25,-4.54) target_ned=(0.60,-0.29,-4.56) pos_cmd_age=0.01s
[INFO] [1788529503.253010210] [fast_planner_bridge]: [FOLLOWING] pos_ned=(1.24,-0.65,-4.55) target_ned=(1.23,-0.77,-4.54) pos_cmd_age=0.01s
[INFO] [1788529504.253325731] [fast_planner_bridge]: [FOLLOWING] pos_ned=(1.98,-1.14,-4.60) target_ned=(1.89,-1.35,-4.61) pos_cmd_age=0.01s
[INFO] [1788529505.253231720] [fast_planner_bridge]: [FOLLOWING] pos_ned=(2.81,-1.27,-4.60) target_ned=(2.61,-1.89,-4.69) pos_cmd_age=0.01s
[INFO] [1788529506.253019475] [fast_planner_bridge]: [FOLLOWING] pos_ned=(3.38,-1.61,-4.53) target_ned=(2.96,-1.28,-4.58) pos_cmd_age=0.01s
[INFO] [1788529507.253328906] [fast_planner_bridge]: [FOLLOWING] pos_ned=(3.28,-1.71,-4.59) target_ned=(2.96,-1.28,-4.58) pos_cmd_age=0.01s
[INFO] [1788529508.253478393] [fast_planner_bridge]: [FOLLOWING] pos_ned=(2.99,-1.53,-4.62) target_ned=(3.00,-1.31,-4.58) pos_cmd_age=0.01s
[INFO] [1788529509.253171972] [fast_planner_bridge]: [FOLLOWING] pos_ned=(3.11,-1.59,-4.68) target_ned=(3.25,-1.61,-4.61) pos_cmd_age=0.01s
[INFO] [1788529510.253431139] [fast_planner_bridge]: [FOLLOWING] pos_ned=(3.55,-2.03,-4.74) target_ned=(3.68,-2.14,-4.68) pos_cmd_age=0.01s
[INFO] [1788529511.253254875] [fast_planner_bridge]: [FOLLOWING] pos_ned=(4.11,-2.79,-4.81) target_ned=(4.25,-2.80,-4.79) pos_cmd_age=0.01s
[INFO] [1788529512.253343556] [fast_planner_bridge]: [FOLLOWING] pos_ned=(4.76,-3.42,-4.91) target_ned=(4.88,-3.44,-4.90) pos_cmd_age=0.01s
[INFO] [1788529513.253177866] [fast_planner_bridge]: [FOLLOWING] pos_ned=(5.34,-3.82,-4.95) target_ned=(5.48,-3.82,-4.95) pos_cmd_age=0.01s
[INFO] [1788529514.253379863] [fast_planner_bridge]: [FOLLOWING] pos_ned=(5.90,-3.99,-4.94) target_ned=(6.09,-3.97,-4.96) pos_cmd_age=0.01s
[INFO] [1788529515.253250044] [fast_planner_bridge]: [FOLLOWING] pos_ned=(6.53,-3.98,-4.94) target_ned=(6.64,-3.98,-4.95) pos_cmd_age=0.01s
[INFO] [1788529516.253143265] [fast_planner_bridge]: [FOLLOWING] pos_ned=(6.97,-3.96,-4.84) target_ned=(6.97,-3.91,-4.93) pos_cmd_age=0.01s
[INFO] [1788529517.253084834] [fast_planner_bridge]: [FOLLOWING] pos_ned=(7.07,-3.88,-4.89) target_ned=(7.03,-3.75,-4.91) pos_cmd_age=0.01s
[INFO] [1788529518.253573746] [fast_planner_bridge]: [FOLLOWING] pos_ned=(6.90,-3.53,-4.79) target_ned=(6.78,-3.50,-4.91) pos_cmd_age=0.01s
[INFO] [1788529519.253234822] [fast_planner_bridge]: [FOLLOWING] pos_ned=(6.39,-3.17,-4.96) target_ned=(6.26,-3.17,-4.96) pos_cmd_age=0.01s
[INFO] [1788529520.253072325] [fast_planner_bridge]: [FOLLOWING] pos_ned=(5.74,-2.83,-5.02) target_ned=(5.68,-2.78,-5.00) pos_cmd_age=0.01s
[INFO] [1788529521.253376141] [fast_planner_bridge]: [FOLLOWING] pos_ned=(5.24,-2.40,-5.06) target_ned=(5.25,-2.42,-5.04) pos_cmd_age=0.01s
[INFO] [1788529522.253391611] [fast_planner_bridge]: [FOLLOWING] pos_ned=(4.91,-2.20,-5.06) target_ned=(5.00,-2.23,-5.11) pos_cmd_age=0.01s
[INFO] [1788529523.253060308] [fast_planner_bridge]: [FOLLOWING] pos_ned=(4.95,-2.26,-5.19) target_ned=(5.06,-2.34,-5.23) pos_cmd_age=0.01s
[INFO] [1788529524.253201809] [fast_planner_bridge]: [FOLLOWING] pos_ned=(5.43,-2.43,-5.25) target_ned=(5.43,-2.60,-5.32) pos_cmd_age=0.01s
[INFO] [1788529525.253054805] [fast_planner_bridge]: [FOLLOWING] pos_ned=(4.33,-2.41,-5.03) target_ned=(4.91,-2.56,-5.20) pos_cmd_age=0.01s
[WARN] [1788529525.474395483] [fast_planner_bridge]: Shutdown signal 15 received -- ceasing ARM requests, commanding AUTO.LAND, will disarm and exit once landed. If this doesn't complete and the vehicle needs to come down NOW, use emergency_stop.py instead of repeating this signal.
[INFO] [1788529525.503301149] [fast_planner_bridge]: Requesting AUTO.LAND... nav_state=14
[INFO] [1788529525.553427835] [fast_planner_bridge]: AUTO.LAND confirmed -- ceasing offboard setpoints, handing off to the autopilot.
[INFO] [1788529526.252876539] [fast_planner_bridge]: Waiting for disarm (backstop disarm sent)... arming_state=2
[INFO] [1788529528.253195535] [fast_planner_bridge]: Waiting for disarm (backstop disarm sent)... arming_state=2
