[INFO] [1788748725.571809794] [reactive_esdf_avoidance]: reactive_esdf_avoidance ready -- climb to (0.0, 0.0, -5.0) NED, then reactively fly to goal (7.0, 0.0, 5.0) ENU
[INFO] [1788748725.572203777] [reactive_esdf_avoidance]: >>> Press ENTER to arm and fly (or set OFFBOARD_AUTO_START=1) <<<
[INFO] [1788748729.093012064] [reactive_esdf_avoidance]: OFFBOARD + ARMED confirmed -- climbing.
[INFO] [1788748729.543021095] [reactive_esdf_avoidance]: [CLIMBING] pos_ned=(0.01,-0.01,-0.05) dist=4.95m
[INFO] [1788748730.542999772] [reactive_esdf_avoidance]: [CLIMBING] pos_ned=(0.01,-0.01,-0.05) dist=4.95m
[INFO] [1788748731.543075463] [reactive_esdf_avoidance]: [CLIMBING] pos_ned=(0.01,-0.02,-0.05) dist=4.95m
[INFO] [1788748732.542970404] [reactive_esdf_avoidance]: [CLIMBING] pos_ned=(0.00,-0.01,-0.05) dist=4.95m
[INFO] [1788748733.543094290] [reactive_esdf_avoidance]: [CLIMBING] pos_ned=(-0.00,0.04,-0.05) dist=4.95m
[INFO] [1788748734.543168498] [reactive_esdf_avoidance]: [CLIMBING] pos_ned=(0.03,0.11,-0.54) dist=4.46m
[INFO] [1788748735.543080803] [reactive_esdf_avoidance]: [CLIMBING] pos_ned=(-0.09,0.06,-2.08) dist=2.93m
[INFO] [1788748736.543274652] [reactive_esdf_avoidance]: [CLIMBING] pos_ned=(-0.12,-0.04,-3.57) dist=1.43m
[INFO] [1788748737.542959795] [reactive_esdf_avoidance]: [CLIMBING] pos_ned=(-0.05,-0.10,-4.21) dist=0.80m
[INFO] [1788748738.543528402] [reactive_esdf_avoidance]: [CLIMBING] pos_ned=(0.02,-0.09,-4.52) dist=0.49m
[INFO] [1788748739.542908884] [reactive_esdf_avoidance]: [CLIMBING] pos_ned=(0.05,-0.03,-4.69) dist=0.31m
[INFO] [1788748739.692767772] [reactive_esdf_avoidance]: Climb complete (dist=0.29m) -- starting reactive avoidance.
[INFO] [1788748740.543215823] [reactive_esdf_avoidance]: [REACTIVE NAV] pos_enu=(0.01,0.06,4.78) goal_dist=7.00m nearest_obstacle=0.43m
[INFO] [1788748741.543036537] [reactive_esdf_avoidance]: [REACTIVE NAV] pos_enu=(0.09,-0.01,4.83) goal_dist=6.91m nearest_obstacle=0.54m
[INFO] [1788748742.543135920] [reactive_esdf_avoidance]: [REACTIVE NAV] pos_enu=(0.20,-0.12,4.90) goal_dist=6.80m nearest_obstacle=0.68m
[INFO] [1788748743.543120858] [reactive_esdf_avoidance]: [REACTIVE NAV] pos_enu=(0.34,-0.23,5.00) goal_dist=6.66m nearest_obstacle=0.75m
[INFO] [1788748744.543355699] [reactive_esdf_avoidance]: [REACTIVE NAV] pos_enu=(0.47,-0.35,5.01) goal_dist=6.54m nearest_obstacle=0.57m
[INFO] [1788748745.542924602] [reactive_esdf_avoidance]: [REACTIVE NAV] pos_enu=(0.44,-0.53,5.04) goal_dist=6.58m nearest_obstacle=0.57m
[INFO] [1788748746.542881561] [reactive_esdf_avoidance]: [REACTIVE NAV] pos_enu=(0.36,-0.71,5.09) goal_dist=6.68m nearest_obstacle=0.75m
[INFO] [1788748747.543033817] [reactive_esdf_avoidance]: [REACTIVE NAV] pos_enu=(0.28,-0.92,5.13) goal_dist=6.78m nearest_obstacle=0.94m
[INFO] [1788748748.542925500] [reactive_esdf_avoidance]: [REACTIVE NAV] pos_enu=(0.24,-1.12,5.20) goal_dist=6.86m nearest_obstacle=1.14m
[INFO] [1788748749.542977623] [reactive_esdf_avoidance]: [REACTIVE NAV] pos_enu=(0.22,-1.31,5.22) goal_dist=6.91m nearest_obstacle=1.27m
[INFO] [1788748750.542911294] [reactive_esdf_avoidance]: [REACTIVE NAV] pos_enu=(0.24,-1.47,5.25) goal_dist=6.92m nearest_obstacle=1.52m
[INFO] [1788748751.542839988] [reactive_esdf_avoidance]: [REACTIVE NAV] pos_enu=(0.30,-1.61,5.28) goal_dist=6.90m nearest_obstacle=1.59m
[INFO] [1788748752.542840103] [reactive_esdf_avoidance]: [REACTIVE NAV] pos_enu=(0.37,-1.73,5.29) goal_dist=6.86m nearest_obstacle=1.68m
[INFO] [1788748753.543138001] [reactive_esdf_avoidance]: [REACTIVE NAV] pos_enu=(0.47,-1.81,5.31) goal_dist=6.79m nearest_obstacle=1.80m
[INFO] [1788748754.543157489] [reactive_esdf_avoidance]: [REACTIVE NAV] pos_enu=(0.57,-1.88,5.35) goal_dist=6.70m nearest_obstacle=1.83m
[INFO] [1788748755.543098129] [reactive_esdf_avoidance]: [REACTIVE NAV] pos_enu=(0.68,-1.94,5.36) goal_dist=6.62m nearest_obstacle=1.87m
[INFO] [1788748756.543107083] [reactive_esdf_avoidance]: [REACTIVE NAV] pos_enu=(0.81,-2.01,5.39) goal_dist=6.52m nearest_obstacle=1.96m
[INFO] [1788748757.543061134] [reactive_esdf_avoidance]: [REACTIVE NAV] pos_enu=(0.93,-2.06,5.41) goal_dist=6.42m nearest_obstacle=2.00m
[INFO] [1788748758.543274423] [reactive_esdf_avoidance]: [REACTIVE NAV] pos_enu=(1.09,-2.06,5.41) goal_dist=6.27m nearest_obstacle=0.89m
[INFO] [1788748759.543097268] [reactive_esdf_avoidance]: [REACTIVE NAV] pos_enu=(1.16,-2.12,5.45) goal_dist=6.23m nearest_obstacle=0.50m
[INFO] [1788748760.543506377] [reactive_esdf_avoidance]: [REACTIVE NAV] pos_enu=(1.09,-2.29,5.47) goal_dist=6.36m nearest_obstacle=0.57m
[INFO] [1788748761.542982262] [reactive_esdf_avoidance]: [REACTIVE NAV] pos_enu=(1.01,-2.48,5.53) goal_dist=6.50m nearest_obstacle=0.75m
[INFO] [1788748762.543123873] [reactive_esdf_avoidance]: [REACTIVE NAV] pos_enu=(0.94,-2.65,5.59) goal_dist=6.64m nearest_obstacle=0.00m
[INFO] [1788748763.542910797] [reactive_esdf_avoidance]: [REACTIVE NAV] pos_enu=(0.89,-2.83,5.61) goal_dist=6.76m nearest_obstacle=0.00m
[INFO] [1788748764.543305364] [reactive_esdf_avoidance]: [REACTIVE NAV] pos_enu=(0.82,-3.01,5.66) goal_dist=6.91m nearest_obstacle=0.00m
[INFO] [1788748765.543094074] [reactive_esdf_avoidance]: [REACTIVE NAV] pos_enu=(0.71,-3.17,5.70) goal_dist=7.07m nearest_obstacle=0.00m
[INFO] [1788748766.542952929] [reactive_esdf_avoidance]: [REACTIVE NAV] pos_enu=(0.67,-3.33,5.73) goal_dist=7.19m nearest_obstacle=0.00m
[INFO] [1788748767.543124003] [reactive_esdf_avoidance]: [REACTIVE NAV] pos_enu=(0.76,-3.48,5.75) goal_dist=7.19m nearest_obstacle=0.00m
[INFO] [1788748768.542728874] [reactive_esdf_avoidance]: [REACTIVE NAV] pos_enu=(0.84,-3.63,5.80) goal_dist=7.19m nearest_obstacle=0.00m
[INFO] [1788748769.542879900] [reactive_esdf_avoidance]: [REACTIVE NAV] pos_enu=(0.92,-3.79,5.84) goal_dist=7.21m nearest_obstacle=0.00m
[INFO] [1788748770.542774416] [reactive_esdf_avoidance]: [REACTIVE NAV] pos_enu=(1.03,-3.94,5.88) goal_dist=7.20m nearest_obstacle=0.00m
[INFO] [1788748771.543287306] [reactive_esdf_avoidance]: [REACTIVE NAV] pos_enu=(1.13,-4.07,5.90) goal_dist=7.20m nearest_obstacle=0.00m
[INFO] [1788748772.543094536] [reactive_esdf_avoidance]: [REACTIVE NAV] pos_enu=(1.16,-4.13,5.91) goal_dist=7.22m nearest_obstacle=0.00m
[INFO] [1788748773.543119021] [reactive_esdf_avoidance]: [REACTIVE NAV] pos_enu=(1.14,-4.13,5.91) goal_dist=7.23m nearest_obstacle=0.00m
[INFO] [1788748774.542841659] [reactive_esdf_avoidance]: [REACTIVE NAV] pos_enu=(1.12,-4.11,5.92) goal_dist=7.23m nearest_obstacle=0.00m
[INFO] [1788748775.542810237] [reactive_esdf_avoidance]: [REACTIVE NAV] pos_enu=(1.12,-4.08,5.92) goal_dist=7.22m nearest_obstacle=0.00m
[INFO] [1788748776.543082536] [reactive_esdf_avoidance]: [REACTIVE NAV] pos_enu=(1.13,-4.09,5.92) goal_dist=7.21m nearest_obstacle=0.00m
[INFO] [1788748777.543214215] [reactive_esdf_avoidance]: [REACTIVE NAV] pos_enu=(1.12,-4.10,5.92) goal_dist=7.23m nearest_obstacle=0.00m
[INFO] [1788748778.542824175] [reactive_esdf_avoidance]: [REACTIVE NAV] pos_enu=(1.13,-4.08,5.92) goal_dist=7.21m nearest_obstacle=0.00m
[INFO] [1788748779.543278569] [reactive_esdf_avoidance]: [REACTIVE NAV] pos_enu=(1.14,-4.05,5.92) goal_dist=7.19m nearest_obstacle=0.00m
[INFO] [1788748780.542950977] [reactive_esdf_avoidance]: [REACTIVE NAV] pos_enu=(1.15,-4.05,5.92) goal_dist=7.18m nearest_obstacle=0.00m
Traceback (most recent call last):
  File "/workspaces/isaac_ros-dev/ros2_ws/install/px4_vslam_bridge/lib/python3.10/site-packages/px4_vslam_bridge/reactive_esdf_avoidance.py", line 393, in main
    rclpy.spin(node)
  File "/opt/ros/humble/local/lib/python3.10/dist-packages/rclpy/__init__.py", line 229, in spin
    executor.spin_once()
  File "/opt/ros/humble/local/lib/python3.10/dist-packages/rclpy/executors.py", line 808, in spin_once
    self._spin_once_impl(timeout_sec)
  File "/opt/ros/humble/local/lib/python3.10/dist-packages/rclpy/executors.py", line 797, in _spin_once_impl
    handler, entity, node = self.wait_for_ready_callbacks(timeout_sec=timeout_sec)
  File "/opt/ros/humble/local/lib/python3.10/dist-packages/rclpy/executors.py", line 780, in wait_for_ready_callbacks
    return next(self._cb_iter)
  File "/opt/ros/humble/local/lib/python3.10/dist-packages/rclpy/executors.py", line 681, in _wait_for_ready_callbacks
    raise ExternalShutdownException()
rclpy.executors.ExternalShutdownException

During handling of the above exception, another exception occurred:

Traceback (most recent call last):
  File "/workspaces/isaac_ros-dev/ros2_ws/install/px4_vslam_bridge/lib/px4_vslam_bridge/reactive_esdf_avoidance", line 33, in <module>
    sys.exit(load_entry_point('px4-vslam-bridge==0.1.0', 'console_scripts', 'reactive_esdf_avoidance')())
  File "/workspaces/isaac_ros-dev/ros2_ws/install/px4_vslam_bridge/lib/python3.10/site-packages/px4_vslam_bridge/reactive_esdf_avoidance.py", line 398, in main
    rclpy.shutdown()
  File "/opt/ros/humble/local/lib/python3.10/dist-packages/rclpy/__init__.py", line 130, in shutdown
    _shutdown(context=context)
  File "/opt/ros/humble/local/lib/python3.10/dist-packages/rclpy/utilities.py", line 58, in shutdown
    return context.shutdown()
  File "/opt/ros/humble/local/lib/python3.10/dist-packages/rclpy/context.py", line 102, in shutdown
    self.__context.shutdown()
rclpy._rclpy_pybind11.RCLError: failed to shutdown: rcl_shutdown already called on the given context, at ./src/rcl/init.c:241
