[INFO] [1788748720.891425621] [vslam_compare]: vslam_compare: logging per-message CSV to /workspaces/isaac_ros-dev/results/route2_probe/r2_2_L0_r10/vslam_compare.csv (exp_id='r2_2_L0_r10')
[INFO] [1788748720.910801325] [vslam_compare]: vslam_compare ready -- watching /visual_slam/tracking/odometry vs /ground_truth/odom
[INFO] [1788748720.948435928] [vslam_compare]: cuVSLAM origin set: (0.0, 0.0, 0.0) -- tracking initialized
[INFO] [1788748721.004642578] [vslam_compare]: Ground truth origin set: (0.004505016840994358, -0.009144640527665615, 0.045398831367492676)
[INFO] [1788748721.911149073] [vslam_compare]: gt=(0.01, 0.0, 0.01) vslam=(0.0, 0.0, 0.0) error=0.008m max_error=0.008m (n=1)
[INFO] [1788748722.910924015] [vslam_compare]: gt=(0.0, -0.01, 0.01) vslam=(0.0, 0.0, 0.0) error=0.011m max_error=0.011m (n=2)
[INFO] [1788748723.911081937] [vslam_compare]: gt=(-0.0, -0.0, 0.01) vslam=(0.0, 0.0, 0.0) error=0.009m max_error=0.011m (n=3)
[INFO] [1788748724.910878598] [vslam_compare]: gt=(-0.01, 0.0, 0.01) vslam=(0.0, 0.0, 0.0) error=0.011m max_error=0.011m (n=4)
[INFO] [1788748725.911061204] [vslam_compare]: gt=(-0.02, 0.01, 0.01) vslam=(0.0, 0.0, 0.0) error=0.020m max_error=0.020m (n=5)
[INFO] [1788748726.910878200] [vslam_compare]: gt=(-0.01, 0.01, 0.0) vslam=(0.0, 0.0, 0.0) error=0.020m max_error=0.020m (n=6)
[INFO] [1788748727.911160213] [vslam_compare]: gt=(-0.01, 0.01, 0.0) vslam=(0.0, 0.0, 0.0) error=0.018m max_error=0.020m (n=7)
[INFO] [1788748728.911022410] [vslam_compare]: gt=(-0.01, 0.02, 0.0) vslam=(0.0, 0.0, 0.0) error=0.020m max_error=0.020m (n=8)
[INFO] [1788748729.910841913] [vslam_compare]: gt=(-0.02, 0.02, 0.0) vslam=(0.0, 0.0, 0.0) error=0.024m max_error=0.024m (n=9)
[INFO] [1788748730.911031692] [vslam_compare]: gt=(-0.02, 0.02, 0.0) vslam=(0.0, 0.0, 0.0) error=0.030m max_error=0.030m (n=10)
[INFO] [1788748731.910840620] [vslam_compare]: gt=(-0.02, 0.02, 0.0) vslam=(0.0, 0.0, 0.0) error=0.027m max_error=0.030m (n=11)
[INFO] [1788748732.911133158] [vslam_compare]: gt=(-0.0, 0.01, 0.01) vslam=(-0.0, -0.01, 0.0) error=0.023m max_error=0.030m (n=12)
[INFO] [1788748733.911292479] [vslam_compare]: gt=(0.09, 0.02, 0.03) vslam=(0.18, -0.1, 0.01) error=0.153m max_error=0.153m (n=13)
[INFO] [1788748734.910863092] [vslam_compare]: gt=(0.09, -0.0, 0.99) vslam=(0.21, -0.07, 0.74) error=0.286m max_error=0.286m (n=14)
[INFO] [1788748735.911136323] [vslam_compare]: gt=(0.02, -0.11, 2.72) vslam=(0.11, -0.2, 2.5) error=0.256m max_error=0.286m (n=15)
[INFO] [1788748736.911029565] [vslam_compare]: gt=(-0.07, -0.09, 3.83) vslam=(-0.04, -0.21, 3.63) error=0.235m max_error=0.286m (n=16)
[INFO] [1788748737.910986504] [vslam_compare]: gt=(-0.11, -0.01, 4.31) vslam=(-0.09, -0.12, 4.24) error=0.129m max_error=0.286m (n=17)
[INFO] [1788748738.910986191] [vslam_compare]: gt=(-0.07, 0.04, 4.55) vslam=(-0.05, -0.06, 4.49) error=0.116m max_error=0.286m (n=18)
[INFO] [1788748739.910880743] [vslam_compare]: gt=(-0.02, 0.07, 4.69) vslam=(-0.02, -0.03, 4.62) error=0.126m max_error=0.286m (n=19)
[INFO] [1788748740.910871884] [vslam_compare]: gt=(0.03, 0.05, 4.75) vslam=(0.02, -0.06, 4.63) error=0.169m max_error=0.286m (n=20)
[INFO] [1788748741.911056701] [vslam_compare]: gt=(0.12, -0.05, 4.81) vslam=(0.14, -0.16, 4.73) error=0.140m max_error=0.286m (n=21)
[INFO] [1788748742.911148806] [vslam_compare]: gt=(0.25, -0.15, 4.89) vslam=(0.27, -0.28, 4.81) error=0.150m max_error=0.286m (n=22)
[INFO] [1788748743.911080179] [vslam_compare]: gt=(0.38, -0.26, 4.98) vslam=(0.41, -0.42, 4.85) error=0.210m max_error=0.286m (n=23)
[INFO] [1788748744.910842243] [vslam_compare]: gt=(0.47, -0.41, 4.98) vslam=(0.52, -0.55, 4.88) error=0.177m max_error=0.286m (n=24)
[INFO] [1788748745.911027750] [vslam_compare]: gt=(0.4, -0.58, 5.01) vslam=(0.46, -0.73, 4.92) error=0.185m max_error=0.286m (n=25)
[INFO] [1788748746.911017498] [vslam_compare]: gt=(0.32, -0.77, 5.06) vslam=(0.38, -0.92, 4.96) error=0.189m max_error=0.286m (n=26)
[INFO] [1788748747.911107332] [vslam_compare]: gt=(0.26, -0.99, 5.11) vslam=(0.33, -1.12, 5.0) error=0.191m max_error=0.286m (n=27)
[INFO] [1788748748.911417852] [vslam_compare]: gt=(0.22, -1.18, 5.18) vslam=(0.28, -1.31, 5.05) error=0.191m max_error=0.286m (n=28)
[INFO] [1788748749.910998379] [vslam_compare]: gt=(0.22, -1.36, 5.16) vslam=(0.26, -1.47, 5.05) error=0.160m max_error=0.286m (n=29)
[INFO] [1788748750.911052486] [vslam_compare]: gt=(0.26, -1.52, 5.22) vslam=(0.28, -1.63, 5.09) error=0.170m max_error=0.286m (n=30)
[INFO] [1788748751.911218972] [vslam_compare]: gt=(0.31, -1.64, 5.25) vslam=(0.35, -1.76, 5.13) error=0.170m max_error=0.286m (n=31)
[INFO] [1788748752.910967762] [vslam_compare]: gt=(0.4, -1.76, 5.25) vslam=(0.43, -1.85, 5.16) error=0.141m max_error=0.286m (n=32)
[INFO] [1788748753.910875599] [vslam_compare]: gt=(0.51, -1.83, 5.28) vslam=(0.53, -1.94, 5.18) error=0.147m max_error=0.286m (n=33)
[INFO] [1788748754.911137296] [vslam_compare]: gt=(0.61, -1.89, 5.3) vslam=(0.64, -2.01, 5.2) error=0.150m max_error=0.286m (n=34)
[INFO] [1788748755.910946731] [vslam_compare]: gt=(0.72, -1.96, 5.32) vslam=(0.75, -2.07, 5.22) error=0.157m max_error=0.286m (n=35)
[INFO] [1788748756.910995737] [vslam_compare]: gt=(0.85, -2.02, 5.35) vslam=(0.86, -2.13, 5.24) error=0.156m max_error=0.286m (n=36)
[INFO] [1788748757.910944113] [vslam_compare]: gt=(0.98, -2.06, 5.36) vslam=(0.98, -2.18, 5.26) error=0.157m max_error=0.286m (n=37)
[INFO] [1788748758.911007472] [vslam_compare]: gt=(1.14, -2.05, 5.39) vslam=(1.16, -2.15, 5.24) error=0.176m max_error=0.286m (n=38)
[INFO] [1788748759.911139043] [vslam_compare]: gt=(1.13, -2.16, 5.39) vslam=(1.16, -2.27, 5.27) error=0.159m max_error=0.286m (n=39)
[INFO] [1788748760.910998565] [vslam_compare]: gt=(1.05, -2.35, 5.44) vslam=(1.1, -2.44, 5.32) error=0.164m max_error=0.286m (n=40)
[INFO] [1788748761.910975204] [vslam_compare]: gt=(0.98, -2.53, 5.5) vslam=(1.03, -2.63, 5.38) error=0.164m max_error=0.286m (n=41)
[INFO] [1788748762.910985499] [vslam_compare]: gt=(0.92, -2.71, 5.54) vslam=(0.98, -2.8, 5.44) error=0.148m max_error=0.286m (n=42)
[INFO] [1788748763.911030121] [vslam_compare]: gt=(0.86, -2.89, 5.58) vslam=(0.92, -2.96, 5.47) error=0.144m max_error=0.286m (n=43)
[INFO] [1788748764.911081186] [vslam_compare]: gt=(0.77, -3.06, 5.63) vslam=(0.83, -3.13, 5.5) error=0.157m max_error=0.286m (n=44)
[INFO] [1788748765.911082097] [vslam_compare]: gt=(0.67, -3.22, 5.67) vslam=(0.72, -3.29, 5.52) error=0.173m max_error=0.286m (n=45)
[INFO] [1788748766.911147112] [vslam_compare]: gt=(0.7, -3.38, 5.69) vslam=(0.73, -3.44, 5.55) error=0.157m max_error=0.286m (n=46)
[INFO] [1788748767.911208190] [vslam_compare]: gt=(0.78, -3.52, 5.72) vslam=(0.81, -3.58, 5.58) error=0.157m max_error=0.286m (n=47)
[INFO] [1788748768.911069947] [vslam_compare]: gt=(0.87, -3.68, 5.77) vslam=(0.9, -3.73, 5.62) error=0.156m max_error=0.286m (n=48)
[INFO] [1788748769.911130526] [vslam_compare]: gt=(0.96, -3.84, 5.81) vslam=(1.01, -3.91, 5.65) error=0.182m max_error=0.286m (n=49)
[INFO] [1788748770.911064553] [vslam_compare]: gt=(1.07, -3.98, 5.84) vslam=(1.11, -4.07, 5.68) error=0.187m max_error=0.286m (n=50)
[INFO] [1788748771.911016514] [vslam_compare]: gt=(1.14, -4.09, 5.86) vslam=(1.19, -4.19, 5.7) error=0.189m max_error=0.286m (n=51)
[INFO] [1788748772.911312553] [vslam_compare]: gt=(1.15, -4.13, 5.87) vslam=(1.19, -4.23, 5.71) error=0.192m max_error=0.286m (n=52)
[INFO] [1788748773.910993757] [vslam_compare]: gt=(1.12, -4.12, 5.87) vslam=(1.17, -4.22, 5.7) error=0.202m max_error=0.286m (n=53)
[INFO] [1788748774.911084273] [vslam_compare]: gt=(1.11, -4.08, 5.87) vslam=(1.14, -4.2, 5.71) error=0.202m max_error=0.286m (n=54)
[INFO] [1788748775.910873633] [vslam_compare]: gt=(1.12, -4.07, 5.87) vslam=(1.15, -4.18, 5.7) error=0.204m max_error=0.286m (n=55)
[INFO] [1788748776.911098826] [vslam_compare]: gt=(1.12, -4.09, 5.87) vslam=(1.15, -4.18, 5.7) error=0.200m max_error=0.286m (n=56)
Traceback (most recent call last):
  File "/workspaces/isaac_ros-dev/ros2_ws/install/px4_vslam_bridge/lib/px4_vslam_bridge/vslam_compare", line 33, in <module>
    sys.exit(load_entry_point('px4-vslam-bridge==0.1.0', 'console_scripts', 'vslam_compare')())
  File "/workspaces/isaac_ros-dev/ros2_ws/install/px4_vslam_bridge/lib/python3.10/site-packages/px4_vslam_bridge/vslam_compare.py", line 199, in main
    rclpy.shutdown()
  File "/opt/ros/humble/local/lib/python3.10/dist-packages/rclpy/__init__.py", line 130, in shutdown
    _shutdown(context=context)
  File "/opt/ros/humble/local/lib/python3.10/dist-packages/rclpy/utilities.py", line 58, in shutdown
    return context.shutdown()
  File "/opt/ros/humble/local/lib/python3.10/dist-packages/rclpy/context.py", line 102, in shutdown
    self.__context.shutdown()
rclpy._rclpy_pybind11.RCLError: failed to shutdown: rcl_shutdown already called on the given context, at ./src/rcl/init.c:241
