[INFO] [1788690100.638949975] [fast_planner_bridge]: fast_planner_bridge ready -- will capture home at arm time and climb (0.0, 0.0, -5.0) NED relative to it, then follow /planning/pos_cmd from Fast-Planner
[INFO] [1788690100.639426756] [fast_planner_bridge]: >>> Press ENTER to arm and fly (or set OFFBOARD_AUTO_START=1) <<<
[INFO] [1788690103.656296447] [fast_planner_bridge]: OFFBOARD + ARMED confirmed -- home_ned=(-0.030794009566307068, 0.004818451125174761, -0.042314544320106506), climbing to (-0.030794009566307068, 0.004818451125174761, -5.0423145443201065).
[INFO] [1788690104.606142173] [fast_planner_bridge]: [CLIMBING] pos_ned=(-0.04,0.00,-0.03) dist=5.01m
[INFO] [1788690105.606361406] [fast_planner_bridge]: [CLIMBING] pos_ned=(-0.04,0.01,-0.03) dist=5.01m
[INFO] [1788690106.606327836] [fast_planner_bridge]: [CLIMBING] pos_ned=(-0.04,-0.00,-0.03) dist=5.01m
[INFO] [1788690107.606396416] [fast_planner_bridge]: [CLIMBING] pos_ned=(-0.05,0.01,-0.03) dist=5.01m
[INFO] [1788690108.606320144] [fast_planner_bridge]: [CLIMBING] pos_ned=(-0.04,0.06,-0.05) dist=4.99m
[INFO] [1788690109.606816690] [fast_planner_bridge]: [CLIMBING] pos_ned=(0.04,0.16,-0.28) dist=4.77m
[INFO] [1788690110.606768181] [fast_planner_bridge]: [CLIMBING] pos_ned=(-0.09,-0.00,-1.64) dist=3.40m
[INFO] [1788690111.606324752] [fast_planner_bridge]: [CLIMBING] pos_ned=(-0.23,-0.10,-3.16) dist=1.90m
[INFO] [1788690112.606307355] [fast_planner_bridge]: [CLIMBING] pos_ned=(-0.20,-0.08,-3.89) dist=1.16m
[INFO] [1788690113.606569762] [fast_planner_bridge]: [CLIMBING] pos_ned=(-0.09,-0.06,-4.27) dist=0.78m
[INFO] [1788690114.606260732] [fast_planner_bridge]: [CLIMBING] pos_ned=(-0.01,-0.04,-4.49) dist=0.55m
[INFO] [1788690115.606448880] [fast_planner_bridge]: [CLIMBING] pos_ned=(0.00,-0.01,-4.66) dist=0.39m
[INFO] [1788690116.406565074] [fast_planner_bridge]: Climb complete (dist=0.30m) -- following Fast-Planner.
[INFO] [1788690116.606534125] [fast_planner_bridge]: [FOLLOWING] pos_ned=(0.01,0.01,-4.76) target_ned=(0.00,-0.03,-4.57) pos_cmd_age=0.01s
[INFO] [1788690117.606351984] [fast_planner_bridge]: [FOLLOWING] pos_ned=(0.03,0.01,-4.61) target_ned=(0.00,-0.03,-4.57) pos_cmd_age=0.01s
[INFO] [1788690118.606404697] [fast_planner_bridge]: [FOLLOWING] pos_ned=(0.10,0.04,-4.56) target_ned=(0.16,0.05,-4.58) pos_cmd_age=0.01s
[INFO] [1788690119.606304779] [fast_planner_bridge]: [FOLLOWING] pos_ned=(0.42,0.25,-4.56) target_ned=(0.50,0.24,-4.59) pos_cmd_age=0.01s
[INFO] [1788690120.606604531] [fast_planner_bridge]: [FOLLOWING] pos_ned=(0.96,0.48,-4.59) target_ned=(0.97,0.50,-4.61) pos_cmd_age=0.01s
[INFO] [1788690121.606725068] [fast_planner_bridge]: [FOLLOWING] pos_ned=(1.56,0.74,-4.63) target_ned=(1.57,0.82,-4.66) pos_cmd_age=0.01s
[INFO] [1788690122.606384790] [fast_planner_bridge]: [FOLLOWING] pos_ned=(2.21,1.07,-4.70) target_ned=(2.24,1.11,-4.72) pos_cmd_age=0.01s
[INFO] [1788690123.606456327] [fast_planner_bridge]: [FOLLOWING] pos_ned=(2.87,1.29,-4.75) target_ned=(2.96,1.35,-4.78) pos_cmd_age=0.01s
[INFO] [1788690124.606411560] [fast_planner_bridge]: [FOLLOWING] pos_ned=(3.52,1.51,-4.80) target_ned=(3.59,1.54,-4.82) pos_cmd_age=0.00s
[INFO] [1788690125.606468630] [fast_planner_bridge]: [FOLLOWING] pos_ned=(3.96,1.64,-4.81) target_ned=(3.97,1.64,-4.83) pos_cmd_age=0.00s
[INFO] [1788690126.606532766] [fast_planner_bridge]: [FOLLOWING] pos_ned=(4.08,1.72,-4.81) target_ned=(4.05,1.66,-4.82) pos_cmd_age=0.00s
[INFO] [1788690127.606758312] [fast_planner_bridge]: [FOLLOWING] pos_ned=(3.98,1.72,-4.83) target_ned=(3.97,1.65,-4.84) pos_cmd_age=0.00s
[INFO] [1788690128.606635374] [fast_planner_bridge]: [FOLLOWING] pos_ned=(4.01,1.76,-4.85) target_ned=(4.05,1.71,-4.86) pos_cmd_age=0.00s
[INFO] [1788690129.606555596] [fast_planner_bridge]: [FOLLOWING] pos_ned=(4.38,1.85,-4.89) target_ned=(4.41,1.81,-4.90) pos_cmd_age=0.00s
[INFO] [1788690130.606711791] [fast_planner_bridge]: [FOLLOWING] pos_ned=(5.01,1.92,-4.95) target_ned=(5.01,1.90,-4.95) pos_cmd_age=0.00s
[INFO] [1788690131.606537891] [fast_planner_bridge]: [FOLLOWING] pos_ned=(5.73,1.92,-4.97) target_ned=(5.74,1.94,-4.99) pos_cmd_age=0.00s
[INFO] [1788690132.606172136] [fast_planner_bridge]: [FOLLOWING] pos_ned=(6.36,1.88,-4.98) target_ned=(6.39,1.92,-4.98) pos_cmd_age=0.00s
[INFO] [1788690133.606907620] [fast_planner_bridge]: [FOLLOWING] pos_ned=(6.83,1.80,-4.98) target_ned=(6.86,1.82,-4.98) pos_cmd_age=0.00s
[INFO] [1788690134.606712243] [fast_planner_bridge]: [FOLLOWING] pos_ned=(7.12,1.74,-4.99) target_ned=(7.10,1.72,-4.99) pos_cmd_age=0.00s
[INFO] [1788690135.606419103] [fast_planner_bridge]: [FOLLOWING] pos_ned=(7.12,1.74,-4.98) target_ned=(7.16,1.71,-4.98) pos_cmd_age=0.00s
[INFO] [1788690136.606465839] [fast_planner_bridge]: [FOLLOWING] pos_ned=(7.19,1.62,-5.01) target_ned=(7.28,1.51,-4.98) pos_cmd_age=0.00s
[INFO] [1788690137.607064060] [fast_planner_bridge]: [FOLLOWING] pos_ned=(7.43,1.10,-5.01) target_ned=(7.48,1.03,-4.97) pos_cmd_age=0.00s
[INFO] [1788690138.606358095] [fast_planner_bridge]: [FOLLOWING] pos_ned=(7.80,0.46,-4.99) target_ned=(7.73,0.47,-4.98) pos_cmd_age=0.00s
[INFO] [1788690139.606425055] [fast_planner_bridge]: [FOLLOWING] pos_ned=(7.99,0.05,-4.99) target_ned=(7.94,0.09,-4.99) pos_cmd_age=0.00s
[INFO] [1788690140.606368744] [fast_planner_bridge]: [FOLLOWING] pos_ned=(8.04,-0.01,-4.99) target_ned=(8.00,0.00,-5.00) pos_cmd_age=0.00s
[INFO] [1788690141.606524872] [fast_planner_bridge]: [FOLLOWING] pos_ned=(8.01,0.06,-4.99) target_ned=(8.00,0.00,-5.00) pos_cmd_age=0.00s
[INFO] [1788690142.606283315] [fast_planner_bridge]: [FOLLOWING] pos_ned=(8.02,0.03,-4.99) target_ned=(8.00,0.00,-5.00) pos_cmd_age=0.00s
[INFO] [1788690143.606297195] [fast_planner_bridge]: [FOLLOWING] pos_ned=(8.07,-0.04,-5.00) target_ned=(8.00,0.00,-5.00) pos_cmd_age=0.00s
[WARN] [1788690144.174100071] [fast_planner_bridge]: Shutdown signal 15 received -- ceasing ARM requests, commanding AUTO.LAND, will disarm and exit once landed. If this doesn't complete and the vehicle needs to come down NOW, use emergency_stop.py instead of repeating this signal.
[INFO] [1788690144.356442316] [fast_planner_bridge]: Requesting AUTO.LAND... nav_state=14
[INFO] [1788690144.556082919] [fast_planner_bridge]: AUTO.LAND confirmed -- ceasing offboard setpoints, handing off to the autopilot.
[INFO] [1788690144.606064026] [fast_planner_bridge]: Waiting for disarm (backstop disarm sent)... arming_state=2
[INFO] [1788690146.606060168] [fast_planner_bridge]: Waiting for disarm (backstop disarm sent)... arming_state=2
