[INFO] [1788689092.277348830] [vslam_compare]: vslam_compare: logging per-message CSV to /workspaces/isaac_ros-dev/results/feasibility_gate/gate_sweep_poor_low_r08/vslam_compare.csv (exp_id='gate_sweep_poor_low_r08')
[INFO] [1788689092.297735418] [vslam_compare]: vslam_compare ready -- watching /visual_slam/tracking/odometry vs /ground_truth/odom
[INFO] [1788689092.312996693] [vslam_compare]: Ground truth origin set: (0.03290194645524025, -0.020544853061437607, 0.021402359008789062)
[INFO] [1788689092.949665357] [vslam_compare]: cuVSLAM origin set: (0.0, 0.0, 0.0) -- tracking initialized
[INFO] [1788689093.298015156] [vslam_compare]: gt=(-0.01, -0.0, -0.01) vslam=(0.0, 0.0, 0.0) error=0.013m max_error=0.013m (n=1)
[INFO] [1788689094.297995973] [vslam_compare]: gt=(-0.01, -0.0, -0.02) vslam=(0.0, 0.0, 0.0) error=0.021m max_error=0.021m (n=2)
[INFO] [1788689095.297887781] [vslam_compare]: gt=(-0.01, -0.0, -0.02) vslam=(0.0, 0.0, 0.0) error=0.025m max_error=0.025m (n=3)
[INFO] [1788689096.298122110] [vslam_compare]: gt=(-0.02, 0.0, -0.02) vslam=(0.0, 0.0, 0.0) error=0.024m max_error=0.025m (n=4)
[INFO] [1788689097.297884715] [vslam_compare]: gt=(-0.01, 0.0, -0.01) vslam=(0.0, 0.0, 0.0) error=0.014m max_error=0.025m (n=5)
[INFO] [1788689098.297916402] [vslam_compare]: gt=(-0.01, 0.02, -0.0) vslam=(0.0, 0.0, 0.0) error=0.019m max_error=0.025m (n=6)
[INFO] [1788689099.298017648] [vslam_compare]: gt=(-0.0, 0.03, -0.0) vslam=(0.0, 0.0, 0.0) error=0.032m max_error=0.032m (n=7)
[INFO] [1788689100.298099728] [vslam_compare]: gt=(-0.0, 0.03, -0.0) vslam=(0.0, 0.0, 0.0) error=0.028m max_error=0.032m (n=8)
[INFO] [1788689101.298252097] [vslam_compare]: gt=(-0.01, 0.03, -0.01) vslam=(-0.0, 0.0, 0.0) error=0.027m max_error=0.032m (n=9)
[INFO] [1788689102.298100266] [vslam_compare]: gt=(0.03, 0.03, -0.01) vslam=(0.06, -0.06, -0.05) error=0.104m max_error=0.104m (n=10)
[INFO] [1788689103.297755843] [vslam_compare]: gt=(0.09, 0.05, 0.36) vslam=(0.34, -0.13, 0.11) error=0.396m max_error=0.396m (n=11)
[INFO] [1788689104.297988209] [vslam_compare]: gt=(0.07, -0.04, 1.58) vslam=(0.3, -0.48, 1.18) error=0.639m max_error=0.639m (n=12)
[INFO] [1788689105.298043071] [vslam_compare]: gt=(-0.01, -0.09, 3.16) vslam=(0.18, -0.45, 2.87) error=0.500m max_error=0.639m (n=13)
[INFO] [1788689106.298131374] [vslam_compare]: gt=(-0.06, -0.06, 3.96) vslam=(0.07, -0.3, 3.7) error=0.380m max_error=0.639m (n=14)
[INFO] [1788689107.297956593] [vslam_compare]: gt=(-0.04, -0.01, 4.31) vslam=(-0.01, -0.13, 4.25) error=0.136m max_error=0.639m (n=15)
[INFO] [1788689108.298171171] [vslam_compare]: gt=(-0.03, 0.03, 4.53) vslam=(0.12, -0.22, 4.05) error=0.551m max_error=0.639m (n=16)
[INFO] [1788689109.297801773] [vslam_compare]: gt=(-0.01, 0.02, 4.67) vslam=(0.46, -0.65, 3.87) error=1.147m max_error=1.147m (n=17)
[INFO] [1788689110.298251208] [vslam_compare]: gt=(-0.01, -0.01, 4.64) vslam=(0.53, -0.73, 3.57) error=1.398m max_error=1.398m (n=18)
[INFO] [1788689111.298030435] [vslam_compare]: gt=(-0.02, 0.01, 4.51) vslam=(0.64, -0.8, 3.08) error=1.767m max_error=1.767m (n=19)
[INFO] [1788689112.298151612] [vslam_compare]: gt=(0.02, 0.2, 4.49) vslam=(0.68, -0.73, 2.9) error=1.956m max_error=1.956m (n=20)
[INFO] [1788689113.298226832] [vslam_compare]: gt=(0.08, 0.64, 4.48) vslam=(0.67, -0.27, 2.87) error=1.943m max_error=1.956m (n=21)
[INFO] [1788689114.298199958] [vslam_compare]: gt=(0.19, 1.28, 4.51) vslam=(0.69, 0.37, 2.88) error=1.927m max_error=1.956m (n=22)
[INFO] [1788689115.298209863] [vslam_compare]: gt=(0.54, 1.94, 4.56) vslam=(0.95, 1.2, 2.8) error=1.950m max_error=1.956m (n=23)
[INFO] [1788689116.297920324] [vslam_compare]: gt=(1.0, 2.63, 4.64) vslam=(1.2, 2.31, 2.27) error=2.396m max_error=2.396m (n=24)
[INFO] [1788689117.298046974] [vslam_compare]: gt=(1.25, 3.13, 4.66) vslam=(1.65, 2.37, 2.21) error=2.588m max_error=2.588m (n=25)
[INFO] [1788689118.298500546] [vslam_compare]: gt=(1.36, 3.39, 4.69) vslam=(2.0, 2.21, 2.27) error=2.769m max_error=2.769m (n=26)
[INFO] [1788689119.298443358] [vslam_compare]: gt=(1.47, 3.74, 4.7) vslam=(2.16, 2.4, 1.73) error=3.326m max_error=3.326m (n=27)
[INFO] [1788689120.297769704] [vslam_compare]: gt=(1.58, 4.17, 4.71) vslam=(2.19, 2.47, 1.42) error=3.765m max_error=3.765m (n=28)
[INFO] [1788689121.298536738] [vslam_compare]: gt=(1.71, 4.51, 4.76) vslam=(2.21, 2.49, 1.25) error=4.085m max_error=4.085m (n=29)
[INFO] [1788689122.298009194] [vslam_compare]: gt=(1.73, 4.77, 4.86) vslam=(2.37, 2.47, 1.03) error=4.508m max_error=4.508m (n=30)
[INFO] [1788689123.297910713] [vslam_compare]: gt=(1.72, 5.17, 4.93) vslam=(2.42, 2.51, 0.45) error=5.262m max_error=5.262m (n=31)
[INFO] [1788689124.297891439] [vslam_compare]: gt=(1.71, 5.72, 4.94) vslam=(2.49, 2.51, 0.35) error=5.658m max_error=5.658m (n=32)
[INFO] [1788689125.298324802] [vslam_compare]: gt=(1.71, 6.31, 4.91) vslam=(-1.98, 13.66, -0.54) error=9.867m max_error=9.867m (n=33)
[INFO] [1788689126.298125898] [vslam_compare]: gt=(1.54, 6.77, 4.92) vslam=(-59.13, -45.84, -7.04) error=81.186m max_error=81.186m (n=34)
[INFO] [1788689127.298291615] [vslam_compare]: gt=(1.22, 7.26, 4.95) vslam=(-58.45, -47.18, -7.39) error=81.707m max_error=81.707m (n=35)
[INFO] [1788689128.298170784] [vslam_compare]: gt=(0.74, 7.62, 4.99) vslam=(-61.06, -42.36, -8.18) error=80.564m max_error=81.707m (n=36)
[INFO] [1788689129.298247261] [vslam_compare]: gt=(0.26, 7.83, 4.97) vslam=(-63.19, -39.25, -8.65) error=80.174m max_error=81.707m (n=37)
[INFO] [1788689130.297911464] [vslam_compare]: gt=(0.03, 8.0, 4.96) vslam=(-63.91, -38.19, -8.8) error=80.065m max_error=81.707m (n=38)
[INFO] [1788689131.298432741] [vslam_compare]: gt=(0.04, 8.06, 4.97) vslam=(-39.36, -105.29, -32.81) error=125.813m max_error=125.813m (n=39)
[INFO] [1788689132.297922604] [vslam_compare]: gt=(0.02, 8.11, 4.97) vslam=(-13.45, -103.27, -51.53) error=125.614m max_error=125.813m (n=40)
Traceback (most recent call last):
  File "/workspaces/isaac_ros-dev/ros2_ws/install/px4_vslam_bridge/lib/python3.10/site-packages/px4_vslam_bridge/vslam_compare.py", line 194, in main
    rclpy.spin(node)
  File "/opt/ros/humble/local/lib/python3.10/dist-packages/rclpy/__init__.py", line 229, in spin
    executor.spin_once()
  File "/opt/ros/humble/local/lib/python3.10/dist-packages/rclpy/executors.py", line 808, in spin_once
    self._spin_once_impl(timeout_sec)
  File "/opt/ros/humble/local/lib/python3.10/dist-packages/rclpy/executors.py", line 797, in _spin_once_impl
    handler, entity, node = self.wait_for_ready_callbacks(timeout_sec=timeout_sec)
  File "/opt/ros/humble/local/lib/python3.10/dist-packages/rclpy/executors.py", line 780, in wait_for_ready_callbacks
    return next(self._cb_iter)
  File "/opt/ros/humble/local/lib/python3.10/dist-packages/rclpy/executors.py", line 681, in _wait_for_ready_callbacks
    raise ExternalShutdownException()
rclpy.executors.ExternalShutdownException

During handling of the above exception, another exception occurred:

Traceback (most recent call last):
  File "/workspaces/isaac_ros-dev/ros2_ws/install/px4_vslam_bridge/lib/px4_vslam_bridge/vslam_compare", line 33, in <module>
    sys.exit(load_entry_point('px4-vslam-bridge==0.1.0', 'console_scripts', 'vslam_compare')())
  File "/workspaces/isaac_ros-dev/ros2_ws/install/px4_vslam_bridge/lib/python3.10/site-packages/px4_vslam_bridge/vslam_compare.py", line 199, in main
    rclpy.shutdown()
  File "/opt/ros/humble/local/lib/python3.10/dist-packages/rclpy/__init__.py", line 130, in shutdown
    _shutdown(context=context)
  File "/opt/ros/humble/local/lib/python3.10/dist-packages/rclpy/utilities.py", line 58, in shutdown
    return context.shutdown()
  File "/opt/ros/humble/local/lib/python3.10/dist-packages/rclpy/context.py", line 102, in shutdown
    self.__context.shutdown()
rclpy._rclpy_pybind11.RCLError: failed to shutdown: rcl_shutdown already called on the given context, at ./src/rcl/init.c:241
