[INFO] [1788720087.436845664] [visual_odometry_bridge]: visual_odometry_bridge ready: /visual_slam/tracking/odometry -> /fmu/in/vehicle_visual_odometry
[INFO] [1788720092.828846956] [visual_odometry_bridge]: published 100 vehicle_visual_odometry samples (last NED pos=(0.00,0.00,-0.00))
[WARN] [1788720101.704016868] [visual_odometry_bridge]: Rejected cuVSLAM update: implied speed 71.1 m/s (jumped 2.27m in 32ms) -- holding last known-good position, not forwarding to EKF2. (1 rejected total)
[WARN] [1788720102.731868963] [visual_odometry_bridge]: Rejected cuVSLAM update: implied speed 15.4 m/s (jumped 10.16m in 660ms) -- holding last known-good position, not forwarding to EKF2. (20 rejected total)
[WARN] [1788720103.745159313] [visual_odometry_bridge]: Rejected cuVSLAM update: implied speed 8.2 m/s (jumped 10.84m in 1320ms) -- holding last known-good position, not forwarding to EKF2. (40 rejected total)
[WARN] [1788720104.940044009] [visual_odometry_bridge]: Rejected cuVSLAM update: implied speed 18.0 m/s (jumped 0.65m in 36ms) -- holding last known-good position, not forwarding to EKF2. (45 rejected total)
[INFO] [1788720105.252666504] [visual_odometry_bridge]: published 300 vehicle_visual_odometry samples (last NED pos=(2.25,-13.45,-0.80))
[WARN] [1788720108.571173965] [visual_odometry_bridge]: Rejected cuVSLAM update: implied speed 14.4 m/s (jumped 0.46m in 32ms) -- holding last known-good position, not forwarding to EKF2. (49 rejected total)
[WARN] [1788720109.613209538] [visual_odometry_bridge]: Rejected cuVSLAM update: implied speed 8.2 m/s (jumped 0.53m in 64ms) -- holding last known-good position, not forwarding to EKF2. (54 rejected total)
[INFO] [1788720110.564270205] [visual_odometry_bridge]: published 400 vehicle_visual_odometry samples (last NED pos=(2.98,-16.00,-0.94))
[WARN] [1788720111.501670768] [visual_odometry_bridge]: Rejected cuVSLAM update: implied speed 8.1 m/s (jumped 0.26m in 32ms) -- holding last known-good position, not forwarding to EKF2. (55 rejected total)
[WARN] [1788720112.622433838] [visual_odometry_bridge]: Rejected cuVSLAM update: implied speed 14.3 m/s (jumped 0.46m in 32ms) -- holding last known-good position, not forwarding to EKF2. (59 rejected total)
[WARN] [1788720115.514166529] [visual_odometry_bridge]: Rejected cuVSLAM update: implied speed 19.6 m/s (jumped 0.63m in 32ms) -- holding last known-good position, not forwarding to EKF2. (63 rejected total)
[INFO] [1788720116.413121541] [visual_odometry_bridge]: published 500 vehicle_visual_odometry samples (last NED pos=(6.06,-18.23,-0.42))
[WARN] [1788720116.823354817] [visual_odometry_bridge]: Rejected cuVSLAM update: implied speed 8.3 m/s (jumped 0.30m in 36ms) -- holding last known-good position, not forwarding to EKF2. (68 rejected total)
[WARN] [1788720119.394723122] [visual_odometry_bridge]: Rejected cuVSLAM update: implied speed 9.4 m/s (jumped 0.30m in 32ms) -- holding last known-good position, not forwarding to EKF2. (72 rejected total)
[WARN] [1788720120.431894340] [visual_odometry_bridge]: Rejected cuVSLAM update: implied speed 9.2 m/s (jumped 0.30m in 32ms) -- holding last known-good position, not forwarding to EKF2. (76 rejected total)
[WARN] [1788720121.635696562] [visual_odometry_bridge]: Rejected cuVSLAM update: implied speed 28.6 m/s (jumped 0.92m in 32ms) -- holding last known-good position, not forwarding to EKF2. (77 rejected total)
[INFO] [1788720122.285327845] [visual_odometry_bridge]: published 600 vehicle_visual_odometry samples (last NED pos=(5.30,-23.47,1.55))
Traceback (most recent call last):
  File "/workspaces/isaac_ros-dev/ros2_ws/install/px4_vslam_bridge/lib/python3.10/site-packages/px4_vslam_bridge/visual_odometry_bridge.py", line 160, in main
    rclpy.spin(node)
  File "/opt/ros/humble/local/lib/python3.10/dist-packages/rclpy/__init__.py", line 229, in spin
    executor.spin_once()
  File "/opt/ros/humble/local/lib/python3.10/dist-packages/rclpy/executors.py", line 808, in spin_once
    self._spin_once_impl(timeout_sec)
  File "/opt/ros/humble/local/lib/python3.10/dist-packages/rclpy/executors.py", line 797, in _spin_once_impl
    handler, entity, node = self.wait_for_ready_callbacks(timeout_sec=timeout_sec)
  File "/opt/ros/humble/local/lib/python3.10/dist-packages/rclpy/executors.py", line 780, in wait_for_ready_callbacks
    return next(self._cb_iter)
  File "/opt/ros/humble/local/lib/python3.10/dist-packages/rclpy/executors.py", line 681, in _wait_for_ready_callbacks
    raise ExternalShutdownException()
rclpy.executors.ExternalShutdownException

During handling of the above exception, another exception occurred:

Traceback (most recent call last):
  File "/workspaces/isaac_ros-dev/ros2_ws/install/px4_vslam_bridge/lib/px4_vslam_bridge/visual_odometry_bridge", line 33, in <module>
    sys.exit(load_entry_point('px4-vslam-bridge==0.1.0', 'console_scripts', 'visual_odometry_bridge')())
  File "/workspaces/isaac_ros-dev/ros2_ws/install/px4_vslam_bridge/lib/python3.10/site-packages/px4_vslam_bridge/visual_odometry_bridge.py", line 165, in main
    rclpy.shutdown()
  File "/opt/ros/humble/local/lib/python3.10/dist-packages/rclpy/__init__.py", line 130, in shutdown
    _shutdown(context=context)
  File "/opt/ros/humble/local/lib/python3.10/dist-packages/rclpy/utilities.py", line 58, in shutdown
    return context.shutdown()
  File "/opt/ros/humble/local/lib/python3.10/dist-packages/rclpy/context.py", line 102, in shutdown
    self.__context.shutdown()
rclpy._rclpy_pybind11.RCLError: failed to shutdown: rcl_shutdown already called on the given context, at ./src/rcl/init.c:241
