[INFO] [1788682320.951143577] [fast_planner_bridge]: fast_planner_bridge ready -- will capture home at arm time and climb (0.0, 0.0, -5.0) NED relative to it, then follow /planning/pos_cmd from Fast-Planner
[INFO] [1788682320.951600372] [fast_planner_bridge]: >>> Press ENTER to arm and fly (or set OFFBOARD_AUTO_START=1) <<<
[INFO] [1788682323.769963634] [fast_planner_bridge]: OFFBOARD + ARMED confirmed -- home_ned=(0.02474331110715866, 0.007713959086686373, -0.03349432349205017), climbing to (0.02474331110715866, 0.007713959086686373, -5.03349432349205).
[INFO] [1788682323.920210684] [fast_planner_bridge]: [CLIMBING] pos_ned=(0.03,0.01,-0.03) dist=5.00m
[INFO] [1788682324.920158907] [fast_planner_bridge]: [CLIMBING] pos_ned=(0.03,-0.00,-0.04) dist=5.00m
[INFO] [1788682325.920317428] [fast_planner_bridge]: [CLIMBING] pos_ned=(0.04,0.01,-0.04) dist=5.00m
[INFO] [1788682326.920265891] [fast_planner_bridge]: [CLIMBING] pos_ned=(0.04,0.01,-0.03) dist=5.00m
[INFO] [1788682327.920204475] [fast_planner_bridge]: [CLIMBING] pos_ned=(0.03,0.04,-0.02) dist=5.01m
[INFO] [1788682328.920472945] [fast_planner_bridge]: [CLIMBING] pos_ned=(0.04,0.10,-0.18) dist=4.85m
[INFO] [1788682329.920280935] [fast_planner_bridge]: [CLIMBING] pos_ned=(0.03,0.08,-1.43) dist=3.61m
[INFO] [1788682330.919899938] [fast_planner_bridge]: [CLIMBING] pos_ned=(-0.01,0.01,-3.18) dist=1.85m
[INFO] [1788682331.920045752] [fast_planner_bridge]: [CLIMBING] pos_ned=(-0.00,-0.05,-4.02) dist=1.01m
[INFO] [1788682332.920104874] [fast_planner_bridge]: [CLIMBING] pos_ned=(0.03,-0.03,-4.41) dist=0.63m
[INFO] [1788682333.920089660] [fast_planner_bridge]: [CLIMBING] pos_ned=(0.06,0.02,-4.61) dist=0.42m
[INFO] [1788682334.870346370] [fast_planner_bridge]: Climb complete (dist=0.30m) -- following Fast-Planner.
[INFO] [1788682334.919982074] [fast_planner_bridge]: [FOLLOWING] pos_ned=(0.05,0.02,-4.74) target_ned=(0.61,0.07,-4.45) pos_cmd_age=0.01s
[INFO] [1788682335.920449873] [fast_planner_bridge]: [FOLLOWING] pos_ned=(0.14,-0.01,-4.68) target_ned=(0.04,0.01,-4.76) pos_cmd_age=0.01s
[INFO] [1788682336.920176934] [fast_planner_bridge]: [FOLLOWING] pos_ned=(0.18,-0.02,-4.68) target_ned=(0.04,0.01,-4.76) pos_cmd_age=0.01s
[INFO] [1788682337.920186817] [fast_planner_bridge]: [FOLLOWING] pos_ned=(0.11,-0.01,-4.70) target_ned=(0.09,-0.03,-4.76) pos_cmd_age=0.01s
[INFO] [1788682338.920286466] [fast_planner_bridge]: [FOLLOWING] pos_ned=(0.34,-0.21,-4.75) target_ned=(0.44,-0.20,-4.79) pos_cmd_age=0.01s
[INFO] [1788682339.920137220] [fast_planner_bridge]: [FOLLOWING] pos_ned=(0.92,-0.45,-4.83) target_ned=(1.05,-0.42,-4.85) pos_cmd_age=0.01s
[INFO] [1788682340.920104573] [fast_planner_bridge]: [FOLLOWING] pos_ned=(1.71,-0.67,-4.88) target_ned=(1.81,-0.62,-4.91) pos_cmd_age=0.01s
[INFO] [1788682341.920130223] [fast_planner_bridge]: [FOLLOWING] pos_ned=(2.45,-0.83,-4.91) target_ned=(2.56,-0.75,-4.94) pos_cmd_age=0.01s
[INFO] [1788682342.920073636] [fast_planner_bridge]: [FOLLOWING] pos_ned=(3.03,-0.83,-4.92) target_ned=(3.06,-0.82,-4.93) pos_cmd_age=0.01s
[INFO] [1788682343.920480285] [fast_planner_bridge]: [FOLLOWING] pos_ned=(3.29,-0.88,-4.94) target_ned=(3.33,-0.97,-4.92) pos_cmd_age=0.01s
[INFO] [1788682344.920201265] [fast_planner_bridge]: [FOLLOWING] pos_ned=(3.56,-1.27,-4.96) target_ned=(3.65,-1.41,-4.93) pos_cmd_age=0.01s
[INFO] [1788682345.920076908] [fast_planner_bridge]: [FOLLOWING] pos_ned=(4.04,-1.93,-4.97) target_ned=(4.10,-2.10,-4.96) pos_cmd_age=0.01s
[INFO] [1788682346.920163661] [fast_planner_bridge]: [FOLLOWING] pos_ned=(4.53,-2.75,-4.99) target_ned=(4.64,-2.84,-4.99) pos_cmd_age=0.01s
[INFO] [1788682347.920191122] [fast_planner_bridge]: [FOLLOWING] pos_ned=(5.13,-3.35,-5.03) target_ned=(5.24,-3.42,-5.02) pos_cmd_age=0.01s
[INFO] [1788682348.920193458] [fast_planner_bridge]: [FOLLOWING] pos_ned=(5.80,-3.77,-4.97) target_ned=(5.75,-3.75,-5.01) pos_cmd_age=0.01s
[INFO] [1788682349.920340649] [fast_planner_bridge]: [FOLLOWING] pos_ned=(6.03,-3.91,-4.84) target_ned=(6.00,-3.83,-4.90) pos_cmd_age=0.01s
[INFO] [1788682350.920335083] [fast_planner_bridge]: [FOLLOWING] pos_ned=(6.09,-3.61,-4.57) target_ned=(5.95,-3.61,-4.73) pos_cmd_age=0.01s
[INFO] [1788682351.920375388] [fast_planner_bridge]: [FOLLOWING] pos_ned=(6.17,-3.10,-4.51) target_ned=(5.97,-3.24,-4.62) pos_cmd_age=0.01s
[INFO] [1788682352.920193766] [fast_planner_bridge]: [FOLLOWING] pos_ned=(6.39,-2.75,-4.59) target_ned=(6.29,-2.80,-4.61) pos_cmd_age=0.01s
[INFO] [1788682353.920405982] [fast_planner_bridge]: [FOLLOWING] pos_ned=(6.85,-2.36,-4.72) target_ned=(6.87,-2.30,-4.67) pos_cmd_age=0.01s
[INFO] [1788682354.920300863] [fast_planner_bridge]: [FOLLOWING] pos_ned=(7.51,-1.88,-4.83) target_ned=(7.50,-1.67,-4.77) pos_cmd_age=0.01s
[INFO] [1788682355.920008285] [fast_planner_bridge]: [FOLLOWING] pos_ned=(7.98,-1.19,-4.93) target_ned=(8.00,-1.05,-4.88) pos_cmd_age=0.01s
[INFO] [1788682356.920371651] [fast_planner_bridge]: [FOLLOWING] pos_ned=(8.21,-0.78,-4.97) target_ned=(8.28,-0.74,-4.94) pos_cmd_age=0.01s
[INFO] [1788682357.919962203] [fast_planner_bridge]: [FOLLOWING] pos_ned=(8.22,-0.67,-4.97) target_ned=(8.31,-0.68,-4.95) pos_cmd_age=0.01s
[INFO] [1788682358.920241292] [fast_planner_bridge]: [FOLLOWING] pos_ned=(8.04,-0.45,-4.92) target_ned=(8.19,-0.41,-4.97) pos_cmd_age=0.01s
[INFO] [1788682359.920317124] [fast_planner_bridge]: [FOLLOWING] pos_ned=(7.87,0.05,-4.93) target_ned=(8.03,-0.07,-5.00) pos_cmd_age=0.01s
[INFO] [1788682360.920106062] [fast_planner_bridge]: [FOLLOWING] pos_ned=(8.03,0.18,-4.96) target_ned=(8.00,-0.00,-5.00) pos_cmd_age=0.01s
[INFO] [1788682361.920362570] [fast_planner_bridge]: [FOLLOWING] pos_ned=(8.02,-0.01,-5.03) target_ned=(8.00,-0.00,-5.00) pos_cmd_age=0.01s
[INFO] [1788682362.920042858] [fast_planner_bridge]: [FOLLOWING] pos_ned=(7.96,-0.03,-5.03) target_ned=(8.00,-0.00,-5.00) pos_cmd_age=0.01s
[INFO] [1788682363.920045434] [fast_planner_bridge]: [FOLLOWING] pos_ned=(7.96,0.01,-5.02) target_ned=(8.00,-0.00,-5.00) pos_cmd_age=0.01s
[WARN] [1788682364.319932620] [fast_planner_bridge]: Shutdown signal 15 received -- ceasing ARM requests, commanding AUTO.LAND, will disarm and exit once landed. If this doesn't complete and the vehicle needs to come down NOW, use emergency_stop.py instead of repeating this signal.
[INFO] [1788682364.420330066] [fast_planner_bridge]: Requesting AUTO.LAND... nav_state=14
[INFO] [1788682364.469819294] [fast_planner_bridge]: AUTO.LAND confirmed -- ceasing offboard setpoints, handing off to the autopilot.
[INFO] [1788682364.920008504] [fast_planner_bridge]: Waiting for disarm (backstop disarm sent)... arming_state=2
[INFO] [1788682366.919957637] [fast_planner_bridge]: Waiting for disarm (backstop disarm sent)... arming_state=2
