[INFO] [1788754619.729746854] [vslam_compare]: vslam_compare: logging per-message CSV to /workspaces/isaac_ros-dev/results/route2_probe/r2_2_L2_r19/vslam_compare.csv (exp_id='r2_2_L2_r19')
[INFO] [1788754619.749550358] [vslam_compare]: vslam_compare ready -- watching /visual_slam/tracking/odometry vs /ground_truth/odom
[INFO] [1788754619.750765488] [vslam_compare]: Ground truth origin set: (-0.030919218435883522, 0.026881270110607147, -0.03157508373260498)
[INFO] [1788754619.791150621] [vslam_compare]: cuVSLAM origin set: (0.0, 0.0, 0.0) -- tracking initialized
[INFO] [1788754620.750085583] [vslam_compare]: gt=(-0.01, -0.01, 0.0) vslam=(0.0, 0.0, 0.0) error=0.015m max_error=0.015m (n=1)
[INFO] [1788754621.749879068] [vslam_compare]: gt=(-0.02, -0.01, 0.01) vslam=(0.0, 0.0, 0.0) error=0.026m max_error=0.026m (n=2)
[INFO] [1788754622.750161752] [vslam_compare]: gt=(-0.02, -0.02, 0.01) vslam=(0.0, 0.0, 0.0) error=0.030m max_error=0.030m (n=3)
[INFO] [1788754623.749840587] [vslam_compare]: gt=(-0.02, -0.01, 0.01) vslam=(0.0, 0.0, 0.0) error=0.026m max_error=0.030m (n=4)
[INFO] [1788754624.749987861] [vslam_compare]: gt=(-0.01, -0.01, 0.01) vslam=(0.0, 0.0, 0.0) error=0.022m max_error=0.030m (n=5)
[INFO] [1788754625.749867690] [vslam_compare]: gt=(-0.01, -0.02, 0.01) vslam=(0.0, 0.0, 0.0) error=0.021m max_error=0.030m (n=6)
[INFO] [1788754626.749911364] [vslam_compare]: gt=(0.0, -0.02, 0.01) vslam=(0.0, 0.0, 0.0) error=0.022m max_error=0.030m (n=7)
[INFO] [1788754627.749671291] [vslam_compare]: gt=(0.01, -0.02, 0.02) vslam=(0.0, 0.0, 0.0) error=0.030m max_error=0.030m (n=8)
[INFO] [1788754628.749782387] [vslam_compare]: gt=(0.02, -0.02, 0.02) vslam=(0.0, 0.0, 0.0) error=0.031m max_error=0.031m (n=9)
[INFO] [1788754629.750086194] [vslam_compare]: gt=(0.02, -0.02, 0.01) vslam=(0.0, 0.0, 0.0) error=0.032m max_error=0.032m (n=10)
[INFO] [1788754630.749901888] [vslam_compare]: gt=(0.03, -0.02, 0.01) vslam=(0.0, 0.0, 0.0) error=0.033m max_error=0.033m (n=11)
[INFO] [1788754631.749891978] [vslam_compare]: gt=(0.05, -0.02, 0.01) vslam=(0.01, -0.03, 0.0) error=0.038m max_error=0.038m (n=12)
[INFO] [1788754632.749805070] [vslam_compare]: gt=(0.13, -0.01, 0.14) vslam=(0.26, -0.05, -0.02) error=0.206m max_error=0.206m (n=13)
[INFO] [1788754633.749865767] [vslam_compare]: gt=(0.14, -0.06, 1.23) vslam=(0.2, -0.1, 0.93) error=0.304m max_error=0.304m (n=14)
[INFO] [1788754634.750040296] [vslam_compare]: gt=(0.04, -0.12, 2.84) vslam=(0.07, -0.2, 2.56) error=0.288m max_error=0.304m (n=15)
[INFO] [1788754635.750051164] [vslam_compare]: gt=(-0.03, -0.11, 3.87) vslam=(0.07, -0.24, 3.73) error=0.208m max_error=0.304m (n=16)
[INFO] [1788754636.749846432] [vslam_compare]: gt=(-0.03, -0.06, 4.38) vslam=(0.02, -0.19, 4.35) error=0.143m max_error=0.304m (n=17)
[INFO] [1788754637.749812338] [vslam_compare]: gt=(-0.01, -0.0, 4.65) vslam=(0.01, -0.1, 4.71) error=0.113m max_error=0.304m (n=18)
[INFO] [1788754638.750084368] [vslam_compare]: gt=(-0.01, 0.05, 4.79) vslam=(0.02, -0.06, 4.81) error=0.117m max_error=0.304m (n=19)
[INFO] [1788754639.749980056] [vslam_compare]: gt=(0.03, 0.03, 4.83) vslam=(0.05, -0.07, 4.89) error=0.115m max_error=0.304m (n=20)
[INFO] [1788754640.749916758] [vslam_compare]: gt=(0.14, -0.07, 4.89) vslam=(0.17, -0.16, 4.94) error=0.108m max_error=0.304m (n=21)
[INFO] [1788754641.750136881] [vslam_compare]: gt=(0.27, -0.19, 4.96) vslam=(0.29, -0.27, 4.99) error=0.088m max_error=0.304m (n=22)
[INFO] [1788754642.749931528] [vslam_compare]: gt=(0.39, -0.29, 5.02) vslam=(0.46, -0.44, 4.96) error=0.181m max_error=0.304m (n=23)
[INFO] [1788754643.749735429] [vslam_compare]: gt=(0.52, -0.41, 5.05) vslam=(0.6, -0.54, 5.01) error=0.157m max_error=0.304m (n=24)
[INFO] [1788754644.750046172] [vslam_compare]: gt=(0.49, -0.56, 5.07) vslam=(0.62, -0.71, 5.07) error=0.197m max_error=0.304m (n=25)
[INFO] [1788754645.749928615] [vslam_compare]: gt=(0.41, -0.73, 5.11) vslam=(0.53, -0.9, 5.12) error=0.214m max_error=0.304m (n=26)
[INFO] [1788754646.749773654] [vslam_compare]: gt=(0.32, -0.9, 5.17) vslam=(0.46, -1.1, 5.17) error=0.237m max_error=0.304m (n=27)
[INFO] [1788754647.749915357] [vslam_compare]: gt=(0.26, -1.08, 5.23) vslam=(0.39, -1.29, 5.21) error=0.249m max_error=0.304m (n=28)
[INFO] [1788754648.749964333] [vslam_compare]: gt=(0.23, -1.26, 5.28) vslam=(0.36, -1.48, 5.26) error=0.255m max_error=0.304m (n=29)
[INFO] [1788754649.749771488] [vslam_compare]: gt=(0.23, -1.43, 5.26) vslam=(0.36, -1.63, 5.25) error=0.235m max_error=0.304m (n=30)
[INFO] [1788754650.749853909] [vslam_compare]: gt=(0.27, -1.57, 5.24) vslam=(0.39, -1.81, 5.27) error=0.270m max_error=0.304m (n=31)
[INFO] [1788754651.749855023] [vslam_compare]: gt=(0.33, -1.68, 5.25) vslam=(0.45, -1.94, 5.3) error=0.287m max_error=0.304m (n=32)
[INFO] [1788754652.749905706] [vslam_compare]: gt=(0.41, -1.8, 5.28) vslam=(0.52, -2.05, 5.32) error=0.282m max_error=0.304m (n=33)
[INFO] [1788754653.749985080] [vslam_compare]: gt=(0.5, -1.88, 5.31) vslam=(0.62, -2.15, 5.35) error=0.295m max_error=0.304m (n=34)
[INFO] [1788754654.749889460] [vslam_compare]: gt=(0.61, -1.95, 5.31) vslam=(0.72, -2.22, 5.36) error=0.291m max_error=0.304m (n=35)
[INFO] [1788754655.749698515] [vslam_compare]: gt=(0.71, -2.01, 5.32) vslam=(0.82, -2.28, 5.37) error=0.296m max_error=0.304m (n=36)
[INFO] [1788754656.749851926] [vslam_compare]: gt=(0.83, -2.06, 5.32) vslam=(0.94, -2.33, 5.38) error=0.298m max_error=0.304m (n=37)
[INFO] [1788754657.749859739] [vslam_compare]: gt=(0.95, -2.11, 5.34) vslam=(1.05, -2.38, 5.39) error=0.300m max_error=0.304m (n=38)
[INFO] [1788754658.749886051] [vslam_compare]: gt=(1.08, -2.1, 5.33) vslam=(1.18, -2.39, 5.4) error=0.319m max_error=0.319m (n=39)
[INFO] [1788754659.749910066] [vslam_compare]: gt=(1.2, -2.06, 5.37) vslam=(1.37, -2.3, 5.37) error=0.291m max_error=0.319m (n=40)
[INFO] [1788754660.749909329] [vslam_compare]: gt=(1.19, -2.19, 5.39) vslam=(1.36, -2.45, 5.41) error=0.313m max_error=0.319m (n=41)
[INFO] [1788754661.749952050] [vslam_compare]: gt=(1.13, -2.37, 5.44) vslam=(1.3, -2.63, 5.45) error=0.306m max_error=0.319m (n=42)
[INFO] [1788754662.749864431] [vslam_compare]: gt=(1.07, -2.55, 5.49) vslam=(1.23, -2.81, 5.51) error=0.305m max_error=0.319m (n=43)
[INFO] [1788754663.749756860] [vslam_compare]: gt=(1.0, -2.74, 5.55) vslam=(1.16, -2.99, 5.56) error=0.301m max_error=0.319m (n=44)
[INFO] [1788754664.750073635] [vslam_compare]: gt=(0.92, -2.89, 5.59) vslam=(1.08, -3.16, 5.61) error=0.309m max_error=0.319m (n=45)
[INFO] [1788754665.750068738] [vslam_compare]: gt=(0.82, -3.05, 5.63) vslam=(0.98, -3.32, 5.65) error=0.318m max_error=0.319m (n=46)
[INFO] [1788754666.750017880] [vslam_compare]: gt=(0.72, -3.19, 5.66) vslam=(0.87, -3.48, 5.68) error=0.319m max_error=0.319m (n=47)
[INFO] [1788754667.749855618] [vslam_compare]: gt=(0.72, -3.35, 5.65) vslam=(0.84, -3.62, 5.7) error=0.301m max_error=0.319m (n=48)
[INFO] [1788754668.750027250] [vslam_compare]: gt=(0.79, -3.48, 5.55) vslam=(0.91, -3.78, 5.64) error=0.332m max_error=0.332m (n=49)
[INFO] [1788754669.749865359] [vslam_compare]: gt=(0.83, -3.58, 5.51) vslam=(0.95, -3.89, 5.55) error=0.333m max_error=0.333m (n=50)
[INFO] [1788754670.749963332] [vslam_compare]: gt=(0.84, -3.63, 5.48) vslam=(0.96, -3.94, 5.52) error=0.333m max_error=0.333m (n=51)
[INFO] [1788754671.749998253] [vslam_compare]: gt=(0.84, -3.64, 5.46) vslam=(0.94, -3.96, 5.51) error=0.349m max_error=0.349m (n=52)
[INFO] [1788754672.750022768] [vslam_compare]: gt=(0.83, -3.64, 5.46) vslam=(0.94, -3.97, 5.51) error=0.350m max_error=0.350m (n=53)
[INFO] [1788754673.749944295] [vslam_compare]: gt=(0.83, -3.65, 5.46) vslam=(0.94, -3.98, 5.52) error=0.347m max_error=0.350m (n=54)
[INFO] [1788754674.750050945] [vslam_compare]: gt=(0.84, -3.64, 5.46) vslam=(0.94, -3.97, 5.52) error=0.358m max_error=0.358m (n=55)
[INFO] [1788754675.749767145] [vslam_compare]: gt=(0.85, -3.62, 5.45) vslam=(0.95, -3.97, 5.52) error=0.368m max_error=0.368m (n=56)
Traceback (most recent call last):
  File "/workspaces/isaac_ros-dev/ros2_ws/install/px4_vslam_bridge/lib/python3.10/site-packages/px4_vslam_bridge/vslam_compare.py", line 194, in main
    rclpy.spin(node)
  File "/opt/ros/humble/local/lib/python3.10/dist-packages/rclpy/__init__.py", line 229, in spin
    executor.spin_once()
  File "/opt/ros/humble/local/lib/python3.10/dist-packages/rclpy/executors.py", line 808, in spin_once
    self._spin_once_impl(timeout_sec)
  File "/opt/ros/humble/local/lib/python3.10/dist-packages/rclpy/executors.py", line 797, in _spin_once_impl
    handler, entity, node = self.wait_for_ready_callbacks(timeout_sec=timeout_sec)
  File "/opt/ros/humble/local/lib/python3.10/dist-packages/rclpy/executors.py", line 780, in wait_for_ready_callbacks
    return next(self._cb_iter)
  File "/opt/ros/humble/local/lib/python3.10/dist-packages/rclpy/executors.py", line 653, in _wait_for_ready_callbacks
    wait_set = _rclpy.WaitSet(
rclpy._rclpy_pybind11.RCLError: failed to initialize wait set: the given context is not valid, either rcl_init() was not called or rcl_shutdown() was called., at ./src/rcl/wait.c:130

During handling of the above exception, another exception occurred:

Traceback (most recent call last):
  File "/workspaces/isaac_ros-dev/ros2_ws/install/px4_vslam_bridge/lib/px4_vslam_bridge/vslam_compare", line 33, in <module>
    sys.exit(load_entry_point('px4-vslam-bridge==0.1.0', 'console_scripts', 'vslam_compare')())
  File "/workspaces/isaac_ros-dev/ros2_ws/install/px4_vslam_bridge/lib/python3.10/site-packages/px4_vslam_bridge/vslam_compare.py", line 199, in main
    rclpy.shutdown()
  File "/opt/ros/humble/local/lib/python3.10/dist-packages/rclpy/__init__.py", line 130, in shutdown
    _shutdown(context=context)
  File "/opt/ros/humble/local/lib/python3.10/dist-packages/rclpy/utilities.py", line 58, in shutdown
    return context.shutdown()
  File "/opt/ros/humble/local/lib/python3.10/dist-packages/rclpy/context.py", line 102, in shutdown
    self.__context.shutdown()
rclpy._rclpy_pybind11.RCLError: failed to shutdown: rcl_shutdown already called on the given context, at ./src/rcl/init.c:241
