[INFO] [1788716144.221807390] [fast_planner_bridge]: fast_planner_bridge ready -- will capture home at arm time and climb (0.0, 0.0, -5.0) NED relative to it, then follow /planning/pos_cmd from Fast-Planner
[INFO] [1788716144.222215887] [fast_planner_bridge]: >>> Press ENTER to arm and fly (or set OFFBOARD_AUTO_START=1) <<<
[INFO] [1788716147.093075921] [fast_planner_bridge]: OFFBOARD + ARMED confirmed -- home_ned=(0.0031570408027619123, 0.013178681023418903, 0.01870468258857727), climbing to (0.0031570408027619123, 0.013178681023418903, -4.981295317411423).
[INFO] [1788716147.193147959] [fast_planner_bridge]: [CLIMBING] pos_ned=(0.00,0.01,0.02) dist=5.00m
[INFO] [1788716148.193285037] [fast_planner_bridge]: [CLIMBING] pos_ned=(0.01,0.01,0.03) dist=5.02m
[INFO] [1788716149.193411617] [fast_planner_bridge]: [CLIMBING] pos_ned=(0.11,0.03,0.10) dist=5.08m
[INFO] [1788716150.193296664] [fast_planner_bridge]: [CLIMBING] pos_ned=(0.16,0.03,0.14) dist=5.12m
[INFO] [1788716151.193428520] [fast_planner_bridge]: [CLIMBING] pos_ned=(0.17,0.03,0.16) dist=5.15m
[INFO] [1788716152.193516946] [fast_planner_bridge]: [CLIMBING] pos_ned=(0.15,0.05,0.11) dist=5.09m
[INFO] [1788716153.193015768] [fast_planner_bridge]: [CLIMBING] pos_ned=(-0.01,0.14,-0.87) dist=4.11m
[INFO] [1788716154.193221435] [fast_planner_bridge]: [CLIMBING] pos_ned=(-0.12,0.15,-2.61) dist=2.38m
[INFO] [1788716155.193129491] [fast_planner_bridge]: [CLIMBING] pos_ned=(-0.16,0.06,-3.77) dist=1.23m
[INFO] [1788716156.193130831] [fast_planner_bridge]: [CLIMBING] pos_ned=(-0.23,-0.09,-4.32) dist=0.71m
[INFO] [1788716157.193045126] [fast_planner_bridge]: [CLIMBING] pos_ned=(-0.30,-0.16,-4.64) dist=0.49m
[INFO] [1788716158.043288590] [fast_planner_bridge]: Climb complete (dist=0.29m) -- following Fast-Planner.
[INFO] [1788716158.193497981] [fast_planner_bridge]: [FOLLOWING] pos_ned=(-0.13,-0.05,-4.77) target_ned=(-0.30,-0.16,-4.52) pos_cmd_age=0.00s
[INFO] [1788716159.193178582] [fast_planner_bridge]: [FOLLOWING] pos_ned=(0.03,0.03,-4.58) target_ned=(0.03,0.03,-4.61) pos_cmd_age=0.00s
[INFO] [1788716160.193110321] [fast_planner_bridge]: [FOLLOWING] pos_ned=(0.10,-0.04,-4.53) target_ned=(0.22,-0.08,-4.61) pos_cmd_age=0.00s
[INFO] [1788716161.193260634] [fast_planner_bridge]: [FOLLOWING] pos_ned=(0.61,-0.18,-4.53) target_ned=(0.72,-0.19,-4.60) pos_cmd_age=0.00s
[INFO] [1788716162.193442943] [fast_planner_bridge]: [FOLLOWING] pos_ned=(1.38,-0.24,-4.52) target_ned=(1.43,-0.21,-4.60) pos_cmd_age=0.00s
[INFO] [1788716163.193101566] [fast_planner_bridge]: [FOLLOWING] pos_ned=(2.16,-0.32,-4.68) target_ned=(2.20,-0.15,-4.63) pos_cmd_age=0.00s
[INFO] [1788716164.193242612] [fast_planner_bridge]: [FOLLOWING] pos_ned=(2.69,-0.36,-4.83) target_ned=(2.86,-0.09,-4.68) pos_cmd_age=0.00s
[INFO] [1788716165.193320039] [fast_planner_bridge]: [FOLLOWING] pos_ned=(3.13,-0.23,-4.82) target_ned=(3.25,-0.12,-4.71) pos_cmd_age=0.00s
[INFO] [1788716166.193323609] [fast_planner_bridge]: [FOLLOWING] pos_ned=(3.39,-0.16,-4.82) target_ned=(3.52,-0.18,-4.73) pos_cmd_age=0.00s
[INFO] [1788716167.193336770] [fast_planner_bridge]: [FOLLOWING] pos_ned=(3.84,-0.14,-4.82) target_ned=(3.95,-0.21,-4.76) pos_cmd_age=0.00s
[INFO] [1788716168.193315299] [fast_planner_bridge]: [FOLLOWING] pos_ned=(4.58,-0.14,-4.81) target_ned=(4.63,-0.18,-4.81) pos_cmd_age=0.00s
[INFO] [1788716169.193720323] [fast_planner_bridge]: [FOLLOWING] pos_ned=(5.34,-0.06,-4.84) target_ned=(5.33,-0.09,-4.85) pos_cmd_age=0.00s
[INFO] [1788716170.193187004] [fast_planner_bridge]: [FOLLOWING] pos_ned=(5.77,0.14,-4.84) target_ned=(5.86,0.24,-4.90) pos_cmd_age=0.00s
[INFO] [1788716171.193058719] [fast_planner_bridge]: [FOLLOWING] pos_ned=(6.06,0.69,-4.84) target_ned=(6.08,0.75,-4.94) pos_cmd_age=0.00s
[INFO] [1788716172.193211831] [fast_planner_bridge]: [FOLLOWING] pos_ned=(6.30,1.35,-4.86) target_ned=(6.23,1.22,-4.97) pos_cmd_age=0.00s
[INFO] [1788716173.193194298] [fast_planner_bridge]: [FOLLOWING] pos_ned=(6.48,1.65,-4.89) target_ned=(6.48,1.40,-4.99) pos_cmd_age=0.00s
[INFO] [1788716174.193183303] [fast_planner_bridge]: [FOLLOWING] pos_ned=(6.96,1.37,-4.80) target_ned=(6.93,1.25,-4.99) pos_cmd_age=0.00s
[INFO] [1788716175.193504511] [fast_planner_bridge]: [FOLLOWING] pos_ned=(7.60,0.78,-4.86) target_ned=(7.47,0.75,-4.98) pos_cmd_age=0.00s
[INFO] [1788716176.193103914] [fast_planner_bridge]: [FOLLOWING] pos_ned=(8.01,0.24,-4.86) target_ned=(7.87,0.23,-4.99) pos_cmd_age=0.00s
[INFO] [1788716177.193198956] [fast_planner_bridge]: [FOLLOWING] pos_ned=(8.11,0.07,-4.88) target_ned=(8.00,0.01,-5.00) pos_cmd_age=0.00s
[INFO] [1788716178.193094118] [fast_planner_bridge]: [FOLLOWING] pos_ned=(8.07,0.15,-4.90) target_ned=(8.00,0.01,-5.00) pos_cmd_age=0.00s
[INFO] [1788716179.193183879] [fast_planner_bridge]: [FOLLOWING] pos_ned=(8.05,0.08,-4.92) target_ned=(8.00,0.01,-5.00) pos_cmd_age=0.00s
[INFO] [1788716180.193169605] [fast_planner_bridge]: [FOLLOWING] pos_ned=(8.03,-0.02,-4.95) target_ned=(8.00,0.01,-5.00) pos_cmd_age=0.00s
[WARN] [1788716181.031799067] [fast_planner_bridge]: Shutdown signal 15 received -- ceasing ARM requests, commanding AUTO.LAND, will disarm and exit once landed. If this doesn't complete and the vehicle needs to come down NOW, use emergency_stop.py instead of repeating this signal.
[INFO] [1788716181.193096423] [fast_planner_bridge]: Requesting AUTO.LAND... nav_state=14
[INFO] [1788716181.243012048] [fast_planner_bridge]: AUTO.LAND confirmed -- ceasing offboard setpoints, handing off to the autopilot.
[INFO] [1788716182.192870771] [fast_planner_bridge]: Waiting for disarm (backstop disarm sent)... arming_state=2
