[INFO] [1788716137.786895893] [visual_odometry_bridge]: visual_odometry_bridge ready: /visual_slam/tracking/odometry -> /fmu/in/vehicle_visual_odometry
[INFO] [1788716142.667230679] [visual_odometry_bridge]: published 100 vehicle_visual_odometry samples (last NED pos=(0.00,0.00,-0.00))
[WARN] [1788716147.521274524] [visual_odometry_bridge]: Rejected cuVSLAM update: implied speed 11.8 m/s (jumped 0.38m in 32ms) -- holding last known-good position, not forwarding to EKF2. (1 rejected total)
[WARN] [1788716151.654276517] [visual_odometry_bridge]: Rejected cuVSLAM update: implied speed 32.7 m/s (jumped 1.18m in 36ms) -- holding last known-good position, not forwarding to EKF2. (3 rejected total)
[WARN] [1788716152.709793483] [visual_odometry_bridge]: Rejected cuVSLAM update: implied speed 18.1 m/s (jumped 8.34m in 460ms) -- holding last known-good position, not forwarding to EKF2. (20 rejected total)
[WARN] [1788716154.364584757] [visual_odometry_bridge]: Rejected cuVSLAM update: implied speed 10.8 m/s (jumped 0.39m in 36ms) -- holding last known-good position, not forwarding to EKF2. (40 rejected total)
[INFO] [1788716154.620044768] [visual_odometry_bridge]: published 300 vehicle_visual_odometry samples (last NED pos=(-1.79,-9.25,-1.60))
[WARN] [1788716155.461951341] [visual_odometry_bridge]: Rejected cuVSLAM update: implied speed 18.3 m/s (jumped 0.59m in 32ms) -- holding last known-good position, not forwarding to EKF2. (48 rejected total)
[INFO] [1788716159.942218233] [visual_odometry_bridge]: published 400 vehicle_visual_odometry samples (last NED pos=(0.21,-11.45,-2.33))
[WARN] [1788716161.569262432] [visual_odometry_bridge]: Rejected cuVSLAM update: implied speed 45.1 m/s (jumped 1.44m in 32ms) -- holding last known-good position, not forwarding to EKF2. (50 rejected total)
[WARN] [1788716162.584227498] [visual_odometry_bridge]: Rejected cuVSLAM update: implied speed 8.3 m/s (jumped 1.63m in 196ms) -- holding last known-good position, not forwarding to EKF2. (62 rejected total)
[WARN] [1788716164.555554723] [visual_odometry_bridge]: Rejected cuVSLAM update: implied speed 18.6 m/s (jumped 0.60m in 32ms) -- holding last known-good position, not forwarding to EKF2. (63 rejected total)
[INFO] [1788716165.850921213] [visual_odometry_bridge]: published 500 vehicle_visual_odometry samples (last NED pos=(2.44,-12.30,-3.92))
[WARN] [1788716167.280281713] [visual_odometry_bridge]: Rejected cuVSLAM update: implied speed 12.6 m/s (jumped 0.40m in 32ms) -- holding last known-good position, not forwarding to EKF2. (66 rejected total)
[WARN] [1788716168.351363912] [visual_odometry_bridge]: Rejected cuVSLAM update: implied speed 12.6 m/s (jumped 0.40m in 32ms) -- holding last known-good position, not forwarding to EKF2. (69 rejected total)
[WARN] [1788716170.357304453] [visual_odometry_bridge]: Rejected cuVSLAM update: implied speed 14.5 m/s (jumped 0.47m in 32ms) -- holding last known-good position, not forwarding to EKF2. (71 rejected total)
[INFO] [1788716171.486568856] [visual_odometry_bridge]: published 600 vehicle_visual_odometry samples (last NED pos=(3.11,-14.18,-4.03))
[WARN] [1788716173.133321885] [visual_odometry_bridge]: Rejected cuVSLAM update: implied speed 9.2 m/s (jumped 0.33m in 36ms) -- holding last known-good position, not forwarding to EKF2. (76 rejected total)
Traceback (most recent call last):
  File "/workspaces/isaac_ros-dev/ros2_ws/install/px4_vslam_bridge/lib/python3.10/site-packages/px4_vslam_bridge/visual_odometry_bridge.py", line 160, in main
    rclpy.spin(node)
  File "/opt/ros/humble/local/lib/python3.10/dist-packages/rclpy/__init__.py", line 229, in spin
    executor.spin_once()
  File "/opt/ros/humble/local/lib/python3.10/dist-packages/rclpy/executors.py", line 808, in spin_once
    self._spin_once_impl(timeout_sec)
  File "/opt/ros/humble/local/lib/python3.10/dist-packages/rclpy/executors.py", line 797, in _spin_once_impl
    handler, entity, node = self.wait_for_ready_callbacks(timeout_sec=timeout_sec)
  File "/opt/ros/humble/local/lib/python3.10/dist-packages/rclpy/executors.py", line 780, in wait_for_ready_callbacks
    return next(self._cb_iter)
  File "/opt/ros/humble/local/lib/python3.10/dist-packages/rclpy/executors.py", line 681, in _wait_for_ready_callbacks
    raise ExternalShutdownException()
rclpy.executors.ExternalShutdownException

During handling of the above exception, another exception occurred:

Traceback (most recent call last):
  File "/workspaces/isaac_ros-dev/ros2_ws/install/px4_vslam_bridge/lib/px4_vslam_bridge/visual_odometry_bridge", line 33, in <module>
    sys.exit(load_entry_point('px4-vslam-bridge==0.1.0', 'console_scripts', 'visual_odometry_bridge')())
  File "/workspaces/isaac_ros-dev/ros2_ws/install/px4_vslam_bridge/lib/python3.10/site-packages/px4_vslam_bridge/visual_odometry_bridge.py", line 165, in main
    rclpy.shutdown()
  File "/opt/ros/humble/local/lib/python3.10/dist-packages/rclpy/__init__.py", line 130, in shutdown
    _shutdown(context=context)
  File "/opt/ros/humble/local/lib/python3.10/dist-packages/rclpy/utilities.py", line 58, in shutdown
    return context.shutdown()
  File "/opt/ros/humble/local/lib/python3.10/dist-packages/rclpy/context.py", line 102, in shutdown
    self.__context.shutdown()
rclpy._rclpy_pybind11.RCLError: failed to shutdown: rcl_shutdown already called on the given context, at ./src/rcl/init.c:241
