[INFO] [1788720949.517270156] [visual_odometry_bridge]: visual_odometry_bridge ready: /visual_slam/tracking/odometry -> /fmu/in/vehicle_visual_odometry
[INFO] [1788720954.177028090] [visual_odometry_bridge]: published 100 vehicle_visual_odometry samples (last NED pos=(0.00,0.00,-0.00))
[INFO] [1788720963.402696486] [visual_odometry_bridge]: published 300 vehicle_visual_odometry samples (last NED pos=(-0.12,-0.06,0.04))
[WARN] [1788720965.766318384] [visual_odometry_bridge]: Rejected cuVSLAM update: implied speed 26.3 m/s (jumped 0.84m in 32ms) -- holding last known-good position, not forwarding to EKF2. (1 rejected total)
[WARN] [1788720966.791802570] [visual_odometry_bridge]: Rejected cuVSLAM update: implied speed 53.6 m/s (jumped 40.55m in 756ms) -- holding last known-good position, not forwarding to EKF2. (23 rejected total)
[WARN] [1788720967.807472653] [visual_odometry_bridge]: Rejected cuVSLAM update: implied speed 27.6 m/s (jumped 41.02m in 1484ms) -- holding last known-good position, not forwarding to EKF2. (45 rejected total)
[WARN] [1788720968.845151199] [visual_odometry_bridge]: Rejected cuVSLAM update: implied speed 18.5 m/s (jumped 40.93m in 2208ms) -- holding last known-good position, not forwarding to EKF2. (67 rejected total)
[WARN] [1788720969.853104343] [visual_odometry_bridge]: Rejected cuVSLAM update: implied speed 13.9 m/s (jumped 40.90m in 2936ms) -- holding last known-good position, not forwarding to EKF2. (89 rejected total)
[WARN] [1788720970.858438176] [visual_odometry_bridge]: Rejected cuVSLAM update: implied speed 11.2 m/s (jumped 40.87m in 3660ms) -- holding last known-good position, not forwarding to EKF2. (111 rejected total)
[WARN] [1788720971.860264636] [visual_odometry_bridge]: Rejected cuVSLAM update: implied speed 9.3 m/s (jumped 40.68m in 4388ms) -- holding last known-good position, not forwarding to EKF2. (133 rejected total)
[WARN] [1788720974.705741248] [visual_odometry_bridge]: Rejected cuVSLAM update: implied speed 273.5 m/s (jumped 8.75m in 32ms) -- holding last known-good position, not forwarding to EKF2. (155 rejected total)
[WARN] [1788720975.751091804] [visual_odometry_bridge]: Rejected cuVSLAM update: implied speed 15.9 m/s (jumped 0.51m in 32ms) -- holding last known-good position, not forwarding to EKF2. (176 rejected total)
[INFO] [1788720976.425816377] [visual_odometry_bridge]: published 400 vehicle_visual_odometry samples (last NED pos=(-9.51,-39.60,-9.00))
[WARN] [1788720977.099207913] [visual_odometry_bridge]: Rejected cuVSLAM update: implied speed 40.7 m/s (jumped 1.30m in 32ms) -- holding last known-good position, not forwarding to EKF2. (180 rejected total)
[WARN] [1788720978.296544887] [visual_odometry_bridge]: Rejected cuVSLAM update: implied speed 10.8 m/s (jumped 0.39m in 36ms) -- holding last known-good position, not forwarding to EKF2. (190 rejected total)
[WARN] [1788720979.327084411] [visual_odometry_bridge]: Rejected cuVSLAM update: implied speed 16.9 m/s (jumped 2.77m in 164ms) -- holding last known-good position, not forwarding to EKF2. (195 rejected total)
[WARN] [1788720980.367771637] [visual_odometry_bridge]: Rejected cuVSLAM update: implied speed 8.2 m/s (jumped 0.53m in 64ms) -- holding last known-good position, not forwarding to EKF2. (212 rejected total)
[WARN] [1788720982.132230674] [visual_odometry_bridge]: Rejected cuVSLAM update: implied speed 46.0 m/s (jumped 1.47m in 32ms) -- holding last known-good position, not forwarding to EKF2. (215 rejected total)
[WARN] [1788720983.149375284] [visual_odometry_bridge]: Rejected cuVSLAM update: implied speed 28.5 m/s (jumped 0.91m in 32ms) -- holding last known-good position, not forwarding to EKF2. (229 rejected total)
[INFO] [1788720983.999030644] [visual_odometry_bridge]: published 500 vehicle_visual_odometry samples (last NED pos=(-1.18,-34.35,-19.35))
[WARN] [1788720984.200101056] [visual_odometry_bridge]: Rejected cuVSLAM update: implied speed 51.6 m/s (jumped 1.65m in 32ms) -- holding last known-good position, not forwarding to EKF2. (237 rejected total)
Traceback (most recent call last):
  File "/workspaces/isaac_ros-dev/ros2_ws/install/px4_vslam_bridge/lib/python3.10/site-packages/px4_vslam_bridge/visual_odometry_bridge.py", line 160, in main
    rclpy.spin(node)
  File "/opt/ros/humble/local/lib/python3.10/dist-packages/rclpy/__init__.py", line 229, in spin
    executor.spin_once()
  File "/opt/ros/humble/local/lib/python3.10/dist-packages/rclpy/executors.py", line 808, in spin_once
    self._spin_once_impl(timeout_sec)
  File "/opt/ros/humble/local/lib/python3.10/dist-packages/rclpy/executors.py", line 797, in _spin_once_impl
    handler, entity, node = self.wait_for_ready_callbacks(timeout_sec=timeout_sec)
  File "/opt/ros/humble/local/lib/python3.10/dist-packages/rclpy/executors.py", line 780, in wait_for_ready_callbacks
    return next(self._cb_iter)
  File "/opt/ros/humble/local/lib/python3.10/dist-packages/rclpy/executors.py", line 681, in _wait_for_ready_callbacks
    raise ExternalShutdownException()
rclpy.executors.ExternalShutdownException

During handling of the above exception, another exception occurred:

Traceback (most recent call last):
  File "/workspaces/isaac_ros-dev/ros2_ws/install/px4_vslam_bridge/lib/px4_vslam_bridge/visual_odometry_bridge", line 33, in <module>
    sys.exit(load_entry_point('px4-vslam-bridge==0.1.0', 'console_scripts', 'visual_odometry_bridge')())
  File "/workspaces/isaac_ros-dev/ros2_ws/install/px4_vslam_bridge/lib/python3.10/site-packages/px4_vslam_bridge/visual_odometry_bridge.py", line 165, in main
    rclpy.shutdown()
  File "/opt/ros/humble/local/lib/python3.10/dist-packages/rclpy/__init__.py", line 130, in shutdown
    _shutdown(context=context)
  File "/opt/ros/humble/local/lib/python3.10/dist-packages/rclpy/utilities.py", line 58, in shutdown
    return context.shutdown()
  File "/opt/ros/humble/local/lib/python3.10/dist-packages/rclpy/context.py", line 102, in shutdown
    self.__context.shutdown()
rclpy._rclpy_pybind11.RCLError: failed to shutdown: rcl_shutdown already called on the given context, at ./src/rcl/init.c:241
