stdin is not a terminal device. Keyboard handling disabled.[INFO] [1788529589.739375664] [rosbag2_recorder]: Press SPACE for pausing/resuming
[INFO] [1788529589.740965948] [rosbag2_storage]: Opened database '/workspaces/isaac_ros-dev/results/feasibility_gate/mini_dose_low_r3/rosbag/rosbag_0.db3' for READ_WRITE.
[INFO] [1788529589.741819960] [rosbag2_recorder]: Listening for topics...
[INFO] [1788529589.741843905] [rosbag2_recorder]: Event publisher thread: Starting
[INFO] [1788529589.742129481] [rosbag2_recorder]: Recording...
[INFO] [1788529589.844967663] [rosbag2_recorder]: Subscribed to topic '/clock'
[INFO] [1788529589.846749536] [rosbag2_recorder]: Subscribed to topic '/fmu/out/estimator_status_flags'
[INFO] [1788529589.848344499] [rosbag2_recorder]: Subscribed to topic '/stereo/left/camera_info'
[INFO] [1788529589.848953722] [rosbag2_recorder]: Subscribed to topic '/stereo/left/image'
[INFO] [1788529589.849458620] [rosbag2_recorder]: Subscribed to topic '/stereo/right/camera_info'
[INFO] [1788529589.849935574] [rosbag2_recorder]: Subscribed to topic '/stereo/right/image'
[INFO] [1788529589.953302779] [rosbag2_recorder]: Subscribed to topic '/visual_slam/status'
[INFO] [1788529589.954814756] [rosbag2_recorder]: Subscribed to topic '/visual_slam/tracking/odometry'
[INFO] [1788529590.059194040] [rosbag2_recorder]: Subscribed to topic '/tf'
[INFO] [1788529590.060271132] [rosbag2_recorder]: Subscribed to topic '/tf_static'
[INFO] [1788529590.061215363] [rosbag2_recorder]: Subscribed to topic '/visual_slam/vis/observations_cloud'
[INFO] [1788529590.680848486] [rosbag2_recorder]: Subscribed to topic '/ground_truth/odom'
[INFO] [1788529590.680889052] [rosbag2_recorder]: All requested topics are subscribed. Stopping discovery...
[INFO] [1788529633.316611504] [rosbag2_cpp]: Writing remaining messages from cache to the bag. It may take a while
[INFO] [1788529633.318142577] [rosbag2_recorder]: Event publisher thread: Exiting
[INFO] [1788529633.318207990] [rosbag2_recorder]: Recording stopped
