[INFO] [1788529591.448418546] [fast_planner_bridge]: fast_planner_bridge ready -- will capture home at arm time and climb (0.0, 0.0, -5.0) NED relative to it, then follow /planning/pos_cmd from Fast-Planner
[INFO] [1788529591.448786025] [fast_planner_bridge]: >>> Press ENTER to arm and fly (or set OFFBOARD_AUTO_START=1) <<<
[INFO] [1788529594.718032599] [fast_planner_bridge]: OFFBOARD + ARMED confirmed -- home_ned=(-0.03813881427049637, -0.009405122138559818, 0.001985028386116028), climbing to (-0.03813881427049637, -0.009405122138559818, -4.998014971613884).
[INFO] [1788529595.418029283] [fast_planner_bridge]: [CLIMBING] pos_ned=(-0.04,-0.01,0.00) dist=5.00m
[INFO] [1788529596.418286159] [fast_planner_bridge]: [CLIMBING] pos_ned=(-0.04,-0.02,0.01) dist=5.01m
[INFO] [1788529597.418127772] [fast_planner_bridge]: [CLIMBING] pos_ned=(-0.02,-0.01,0.03) dist=5.03m
[INFO] [1788529598.418000519] [fast_planner_bridge]: [CLIMBING] pos_ned=(-0.01,-0.01,0.02) dist=5.02m
[INFO] [1788529599.418317124] [fast_planner_bridge]: [CLIMBING] pos_ned=(-0.02,0.03,0.02) dist=5.02m
[INFO] [1788529600.418166298] [fast_planner_bridge]: [CLIMBING] pos_ned=(-0.02,0.11,-0.59) dist=4.41m
[INFO] [1788529601.418363491] [fast_planner_bridge]: [CLIMBING] pos_ned=(-0.12,0.05,-2.15) dist=2.85m
[INFO] [1788529602.418235420] [fast_planner_bridge]: [CLIMBING] pos_ned=(-0.14,-0.05,-3.56) dist=1.44m
[INFO] [1788529603.418245503] [fast_planner_bridge]: [CLIMBING] pos_ned=(-0.09,-0.08,-4.13) dist=0.88m
[INFO] [1788529604.418213754] [fast_planner_bridge]: [CLIMBING] pos_ned=(-0.03,-0.05,-4.43) dist=0.57m
[INFO] [1788529605.418225472] [fast_planner_bridge]: [CLIMBING] pos_ned=(-0.01,-0.03,-4.61) dist=0.39m
[INFO] [1788529606.118410822] [fast_planner_bridge]: Climb complete (dist=0.30m) -- following Fast-Planner.
[INFO] [1788529606.418133280] [fast_planner_bridge]: [FOLLOWING] pos_ned=(-0.01,-0.01,-4.72) target_ned=(-0.01,-0.03,-4.53) pos_cmd_age=0.01s
[INFO] [1788529607.418349022] [fast_planner_bridge]: [FOLLOWING] pos_ned=(-0.02,-0.02,-4.55) target_ned=(-0.01,-0.03,-4.53) pos_cmd_age=0.01s
[INFO] [1788529608.418475222] [fast_planner_bridge]: [FOLLOWING] pos_ned=(0.08,-0.08,-4.50) target_ned=(0.19,-0.10,-4.53) pos_cmd_age=0.01s
[INFO] [1788529609.418148918] [fast_planner_bridge]: [FOLLOWING] pos_ned=(0.56,-0.25,-4.48) target_ned=(0.68,-0.19,-4.53) pos_cmd_age=0.01s
[INFO] [1788529610.418247648] [fast_planner_bridge]: [FOLLOWING] pos_ned=(1.27,-0.36,-4.49) target_ned=(1.36,-0.30,-4.53) pos_cmd_age=0.01s
[INFO] [1788529611.418117233] [fast_planner_bridge]: [FOLLOWING] pos_ned=(2.02,-0.51,-4.55) target_ned=(2.07,-0.45,-4.58) pos_cmd_age=0.01s
[INFO] [1788529612.417999046] [fast_planner_bridge]: [FOLLOWING] pos_ned=(2.68,-0.65,-4.64) target_ned=(2.73,-0.60,-4.66) pos_cmd_age=0.01s
[INFO] [1788529613.418046266] [fast_planner_bridge]: [FOLLOWING] pos_ned=(3.11,-0.69,-4.66) target_ned=(3.07,-0.66,-4.68) pos_cmd_age=0.01s
[INFO] [1788529614.418589372] [fast_planner_bridge]: [FOLLOWING] pos_ned=(3.40,-0.66,-4.69) target_ned=(3.32,-0.69,-4.70) pos_cmd_age=0.01s
[INFO] [1788529615.418416539] [fast_planner_bridge]: [FOLLOWING] pos_ned=(3.39,-0.71,-4.67) target_ned=(3.36,-0.70,-4.70) pos_cmd_age=0.01s
[INFO] [1788529616.418343430] [fast_planner_bridge]: [FOLLOWING] pos_ned=(3.23,-0.59,-4.64) target_ned=(3.22,-0.63,-4.60) pos_cmd_age=0.01s
[INFO] [1788529617.418171631] [fast_planner_bridge]: [FOLLOWING] pos_ned=(3.62,-0.65,-4.71) target_ned=(3.42,-0.66,-4.62) pos_cmd_age=0.01s
[INFO] [1788529618.418448329] [fast_planner_bridge]: [FOLLOWING] pos_ned=(3.54,-0.01,-4.62) target_ned=(3.64,-0.19,-4.65) pos_cmd_age=0.01s
[INFO] [1788529619.418298873] [fast_planner_bridge]: [FOLLOWING] pos_ned=(3.57,0.50,-4.55) target_ned=(3.83,-0.09,-4.70) pos_cmd_age=0.01s
[INFO] [1788529620.418235123] [fast_planner_bridge]: [FOLLOWING] pos_ned=(4.48,0.39,-4.57) target_ned=(4.36,0.01,-4.77) pos_cmd_age=0.01s
[INFO] [1788529621.418644567] [fast_planner_bridge]: [FOLLOWING] pos_ned=(5.21,-0.01,-4.81) target_ned=(5.06,0.08,-4.80) pos_cmd_age=0.01s
[INFO] [1788529622.418359674] [fast_planner_bridge]: [FOLLOWING] pos_ned=(5.76,-0.03,-4.90) target_ned=(5.79,0.19,-4.81) pos_cmd_age=0.01s
[INFO] [1788529623.418405386] [fast_planner_bridge]: [FOLLOWING] pos_ned=(6.30,0.08,-4.92) target_ned=(6.36,0.34,-4.85) pos_cmd_age=0.01s
[INFO] [1788529624.418059529] [fast_planner_bridge]: [FOLLOWING] pos_ned=(6.59,0.22,-4.95) target_ned=(6.63,0.44,-4.90) pos_cmd_age=0.01s
[INFO] [1788529625.418254372] [fast_planner_bridge]: [FOLLOWING] pos_ned=(6.62,0.29,-4.91) target_ned=(6.62,0.43,-4.89) pos_cmd_age=0.01s
[INFO] [1788529626.418355415] [fast_planner_bridge]: [FOLLOWING] pos_ned=(6.61,0.16,-4.90) target_ned=(6.66,0.28,-4.89) pos_cmd_age=0.01s
[INFO] [1788529627.418306662] [fast_planner_bridge]: [FOLLOWING] pos_ned=(6.93,0.00,-4.90) target_ned=(6.97,0.11,-4.94) pos_cmd_age=0.01s
[INFO] [1788529628.418181230] [fast_planner_bridge]: [FOLLOWING] pos_ned=(7.57,-0.05,-5.00) target_ned=(7.51,-0.02,-5.00) pos_cmd_age=0.01s
[INFO] [1788529629.418565971] [fast_planner_bridge]: [FOLLOWING] pos_ned=(8.01,-0.11,-5.01) target_ned=(7.90,-0.02,-5.01) pos_cmd_age=0.01s
[INFO] [1788529630.418354339] [fast_planner_bridge]: [FOLLOWING] pos_ned=(8.04,-0.08,-5.00) target_ned=(7.99,-0.00,-5.00) pos_cmd_age=0.01s
[INFO] [1788529631.418293264] [fast_planner_bridge]: [FOLLOWING] pos_ned=(7.93,-0.09,-5.00) target_ned=(7.99,-0.00,-5.00) pos_cmd_age=0.01s
[INFO] [1788529632.418193543] [fast_planner_bridge]: [FOLLOWING] pos_ned=(7.97,-0.08,-5.00) target_ned=(7.99,-0.00,-5.00) pos_cmd_age=0.01s
[INFO] [1788529633.418180620] [fast_planner_bridge]: [FOLLOWING] pos_ned=(8.05,-0.08,-5.01) target_ned=(7.99,-0.00,-5.00) pos_cmd_age=0.01s
[WARN] [1788529633.648623602] [fast_planner_bridge]: Shutdown signal 15 received -- ceasing ARM requests, commanding AUTO.LAND, will disarm and exit once landed. If this doesn't complete and the vehicle needs to come down NOW, use emergency_stop.py instead of repeating this signal.
[INFO] [1788529633.668278006] [fast_planner_bridge]: Requesting AUTO.LAND... nav_state=14
[INFO] [1788529633.718194570] [fast_planner_bridge]: AUTO.LAND confirmed -- ceasing offboard setpoints, handing off to the autopilot.
[INFO] [1788529635.418111368] [fast_planner_bridge]: Waiting for disarm (backstop disarm sent)... arming_state=2
