[INFO] [1788714198.379753046] [visual_odometry_bridge]: visual_odometry_bridge ready: /visual_slam/tracking/odometry -> /fmu/in/vehicle_visual_odometry
[INFO] [1788714203.462695133] [visual_odometry_bridge]: published 100 vehicle_visual_odometry samples (last NED pos=(-0.00,0.00,0.00))
[INFO] [1788714208.558306364] [visual_odometry_bridge]: published 200 vehicle_visual_odometry samples (last NED pos=(-0.00,0.00,0.00))
[WARN] [1788714209.784780495] [visual_odometry_bridge]: Rejected cuVSLAM update: implied speed 11.5 m/s (jumped 0.37m in 32ms) -- holding last known-good position, not forwarding to EKF2. (1 rejected total)
[INFO] [1788714214.240318580] [visual_odometry_bridge]: published 300 vehicle_visual_odometry samples (last NED pos=(0.51,-1.88,-0.44))
[WARN] [1788714214.503573815] [visual_odometry_bridge]: Rejected cuVSLAM update: implied speed 7205.2 m/s (jumped 230.57m in 32ms) -- holding last known-good position, not forwarding to EKF2. (8 rejected total)
[WARN] [1788714215.510981897] [visual_odometry_bridge]: Rejected cuVSLAM update: implied speed 347.3 m/s (jumped 229.21m in 660ms) -- holding last known-good position, not forwarding to EKF2. (27 rejected total)
[WARN] [1788714216.526980681] [visual_odometry_bridge]: Rejected cuVSLAM update: implied speed 178.0 m/s (jumped 229.22m in 1288ms) -- holding last known-good position, not forwarding to EKF2. (46 rejected total)
[WARN] [1788714217.575743217] [visual_odometry_bridge]: Rejected cuVSLAM update: implied speed 117.6 m/s (jumped 229.02m in 1948ms) -- holding last known-good position, not forwarding to EKF2. (65 rejected total)
[WARN] [1788714218.623565337] [visual_odometry_bridge]: Rejected cuVSLAM update: implied speed 87.8 m/s (jumped 228.90m in 2608ms) -- holding last known-good position, not forwarding to EKF2. (85 rejected total)
[WARN] [1788714219.646384600] [visual_odometry_bridge]: Rejected cuVSLAM update: implied speed 70.0 m/s (jumped 228.69m in 3268ms) -- holding last known-good position, not forwarding to EKF2. (105 rejected total)
[WARN] [1788714220.680372401] [visual_odometry_bridge]: Rejected cuVSLAM update: implied speed 58.2 m/s (jumped 228.58m in 3928ms) -- holding last known-good position, not forwarding to EKF2. (125 rejected total)
[WARN] [1788714221.721579564] [visual_odometry_bridge]: Rejected cuVSLAM update: implied speed 49.8 m/s (jumped 228.56m in 4588ms) -- holding last known-good position, not forwarding to EKF2. (145 rejected total)
[WARN] [1788714222.763301724] [visual_odometry_bridge]: Rejected cuVSLAM update: implied speed 43.5 m/s (jumped 228.52m in 5248ms) -- holding last known-good position, not forwarding to EKF2. (165 rejected total)
[WARN] [1788714223.799041403] [visual_odometry_bridge]: Rejected cuVSLAM update: implied speed 38.7 m/s (jumped 228.53m in 5908ms) -- holding last known-good position, not forwarding to EKF2. (185 rejected total)
[WARN] [1788714224.811310743] [visual_odometry_bridge]: Rejected cuVSLAM update: implied speed 35.0 m/s (jumped 228.51m in 6536ms) -- holding last known-good position, not forwarding to EKF2. (204 rejected total)
[WARN] [1788714225.811583403] [visual_odometry_bridge]: Rejected cuVSLAM update: implied speed 31.9 m/s (jumped 228.44m in 7160ms) -- holding last known-good position, not forwarding to EKF2. (223 rejected total)
[WARN] [1788714226.857826462] [visual_odometry_bridge]: Rejected cuVSLAM update: implied speed 29.2 m/s (jumped 228.43m in 7820ms) -- holding last known-good position, not forwarding to EKF2. (243 rejected total)
[WARN] [1788714227.896308168] [visual_odometry_bridge]: Rejected cuVSLAM update: implied speed 26.9 m/s (jumped 228.44m in 8480ms) -- holding last known-good position, not forwarding to EKF2. (263 rejected total)
[WARN] [1788714228.920505233] [visual_odometry_bridge]: Rejected cuVSLAM update: implied speed 25.0 m/s (jumped 228.46m in 9140ms) -- holding last known-good position, not forwarding to EKF2. (283 rejected total)
[WARN] [1788714229.923709690] [visual_odometry_bridge]: Rejected cuVSLAM update: implied speed 23.4 m/s (jumped 228.44m in 9768ms) -- holding last known-good position, not forwarding to EKF2. (302 rejected total)
[WARN] [1788714230.975493357] [visual_odometry_bridge]: Rejected cuVSLAM update: implied speed 21.9 m/s (jumped 228.45m in 10428ms) -- holding last known-good position, not forwarding to EKF2. (322 rejected total)
[WARN] [1788714231.999275898] [visual_odometry_bridge]: Rejected cuVSLAM update: implied speed 20.6 m/s (jumped 228.47m in 11088ms) -- holding last known-good position, not forwarding to EKF2. (342 rejected total)
[WARN] [1788714233.020710937] [visual_odometry_bridge]: Rejected cuVSLAM update: implied speed 19.5 m/s (jumped 228.51m in 11748ms) -- holding last known-good position, not forwarding to EKF2. (362 rejected total)
[WARN] [1788714234.063118543] [visual_odometry_bridge]: Rejected cuVSLAM update: implied speed 18.4 m/s (jumped 228.29m in 12376ms) -- holding last known-good position, not forwarding to EKF2. (381 rejected total)
Traceback (most recent call last):
  File "/workspaces/isaac_ros-dev/ros2_ws/install/px4_vslam_bridge/lib/python3.10/site-packages/px4_vslam_bridge/visual_odometry_bridge.py", line 160, in main
    rclpy.spin(node)
  File "/opt/ros/humble/local/lib/python3.10/dist-packages/rclpy/__init__.py", line 229, in spin
    executor.spin_once()
  File "/opt/ros/humble/local/lib/python3.10/dist-packages/rclpy/executors.py", line 808, in spin_once
    self._spin_once_impl(timeout_sec)
  File "/opt/ros/humble/local/lib/python3.10/dist-packages/rclpy/executors.py", line 797, in _spin_once_impl
    handler, entity, node = self.wait_for_ready_callbacks(timeout_sec=timeout_sec)
  File "/opt/ros/humble/local/lib/python3.10/dist-packages/rclpy/executors.py", line 780, in wait_for_ready_callbacks
    return next(self._cb_iter)
  File "/opt/ros/humble/local/lib/python3.10/dist-packages/rclpy/executors.py", line 681, in _wait_for_ready_callbacks
    raise ExternalShutdownException()
rclpy.executors.ExternalShutdownException

During handling of the above exception, another exception occurred:

Traceback (most recent call last):
  File "/workspaces/isaac_ros-dev/ros2_ws/install/px4_vslam_bridge/lib/px4_vslam_bridge/visual_odometry_bridge", line 33, in <module>
    sys.exit(load_entry_point('px4-vslam-bridge==0.1.0', 'console_scripts', 'visual_odometry_bridge')())
  File "/workspaces/isaac_ros-dev/ros2_ws/install/px4_vslam_bridge/lib/python3.10/site-packages/px4_vslam_bridge/visual_odometry_bridge.py", line 165, in main
    rclpy.shutdown()
  File "/opt/ros/humble/local/lib/python3.10/dist-packages/rclpy/__init__.py", line 130, in shutdown
    _shutdown(context=context)
  File "/opt/ros/humble/local/lib/python3.10/dist-packages/rclpy/utilities.py", line 58, in shutdown
    return context.shutdown()
  File "/opt/ros/humble/local/lib/python3.10/dist-packages/rclpy/context.py", line 102, in shutdown
    self.__context.shutdown()
rclpy._rclpy_pybind11.RCLError: failed to shutdown: rcl_shutdown already called on the given context, at ./src/rcl/init.c:241
