[INFO] [1788714201.309307904] [vslam_compare]: vslam_compare: logging per-message CSV to /workspaces/isaac_ros-dev/results/route2_probe/r2_medium_r133/vslam_compare.csv (exp_id='r2_medium_r133')
[INFO] [1788714201.328409497] [vslam_compare]: vslam_compare ready -- watching /visual_slam/tracking/odometry vs /ground_truth/odom
[INFO] [1788714201.331172284] [vslam_compare]: Ground truth origin set: (0.020836040377616882, -0.0010603629052639008, -0.0026255249977111816)
[INFO] [1788714202.275896313] [vslam_compare]: cuVSLAM origin set: (6.020023283781484e-05, -0.00010953281162073836, -8.389368304051459e-05) -- tracking initialized
[INFO] [1788714202.328902165] [vslam_compare]: gt=(-0.01, 0.0, -0.01) vslam=(0.0, 0.0, 0.0) error=0.007m max_error=0.007m (n=1)
[INFO] [1788714203.328516102] [vslam_compare]: gt=(-0.01, 0.0, -0.0) vslam=(0.0, 0.0, 0.0) error=0.008m max_error=0.008m (n=2)
[INFO] [1788714204.328695246] [vslam_compare]: gt=(-0.01, 0.01, -0.0) vslam=(0.0, 0.0, 0.0) error=0.008m max_error=0.008m (n=3)
[INFO] [1788714205.328632879] [vslam_compare]: gt=(0.0, -0.0, 0.0) vslam=(0.0, 0.0, 0.0) error=0.004m max_error=0.008m (n=4)
[INFO] [1788714206.328778372] [vslam_compare]: gt=(0.01, -0.01, 0.01) vslam=(0.0, 0.0, 0.0) error=0.012m max_error=0.012m (n=5)
[INFO] [1788714207.328715937] [vslam_compare]: gt=(-0.0, -0.01, 0.01) vslam=(0.0, 0.0, 0.0) error=0.014m max_error=0.014m (n=6)
[INFO] [1788714208.328514743] [vslam_compare]: gt=(-0.0, 0.01, 0.02) vslam=(0.0, 0.0, 0.0) error=0.020m max_error=0.020m (n=7)
[INFO] [1788714209.328575719] [vslam_compare]: gt=(0.0, 0.01, 0.02) vslam=(-0.01, -0.01, -0.0) error=0.038m max_error=0.038m (n=8)
[INFO] [1788714210.328561094] [vslam_compare]: gt=(-0.0, 0.02, 0.02) vslam=(-1.82, 0.77, 0.08) error=1.966m max_error=1.966m (n=9)
[INFO] [1788714211.328829219] [vslam_compare]: gt=(-0.37, 0.18, 0.05) vslam=(-1.83, 0.78, 0.08) error=1.578m max_error=1.966m (n=10)
[INFO] [1788714212.328968543] [vslam_compare]: gt=(-0.64, 0.28, 0.07) vslam=(-1.86, 0.72, 0.12) error=1.298m max_error=1.966m (n=11)
[INFO] [1788714213.328835717] [vslam_compare]: gt=(-0.61, 0.26, 0.09) vslam=(-1.93, 0.57, 0.34) error=1.380m max_error=1.966m (n=12)
[INFO] [1788714214.328734401] [vslam_compare]: gt=(-0.34, 0.19, 0.16) vslam=(-1.88, 0.51, 0.44) error=1.593m max_error=1.966m (n=13)
[INFO] [1788714215.328643183] [vslam_compare]: gt=(0.02, 0.14, 0.5) vslam=(190.62, -121.99, 23.56) error=227.539m max_error=227.539m (n=14)
[INFO] [1788714216.329028347] [vslam_compare]: gt=(0.01, 0.03, 1.66) vslam=(190.75, -121.26, 24.64) error=227.201m max_error=227.539m (n=15)
[INFO] [1788714217.328524066] [vslam_compare]: gt=(0.05, -0.1, 3.27) vslam=(191.19, -120.02, 26.31) error=226.817m max_error=227.539m (n=16)
[INFO] [1788714218.328759628] [vslam_compare]: gt=(0.1, -0.05, 4.01) vslam=(191.33, -119.47, 26.93) error=226.616m max_error=227.539m (n=17)
[INFO] [1788714219.328797731] [vslam_compare]: gt=(0.03, 0.04, 4.35) vslam=(191.31, -119.08, 27.14) error=226.489m max_error=227.539m (n=18)
[INFO] [1788714220.328713985] [vslam_compare]: gt=(-0.0, 0.07, 4.54) vslam=(191.27, -118.82, 27.26) error=226.357m max_error=227.539m (n=19)
[INFO] [1788714221.328816787] [vslam_compare]: gt=(0.01, 0.09, 4.67) vslam=(191.3, -118.69, 27.39) error=226.313m max_error=227.539m (n=20)
[INFO] [1788714222.328603157] [vslam_compare]: gt=(0.0, 0.1, 4.74) vslam=(191.31, -118.6, 27.46) error=226.286m max_error=227.539m (n=21)
[INFO] [1788714223.328746443] [vslam_compare]: gt=(-0.0, 0.1, 4.6) vslam=(191.27, -118.65, 27.38) error=226.286m max_error=227.539m (n=22)
[INFO] [1788714224.328605567] [vslam_compare]: gt=(0.0, 0.2, 4.57) vslam=(191.29, -118.64, 27.36) error=226.347m max_error=227.539m (n=23)
[INFO] [1788714225.328557243] [vslam_compare]: gt=(-0.02, 0.65, 4.55) vslam=(191.42, -118.36, 27.07) error=226.538m max_error=227.539m (n=24)
[INFO] [1788714226.328973417] [vslam_compare]: gt=(-0.03, 1.28, 4.56) vslam=(191.66, -117.97, 26.69) error=226.838m max_error=227.539m (n=25)
[INFO] [1788714227.328668109] [vslam_compare]: gt=(-0.01, 2.01, 4.62) vslam=(192.03, -117.48, 26.25) error=227.207m max_error=227.539m (n=26)
[INFO] [1788714228.328861723] [vslam_compare]: gt=(0.03, 2.72, 4.69) vslam=(192.38, -117.02, 25.88) error=227.557m max_error=227.557m (n=27)
[INFO] [1788714229.328937235] [vslam_compare]: gt=(0.06, 3.37, 4.73) vslam=(192.73, -116.54, 25.45) error=227.886m max_error=227.886m (n=28)
[INFO] [1788714230.328693098] [vslam_compare]: gt=(0.06, 3.83, 4.76) vslam=(192.96, -116.2, 25.14) error=228.104m max_error=228.104m (n=29)
[INFO] [1788714231.328649193] [vslam_compare]: gt=(0.08, 4.12, 4.79) vslam=(193.16, -115.95, 24.9) error=228.255m max_error=228.255m (n=30)
[INFO] [1788714232.328718789] [vslam_compare]: gt=(0.08, 4.17, 4.79) vslam=(193.22, -115.88, 24.82) error=228.285m max_error=228.285m (n=31)
[INFO] [1788714233.328723021] [vslam_compare]: gt=(-0.02, 4.12, 4.79) vslam=(193.2, -115.92, 24.89) error=228.353m max_error=228.353m (n=32)
[INFO] [1788714234.328839501] [vslam_compare]: gt=(-0.19, 4.35, 4.83) vslam=(193.06, -115.69, 24.76) error=228.366m max_error=228.366m (n=33)
[INFO] [1788714235.328965306] [vslam_compare]: gt=(-0.36, 4.95, 4.85) vslam=(193.12, -115.25, 24.39) error=228.619m max_error=228.619m (n=34)
[INFO] [1788714236.328856059] [vslam_compare]: gt=(-0.47, 5.69, 4.88) vslam=(193.28, -114.67, 23.88) error=228.879m max_error=228.879m (n=35)
[INFO] [1788714237.328722976] [vslam_compare]: gt=(-0.33, 6.28, 4.92) vslam=(193.68, -114.3, 23.51) error=229.181m max_error=229.181m (n=36)
[INFO] [1788714238.328726055] [vslam_compare]: gt=(-0.16, 6.82, 4.96) vslam=(194.15, -114.0, 23.13) error=229.524m max_error=229.524m (n=37)
Traceback (most recent call last):
  File "/workspaces/isaac_ros-dev/ros2_ws/install/px4_vslam_bridge/lib/python3.10/site-packages/px4_vslam_bridge/vslam_compare.py", line 194, in main
    rclpy.spin(node)
  File "/opt/ros/humble/local/lib/python3.10/dist-packages/rclpy/__init__.py", line 229, in spin
    executor.spin_once()
  File "/opt/ros/humble/local/lib/python3.10/dist-packages/rclpy/executors.py", line 808, in spin_once
    self._spin_once_impl(timeout_sec)
  File "/opt/ros/humble/local/lib/python3.10/dist-packages/rclpy/executors.py", line 797, in _spin_once_impl
    handler, entity, node = self.wait_for_ready_callbacks(timeout_sec=timeout_sec)
  File "/opt/ros/humble/local/lib/python3.10/dist-packages/rclpy/executors.py", line 780, in wait_for_ready_callbacks
    return next(self._cb_iter)
  File "/opt/ros/humble/local/lib/python3.10/dist-packages/rclpy/executors.py", line 681, in _wait_for_ready_callbacks
    raise ExternalShutdownException()
rclpy.executors.ExternalShutdownException

During handling of the above exception, another exception occurred:

Traceback (most recent call last):
  File "/workspaces/isaac_ros-dev/ros2_ws/install/px4_vslam_bridge/lib/px4_vslam_bridge/vslam_compare", line 33, in <module>
    sys.exit(load_entry_point('px4-vslam-bridge==0.1.0', 'console_scripts', 'vslam_compare')())
  File "/workspaces/isaac_ros-dev/ros2_ws/install/px4_vslam_bridge/lib/python3.10/site-packages/px4_vslam_bridge/vslam_compare.py", line 199, in main
    rclpy.shutdown()
  File "/opt/ros/humble/local/lib/python3.10/dist-packages/rclpy/__init__.py", line 130, in shutdown
    _shutdown(context=context)
  File "/opt/ros/humble/local/lib/python3.10/dist-packages/rclpy/utilities.py", line 58, in shutdown
    return context.shutdown()
  File "/opt/ros/humble/local/lib/python3.10/dist-packages/rclpy/context.py", line 102, in shutdown
    self.__context.shutdown()
rclpy._rclpy_pybind11.RCLError: failed to shutdown: rcl_shutdown already called on the given context, at ./src/rcl/init.c:241
