[INFO] [1788603510.023304231] [vslam_compare]: vslam_compare: logging per-message CSV to /workspaces/isaac_ros-dev/results/feasibility_gate/gate_sweep_none_r13/vslam_compare.csv (exp_id='gate_sweep_none_r13')
[INFO] [1788603510.041798609] [vslam_compare]: vslam_compare ready -- watching /visual_slam/tracking/odometry vs /ground_truth/odom
[INFO] [1788603510.042659930] [vslam_compare]: Ground truth origin set: (-0.023071791976690292, -0.022263159975409508, 0.03959384560585022)
[INFO] [1788603510.074250720] [vslam_compare]: cuVSLAM origin set: (0.0, 0.0, 0.0) -- tracking initialized
[INFO] [1788603511.042071665] [vslam_compare]: gt=(-0.01, 0.0, 0.0) vslam=(0.0, 0.0, 0.0) error=0.015m max_error=0.015m (n=1)
[INFO] [1788603512.042140260] [vslam_compare]: gt=(-0.0, 0.01, 0.01) vslam=(0.0, 0.0, 0.0) error=0.011m max_error=0.015m (n=2)
[INFO] [1788603513.042210907] [vslam_compare]: gt=(0.0, -0.0, 0.0) vslam=(0.0, 0.0, 0.0) error=0.004m max_error=0.015m (n=3)
[INFO] [1788603514.042263085] [vslam_compare]: gt=(0.01, 0.01, 0.01) vslam=(0.0, 0.0, 0.0) error=0.011m max_error=0.015m (n=4)
[INFO] [1788603515.042321474] [vslam_compare]: gt=(0.01, 0.02, 0.0) vslam=(0.0, 0.0, 0.0) error=0.021m max_error=0.021m (n=5)
[INFO] [1788603516.042366898] [vslam_compare]: gt=(0.02, 0.02, 0.01) vslam=(0.0, 0.0, 0.0) error=0.028m max_error=0.028m (n=6)
[INFO] [1788603517.042002861] [vslam_compare]: gt=(0.01, 0.04, 0.02) vslam=(0.0, 0.0, 0.0) error=0.040m max_error=0.040m (n=7)
[INFO] [1788603518.042000755] [vslam_compare]: gt=(-0.0, 0.04, 0.03) vslam=(0.0, 0.0, 0.0) error=0.045m max_error=0.045m (n=8)
[INFO] [1788603519.042187887] [vslam_compare]: gt=(0.01, 0.04, 0.02) vslam=(0.0, 0.0, 0.0) error=0.044m max_error=0.045m (n=9)
[INFO] [1788603520.042165118] [vslam_compare]: gt=(0.03, 0.03, 0.02) vslam=(0.0, 0.0, 0.0) error=0.046m max_error=0.046m (n=10)
[INFO] [1788603521.042139869] [vslam_compare]: gt=(0.02, 0.03, 0.01) vslam=(0.0, 0.0, 0.0) error=0.035m max_error=0.046m (n=11)
[INFO] [1788603522.042143715] [vslam_compare]: gt=(0.04, 0.02, 0.0) vslam=(0.01, -0.03, 0.0) error=0.063m max_error=0.063m (n=12)
[INFO] [1788603523.042166868] [vslam_compare]: gt=(0.12, 0.06, 0.24) vslam=(0.24, -0.03, 0.06) error=0.228m max_error=0.228m (n=13)
[INFO] [1788603524.042137675] [vslam_compare]: gt=(0.06, 0.02, 1.68) vslam=(0.19, -0.08, 1.33) error=0.391m max_error=0.391m (n=14)
[INFO] [1788603525.042285282] [vslam_compare]: gt=(-0.01, -0.03, 3.41) vslam=(0.1, -0.14, 3.11) error=0.343m max_error=0.391m (n=15)
[INFO] [1788603526.042014301] [vslam_compare]: gt=(-0.06, 0.01, 4.16) vslam=(0.01, -0.13, 3.94) error=0.266m max_error=0.391m (n=16)
[INFO] [1788603527.042386698] [vslam_compare]: gt=(-0.04, 0.05, 4.48) vslam=(0.01, -0.05, 4.39) error=0.138m max_error=0.391m (n=17)
[INFO] [1788603528.041974823] [vslam_compare]: gt=(-0.02, 0.06, 4.66) vslam=(0.02, -0.03, 4.64) error=0.109m max_error=0.391m (n=18)
[INFO] [1788603529.042326625] [vslam_compare]: gt=(0.0, 0.07, 4.7) vslam=(0.04, -0.02, 4.73) error=0.096m max_error=0.391m (n=19)
[INFO] [1788603530.042337537] [vslam_compare]: gt=(0.01, 0.08, 4.56) vslam=(0.04, -0.01, 4.59) error=0.103m max_error=0.391m (n=20)
[INFO] [1788603531.042110414] [vslam_compare]: gt=(-0.02, 0.1, 4.54) vslam=(0.02, -0.0, 4.56) error=0.108m max_error=0.391m (n=21)
[INFO] [1788603532.041921925] [vslam_compare]: gt=(-0.05, 0.12, 4.53) vslam=(0.01, -0.04, 4.55) error=0.172m max_error=0.391m (n=22)
[INFO] [1788603533.042181491] [vslam_compare]: gt=(-0.13, 0.49, 4.49) vslam=(-0.1, 0.26, 4.52) error=0.235m max_error=0.391m (n=23)
[INFO] [1788603534.042291681] [vslam_compare]: gt=(-0.14, 1.25, 4.52) vslam=(-0.11, 0.96, 4.5) error=0.293m max_error=0.391m (n=24)
[INFO] [1788603535.042529685] [vslam_compare]: gt=(-0.11, 1.83, 4.58) vslam=(-0.04, 1.62, 4.55) error=0.227m max_error=0.391m (n=25)
[INFO] [1788603536.042008847] [vslam_compare]: gt=(-0.21, 2.0, 4.57) vslam=(-0.0, 1.79, 4.55) error=0.296m max_error=0.391m (n=26)
[INFO] [1788603537.042324227] [vslam_compare]: gt=(0.31, 1.79, 4.48) vslam=(-3.34, 9.56, 9.22) error=9.812m max_error=9.812m (n=27)
[INFO] [1788603538.042136344] [vslam_compare]: gt=(0.27, 2.05, 4.08) vslam=(-1.21, 9.36, 9.53) error=9.246m max_error=9.812m (n=28)
[INFO] [1788603539.042344690] [vslam_compare]: gt=(0.42, 0.71, 3.56) vslam=(-1.04, 9.71, 10.57) error=11.505m max_error=11.505m (n=29)
[INFO] [1788603540.042142789] [vslam_compare]: gt=(0.12, 0.95, 3.6) vslam=(-1.58, 10.15, 9.91) error=11.289m max_error=11.505m (n=30)
[INFO] [1788603541.042259375] [vslam_compare]: gt=(0.24, 1.61, 3.76) vslam=(-1.6, 10.98, 9.52) error=11.149m max_error=11.505m (n=31)
[INFO] [1788603542.042252854] [vslam_compare]: gt=(0.49, 2.01, 4.21) vslam=(-1.8, 11.1, 9.14) error=10.595m max_error=11.505m (n=32)
[INFO] [1788603543.041999684] [vslam_compare]: gt=(1.19, 2.54, 4.38) vslam=(-1.39, 11.48, 9.15) error=10.452m max_error=11.505m (n=33)
[INFO] [1788603544.042183327] [vslam_compare]: gt=(1.76, 3.51, 4.62) vslam=(-0.93, 12.14, 9.31) error=10.178m max_error=11.505m (n=34)
[INFO] [1788603545.042300891] [vslam_compare]: gt=(2.02, 4.41, 4.64) vslam=(-0.96, 13.06, 8.81) error=10.057m max_error=11.505m (n=35)
[INFO] [1788603546.042396692] [vslam_compare]: gt=(2.37, 5.08, 4.72) vslam=(-1.1, 15.29, 7.6) error=11.162m max_error=11.505m (n=36)
[INFO] [1788603547.042328000] [vslam_compare]: gt=(2.72, 5.7, 4.75) vslam=(-0.52, 15.7, 7.66) error=10.907m max_error=11.505m (n=37)
[INFO] [1788603548.042213401] [vslam_compare]: gt=(2.91, 6.44, 4.81) vslam=(-1.09, 17.57, 5.19) error=11.834m max_error=11.834m (n=38)
[INFO] [1788603549.042294913] [vslam_compare]: gt=(2.81, 7.02, 4.83) vslam=(-0.88, 18.1, 4.73) error=11.687m max_error=11.834m (n=39)
[INFO] [1788603550.042219350] [vslam_compare]: gt=(2.68, 7.23, 4.82) vslam=(-1.39, 19.41, 3.75) error=12.890m max_error=12.890m (n=40)
[INFO] [1788603551.042139695] [vslam_compare]: gt=(2.77, 7.12, 4.78) vslam=(-1.43, 19.35, 3.84) error=12.962m max_error=12.962m (n=41)
[INFO] [1788603552.042198822] [vslam_compare]: gt=(2.78, 7.22, 4.72) vslam=(-1.37, 19.26, 3.76) error=12.771m max_error=12.962m (n=42)
Traceback (most recent call last):
  File "/workspaces/isaac_ros-dev/ros2_ws/install/px4_vslam_bridge/lib/python3.10/site-packages/px4_vslam_bridge/vslam_compare.py", line 194, in main
    rclpy.spin(node)
  File "/opt/ros/humble/local/lib/python3.10/dist-packages/rclpy/__init__.py", line 229, in spin
    executor.spin_once()
  File "/opt/ros/humble/local/lib/python3.10/dist-packages/rclpy/executors.py", line 808, in spin_once
    self._spin_once_impl(timeout_sec)
  File "/opt/ros/humble/local/lib/python3.10/dist-packages/rclpy/executors.py", line 797, in _spin_once_impl
    handler, entity, node = self.wait_for_ready_callbacks(timeout_sec=timeout_sec)
  File "/opt/ros/humble/local/lib/python3.10/dist-packages/rclpy/executors.py", line 780, in wait_for_ready_callbacks
    return next(self._cb_iter)
  File "/opt/ros/humble/local/lib/python3.10/dist-packages/rclpy/executors.py", line 681, in _wait_for_ready_callbacks
    raise ExternalShutdownException()
rclpy.executors.ExternalShutdownException

During handling of the above exception, another exception occurred:

Traceback (most recent call last):
  File "/workspaces/isaac_ros-dev/ros2_ws/install/px4_vslam_bridge/lib/px4_vslam_bridge/vslam_compare", line 33, in <module>
    sys.exit(load_entry_point('px4-vslam-bridge==0.1.0', 'console_scripts', 'vslam_compare')())
  File "/workspaces/isaac_ros-dev/ros2_ws/install/px4_vslam_bridge/lib/python3.10/site-packages/px4_vslam_bridge/vslam_compare.py", line 199, in main
    rclpy.shutdown()
  File "/opt/ros/humble/local/lib/python3.10/dist-packages/rclpy/__init__.py", line 130, in shutdown
    _shutdown(context=context)
  File "/opt/ros/humble/local/lib/python3.10/dist-packages/rclpy/utilities.py", line 58, in shutdown
    return context.shutdown()
  File "/opt/ros/humble/local/lib/python3.10/dist-packages/rclpy/context.py", line 102, in shutdown
    self.__context.shutdown()
rclpy._rclpy_pybind11.RCLError: failed to shutdown: rcl_shutdown already called on the given context, at ./src/rcl/init.c:241
