[INFO] [1788720737.786012369] [vslam_compare]: vslam_compare: logging per-message CSV to /workspaces/isaac_ros-dev/results/route2_probe/r2_high_r112/vslam_compare.csv (exp_id='r2_high_r112')
[INFO] [1788720737.805652319] [vslam_compare]: vslam_compare ready -- watching /visual_slam/tracking/odometry vs /ground_truth/odom
[INFO] [1788720737.808205218] [vslam_compare]: Ground truth origin set: (-0.009139477275311947, -0.013341396115720272, -0.02935902774333954)
[INFO] [1788720738.778408389] [vslam_compare]: cuVSLAM origin set: (0.0, 0.0, 0.0) -- tracking initialized
[INFO] [1788720738.805980882] [vslam_compare]: gt=(0.0, 0.0, 0.0) vslam=(0.0, 0.0, 0.0) error=0.004m max_error=0.004m (n=1)
[INFO] [1788720739.805730798] [vslam_compare]: gt=(0.0, 0.0, 0.0) vslam=(0.0, 0.0, 0.0) error=0.005m max_error=0.005m (n=2)
[INFO] [1788720740.805946941] [vslam_compare]: gt=(0.0, -0.0, -0.0) vslam=(0.0, 0.0, 0.0) error=0.003m max_error=0.005m (n=3)
[INFO] [1788720741.805967048] [vslam_compare]: gt=(-0.0, -0.01, 0.0) vslam=(0.0, 0.0, 0.0) error=0.015m max_error=0.015m (n=4)
[INFO] [1788720742.805818278] [vslam_compare]: gt=(-0.01, -0.02, 0.0) vslam=(0.0, 0.0, 0.0) error=0.026m max_error=0.026m (n=5)
[INFO] [1788720743.805954084] [vslam_compare]: gt=(-0.01, -0.02, 0.01) vslam=(0.0, 0.0, 0.0) error=0.024m max_error=0.026m (n=6)
[INFO] [1788720744.805934940] [vslam_compare]: gt=(-0.0, -0.01, 0.01) vslam=(-0.95, 0.33, 0.01) error=1.009m max_error=1.009m (n=7)
[INFO] [1788720745.806097869] [vslam_compare]: gt=(-0.12, 0.07, 0.02) vslam=(-0.89, 0.61, 0.1) error=0.950m max_error=1.009m (n=8)
[INFO] [1788720746.805942572] [vslam_compare]: gt=(-0.25, 0.17, 0.03) vslam=(-0.84, 0.61, 0.06) error=0.733m max_error=1.009m (n=9)
[INFO] [1788720747.806160907] [vslam_compare]: gt=(-0.26, 0.18, 0.02) vslam=(-0.84, 0.62, 0.07) error=0.727m max_error=1.009m (n=10)
[INFO] [1788720748.806181652] [vslam_compare]: gt=(-0.13, 0.15, 0.01) vslam=(-0.83, 0.61, 0.07) error=0.835m max_error=1.009m (n=11)
[INFO] [1788720749.806028611] [vslam_compare]: gt=(0.08, 0.12, 0.28) vslam=(-17.08, -15.17, -0.98) error=23.016m max_error=23.016m (n=12)
[INFO] [1788720750.806140910] [vslam_compare]: gt=(0.03, -0.06, 1.51) vslam=(-16.74, -14.37, -2.4) error=22.392m max_error=23.016m (n=13)
[INFO] [1788720751.805798415] [vslam_compare]: gt=(0.05, -0.2, 3.2) vslam=(-18.01, -11.93, -5.11) error=23.088m max_error=23.088m (n=14)
[INFO] [1788720752.805950019] [vslam_compare]: gt=(0.06, -0.16, 4.0) vslam=(-17.73, -11.61, -7.0) error=23.840m max_error=23.840m (n=15)
[INFO] [1788720753.806023247] [vslam_compare]: gt=(-0.04, -0.09, 4.37) vslam=(-17.62, -13.64, -4.61) error=23.946m max_error=23.946m (n=16)
[INFO] [1788720754.806052052] [vslam_compare]: gt=(-0.03, -0.05, 4.54) vslam=(-17.54, -13.57, -4.77) error=24.005m max_error=24.005m (n=17)
[INFO] [1788720755.806247321] [vslam_compare]: gt=(-0.0, -0.01, 4.66) vslam=(-17.5, -13.59, -4.88) error=24.111m max_error=24.111m (n=18)
[INFO] [1788720756.805786246] [vslam_compare]: gt=(-0.02, -0.01, 4.68) vslam=(-17.46, -13.59, -4.94) error=24.109m max_error=24.111m (n=19)
[INFO] [1788720757.805897508] [vslam_compare]: gt=(-0.05, 0.0, 4.53) vslam=(-17.49, -13.6, -4.9) error=24.047m max_error=24.111m (n=20)
[INFO] [1788720758.806133295] [vslam_compare]: gt=(-0.35, 0.3, 4.53) vslam=(-17.53, -13.45, -4.95) error=23.963m max_error=24.111m (n=21)
[INFO] [1788720759.806189805] [vslam_compare]: gt=(-0.71, 0.91, 4.58) vslam=(-22.19, -11.06, -4.34) error=26.152m max_error=26.152m (n=22)
[INFO] [1788720760.806026722] [vslam_compare]: gt=(-0.88, 1.6, 4.61) vslam=(-23.67, -11.59, -3.29) error=27.490m max_error=27.490m (n=23)
[INFO] [1788720761.806392505] [vslam_compare]: gt=(-0.92, 2.26, 4.68) vslam=(-22.97, -14.85, -1.29) error=28.539m max_error=28.539m (n=24)
[INFO] [1788720762.805920582] [vslam_compare]: gt=(-0.77, 2.86, 4.73) vslam=(-24.4, -16.09, -0.28) error=30.700m max_error=30.700m (n=25)
[INFO] [1788720763.805919105] [vslam_compare]: gt=(-0.5, 3.16, 4.73) vslam=(-23.67, -17.77, -0.37) error=31.639m max_error=31.639m (n=26)
[INFO] [1788720764.805926978] [vslam_compare]: gt=(-0.34, 3.54, 4.76) vslam=(-25.78, -18.39, 0.1) error=33.911m max_error=33.911m (n=27)
[INFO] [1788720765.806378143] [vslam_compare]: gt=(-0.23, 4.17, 4.77) vslam=(-28.7, -16.87, 0.2) error=35.695m max_error=35.695m (n=28)
[INFO] [1788720766.805974550] [vslam_compare]: gt=(-0.38, 4.83, 4.82) vslam=(-29.38, -16.86, 0.53) error=36.465m max_error=36.465m (n=29)
[INFO] [1788720767.806028648] [vslam_compare]: gt=(-0.52, 5.49, 4.86) vslam=(-29.59, -19.0, 2.97) error=38.059m max_error=38.059m (n=30)
[INFO] [1788720768.805959364] [vslam_compare]: gt=(-0.53, 6.15, 4.89) vslam=(-30.46, -19.93, 1.22) error=39.869m max_error=39.869m (n=31)
[INFO] [1788720769.805899338] [vslam_compare]: gt=(-0.37, 6.85, 4.94) vslam=(-32.23, -20.61, -0.07) error=42.358m max_error=42.358m (n=32)
[INFO] [1788720770.805952073] [vslam_compare]: gt=(-0.14, 7.23, 4.97) vslam=(-32.85, -21.03, -1.34) error=43.682m max_error=43.682m (n=33)
[INFO] [1788720771.805967038] [vslam_compare]: gt=(-0.11, 7.25, 4.98) vslam=(-32.93, -21.05, -1.34) error=43.786m max_error=43.786m (n=34)
[INFO] [1788720772.806199232] [vslam_compare]: gt=(-0.15, 7.43, 5.01) vslam=(-33.24, -21.15, -1.18) error=44.158m max_error=44.158m (n=35)
[INFO] [1788720773.805971169] [vslam_compare]: gt=(-0.05, 7.99, 5.04) vslam=(-33.51, -22.57, -0.01) error=45.600m max_error=45.600m (n=36)
Traceback (most recent call last):
  File "/workspaces/isaac_ros-dev/ros2_ws/install/px4_vslam_bridge/lib/python3.10/site-packages/px4_vslam_bridge/vslam_compare.py", line 194, in main
    rclpy.spin(node)
  File "/opt/ros/humble/local/lib/python3.10/dist-packages/rclpy/__init__.py", line 229, in spin
    executor.spin_once()
  File "/opt/ros/humble/local/lib/python3.10/dist-packages/rclpy/executors.py", line 808, in spin_once
    self._spin_once_impl(timeout_sec)
  File "/opt/ros/humble/local/lib/python3.10/dist-packages/rclpy/executors.py", line 797, in _spin_once_impl
    handler, entity, node = self.wait_for_ready_callbacks(timeout_sec=timeout_sec)
  File "/opt/ros/humble/local/lib/python3.10/dist-packages/rclpy/executors.py", line 780, in wait_for_ready_callbacks
    return next(self._cb_iter)
  File "/opt/ros/humble/local/lib/python3.10/dist-packages/rclpy/executors.py", line 681, in _wait_for_ready_callbacks
    raise ExternalShutdownException()
rclpy.executors.ExternalShutdownException

During handling of the above exception, another exception occurred:

Traceback (most recent call last):
  File "/workspaces/isaac_ros-dev/ros2_ws/install/px4_vslam_bridge/lib/px4_vslam_bridge/vslam_compare", line 33, in <module>
    sys.exit(load_entry_point('px4-vslam-bridge==0.1.0', 'console_scripts', 'vslam_compare')())
  File "/workspaces/isaac_ros-dev/ros2_ws/install/px4_vslam_bridge/lib/python3.10/site-packages/px4_vslam_bridge/vslam_compare.py", line 199, in main
    rclpy.shutdown()
  File "/opt/ros/humble/local/lib/python3.10/dist-packages/rclpy/__init__.py", line 130, in shutdown
    _shutdown(context=context)
  File "/opt/ros/humble/local/lib/python3.10/dist-packages/rclpy/utilities.py", line 58, in shutdown
    return context.shutdown()
  File "/opt/ros/humble/local/lib/python3.10/dist-packages/rclpy/context.py", line 102, in shutdown
    self.__context.shutdown()
rclpy._rclpy_pybind11.RCLError: failed to shutdown: rcl_shutdown already called on the given context, at ./src/rcl/init.c:241
