[INFO] [1788709906.331941592] [vslam_compare]: vslam_compare: logging per-message CSV to /workspaces/isaac_ros-dev/results/route2_probe/r2_none_r118/vslam_compare.csv (exp_id='r2_none_r118')
[INFO] [1788709906.349358898] [vslam_compare]: vslam_compare ready -- watching /visual_slam/tracking/odometry vs /ground_truth/odom
[INFO] [1788709906.403246711] [vslam_compare]: Ground truth origin set: (-0.003688198747113347, 0.007858703844249249, -0.0031998753547668457)
[WARN] [1788709907.350053890] [vslam_compare]: No /visual_slam/tracking/odometry data yet -- cuVSLAM not tracking (or not launched).
[INFO] [1788709907.997664296] [vslam_compare]: cuVSLAM origin set: (0.0, 0.0, 0.0) -- tracking initialized
[INFO] [1788709908.349866169] [vslam_compare]: gt=(-0.0, 0.01, -0.01) vslam=(0.0, 0.0, 0.0) error=0.013m max_error=0.013m (n=1)
[INFO] [1788709909.349643908] [vslam_compare]: gt=(0.0, 0.01, -0.0) vslam=(0.0, 0.0, 0.0) error=0.007m max_error=0.013m (n=2)
[INFO] [1788709910.349718759] [vslam_compare]: gt=(-0.0, 0.0, 0.01) vslam=(0.0, 0.0, 0.0) error=0.008m max_error=0.013m (n=3)
[INFO] [1788709911.349815079] [vslam_compare]: gt=(0.01, 0.01, 0.01) vslam=(0.0, 0.0, 0.0) error=0.014m max_error=0.014m (n=4)
[INFO] [1788709912.349647284] [vslam_compare]: gt=(0.02, 0.01, 0.01) vslam=(-4.34, 0.29, 0.47) error=4.389m max_error=4.389m (n=5)
[INFO] [1788709913.349815888] [vslam_compare]: gt=(0.01, 0.0, 0.01) vslam=(-4.33, 0.28, 0.46) error=4.372m max_error=4.389m (n=6)
[INFO] [1788709914.349688236] [vslam_compare]: gt=(0.01, 0.0, 0.01) vslam=(-4.33, 0.27, 0.46) error=4.365m max_error=4.389m (n=7)
[INFO] [1788709915.349666217] [vslam_compare]: gt=(0.02, -0.03, 0.02) vslam=(-4.39, -0.13, 0.29) error=4.416m max_error=4.416m (n=8)
[INFO] [1788709916.349929126] [vslam_compare]: gt=(0.11, -0.08, 0.16) vslam=(-7.03, 3.14, 2.4) error=8.141m max_error=8.141m (n=9)
[INFO] [1788709917.349653412] [vslam_compare]: gt=(0.08, -0.08, 1.38) vslam=(-7.8, 1.94, 3.02) error=8.294m max_error=8.294m (n=10)
[INFO] [1788709918.349825713] [vslam_compare]: gt=(0.04, -0.08, 3.15) vslam=(-7.4, -0.16, 4.46) error=7.550m max_error=8.294m (n=11)
[INFO] [1788709919.349763759] [vslam_compare]: gt=(0.24, -0.07, 4.15) vslam=(-7.05, -2.28, 5.05) error=7.662m max_error=8.294m (n=12)
[INFO] [1788709920.349732544] [vslam_compare]: gt=(0.42, -0.14, 4.62) vslam=(-7.06, -2.32, 5.28) error=7.826m max_error=8.294m (n=13)
[INFO] [1788709921.349697119] [vslam_compare]: gt=(0.08, -0.06, 4.73) vslam=(-7.11, -2.07, 5.49) error=7.505m max_error=8.294m (n=14)
[INFO] [1788709922.349727220] [vslam_compare]: gt=(-0.3, 0.3, 4.59) vslam=(-7.04, -1.79, 5.57) error=7.121m max_error=8.294m (n=15)
[INFO] [1788709923.349861812] [vslam_compare]: gt=(-0.49, 0.83, 4.58) vslam=(-6.61, -5.34, 4.86) error=8.695m max_error=8.695m (n=16)
[INFO] [1788709924.349771720] [vslam_compare]: gt=(-0.02, 0.35, 4.68) vslam=(-6.54, -7.18, 4.23) error=9.976m max_error=9.976m (n=17)
[INFO] [1788709925.350129263] [vslam_compare]: gt=(0.68, -0.1, 4.8) vslam=(-6.8, -7.45, 4.0) error=10.518m max_error=10.518m (n=18)
[INFO] [1788709926.349616533] [vslam_compare]: gt=(0.88, 0.1, 4.78) vslam=(-6.46, -8.28, 3.5) error=11.209m max_error=11.209m (n=19)
[INFO] [1788709927.349860667] [vslam_compare]: gt=(0.88, 0.02, 4.73) vslam=(-6.65, -8.22, 3.53) error=11.219m max_error=11.219m (n=20)
[INFO] [1788709928.349844959] [vslam_compare]: gt=(0.79, 0.04, 4.7) vslam=(-6.95, -8.08, 3.63) error=11.275m max_error=11.275m (n=21)
[INFO] [1788709929.349694962] [vslam_compare]: gt=(0.27, 0.49, 4.65) vslam=(-7.54, -9.54, 3.59) error=12.755m max_error=12.755m (n=22)
[INFO] [1788709930.349817232] [vslam_compare]: gt=(-0.65, 1.23, 4.65) vslam=(-7.39, -12.06, 2.92) error=15.010m max_error=15.010m (n=23)
[INFO] [1788709931.349647939] [vslam_compare]: gt=(-1.67, 2.08, 4.68) vslam=(-6.89, -14.03, 2.4) error=17.089m max_error=17.089m (n=24)
[INFO] [1788709932.349749059] [vslam_compare]: gt=(-1.9, 2.21, 4.68) vslam=(-6.71, -14.64, 2.14) error=17.703m max_error=17.703m (n=25)
[INFO] [1788709933.349759757] [vslam_compare]: gt=(-1.48, 1.89, 4.61) vslam=(-6.18, -17.34, 0.86) error=20.151m max_error=20.151m (n=26)
[INFO] [1788709934.349859959] [vslam_compare]: gt=(-0.86, 1.65, 4.46) vslam=(-5.61, -24.02, -1.97) error=26.886m max_error=26.886m (n=27)
[INFO] [1788709935.349756569] [vslam_compare]: gt=(-0.16, 1.86, 4.37) vslam=(-5.22, -24.88, -2.55) error=28.076m max_error=28.076m (n=28)
[INFO] [1788709936.349606601] [vslam_compare]: gt=(0.51, 2.18, 4.37) vslam=(-4.32, -26.8, -3.52) error=30.428m max_error=30.428m (n=29)
[INFO] [1788709937.349734302] [vslam_compare]: gt=(1.28, 2.18, 4.55) vslam=(-2.34, -28.28, -3.75) error=31.772m max_error=31.772m (n=30)
[INFO] [1788709938.349689111] [vslam_compare]: gt=(2.04, 2.7, 4.64) vslam=(-1.54, -28.8, -4.04) error=32.862m max_error=32.862m (n=31)
[INFO] [1788709939.349762682] [vslam_compare]: gt=(2.56, 3.51, 4.69) vslam=(-0.58, -30.7, -4.67) error=35.604m max_error=35.604m (n=32)
[INFO] [1788709940.349537338] [vslam_compare]: gt=(2.74, 4.02, 4.72) vslam=(0.04, -32.28, -5.07) error=37.692m max_error=37.692m (n=33)
Traceback (most recent call last):
  File "/workspaces/isaac_ros-dev/ros2_ws/install/px4_vslam_bridge/lib/python3.10/site-packages/px4_vslam_bridge/vslam_compare.py", line 194, in main
    rclpy.spin(node)
  File "/opt/ros/humble/local/lib/python3.10/dist-packages/rclpy/__init__.py", line 229, in spin
    executor.spin_once()
  File "/opt/ros/humble/local/lib/python3.10/dist-packages/rclpy/executors.py", line 808, in spin_once
    self._spin_once_impl(timeout_sec)
  File "/opt/ros/humble/local/lib/python3.10/dist-packages/rclpy/executors.py", line 797, in _spin_once_impl
    handler, entity, node = self.wait_for_ready_callbacks(timeout_sec=timeout_sec)
  File "/opt/ros/humble/local/lib/python3.10/dist-packages/rclpy/executors.py", line 780, in wait_for_ready_callbacks
    return next(self._cb_iter)
  File "/opt/ros/humble/local/lib/python3.10/dist-packages/rclpy/executors.py", line 681, in _wait_for_ready_callbacks
    raise ExternalShutdownException()
rclpy.executors.ExternalShutdownException

During handling of the above exception, another exception occurred:

Traceback (most recent call last):
  File "/workspaces/isaac_ros-dev/ros2_ws/install/px4_vslam_bridge/lib/px4_vslam_bridge/vslam_compare", line 33, in <module>
    sys.exit(load_entry_point('px4-vslam-bridge==0.1.0', 'console_scripts', 'vslam_compare')())
  File "/workspaces/isaac_ros-dev/ros2_ws/install/px4_vslam_bridge/lib/python3.10/site-packages/px4_vslam_bridge/vslam_compare.py", line 199, in main
    rclpy.shutdown()
  File "/opt/ros/humble/local/lib/python3.10/dist-packages/rclpy/__init__.py", line 130, in shutdown
    _shutdown(context=context)
  File "/opt/ros/humble/local/lib/python3.10/dist-packages/rclpy/utilities.py", line 58, in shutdown
    return context.shutdown()
  File "/opt/ros/humble/local/lib/python3.10/dist-packages/rclpy/context.py", line 102, in shutdown
    self.__context.shutdown()
rclpy._rclpy_pybind11.RCLError: failed to shutdown: rcl_shutdown already called on the given context, at ./src/rcl/init.c:241
