[INFO] [1788683094.483572714] [vslam_compare]: vslam_compare: logging per-message CSV to /workspaces/isaac_ros-dev/results/feasibility_gate/gate_sweep_poor_extreme_r19/vslam_compare.csv (exp_id='gate_sweep_poor_extreme_r19')
[INFO] [1788683094.502102734] [vslam_compare]: vslam_compare ready -- watching /visual_slam/tracking/odometry vs /ground_truth/odom
[INFO] [1788683094.510569779] [vslam_compare]: cuVSLAM origin set: (0.0, 0.0, 0.0) -- tracking initialized
[INFO] [1788683094.519966393] [vslam_compare]: Ground truth origin set: (0.03980877250432968, 0.04164152964949608, 0.015549004077911377)
[INFO] [1788683095.502278867] [vslam_compare]: gt=(-0.0, -0.0, -0.01) vslam=(0.0, 0.0, 0.0) error=0.007m max_error=0.007m (n=1)
[INFO] [1788683096.502690886] [vslam_compare]: gt=(-0.01, -0.03, 0.0) vslam=(0.0, 0.0, 0.0) error=0.031m max_error=0.031m (n=2)
[INFO] [1788683097.502486046] [vslam_compare]: gt=(-0.02, -0.05, 0.01) vslam=(0.0, 0.0, 0.0) error=0.052m max_error=0.052m (n=3)
[INFO] [1788683098.502290210] [vslam_compare]: gt=(-0.03, -0.05, 0.02) vslam=(0.0, 0.0, 0.0) error=0.061m max_error=0.061m (n=4)
[INFO] [1788683099.502670443] [vslam_compare]: gt=(-0.03, -0.03, 0.02) vslam=(0.0, 0.0, 0.0) error=0.049m max_error=0.061m (n=5)
[INFO] [1788683100.502566133] [vslam_compare]: gt=(-0.03, -0.03, 0.01) vslam=(0.0, 0.0, 0.0) error=0.045m max_error=0.061m (n=6)
[INFO] [1788683101.502699749] [vslam_compare]: gt=(-0.04, -0.03, 0.02) vslam=(0.0, 0.0, 0.0) error=0.056m max_error=0.061m (n=7)
[INFO] [1788683102.502476584] [vslam_compare]: gt=(-0.05, -0.03, 0.02) vslam=(0.0, 0.0, 0.0) error=0.059m max_error=0.061m (n=8)
[INFO] [1788683103.502571768] [vslam_compare]: gt=(-0.03, -0.03, 0.02) vslam=(0.0, 0.0, 0.0) error=0.047m max_error=0.061m (n=9)
[INFO] [1788683104.502491870] [vslam_compare]: gt=(-0.04, -0.02, 0.02) vslam=(0.0, 0.0, 0.0) error=0.048m max_error=0.061m (n=10)
[INFO] [1788683105.502419321] [vslam_compare]: gt=(-0.05, -0.03, 0.03) vslam=(0.0, 0.0, 0.0) error=0.066m max_error=0.066m (n=11)
[INFO] [1788683106.502496373] [vslam_compare]: gt=(-0.0, -0.02, 0.03) vslam=(-0.02, -0.07, -0.04) error=0.078m max_error=0.078m (n=12)
[INFO] [1788683107.502345403] [vslam_compare]: gt=(0.08, -0.03, 0.03) vslam=(0.02, -0.15, -0.01) error=0.132m max_error=0.132m (n=13)
[INFO] [1788683108.502623724] [vslam_compare]: gt=(0.06, -0.1, 0.38) vslam=(0.2, -0.25, 0.2) error=0.277m max_error=0.277m (n=14)
[INFO] [1788683109.502270044] [vslam_compare]: gt=(-0.29, -0.33, 2.05) vslam=(-0.26, -0.51, 1.42) error=0.651m max_error=0.651m (n=15)
[INFO] [1788683110.502451475] [vslam_compare]: gt=(-0.25, -0.33, 3.4) vslam=(-0.3, -0.45, 2.54) error=0.875m max_error=0.875m (n=16)
[INFO] [1788683111.502468635] [vslam_compare]: gt=(-0.19, -0.13, 4.0) vslam=(-0.36, -0.07, 3.26) error=0.767m max_error=0.875m (n=17)
[INFO] [1788683112.502373628] [vslam_compare]: gt=(-0.13, 0.04, 4.35) vslam=(-0.34, 0.21, 3.76) error=0.643m max_error=0.875m (n=18)
[INFO] [1788683113.502475472] [vslam_compare]: gt=(-0.07, 0.1, 4.57) vslam=(-0.12, 0.38, 3.63) error=0.979m max_error=0.979m (n=19)
[INFO] [1788683114.502377429] [vslam_compare]: gt=(0.01, 0.08, 4.7) vslam=(0.26, 0.49, 3.31) error=1.476m max_error=1.476m (n=20)
[INFO] [1788683115.502614910] [vslam_compare]: gt=(0.05, 0.05, 4.72) vslam=(0.58, 0.4, 3.0) error=1.840m max_error=1.840m (n=21)
[INFO] [1788683116.502340224] [vslam_compare]: gt=(0.01, 0.07, 4.52) vslam=(0.83, 0.51, 2.61) error=2.123m max_error=2.123m (n=22)
[INFO] [1788683117.502328764] [vslam_compare]: gt=(0.01, 0.29, 4.51) vslam=(1.13, 0.55, 2.04) error=2.730m max_error=2.730m (n=23)
[INFO] [1788683118.502404936] [vslam_compare]: gt=(0.07, 0.86, 4.51) vslam=(1.24, 1.02, 1.77) error=2.981m max_error=2.981m (n=24)
[INFO] [1788683119.502437463] [vslam_compare]: gt=(0.06, 1.51, 4.55) vslam=(1.3, 1.78, 1.52) error=3.289m max_error=3.289m (n=25)
[INFO] [1788683120.503038318] [vslam_compare]: gt=(-0.0, 1.9, 4.61) vslam=(1.47, 1.96, 1.27) error=3.657m max_error=3.657m (n=26)
[INFO] [1788683121.502570240] [vslam_compare]: gt=(0.22, 0.66, 4.42) vslam=(2.75, 0.05, 1.42) error=3.975m max_error=3.975m (n=27)
[INFO] [1788683122.502667194] [vslam_compare]: gt=(1.76, -1.19, 3.89) vslam=(1.78, 1.17, 1.85) error=3.131m max_error=3.975m (n=28)
[INFO] [1788683123.502569323] [vslam_compare]: gt=(3.52, -0.88, 2.79) vslam=(0.83, -0.69, 2.1) error=2.790m max_error=3.975m (n=29)
[INFO] [1788683124.502445097] [vslam_compare]: gt=(3.05, 0.31, 0.76) vslam=(1.55, -0.71, 0.44) error=1.841m max_error=3.975m (n=30)
[INFO] [1788683125.502790529] [vslam_compare]: gt=(1.46, -0.65, -0.26) vslam=(2.2, -1.97, 1.59) error=2.393m max_error=3.975m (n=31)
[INFO] [1788683126.502557468] [vslam_compare]: gt=(2.24, -3.41, 0.27) vslam=(1.34, -1.48, 1.16) error=2.313m max_error=3.975m (n=32)
[INFO] [1788683127.502699141] [vslam_compare]: gt=(1.65, -6.02, 0.57) vslam=(2.25, -2.2, 2.15) error=4.177m max_error=4.177m (n=33)
[INFO] [1788683128.502451673] [vslam_compare]: gt=(2.42, -7.32, 2.64) vslam=(5.44, 5.02, -2.55) error=13.724m max_error=13.724m (n=34)
[INFO] [1788683129.502520739] [vslam_compare]: gt=(2.84, -8.28, 3.78) vslam=(12.68, 8.45, -0.45) error=19.869m max_error=19.869m (n=35)
[INFO] [1788683130.502391930] [vslam_compare]: gt=(5.2, -9.63, 2.74) vslam=(12.95, 8.73, -0.88) error=20.253m max_error=20.253m (n=36)
[INFO] [1788683131.502401699] [vslam_compare]: gt=(8.12, -7.67, -0.87) vslam=(12.75, 8.52, -0.81) error=16.833m max_error=20.253m (n=37)
[INFO] [1788683132.502268413] [vslam_compare]: gt=(10.94, -8.16, -0.0) vslam=(-75.84, -278.37, -143.52) error=318.033m max_error=318.033m (n=38)
[INFO] [1788683133.502622969] [vslam_compare]: gt=(16.55, -8.55, 0.28) vslam=(-75.83, -278.38, -143.52) error=319.404m max_error=319.404m (n=39)
[INFO] [1788683134.502356629] [vslam_compare]: gt=(20.05, -4.9, -1.59) vslam=(-75.83, -278.38, -143.52) error=322.689m max_error=322.689m (n=40)
[INFO] [1788683135.502658459] [vslam_compare]: gt=(23.58, -0.42, -0.38) vslam=(-75.55, -278.55, -143.32) error=328.048m max_error=328.048m (n=41)
[INFO] [1788683136.502466554] [vslam_compare]: gt=(27.81, 5.77, -1.4) vslam=(-75.53, -278.46, -143.21) error=334.033m max_error=334.033m (n=42)
[INFO] [1788683137.502751392] [vslam_compare]: gt=(25.97, 15.15, -2.46) vslam=(46.27, -371.5, -181.71) error=426.654m max_error=426.654m (n=43)
Traceback (most recent call last):
  File "/workspaces/isaac_ros-dev/ros2_ws/install/px4_vslam_bridge/lib/python3.10/site-packages/px4_vslam_bridge/vslam_compare.py", line 194, in main
    rclpy.spin(node)
  File "/opt/ros/humble/local/lib/python3.10/dist-packages/rclpy/__init__.py", line 229, in spin
    executor.spin_once()
  File "/opt/ros/humble/local/lib/python3.10/dist-packages/rclpy/executors.py", line 808, in spin_once
    self._spin_once_impl(timeout_sec)
  File "/opt/ros/humble/local/lib/python3.10/dist-packages/rclpy/executors.py", line 797, in _spin_once_impl
    handler, entity, node = self.wait_for_ready_callbacks(timeout_sec=timeout_sec)
  File "/opt/ros/humble/local/lib/python3.10/dist-packages/rclpy/executors.py", line 780, in wait_for_ready_callbacks
    return next(self._cb_iter)
  File "/opt/ros/humble/local/lib/python3.10/dist-packages/rclpy/executors.py", line 681, in _wait_for_ready_callbacks
    raise ExternalShutdownException()
rclpy.executors.ExternalShutdownException

During handling of the above exception, another exception occurred:

Traceback (most recent call last):
  File "/workspaces/isaac_ros-dev/ros2_ws/install/px4_vslam_bridge/lib/px4_vslam_bridge/vslam_compare", line 33, in <module>
    sys.exit(load_entry_point('px4-vslam-bridge==0.1.0', 'console_scripts', 'vslam_compare')())
  File "/workspaces/isaac_ros-dev/ros2_ws/install/px4_vslam_bridge/lib/python3.10/site-packages/px4_vslam_bridge/vslam_compare.py", line 199, in main
    rclpy.shutdown()
  File "/opt/ros/humble/local/lib/python3.10/dist-packages/rclpy/__init__.py", line 130, in shutdown
    _shutdown(context=context)
  File "/opt/ros/humble/local/lib/python3.10/dist-packages/rclpy/utilities.py", line 58, in shutdown
    return context.shutdown()
  File "/opt/ros/humble/local/lib/python3.10/dist-packages/rclpy/context.py", line 102, in shutdown
    self.__context.shutdown()
rclpy._rclpy_pybind11.RCLError: failed to shutdown: rcl_shutdown already called on the given context, at ./src/rcl/init.c:241
