[INFO] [1788712164.661104593] [fast_planner_bridge]: fast_planner_bridge ready -- will capture home at arm time and climb (0.0, 0.0, -5.0) NED relative to it, then follow /planning/pos_cmd from Fast-Planner
[INFO] [1788712164.661485885] [fast_planner_bridge]: >>> Press ENTER to arm and fly (or set OFFBOARD_AUTO_START=1) <<<
[INFO] [1788712167.481043174] [fast_planner_bridge]: OFFBOARD + ARMED confirmed -- home_ned=(0.03474362567067146, 0.047103509306907654, -0.06401704251766205), climbing to (0.03474362567067146, 0.047103509306907654, -5.064017042517662).
[INFO] [1788712167.631686600] [fast_planner_bridge]: [CLIMBING] pos_ned=(0.03,0.05,-0.06) dist=5.00m
[INFO] [1788712168.631541209] [fast_planner_bridge]: [CLIMBING] pos_ned=(0.02,0.04,-0.06) dist=5.00m
[INFO] [1788712169.631684549] [fast_planner_bridge]: [CLIMBING] pos_ned=(-0.01,0.03,-0.07) dist=5.00m
[INFO] [1788712170.631277240] [fast_planner_bridge]: [CLIMBING] pos_ned=(-0.02,0.02,-0.07) dist=5.00m
[INFO] [1788712171.631254619] [fast_planner_bridge]: [CLIMBING] pos_ned=(-0.00,0.09,-0.07) dist=5.00m
[INFO] [1788712172.631168996] [fast_planner_bridge]: [CLIMBING] pos_ned=(0.02,0.13,-0.07) dist=5.00m
[INFO] [1788712173.631460698] [fast_planner_bridge]: [CLIMBING] pos_ned=(-0.03,0.04,-0.28) dist=4.78m
[INFO] [1788712174.631295172] [fast_planner_bridge]: [CLIMBING] pos_ned=(-0.34,-0.26,-1.92) dist=3.18m
[INFO] [1788712175.631533804] [fast_planner_bridge]: [CLIMBING] pos_ned=(-0.30,-0.13,-3.39) dist=1.72m
[INFO] [1788712176.631144656] [fast_planner_bridge]: [CLIMBING] pos_ned=(-0.04,-0.07,-4.09) dist=0.99m
[INFO] [1788712177.631020415] [fast_planner_bridge]: [CLIMBING] pos_ned=(0.13,0.01,-4.45) dist=0.62m
[INFO] [1788712178.631329177] [fast_planner_bridge]: [CLIMBING] pos_ned=(0.16,0.09,-4.64) dist=0.44m
[INFO] [1788712179.631046862] [fast_planner_bridge]: [CLIMBING] pos_ned=(0.12,0.13,-4.78) dist=0.31m
[INFO] [1788712179.731297293] [fast_planner_bridge]: Climb complete (dist=0.30m) -- following Fast-Planner.
[INFO] [1788712180.631427297] [fast_planner_bridge]: [FOLLOWING] pos_ned=(0.27,0.10,-4.71) target_ned=(0.87,-0.00,-4.65) pos_cmd_age=0.01s
[INFO] [1788712181.631264839] [fast_planner_bridge]: [FOLLOWING] pos_ned=(1.29,-0.05,-4.61) target_ned=(1.66,-0.10,-4.65) pos_cmd_age=0.01s
[INFO] [1788712182.631327732] [fast_planner_bridge]: [FOLLOWING] pos_ned=(2.41,-0.17,-4.64) target_ned=(2.47,-0.12,-4.68) pos_cmd_age=0.01s
[INFO] [1788712183.631259211] [fast_planner_bridge]: [FOLLOWING] pos_ned=(3.13,-0.14,-4.67) target_ned=(3.06,-0.09,-4.72) pos_cmd_age=0.01s
[INFO] [1788712184.631453393] [fast_planner_bridge]: [FOLLOWING] pos_ned=(3.39,-0.00,-4.68) target_ned=(3.31,-0.09,-4.74) pos_cmd_age=0.01s
[INFO] [1788712185.631273811] [fast_planner_bridge]: [FOLLOWING] pos_ned=(3.71,-0.06,-4.71) target_ned=(3.74,-0.20,-4.74) pos_cmd_age=0.01s
[INFO] [1788712186.631465113] [fast_planner_bridge]: [FOLLOWING] pos_ned=(4.41,-0.12,-4.74) target_ned=(4.34,-0.21,-4.77) pos_cmd_age=0.01s
[INFO] [1788712187.631335144] [fast_planner_bridge]: [FOLLOWING] pos_ned=(4.75,-0.06,-4.78) target_ned=(4.63,-0.09,-4.81) pos_cmd_age=0.01s
[INFO] [1788712188.631557722] [fast_planner_bridge]: [FOLLOWING] pos_ned=(4.74,-0.02,-4.80) target_ned=(4.64,-0.09,-4.81) pos_cmd_age=0.01s
[INFO] [1788712189.631254282] [fast_planner_bridge]: [FOLLOWING] pos_ned=(4.73,-0.16,-4.75) target_ned=(4.70,-0.26,-4.79) pos_cmd_age=0.01s
[INFO] [1788712190.631108501] [fast_planner_bridge]: [FOLLOWING] pos_ned=(5.04,-0.24,-4.64) target_ned=(5.06,-0.41,-4.80) pos_cmd_age=0.01s
[INFO] [1788712191.631302113] [fast_planner_bridge]: [FOLLOWING] pos_ned=(5.69,-0.29,-4.77) target_ned=(5.66,-0.40,-4.82) pos_cmd_age=0.01s
[INFO] [1788712192.631288957] [fast_planner_bridge]: [FOLLOWING] pos_ned=(6.23,-0.27,-4.82) target_ned=(6.19,-0.22,-4.87) pos_cmd_age=0.01s
[INFO] [1788712193.631756548] [fast_planner_bridge]: [FOLLOWING] pos_ned=(6.46,-0.04,-4.83) target_ned=(6.44,-0.05,-4.91) pos_cmd_age=0.01s
[INFO] [1788712194.631319416] [fast_planner_bridge]: [FOLLOWING] pos_ned=(6.43,-0.05,-4.84) target_ned=(6.41,-0.10,-4.90) pos_cmd_age=0.01s
[INFO] [1788712195.631572678] [fast_planner_bridge]: [FOLLOWING] pos_ned=(6.42,-0.28,-4.88) target_ned=(6.48,-0.24,-4.91) pos_cmd_age=0.01s
[INFO] [1788712196.631424395] [fast_planner_bridge]: [FOLLOWING] pos_ned=(6.82,-0.25,-4.91) target_ned=(6.86,-0.24,-4.97) pos_cmd_age=0.01s
[INFO] [1788712197.631215829] [fast_planner_bridge]: [FOLLOWING] pos_ned=(7.52,-0.21,-5.11) target_ned=(7.48,-0.15,-5.02) pos_cmd_age=0.01s
[INFO] [1788712198.631052635] [fast_planner_bridge]: [FOLLOWING] pos_ned=(7.98,-0.18,-5.11) target_ned=(7.91,-0.04,-5.01) pos_cmd_age=0.01s
[INFO] [1788712199.631541642] [fast_planner_bridge]: [FOLLOWING] pos_ned=(8.03,-0.06,-5.09) target_ned=(8.00,-0.00,-5.00) pos_cmd_age=0.01s
[INFO] [1788712200.631174752] [fast_planner_bridge]: [FOLLOWING] pos_ned=(7.97,-0.00,-5.08) target_ned=(8.00,-0.00,-5.00) pos_cmd_age=0.01s
[INFO] [1788712201.631449211] [fast_planner_bridge]: [FOLLOWING] pos_ned=(7.99,0.04,-5.06) target_ned=(8.00,-0.00,-5.00) pos_cmd_age=0.01s
[INFO] [1788712202.631251770] [fast_planner_bridge]: [FOLLOWING] pos_ned=(8.01,0.04,-5.05) target_ned=(8.00,-0.00,-5.00) pos_cmd_age=0.01s
[WARN] [1788712203.374046518] [fast_planner_bridge]: Shutdown signal 15 received -- ceasing ARM requests, commanding AUTO.LAND, will disarm and exit once landed. If this doesn't complete and the vehicle needs to come down NOW, use emergency_stop.py instead of repeating this signal.
[INFO] [1788712203.381265497] [fast_planner_bridge]: Requesting AUTO.LAND... nav_state=14
[INFO] [1788712203.431081748] [fast_planner_bridge]: AUTO.LAND confirmed -- ceasing offboard setpoints, handing off to the autopilot.
[INFO] [1788712204.631538474] [fast_planner_bridge]: Waiting for disarm (backstop disarm sent)... arming_state=2
