[INFO] [1788712160.923705337] [vslam_compare]: vslam_compare: logging per-message CSV to /workspaces/isaac_ros-dev/results/route2_probe/r2_none_r135/vslam_compare.csv (exp_id='r2_none_r135')
[INFO] [1788712160.943820097] [vslam_compare]: vslam_compare ready -- watching /visual_slam/tracking/odometry vs /ground_truth/odom
[INFO] [1788712160.944682555] [vslam_compare]: Ground truth origin set: (0.052904270589351654, 0.023640835657715797, 0.08550645411014557)
[INFO] [1788712160.970127090] [vslam_compare]: cuVSLAM origin set: (0.0, 0.0, 0.0) -- tracking initialized
[INFO] [1788712161.944061116] [vslam_compare]: gt=(-0.0, -0.0, -0.0) vslam=(0.0, 0.0, 0.0) error=0.005m max_error=0.005m (n=1)
[INFO] [1788712162.944037930] [vslam_compare]: gt=(-0.0, 0.0, -0.01) vslam=(0.0, 0.0, 0.0) error=0.010m max_error=0.010m (n=2)
[INFO] [1788712163.944028531] [vslam_compare]: gt=(0.0, 0.0, -0.01) vslam=(0.0, 0.0, 0.0) error=0.014m max_error=0.014m (n=3)
[INFO] [1788712164.944104718] [vslam_compare]: gt=(-0.0, 0.01, -0.02) vslam=(0.0, 0.0, 0.0) error=0.021m max_error=0.021m (n=4)
[INFO] [1788712165.944054539] [vslam_compare]: gt=(-0.0, 0.01, -0.02) vslam=(0.0, 0.0, 0.0) error=0.025m max_error=0.025m (n=5)
[INFO] [1788712166.943900419] [vslam_compare]: gt=(-0.0, 0.01, -0.02) vslam=(0.0, 0.0, 0.0) error=0.025m max_error=0.025m (n=6)
[INFO] [1788712167.943969933] [vslam_compare]: gt=(-0.01, 0.01, -0.02) vslam=(0.01, 0.04, -0.02) error=0.034m max_error=0.034m (n=7)
[INFO] [1788712168.944232824] [vslam_compare]: gt=(-0.01, -0.02, -0.02) vslam=(-0.04, -0.11, 0.01) error=0.099m max_error=0.099m (n=8)
[INFO] [1788712169.944277000] [vslam_compare]: gt=(-0.03, -0.04, -0.02) vslam=(-0.07, -0.11, 0.01) error=0.091m max_error=0.099m (n=9)
[INFO] [1788712170.944057303] [vslam_compare]: gt=(-0.02, -0.04, -0.02) vslam=(-0.03, -0.09, 0.0) error=0.058m max_error=0.099m (n=10)
[INFO] [1788712171.944294245] [vslam_compare]: gt=(0.07, -0.01, -0.02) vslam=(0.04, -0.09, -0.01) error=0.086m max_error=0.099m (n=11)
[INFO] [1788712172.944564463] [vslam_compare]: gt=(0.07, -0.02, -0.02) vslam=(0.08, -0.08, -0.02) error=0.065m max_error=0.099m (n=12)
[INFO] [1788712173.943920094] [vslam_compare]: gt=(-0.15, -0.16, 0.62) vslam=(37.49, -0.89, -2.52) error=37.784m max_error=37.784m (n=13)
[INFO] [1788712174.943951699] [vslam_compare]: gt=(-0.28, -0.4, 2.37) vslam=(38.11, 3.41, -1.79) error=38.800m max_error=38.800m (n=14)
[INFO] [1788712175.944096667] [vslam_compare]: gt=(-0.16, -0.24, 3.6) vslam=(38.28, 3.25, -0.43) error=38.807m max_error=38.807m (n=15)
[INFO] [1788712176.944026839] [vslam_compare]: gt=(-0.1, 0.01, 4.14) vslam=(38.27, 3.4, 0.29) error=38.710m max_error=38.807m (n=16)
[INFO] [1788712177.944104569] [vslam_compare]: gt=(-0.02, 0.13, 4.43) vslam=(40.81, 2.16, 1.15) error=41.008m max_error=41.008m (n=17)
[INFO] [1788712178.944232207] [vslam_compare]: gt=(0.06, 0.13, 4.6) vslam=(41.51, 1.72, 1.34) error=41.613m max_error=41.613m (n=18)
[INFO] [1788712179.943983156] [vslam_compare]: gt=(0.08, 0.08, 4.72) vslam=(41.54, 1.72, 1.39) error=41.632m max_error=41.632m (n=19)
[INFO] [1788712180.944215672] [vslam_compare]: gt=(0.01, 0.5, 4.58) vslam=(41.44, 1.88, 1.75) error=41.557m max_error=41.632m (n=20)
[INFO] [1788712181.944034066] [vslam_compare]: gt=(-0.15, 1.65, 4.53) vslam=(41.15, 1.85, 1.86) error=41.388m max_error=41.632m (n=21)
[INFO] [1788712182.944022202] [vslam_compare]: gt=(-0.24, 2.67, 4.57) vslam=(41.35, 1.78, 1.28) error=41.727m max_error=41.727m (n=22)
[INFO] [1788712183.944338758] [vslam_compare]: gt=(-0.14, 3.24, 4.59) vslam=(36.86, 0.79, 1.01) error=37.257m max_error=41.727m (n=23)
[INFO] [1788712184.943883577] [vslam_compare]: gt=(-0.05, 3.43, 4.6) vslam=(36.67, 0.87, 1.06) error=36.979m max_error=41.727m (n=24)
[INFO] [1788712185.944215058] [vslam_compare]: gt=(-0.15, 3.9, 4.63) vslam=(36.32, 0.97, 1.27) error=36.737m max_error=41.727m (n=25)
[INFO] [1788712186.944062320] [vslam_compare]: gt=(-0.16, 4.55, 4.67) vslam=(31.67, 7.13, -2.63) error=32.765m max_error=41.727m (n=26)
[INFO] [1788712187.944082682] [vslam_compare]: gt=(-0.08, 4.75, 4.7) vslam=(31.43, 8.53, -2.9) error=32.628m max_error=41.727m (n=27)
[INFO] [1788712188.944342291] [vslam_compare]: gt=(-0.09, 4.7, 4.69) vslam=(31.49, 8.6, -2.91) error=32.722m max_error=41.727m (n=28)
[INFO] [1788712189.944354944] [vslam_compare]: gt=(-0.26, 4.75, 4.66) vslam=(31.11, 9.32, -3.83) error=32.821m max_error=41.727m (n=29)
[INFO] [1788712190.944269249] [vslam_compare]: gt=(-0.29, 5.21, 4.58) vslam=(30.1, 9.25, -3.94) error=31.817m max_error=41.727m (n=30)
[INFO] [1788712191.944069576] [vslam_compare]: gt=(-0.36, 5.86, 4.72) vslam=(29.46, 10.5, -4.75) error=31.639m max_error=41.727m (n=31)
[INFO] [1788712192.944671554] [vslam_compare]: gt=(-0.25, 6.32, 4.74) vslam=(29.19, 10.96, -4.98) error=31.342m max_error=41.727m (n=32)
[INFO] [1788712193.943879548] [vslam_compare]: gt=(-0.05, 6.45, 4.75) vslam=(29.11, 11.29, -4.95) error=31.108m max_error=41.727m (n=33)
[INFO] [1788712194.943998906] [vslam_compare]: gt=(-0.17, 6.38, 4.76) vslam=(29.23, 11.21, -4.96) error=31.344m max_error=41.727m (n=34)
[INFO] [1788712195.943962325] [vslam_compare]: gt=(-0.36, 6.48, 4.8) vslam=(29.12, 11.29, -4.97) error=31.429m max_error=41.727m (n=35)
[INFO] [1788712196.944329382] [vslam_compare]: gt=(-0.27, 7.01, 4.91) vslam=(28.72, 11.34, -4.83) error=30.890m max_error=41.727m (n=36)
[INFO] [1788712197.944073673] [vslam_compare]: gt=(-0.27, 7.69, 5.04) vslam=(27.89, 12.95, -6.16) error=30.758m max_error=41.727m (n=37)
[INFO] [1788712198.944086020] [vslam_compare]: gt=(-0.2, 8.01, 5.02) vslam=(26.54, 15.53, -6.91) error=30.224m max_error=41.727m (n=38)
Traceback (most recent call last):
  File "/workspaces/isaac_ros-dev/ros2_ws/install/px4_vslam_bridge/lib/python3.10/site-packages/px4_vslam_bridge/vslam_compare.py", line 194, in main
    rclpy.spin(node)
  File "/opt/ros/humble/local/lib/python3.10/dist-packages/rclpy/__init__.py", line 229, in spin
    executor.spin_once()
  File "/opt/ros/humble/local/lib/python3.10/dist-packages/rclpy/executors.py", line 808, in spin_once
    self._spin_once_impl(timeout_sec)
  File "/opt/ros/humble/local/lib/python3.10/dist-packages/rclpy/executors.py", line 797, in _spin_once_impl
    handler, entity, node = self.wait_for_ready_callbacks(timeout_sec=timeout_sec)
  File "/opt/ros/humble/local/lib/python3.10/dist-packages/rclpy/executors.py", line 780, in wait_for_ready_callbacks
    return next(self._cb_iter)
  File "/opt/ros/humble/local/lib/python3.10/dist-packages/rclpy/executors.py", line 681, in _wait_for_ready_callbacks
    raise ExternalShutdownException()
rclpy.executors.ExternalShutdownException

During handling of the above exception, another exception occurred:

Traceback (most recent call last):
  File "/workspaces/isaac_ros-dev/ros2_ws/install/px4_vslam_bridge/lib/px4_vslam_bridge/vslam_compare", line 33, in <module>
    sys.exit(load_entry_point('px4-vslam-bridge==0.1.0', 'console_scripts', 'vslam_compare')())
  File "/workspaces/isaac_ros-dev/ros2_ws/install/px4_vslam_bridge/lib/python3.10/site-packages/px4_vslam_bridge/vslam_compare.py", line 199, in main
    rclpy.shutdown()
  File "/opt/ros/humble/local/lib/python3.10/dist-packages/rclpy/__init__.py", line 130, in shutdown
    _shutdown(context=context)
  File "/opt/ros/humble/local/lib/python3.10/dist-packages/rclpy/utilities.py", line 58, in shutdown
    return context.shutdown()
  File "/opt/ros/humble/local/lib/python3.10/dist-packages/rclpy/context.py", line 102, in shutdown
    self.__context.shutdown()
rclpy._rclpy_pybind11.RCLError: failed to shutdown: rcl_shutdown already called on the given context, at ./src/rcl/init.c:241
