[INFO] [1788688207.853084999] [fast_planner_bridge]: fast_planner_bridge ready -- will capture home at arm time and climb (0.0, 0.0, -5.0) NED relative to it, then follow /planning/pos_cmd from Fast-Planner
[INFO] [1788688207.853676155] [fast_planner_bridge]: >>> Press ENTER to arm and fly (or set OFFBOARD_AUTO_START=1) <<<
[INFO] [1788688212.168457386] [fast_planner_bridge]: OFFBOARD + ARMED confirmed -- home_ned=(-0.08054668456315994, 0.01964774914085865, 0.02620905637741089), climbing to (-0.08054668456315994, 0.01964774914085865, -4.973790943622589).
[INFO] [1788688212.818928083] [fast_planner_bridge]: [CLIMBING] pos_ned=(-0.07,0.01,0.03) dist=5.00m
[INFO] [1788688213.819066882] [fast_planner_bridge]: [CLIMBING] pos_ned=(-0.06,0.01,0.03) dist=5.00m
[INFO] [1788688214.818904824] [fast_planner_bridge]: [CLIMBING] pos_ned=(-0.06,0.01,0.03) dist=5.00m
[INFO] [1788688215.818618304] [fast_planner_bridge]: [CLIMBING] pos_ned=(-0.06,0.01,0.02) dist=5.00m
[INFO] [1788688216.819235548] [fast_planner_bridge]: [CLIMBING] pos_ned=(-0.06,0.06,0.02) dist=4.99m
[INFO] [1788688217.819148036] [fast_planner_bridge]: [CLIMBING] pos_ned=(-0.01,0.14,-0.53) dist=4.45m
[INFO] [1788688218.818578611] [fast_planner_bridge]: [CLIMBING] pos_ned=(-0.16,0.09,-2.03) dist=2.94m
[INFO] [1788688219.819353135] [fast_planner_bridge]: [CLIMBING] pos_ned=(-0.21,0.01,-3.44) dist=1.54m
[INFO] [1788688220.818769191] [fast_planner_bridge]: [CLIMBING] pos_ned=(-0.17,-0.04,-4.06) dist=0.92m
[INFO] [1788688221.818912594] [fast_planner_bridge]: [CLIMBING] pos_ned=(-0.09,-0.05,-4.37) dist=0.60m
[INFO] [1788688222.818710846] [fast_planner_bridge]: [CLIMBING] pos_ned=(-0.04,-0.04,-4.58) dist=0.40m
[INFO] [1788688223.568841505] [fast_planner_bridge]: Climb complete (dist=0.30m) -- following Fast-Planner.
[INFO] [1788688223.818922644] [fast_planner_bridge]: [FOLLOWING] pos_ned=(-0.04,-0.01,-4.69) target_ned=(-0.05,-0.05,-4.54) pos_cmd_age=0.01s
[INFO] [1788688224.818772439] [fast_planner_bridge]: [FOLLOWING] pos_ned=(-0.01,-0.00,-4.54) target_ned=(-0.05,-0.05,-4.54) pos_cmd_age=0.01s
[INFO] [1788688225.818663861] [fast_planner_bridge]: [FOLLOWING] pos_ned=(0.05,-0.05,-4.50) target_ned=(0.09,-0.07,-4.54) pos_cmd_age=0.01s
[INFO] [1788688226.819084992] [fast_planner_bridge]: [FOLLOWING] pos_ned=(0.39,0.00,-4.50) target_ned=(0.52,0.03,-4.53) pos_cmd_age=0.01s
[INFO] [1788688227.818674181] [fast_planner_bridge]: [FOLLOWING] pos_ned=(1.05,0.24,-4.50) target_ned=(1.13,0.34,-4.52) pos_cmd_age=0.01s
[INFO] [1788688228.818756060] [fast_planner_bridge]: [FOLLOWING] pos_ned=(1.83,0.67,-4.52) target_ned=(1.85,0.80,-4.54) pos_cmd_age=0.01s
[INFO] [1788688229.818798946] [fast_planner_bridge]: [FOLLOWING] pos_ned=(2.57,1.05,-4.61) target_ned=(2.59,1.15,-4.62) pos_cmd_age=0.01s
[INFO] [1788688230.818860154] [fast_planner_bridge]: [FOLLOWING] pos_ned=(3.28,1.30,-4.72) target_ned=(3.29,1.36,-4.72) pos_cmd_age=0.01s
[INFO] [1788688231.818763939] [fast_planner_bridge]: [FOLLOWING] pos_ned=(3.78,1.47,-4.73) target_ned=(3.77,1.50,-4.75) pos_cmd_age=0.01s
[INFO] [1788688232.819050951] [fast_planner_bridge]: [FOLLOWING] pos_ned=(3.94,1.63,-4.70) target_ned=(3.95,1.58,-4.73) pos_cmd_age=0.01s
[INFO] [1788688233.818830953] [fast_planner_bridge]: [FOLLOWING] pos_ned=(3.87,1.64,-4.76) target_ned=(3.87,1.50,-4.75) pos_cmd_age=0.01s
[INFO] [1788688234.818847430] [fast_planner_bridge]: [FOLLOWING] pos_ned=(3.83,1.40,-4.84) target_ned=(3.90,1.29,-4.83) pos_cmd_age=0.01s
[INFO] [1788688235.818553229] [fast_planner_bridge]: [FOLLOWING] pos_ned=(4.15,1.23,-4.81) target_ned=(4.20,1.10,-4.93) pos_cmd_age=0.01s
[INFO] [1788688236.818609665] [fast_planner_bridge]: [FOLLOWING] pos_ned=(4.77,1.14,-4.98) target_ned=(4.76,1.01,-5.00) pos_cmd_age=0.01s
[INFO] [1788688237.818819714] [fast_planner_bridge]: [FOLLOWING] pos_ned=(5.49,1.08,-4.98) target_ned=(5.48,1.11,-4.98) pos_cmd_age=0.01s
[INFO] [1788688238.818792832] [fast_planner_bridge]: [FOLLOWING] pos_ned=(6.13,1.31,-4.93) target_ned=(6.17,1.37,-4.91) pos_cmd_age=0.01s
[INFO] [1788688239.818685046] [fast_planner_bridge]: [FOLLOWING] pos_ned=(6.73,1.44,-4.97) target_ned=(6.71,1.47,-4.92) pos_cmd_age=0.01s
[INFO] [1788688240.818690868] [fast_planner_bridge]: [FOLLOWING] pos_ned=(7.02,1.36,-5.02) target_ned=(6.98,1.35,-4.98) pos_cmd_age=0.01s
[INFO] [1788688241.818570264] [fast_planner_bridge]: [FOLLOWING] pos_ned=(6.97,1.32,-4.99) target_ned=(7.00,1.34,-4.98) pos_cmd_age=0.01s
[INFO] [1788688242.819149935] [fast_planner_bridge]: [FOLLOWING] pos_ned=(6.96,1.42,-4.95) target_ned=(7.02,1.33,-4.94) pos_cmd_age=0.01s
[INFO] [1788688243.818609295] [fast_planner_bridge]: [FOLLOWING] pos_ned=(7.21,1.17,-4.95) target_ned=(7.27,1.04,-4.94) pos_cmd_age=0.01s
[INFO] [1788688244.818927185] [fast_planner_bridge]: [FOLLOWING] pos_ned=(7.63,0.55,-4.97) target_ned=(7.66,0.51,-4.97) pos_cmd_age=0.01s
[INFO] [1788688245.819008593] [fast_planner_bridge]: [FOLLOWING] pos_ned=(7.94,0.05,-4.99) target_ned=(7.94,0.10,-5.00) pos_cmd_age=0.01s
[INFO] [1788688246.818728627] [fast_planner_bridge]: [FOLLOWING] pos_ned=(7.99,-0.03,-4.99) target_ned=(8.00,0.00,-5.00) pos_cmd_age=0.01s
[INFO] [1788688247.818831668] [fast_planner_bridge]: [FOLLOWING] pos_ned=(7.97,0.07,-5.00) target_ned=(8.00,0.00,-5.00) pos_cmd_age=0.01s
[INFO] [1788688248.818659135] [fast_planner_bridge]: [FOLLOWING] pos_ned=(8.02,0.02,-5.00) target_ned=(8.00,0.00,-5.00) pos_cmd_age=0.01s
[INFO] [1788688249.818761458] [fast_planner_bridge]: [FOLLOWING] pos_ned=(8.05,-0.05,-5.00) target_ned=(8.00,0.00,-5.00) pos_cmd_age=0.01s
[INFO] [1788688250.818859971] [fast_planner_bridge]: [FOLLOWING] pos_ned=(8.08,-0.07,-5.00) target_ned=(8.00,0.00,-5.00) pos_cmd_age=0.01s
[WARN] [1788688251.312203890] [fast_planner_bridge]: Shutdown signal 15 received -- ceasing ARM requests, commanding AUTO.LAND, will disarm and exit once landed. If this doesn't complete and the vehicle needs to come down NOW, use emergency_stop.py instead of repeating this signal.
[INFO] [1788688251.318929193] [fast_planner_bridge]: Requesting AUTO.LAND... nav_state=14
[INFO] [1788688251.468470563] [fast_planner_bridge]: AUTO.LAND confirmed -- ceasing offboard setpoints, handing off to the autopilot.
[INFO] [1788688251.818413859] [fast_planner_bridge]: Waiting for disarm (backstop disarm sent)... arming_state=2
[INFO] [1788688253.818743070] [fast_planner_bridge]: Waiting for disarm (backstop disarm sent)... arming_state=2
