[INFO] [1788595944.074465927] [fast_planner_bridge]: fast_planner_bridge ready -- will capture home at arm time and climb (0.0, 0.0, -5.0) NED relative to it, then follow /planning/pos_cmd from Fast-Planner
[INFO] [1788595944.075002057] [fast_planner_bridge]: >>> Press ENTER to arm and fly (or set OFFBOARD_AUTO_START=1) <<<
[INFO] [1788595948.594162580] [fast_planner_bridge]: OFFBOARD + ARMED confirmed -- home_ned=(0.02924947999417782, 0.006372095085680485, -0.07202662527561188), climbing to (0.02924947999417782, 0.006372095085680485, -5.072026625275612).
[INFO] [1788595949.044191387] [fast_planner_bridge]: [CLIMBING] pos_ned=(0.03,0.01,-0.07) dist=5.00m
[INFO] [1788595950.044361775] [fast_planner_bridge]: [CLIMBING] pos_ned=(0.02,0.02,-0.07) dist=5.00m
[INFO] [1788595951.044300476] [fast_planner_bridge]: [CLIMBING] pos_ned=(0.03,0.02,-0.06) dist=5.02m
[INFO] [1788595952.044394590] [fast_planner_bridge]: [CLIMBING] pos_ned=(0.05,0.03,-0.06) dist=5.01m
[INFO] [1788595953.044235684] [fast_planner_bridge]: [CLIMBING] pos_ned=(0.06,0.07,-0.09) dist=4.98m
[INFO] [1788595954.044396890] [fast_planner_bridge]: [CLIMBING] pos_ned=(0.06,0.06,-0.93) dist=4.14m
[INFO] [1788595955.044353777] [fast_planner_bridge]: [CLIMBING] pos_ned=(0.03,0.02,-2.73) dist=2.34m
[INFO] [1788595956.044740481] [fast_planner_bridge]: [CLIMBING] pos_ned=(-0.00,-0.05,-3.91) dist=1.17m
[INFO] [1788595957.044364401] [fast_planner_bridge]: [CLIMBING] pos_ned=(0.02,-0.05,-4.38) dist=0.69m
[INFO] [1788595958.044526020] [fast_planner_bridge]: [CLIMBING] pos_ned=(0.04,-0.01,-4.63) dist=0.45m
[INFO] [1788595958.994241691] [fast_planner_bridge]: Climb complete (dist=0.30m) -- following Fast-Planner.
[INFO] [1788595959.044554271] [fast_planner_bridge]: [FOLLOWING] pos_ned=(0.04,0.02,-4.78) target_ned=(0.04,-0.02,-4.61) pos_cmd_age=0.01s
[INFO] [1788595960.044231833] [fast_planner_bridge]: [FOLLOWING] pos_ned=(0.03,0.03,-4.64) target_ned=(0.04,-0.02,-4.61) pos_cmd_age=0.01s
[INFO] [1788595961.044288714] [fast_planner_bridge]: [FOLLOWING] pos_ned=(0.13,-0.06,-4.61) target_ned=(0.24,-0.14,-4.61) pos_cmd_age=0.01s
[INFO] [1788595962.044362558] [fast_planner_bridge]: [FOLLOWING] pos_ned=(0.58,-0.46,-4.62) target_ned=(0.74,-0.47,-4.62) pos_cmd_age=0.01s
[INFO] [1788595963.044353506] [fast_planner_bridge]: [FOLLOWING] pos_ned=(1.35,-0.86,-4.63) target_ned=(1.48,-0.84,-4.65) pos_cmd_age=0.01s
[INFO] [1788595964.044247712] [fast_planner_bridge]: [FOLLOWING] pos_ned=(2.22,-1.09,-4.67) target_ned=(2.33,-1.00,-4.70) pos_cmd_age=0.01s
[INFO] [1788595965.044323730] [fast_planner_bridge]: [FOLLOWING] pos_ned=(2.93,-1.05,-4.70) target_ned=(2.92,-1.02,-4.73) pos_cmd_age=0.01s
[INFO] [1788595966.044352088] [fast_planner_bridge]: [FOLLOWING] pos_ned=(3.23,-0.97,-4.66) target_ned=(3.19,-0.96,-4.74) pos_cmd_age=0.01s
[INFO] [1788595967.044478247] [fast_planner_bridge]: [FOLLOWING] pos_ned=(3.45,-0.64,-4.64) target_ned=(3.41,-0.64,-4.74) pos_cmd_age=0.01s
[INFO] [1788595968.044386894] [fast_planner_bridge]: [FOLLOWING] pos_ned=(3.39,0.04,-4.58) target_ned=(3.80,-0.14,-4.75) pos_cmd_age=0.01s
[INFO] [1788595969.044688489] [fast_planner_bridge]: [FOLLOWING] pos_ned=(4.15,0.21,-4.67) target_ned=(4.35,0.36,-4.80) pos_cmd_age=0.01s
[INFO] [1788595970.044067970] [fast_planner_bridge]: [FOLLOWING] pos_ned=(5.18,0.46,-4.92) target_ned=(5.08,0.79,-4.87) pos_cmd_age=0.01s
[INFO] [1788595971.044166253] [fast_planner_bridge]: [FOLLOWING] pos_ned=(5.94,1.03,-4.95) target_ned=(5.92,1.14,-4.94) pos_cmd_age=0.01s
[INFO] [1788595972.044380459] [fast_planner_bridge]: [FOLLOWING] pos_ned=(6.54,1.27,-5.01) target_ned=(6.54,1.25,-4.96) pos_cmd_age=0.01s
[INFO] [1788595973.044259005] [fast_planner_bridge]: [FOLLOWING] pos_ned=(6.76,1.28,-4.98) target_ned=(6.76,1.22,-4.95) pos_cmd_age=0.01s
[INFO] [1788595974.044679568] [fast_planner_bridge]: [FOLLOWING] pos_ned=(6.66,1.36,-5.04) target_ned=(6.69,1.23,-4.99) pos_cmd_age=0.01s
[INFO] [1788595975.044238137] [fast_planner_bridge]: [FOLLOWING] pos_ned=(6.65,1.26,-5.13) target_ned=(6.78,1.06,-5.09) pos_cmd_age=0.01s
[INFO] [1788595976.044392472] [fast_planner_bridge]: [FOLLOWING] pos_ned=(7.14,0.80,-5.14) target_ned=(7.21,0.66,-5.13) pos_cmd_age=0.01s
[INFO] [1788595977.044179564] [fast_planner_bridge]: [FOLLOWING] pos_ned=(7.77,0.22,-5.06) target_ned=(7.75,0.22,-5.06) pos_cmd_age=0.01s
[INFO] [1788595978.044574686] [fast_planner_bridge]: [FOLLOWING] pos_ned=(8.05,-0.03,-5.02) target_ned=(7.99,0.01,-5.00) pos_cmd_age=0.01s
[INFO] [1788595979.044145161] [fast_planner_bridge]: [FOLLOWING] pos_ned=(8.00,0.06,-5.01) target_ned=(8.00,0.00,-5.00) pos_cmd_age=0.01s
[INFO] [1788595980.044392834] [fast_planner_bridge]: [FOLLOWING] pos_ned=(8.00,0.07,-5.01) target_ned=(8.00,0.00,-5.00) pos_cmd_age=0.01s
[INFO] [1788595981.044314450] [fast_planner_bridge]: [FOLLOWING] pos_ned=(8.03,0.02,-5.01) target_ned=(8.00,0.00,-5.00) pos_cmd_age=0.01s
[INFO] [1788595982.044733725] [fast_planner_bridge]: [FOLLOWING] pos_ned=(8.04,-0.01,-5.00) target_ned=(8.00,0.00,-5.00) pos_cmd_age=0.01s
[INFO] [1788595983.044357525] [fast_planner_bridge]: [FOLLOWING] pos_ned=(8.04,0.00,-5.00) target_ned=(8.00,0.00,-5.00) pos_cmd_age=0.01s
[INFO] [1788595984.044603908] [fast_planner_bridge]: [FOLLOWING] pos_ned=(8.03,0.00,-4.99) target_ned=(8.00,0.00,-5.00) pos_cmd_age=0.01s
[INFO] [1788595985.044495447] [fast_planner_bridge]: [FOLLOWING] pos_ned=(8.01,0.00,-4.99) target_ned=(8.00,0.00,-5.00) pos_cmd_age=0.01s
[INFO] [1788595986.044365050] [fast_planner_bridge]: [FOLLOWING] pos_ned=(8.00,0.01,-5.01) target_ned=(8.00,0.00,-5.00) pos_cmd_age=0.01s
[WARN] [1788595986.232338543] [fast_planner_bridge]: Shutdown signal 15 received -- ceasing ARM requests, commanding AUTO.LAND, will disarm and exit once landed. If this doesn't complete and the vehicle needs to come down NOW, use emergency_stop.py instead of repeating this signal.
[INFO] [1788595986.294269127] [fast_planner_bridge]: Requesting AUTO.LAND... nav_state=14
[INFO] [1788595986.544441801] [fast_planner_bridge]: AUTO.LAND confirmed -- ceasing offboard setpoints, handing off to the autopilot.
[INFO] [1788595988.044208970] [fast_planner_bridge]: Waiting for disarm (backstop disarm sent)... arming_state=2
