[INFO] [1788711843.057328129] [fast_planner_bridge]: fast_planner_bridge ready -- will capture home at arm time and climb (0.0, 0.0, -5.0) NED relative to it, then follow /planning/pos_cmd from Fast-Planner
[INFO] [1788711843.057692610] [fast_planner_bridge]: >>> Press ENTER to arm and fly (or set OFFBOARD_AUTO_START=1) <<<
[INFO] [1788711846.227543722] [fast_planner_bridge]: OFFBOARD + ARMED confirmed -- home_ned=(0.007934506982564926, 0.01887090504169464, 0.01905202865600586), climbing to (0.007934506982564926, 0.01887090504169464, -4.980947971343994).
[INFO] [1788711847.027873369] [fast_planner_bridge]: [CLIMBING] pos_ned=(0.01,0.01,0.02) dist=5.00m
[INFO] [1788711848.027770780] [fast_planner_bridge]: [CLIMBING] pos_ned=(0.04,-0.00,0.02) dist=5.00m
[INFO] [1788711849.027620225] [fast_planner_bridge]: [CLIMBING] pos_ned=(0.07,-0.01,0.03) dist=5.01m
[INFO] [1788711850.027965991] [fast_planner_bridge]: [CLIMBING] pos_ned=(0.08,-0.00,-0.01) dist=4.97m
[INFO] [1788711851.027756361] [fast_planner_bridge]: [CLIMBING] pos_ned=(0.08,0.08,-0.12) dist=4.86m
[INFO] [1788711852.027515159] [fast_planner_bridge]: [CLIMBING] pos_ned=(-0.05,0.10,-1.42) dist=3.56m
[INFO] [1788711853.027645731] [fast_planner_bridge]: [CLIMBING] pos_ned=(-0.09,0.01,-3.20) dist=1.78m
[INFO] [1788711854.027752188] [fast_planner_bridge]: [CLIMBING] pos_ned=(-0.10,-0.18,-4.07) dist=0.93m
[INFO] [1788711855.027826041] [fast_planner_bridge]: [CLIMBING] pos_ned=(-0.18,-0.34,-4.51) dist=0.62m
[INFO] [1788711856.027497251] [fast_planner_bridge]: [CLIMBING] pos_ned=(-0.11,-0.27,-4.78) dist=0.38m
[INFO] [1788711856.327501838] [fast_planner_bridge]: Climb complete (dist=0.30m) -- following Fast-Planner.
[INFO] [1788711857.027657148] [fast_planner_bridge]: [FOLLOWING] pos_ned=(0.07,-0.06,-4.72) target_ned=(-0.19,-0.35,-4.58) pos_cmd_age=0.00s
[INFO] [1788711858.027703943] [fast_planner_bridge]: [FOLLOWING] pos_ned=(0.23,-0.02,-4.56) target_ned=(0.23,-0.03,-4.64) pos_cmd_age=0.00s
[INFO] [1788711859.027585244] [fast_planner_bridge]: [FOLLOWING] pos_ned=(0.68,-0.02,-4.53) target_ned=(0.69,-0.10,-4.64) pos_cmd_age=0.00s
[INFO] [1788711860.027568419] [fast_planner_bridge]: [FOLLOWING] pos_ned=(1.40,-0.12,-4.54) target_ned=(1.46,-0.17,-4.64) pos_cmd_age=0.00s
[INFO] [1788711861.028178494] [fast_planner_bridge]: [FOLLOWING] pos_ned=(2.23,-0.18,-4.52) target_ned=(2.30,-0.16,-4.69) pos_cmd_age=0.00s
[INFO] [1788711862.027520189] [fast_planner_bridge]: [FOLLOWING] pos_ned=(3.00,-0.04,-4.52) target_ned=(2.93,-0.13,-4.73) pos_cmd_age=0.00s
[INFO] [1788711863.027560667] [fast_planner_bridge]: [FOLLOWING] pos_ned=(3.23,0.06,-4.39) target_ned=(3.14,-0.14,-4.73) pos_cmd_age=0.00s
[INFO] [1788711864.027542402] [fast_planner_bridge]: [FOLLOWING] pos_ned=(3.25,0.09,-4.26) target_ned=(3.33,-0.07,-4.36) pos_cmd_age=0.00s
[INFO] [1788711865.027936755] [fast_planner_bridge]: [FOLLOWING] pos_ned=(3.22,-0.58,-4.27) target_ned=(3.49,-0.58,-4.40) pos_cmd_age=0.00s
[INFO] [1788711866.027480684] [fast_planner_bridge]: [FOLLOWING] pos_ned=(3.55,-1.42,-4.08) target_ned=(3.71,-1.38,-4.49) pos_cmd_age=0.00s
[INFO] [1788711867.027606476] [fast_planner_bridge]: [FOLLOWING] pos_ned=(4.08,-2.11,-4.35) target_ned=(4.09,-2.15,-4.60) pos_cmd_age=0.00s
[INFO] [1788711868.027618578] [fast_planner_bridge]: [FOLLOWING] pos_ned=(4.64,-2.47,-4.75) target_ned=(4.58,-2.44,-4.71) pos_cmd_age=0.00s
[INFO] [1788711869.027770530] [fast_planner_bridge]: [FOLLOWING] pos_ned=(5.05,-2.55,-4.92) target_ned=(4.69,-2.21,-4.71) pos_cmd_age=0.00s
[INFO] [1788711870.027575203] [fast_planner_bridge]: [FOLLOWING] pos_ned=(5.14,-1.96,-4.95) target_ned=(4.96,-1.60,-4.70) pos_cmd_age=0.00s
[INFO] [1788711871.027552251] [fast_planner_bridge]: [FOLLOWING] pos_ned=(5.59,-0.98,-4.95) target_ned=(5.30,-0.81,-4.72) pos_cmd_age=0.00s
[INFO] [1788711872.027436813] [fast_planner_bridge]: [FOLLOWING] pos_ned=(5.78,-0.22,-5.13) target_ned=(5.72,-0.14,-4.79) pos_cmd_age=0.00s
[INFO] [1788711873.027611532] [fast_planner_bridge]: [FOLLOWING] pos_ned=(6.15,0.09,-5.21) target_ned=(6.33,0.16,-4.91) pos_cmd_age=0.00s
[INFO] [1788711874.027546695] [fast_planner_bridge]: [FOLLOWING] pos_ned=(6.91,0.12,-5.20) target_ned=(7.11,0.15,-5.00) pos_cmd_age=0.00s
[INFO] [1788711875.027888105] [fast_planner_bridge]: [FOLLOWING] pos_ned=(7.60,-0.02,-5.13) target_ned=(7.73,0.05,-5.02) pos_cmd_age=0.00s
[INFO] [1788711876.027748163] [fast_planner_bridge]: [FOLLOWING] pos_ned=(7.87,0.04,-5.08) target_ned=(7.98,0.00,-5.00) pos_cmd_age=0.00s
[INFO] [1788711877.027618277] [fast_planner_bridge]: [FOLLOWING] pos_ned=(7.88,0.14,-5.04) target_ned=(7.99,0.00,-5.00) pos_cmd_age=0.00s
[INFO] [1788711878.027920590] [fast_planner_bridge]: [FOLLOWING] pos_ned=(7.93,0.16,-5.02) target_ned=(7.99,0.00,-5.00) pos_cmd_age=0.00s
[WARN] [1788711878.537296704] [fast_planner_bridge]: Shutdown signal 15 received -- ceasing ARM requests, commanding AUTO.LAND, will disarm and exit once landed. If this doesn't complete and the vehicle needs to come down NOW, use emergency_stop.py instead of repeating this signal.
[INFO] [1788711878.777514027] [fast_planner_bridge]: Requesting AUTO.LAND... nav_state=14
[INFO] [1788711878.827437769] [fast_planner_bridge]: AUTO.LAND confirmed -- ceasing offboard setpoints, handing off to the autopilot.
[INFO] [1788711879.027909283] [fast_planner_bridge]: Waiting for disarm (backstop disarm sent)... arming_state=2
[INFO] [1788711881.028193155] [fast_planner_bridge]: Waiting for disarm (backstop disarm sent)... arming_state=2
