[INFO] [1788528940.065812579] [vslam_compare]: vslam_compare: logging per-message CSV to /workspaces/isaac_ros-dev/results/feasibility_gate/mini_dose_none_r2/vslam_compare.csv (exp_id='mini_dose_none_r2')
[INFO] [1788528940.082731916] [vslam_compare]: vslam_compare ready -- watching /visual_slam/tracking/odometry vs /ground_truth/odom
[INFO] [1788528940.169276451] [vslam_compare]: Ground truth origin set: (-0.005264260806143284, -0.027658075094223022, -0.03684961795806885)
[INFO] [1788528940.172075311] [vslam_compare]: cuVSLAM origin set: (0.0, 0.0, 0.0) -- tracking initialized
[INFO] [1788528941.082908724] [vslam_compare]: gt=(0.01, 0.01, -0.02) vslam=(0.0, 0.0, 0.0) error=0.023m max_error=0.023m (n=1)
[INFO] [1788528942.083079922] [vslam_compare]: gt=(0.02, 0.02, -0.02) vslam=(0.0, 0.0, 0.0) error=0.036m max_error=0.036m (n=2)
[INFO] [1788528943.082867595] [vslam_compare]: gt=(0.03, 0.02, -0.02) vslam=(0.0, 0.0, 0.0) error=0.039m max_error=0.039m (n=3)
[INFO] [1788528944.083323056] [vslam_compare]: gt=(0.03, 0.02, -0.02) vslam=(0.0, 0.0, 0.0) error=0.043m max_error=0.043m (n=4)
[INFO] [1788528945.083028086] [vslam_compare]: gt=(0.03, 0.01, -0.02) vslam=(0.0, 0.0, 0.0) error=0.038m max_error=0.043m (n=5)
[INFO] [1788528946.083032806] [vslam_compare]: gt=(0.01, 0.02, -0.02) vslam=(0.0, 0.0, 0.0) error=0.029m max_error=0.043m (n=6)
[INFO] [1788528947.082987774] [vslam_compare]: gt=(0.02, 0.02, -0.01) vslam=(0.0, 0.0, 0.0) error=0.032m max_error=0.043m (n=7)
[INFO] [1788528948.083163936] [vslam_compare]: gt=(0.01, 0.03, -0.0) vslam=(0.0, 0.0, 0.0) error=0.035m max_error=0.043m (n=8)
[INFO] [1788528949.083456707] [vslam_compare]: gt=(0.01, 0.04, 0.01) vslam=(0.0, 0.0, 0.0) error=0.043m max_error=0.043m (n=9)
[INFO] [1788528950.083270643] [vslam_compare]: gt=(0.02, 0.04, 0.03) vslam=(-0.0, -0.0, 0.0) error=0.050m max_error=0.050m (n=10)
[INFO] [1788528951.083422812] [vslam_compare]: gt=(0.09, 0.04, 0.03) vslam=(0.05, -0.08, 0.01) error=0.128m max_error=0.128m (n=11)
[INFO] [1788528952.083063525] [vslam_compare]: gt=(0.14, 0.05, 0.66) vslam=(0.25, -0.03, 0.36) error=0.334m max_error=0.334m (n=12)
[INFO] [1788528953.083170881] [vslam_compare]: gt=(0.05, -0.08, 2.36) vslam=(0.13, -0.2, 1.9) error=0.484m max_error=0.484m (n=13)
[INFO] [1788528954.083209037] [vslam_compare]: gt=(-0.03, -0.1, 3.66) vslam=(-0.04, -0.3, 3.28) error=0.434m max_error=0.484m (n=14)
[INFO] [1788528955.082843510] [vslam_compare]: gt=(-0.05, -0.04, 4.18) vslam=(-0.12, -0.24, 3.95) error=0.312m max_error=0.484m (n=15)
[INFO] [1788528956.083026568] [vslam_compare]: gt=(-0.06, 0.03, 4.46) vslam=(-0.12, -0.16, 4.31) error=0.240m max_error=0.484m (n=16)
[INFO] [1788528957.083032816] [vslam_compare]: gt=(-0.03, 0.08, 4.63) vslam=(-0.1, -0.11, 4.51) error=0.230m max_error=0.484m (n=17)
[INFO] [1788528958.082900916] [vslam_compare]: gt=(-0.01, 0.09, 4.68) vslam=(-0.05, -0.19, 4.58) error=0.303m max_error=0.484m (n=18)
[INFO] [1788528959.083553833] [vslam_compare]: gt=(-0.12, 0.58, 4.47) vslam=(-0.1, 0.19, 4.38) error=0.398m max_error=0.484m (n=19)
[INFO] [1788528960.083166827] [vslam_compare]: gt=(-0.41, 1.56, 4.45) vslam=(-0.38, 1.1, 4.42) error=0.463m max_error=0.484m (n=20)
[INFO] [1788528961.083207289] [vslam_compare]: gt=(-0.4, 1.61, 4.42) vslam=(-0.4, 1.39, 4.5) error=0.234m max_error=0.484m (n=21)
[INFO] [1788528962.083471961] [vslam_compare]: gt=(-0.17, 1.05, 4.4) vslam=(-0.23, 1.4, 4.72) error=0.479m max_error=0.484m (n=22)
[INFO] [1788528963.082873640] [vslam_compare]: gt=(-0.12, 0.86, 4.42) vslam=(-0.22, 1.42, 4.91) error=0.746m max_error=0.746m (n=23)
[INFO] [1788528964.082851675] [vslam_compare]: gt=(-0.42, 1.31, 4.45) vslam=(-0.62, 2.29, 5.04) error=1.159m max_error=1.159m (n=24)
[INFO] [1788528965.083159808] [vslam_compare]: gt=(-0.8, 2.09, 4.52) vslam=(-1.19, 3.6, 5.21) error=1.702m max_error=1.702m (n=25)
[INFO] [1788528966.083161819] [vslam_compare]: gt=(-1.07, 2.83, 4.58) vslam=(-1.79, 5.2, 5.32) error=2.591m max_error=2.591m (n=26)
[INFO] [1788528967.083055526] [vslam_compare]: gt=(-1.46, 3.29, 4.68) vslam=(-2.06, 6.29, 5.1) error=3.091m max_error=3.091m (n=27)
[INFO] [1788528968.082922544] [vslam_compare]: gt=(-2.04, 3.72, 4.74) vslam=(-2.52, 6.65, 5.34) error=3.026m max_error=3.091m (n=28)
[INFO] [1788528969.083166897] [vslam_compare]: gt=(-2.5, 4.15, 4.9) vslam=(-2.7, 7.18, 5.3) error=3.062m max_error=3.091m (n=29)
[INFO] [1788528970.083830263] [vslam_compare]: gt=(-2.73, 4.58, 4.89) vslam=(-2.66, 8.29, 4.99) error=3.708m max_error=3.708m (n=30)
[INFO] [1788528971.082862990] [vslam_compare]: gt=(-2.69, 5.02, 4.85) vslam=(-2.63, 9.42, 4.8) error=4.402m max_error=4.402m (n=31)
[INFO] [1788528972.083050927] [vslam_compare]: gt=(-2.81, 5.59, 4.88) vslam=(-2.62, 11.44, 4.47) error=5.876m max_error=5.876m (n=32)
[INFO] [1788528973.083229766] [vslam_compare]: gt=(-3.15, 6.15, 4.91) vslam=(-3.45, 13.53, 4.49) error=7.398m max_error=7.398m (n=33)
[INFO] [1788528974.083358220] [vslam_compare]: gt=(-3.59, 6.64, 4.97) vslam=(-3.91, 14.08, 4.31) error=7.475m max_error=7.475m (n=34)
[INFO] [1788528975.083066810] [vslam_compare]: gt=(-3.9, 7.18, 4.94) vslam=(-4.3, 14.65, 3.75) error=7.569m max_error=7.569m (n=35)
[INFO] [1788528976.082903778] [vslam_compare]: gt=(-3.88, 7.67, 4.94) vslam=(-4.46, 15.48, 3.23) error=8.021m max_error=8.021m (n=36)
[INFO] [1788528977.083100028] [vslam_compare]: gt=(-3.58, 8.15, 4.95) vslam=(-4.46, 16.44, 2.93) error=8.578m max_error=8.578m (n=37)
[INFO] [1788528978.083077859] [vslam_compare]: gt=(-3.39, 8.4, 4.96) vslam=(-4.56, 17.54, 2.43) error=9.550m max_error=9.550m (n=38)
[INFO] [1788528979.083054256] [vslam_compare]: gt=(-3.52, 8.33, 4.94) vslam=(-5.01, 18.67, 1.81) error=10.909m max_error=10.909m (n=39)
[INFO] [1788528980.083049068] [vslam_compare]: gt=(-3.57, 8.28, 4.92) vslam=(-5.11, 18.76, 1.72) error=11.070m max_error=11.070m (n=40)
[INFO] [1788528981.083243451] [vslam_compare]: gt=(-3.34, 8.64, 4.91) vslam=(-5.13, 19.31, 1.54) error=11.341m max_error=11.341m (n=41)
Traceback (most recent call last):
  File "/workspaces/isaac_ros-dev/ros2_ws/install/px4_vslam_bridge/lib/python3.10/site-packages/px4_vslam_bridge/vslam_compare.py", line 194, in main
    rclpy.spin(node)
  File "/opt/ros/humble/local/lib/python3.10/dist-packages/rclpy/__init__.py", line 229, in spin
    executor.spin_once()
  File "/opt/ros/humble/local/lib/python3.10/dist-packages/rclpy/executors.py", line 808, in spin_once
    self._spin_once_impl(timeout_sec)
  File "/opt/ros/humble/local/lib/python3.10/dist-packages/rclpy/executors.py", line 797, in _spin_once_impl
    handler, entity, node = self.wait_for_ready_callbacks(timeout_sec=timeout_sec)
  File "/opt/ros/humble/local/lib/python3.10/dist-packages/rclpy/executors.py", line 780, in wait_for_ready_callbacks
    return next(self._cb_iter)
  File "/opt/ros/humble/local/lib/python3.10/dist-packages/rclpy/executors.py", line 681, in _wait_for_ready_callbacks
    raise ExternalShutdownException()
rclpy.executors.ExternalShutdownException

During handling of the above exception, another exception occurred:

Traceback (most recent call last):
  File "/workspaces/isaac_ros-dev/ros2_ws/install/px4_vslam_bridge/lib/px4_vslam_bridge/vslam_compare", line 33, in <module>
    sys.exit(load_entry_point('px4-vslam-bridge==0.1.0', 'console_scripts', 'vslam_compare')())
  File "/workspaces/isaac_ros-dev/ros2_ws/install/px4_vslam_bridge/lib/python3.10/site-packages/px4_vslam_bridge/vslam_compare.py", line 199, in main
    rclpy.shutdown()
  File "/opt/ros/humble/local/lib/python3.10/dist-packages/rclpy/__init__.py", line 130, in shutdown
    _shutdown(context=context)
  File "/opt/ros/humble/local/lib/python3.10/dist-packages/rclpy/utilities.py", line 58, in shutdown
    return context.shutdown()
  File "/opt/ros/humble/local/lib/python3.10/dist-packages/rclpy/context.py", line 102, in shutdown
    self.__context.shutdown()
rclpy._rclpy_pybind11.RCLError: failed to shutdown: rcl_shutdown already called on the given context, at ./src/rcl/init.c:241
