[INFO] [1788603848.679788296] [fast_planner_bridge]: fast_planner_bridge ready -- will capture home at arm time and climb (0.0, 0.0, -5.0) NED relative to it, then follow /planning/pos_cmd from Fast-Planner
[INFO] [1788603848.680256912] [fast_planner_bridge]: >>> Press ENTER to arm and fly (or set OFFBOARD_AUTO_START=1) <<<
[WARN] [1788603850.651191900] [fast_planner_bridge]: [tick 40] No data on /fmu/out/vehicle_local_position_v1.
[INFO] [1788603853.901490185] [fast_planner_bridge]: OFFBOARD + ARMED confirmed -- home_ned=(-0.04126201942563057, 0.021016262471675873, -0.10426218807697296), climbing to (-0.04126201942563057, 0.021016262471675873, -5.104262188076973).
[INFO] [1788603854.651382021] [fast_planner_bridge]: [CLIMBING] pos_ned=(-0.04,0.03,-0.11) dist=4.99m
[INFO] [1788603855.651451018] [fast_planner_bridge]: [CLIMBING] pos_ned=(-0.05,0.03,-0.12) dist=4.98m
[INFO] [1788603856.651678276] [fast_planner_bridge]: [CLIMBING] pos_ned=(-0.04,0.03,-0.12) dist=4.98m
[INFO] [1788603857.651458166] [fast_planner_bridge]: [CLIMBING] pos_ned=(-0.03,0.02,-0.12) dist=4.98m
[INFO] [1788603858.651407070] [fast_planner_bridge]: [CLIMBING] pos_ned=(-0.02,0.11,-0.12) dist=4.98m
[INFO] [1788603859.651486833] [fast_planner_bridge]: [CLIMBING] pos_ned=(-0.03,0.12,-0.98) dist=4.13m
[INFO] [1788603860.651523000] [fast_planner_bridge]: [CLIMBING] pos_ned=(-0.14,0.05,-2.73) dist=2.38m
[INFO] [1788603861.651235219] [fast_planner_bridge]: [CLIMBING] pos_ned=(-0.12,-0.02,-3.87) dist=1.24m
[INFO] [1788603862.651248336] [fast_planner_bridge]: [CLIMBING] pos_ned=(-0.07,-0.05,-4.35) dist=0.76m
[INFO] [1788603863.651447472] [fast_planner_bridge]: [CLIMBING] pos_ned=(-0.04,-0.03,-4.60) dist=0.50m
[INFO] [1788603864.651781476] [fast_planner_bridge]: [CLIMBING] pos_ned=(-0.03,-0.01,-4.76) dist=0.35m
[INFO] [1788603865.101482223] [fast_planner_bridge]: Climb complete (dist=0.30m) -- following Fast-Planner.
[INFO] [1788603865.651460725] [fast_planner_bridge]: [FOLLOWING] pos_ned=(-0.02,-0.01,-4.81) target_ned=(0.40,-0.25,-4.67) pos_cmd_age=0.00s
[INFO] [1788603866.651594851] [fast_planner_bridge]: [FOLLOWING] pos_ned=(0.52,-0.28,-4.71) target_ned=(0.07,-0.05,-4.76) pos_cmd_age=0.00s
[INFO] [1788603867.651686845] [fast_planner_bridge]: [FOLLOWING] pos_ned=(0.81,-0.40,-4.71) target_ned=(0.07,-0.05,-4.76) pos_cmd_age=0.00s
[INFO] [1788603868.651678655] [fast_planner_bridge]: [FOLLOWING] pos_ned=(0.42,-0.16,-4.70) target_ned=(0.55,-0.24,-4.71) pos_cmd_age=0.00s
[INFO] [1788603869.651644986] [fast_planner_bridge]: [FOLLOWING] pos_ned=(0.33,-0.08,-4.69) target_ned=(0.74,-0.33,-4.70) pos_cmd_age=0.00s
[INFO] [1788603870.651576320] [fast_planner_bridge]: [FOLLOWING] pos_ned=(0.89,-0.41,-4.68) target_ned=(1.23,-0.56,-4.70) pos_cmd_age=0.00s
[INFO] [1788603871.651391399] [fast_planner_bridge]: [FOLLOWING] pos_ned=(1.74,-0.79,-4.70) target_ned=(0.89,-0.41,-4.68) pos_cmd_age=0.00s
[INFO] [1788603872.651601773] [fast_planner_bridge]: [FOLLOWING] pos_ned=(1.75,-0.84,-4.68) target_ned=(0.89,-0.41,-4.68) pos_cmd_age=0.00s
[INFO] [1788603873.651365024] [fast_planner_bridge]: [FOLLOWING] pos_ned=(1.20,-0.51,-4.66) target_ned=(0.90,-0.40,-4.68) pos_cmd_age=0.00s
[INFO] [1788603874.651626218] [fast_planner_bridge]: [FOLLOWING] pos_ned=(1.00,-0.11,-4.66) target_ned=(1.12,-0.17,-4.70) pos_cmd_age=0.00s
[INFO] [1788603875.651641879] [fast_planner_bridge]: [FOLLOWING] pos_ned=(1.38,0.50,-4.73) target_ned=(1.60,0.33,-4.78) pos_cmd_age=0.00s
[INFO] [1788603876.651437958] [fast_planner_bridge]: [FOLLOWING] pos_ned=(2.18,1.00,-4.83) target_ned=(2.26,1.05,-4.88) pos_cmd_age=0.00s
[INFO] [1788603877.651223138] [fast_planner_bridge]: [FOLLOWING] pos_ned=(2.87,1.62,-4.90) target_ned=(3.00,1.71,-4.90) pos_cmd_age=0.00s
[INFO] [1788603878.651356333] [fast_planner_bridge]: [FOLLOWING] pos_ned=(3.51,2.08,-4.86) target_ned=(3.67,2.15,-4.85) pos_cmd_age=0.00s
[INFO] [1788603879.651322848] [fast_planner_bridge]: [FOLLOWING] pos_ned=(3.94,2.26,-4.92) target_ned=(4.08,2.29,-4.89) pos_cmd_age=0.00s
[INFO] [1788603880.651421000] [fast_planner_bridge]: [FOLLOWING] pos_ned=(4.08,2.30,-4.95) target_ned=(4.15,2.29,-4.91) pos_cmd_age=0.00s
[INFO] [1788603881.651654217] [fast_planner_bridge]: [FOLLOWING] pos_ned=(4.04,2.40,-4.83) target_ned=(4.09,2.33,-4.81) pos_cmd_age=0.00s
[INFO] [1788603882.651665959] [fast_planner_bridge]: [FOLLOWING] pos_ned=(4.22,2.48,-4.78) target_ned=(4.27,2.41,-4.74) pos_cmd_age=0.00s
[INFO] [1788603883.651267993] [fast_planner_bridge]: [FOLLOWING] pos_ned=(4.76,2.53,-4.79) target_ned=(4.78,2.51,-4.76) pos_cmd_age=0.00s
[INFO] [1788603884.651272869] [fast_planner_bridge]: [FOLLOWING] pos_ned=(5.52,2.68,-4.86) target_ned=(5.53,2.64,-4.85) pos_cmd_age=0.00s
[INFO] [1788603885.651458228] [fast_planner_bridge]: [FOLLOWING] pos_ned=(6.24,2.81,-4.95) target_ned=(6.27,2.77,-4.94) pos_cmd_age=0.00s
[INFO] [1788603886.651220124] [fast_planner_bridge]: [FOLLOWING] pos_ned=(6.80,2.78,-4.99) target_ned=(6.90,2.75,-4.97) pos_cmd_age=0.00s
[INFO] [1788603887.651270541] [fast_planner_bridge]: [FOLLOWING] pos_ned=(7.22,2.65,-4.96) target_ned=(7.25,2.61,-4.94) pos_cmd_age=0.00s
[INFO] [1788603888.651507083] [fast_planner_bridge]: [FOLLOWING] pos_ned=(7.35,2.46,-4.97) target_ned=(7.39,2.38,-4.93) pos_cmd_age=0.00s
[INFO] [1788603889.651429523] [fast_planner_bridge]: [FOLLOWING] pos_ned=(7.44,2.05,-5.00) target_ned=(7.46,1.95,-4.95) pos_cmd_age=0.00s
[INFO] [1788603890.651609095] [fast_planner_bridge]: [FOLLOWING] pos_ned=(7.63,1.42,-4.98) target_ned=(7.60,1.34,-4.98) pos_cmd_age=0.00s
[INFO] [1788603891.651280392] [fast_planner_bridge]: [FOLLOWING] pos_ned=(7.77,0.75,-4.96) target_ned=(7.79,0.70,-4.99) pos_cmd_age=0.00s
[WARN] [1788603892.289934255] [fast_planner_bridge]: Shutdown signal 15 received -- ceasing ARM requests, commanding AUTO.LAND, will disarm and exit once landed. If this doesn't complete and the vehicle needs to come down NOW, use emergency_stop.py instead of repeating this signal.
[INFO] [1788603892.401580480] [fast_planner_bridge]: Requesting AUTO.LAND... nav_state=14
[INFO] [1788603892.601332865] [fast_planner_bridge]: AUTO.LAND confirmed -- ceasing offboard setpoints, handing off to the autopilot.
[INFO] [1788603892.651214402] [fast_planner_bridge]: Waiting for disarm (backstop disarm sent)... arming_state=2
[INFO] [1788603894.651179638] [fast_planner_bridge]: Waiting for disarm (backstop disarm sent)... arming_state=2
