[INFO] [1788721171.407609961] [fast_planner_bridge]: fast_planner_bridge ready -- will capture home at arm time and climb (0.0, 0.0, -5.0) NED relative to it, then follow /planning/pos_cmd from Fast-Planner
[INFO] [1788721171.408027078] [fast_planner_bridge]: >>> Press ENTER to arm and fly (or set OFFBOARD_AUTO_START=1) <<<
[INFO] [1788721174.277040529] [fast_planner_bridge]: OFFBOARD + ARMED confirmed -- home_ned=(-0.03151438385248184, 0.002507822122424841, -0.01290065050125122), climbing to (-0.03151438385248184, 0.002507822122424841, -5.012900650501251).
[INFO] [1788721174.377784374] [fast_planner_bridge]: [CLIMBING] pos_ned=(-0.03,0.00,-0.01) dist=5.00m
[INFO] [1788721175.377414586] [fast_planner_bridge]: [CLIMBING] pos_ned=(-0.04,0.02,-0.01) dist=5.00m
[INFO] [1788721176.377473247] [fast_planner_bridge]: [CLIMBING] pos_ned=(-0.04,0.08,-0.01) dist=5.00m
[INFO] [1788721177.377253500] [fast_planner_bridge]: [CLIMBING] pos_ned=(-0.06,0.12,-0.07) dist=4.95m
[INFO] [1788721178.377283835] [fast_planner_bridge]: [CLIMBING] pos_ned=(-0.05,0.17,-0.23) dist=4.79m
[INFO] [1788721179.377412985] [fast_planner_bridge]: [CLIMBING] pos_ned=(-0.01,0.16,-0.36) dist=4.66m
[INFO] [1788721180.377099840] [fast_planner_bridge]: [CLIMBING] pos_ned=(0.01,0.02,-1.18) dist=3.84m
[INFO] [1788721181.377275166] [fast_planner_bridge]: [CLIMBING] pos_ned=(-0.04,-0.03,-2.75) dist=2.26m
[INFO] [1788721182.377453025] [fast_planner_bridge]: [CLIMBING] pos_ned=(-0.08,-0.06,-3.81) dist=1.21m
[INFO] [1788721183.377172258] [fast_planner_bridge]: [CLIMBING] pos_ned=(-0.07,-0.06,-4.24) dist=0.78m
[INFO] [1788721184.377527689] [fast_planner_bridge]: [CLIMBING] pos_ned=(-0.06,-0.03,-4.47) dist=0.54m
[INFO] [1788721185.377302134] [fast_planner_bridge]: [CLIMBING] pos_ned=(-0.03,-0.02,-4.63) dist=0.38m
[INFO] [1788721186.227323019] [fast_planner_bridge]: Climb complete (dist=0.30m) -- following Fast-Planner.
[INFO] [1788721186.377505136] [fast_planner_bridge]: [FOLLOWING] pos_ned=(-0.03,-0.02,-4.73) target_ned=(-0.04,-0.02,-4.60) pos_cmd_age=0.00s
[INFO] [1788721187.377266685] [fast_planner_bridge]: [FOLLOWING] pos_ned=(-0.05,-0.02,-4.59) target_ned=(-0.04,-0.02,-4.60) pos_cmd_age=0.00s
[INFO] [1788721188.377233980] [fast_planner_bridge]: [FOLLOWING] pos_ned=(0.03,-0.03,-4.55) target_ned=(0.11,-0.05,-4.59) pos_cmd_age=0.00s
[INFO] [1788721189.377314839] [fast_planner_bridge]: [FOLLOWING] pos_ned=(0.45,-0.14,-4.55) target_ned=(0.56,-0.15,-4.59) pos_cmd_age=0.00s
[INFO] [1788721190.377234251] [fast_planner_bridge]: [FOLLOWING] pos_ned=(1.10,-0.28,-4.55) target_ned=(1.20,-0.26,-4.58) pos_cmd_age=0.00s
[INFO] [1788721191.377383366] [fast_planner_bridge]: [FOLLOWING] pos_ned=(1.73,-0.25,-4.70) target_ned=(1.83,-0.23,-4.59) pos_cmd_age=0.00s
[INFO] [1788721192.377437120] [fast_planner_bridge]: [FOLLOWING] pos_ned=(2.31,-0.02,-4.87) target_ned=(2.39,-0.06,-4.61) pos_cmd_age=0.00s
[INFO] [1788721193.377506772] [fast_planner_bridge]: [FOLLOWING] pos_ned=(2.89,0.32,-5.00) target_ned=(2.87,0.15,-4.66) pos_cmd_age=0.00s
[INFO] [1788721194.377533252] [fast_planner_bridge]: [FOLLOWING] pos_ned=(3.21,0.48,-5.05) target_ned=(3.15,0.25,-4.69) pos_cmd_age=0.00s
[INFO] [1788721195.377436649] [fast_planner_bridge]: [FOLLOWING] pos_ned=(3.52,0.45,-5.03) target_ned=(3.58,0.34,-4.70) pos_cmd_age=0.00s
[INFO] [1788721196.377542936] [fast_planner_bridge]: [FOLLOWING] pos_ned=(4.10,0.46,-4.90) target_ned=(4.19,0.46,-4.71) pos_cmd_age=0.00s
[INFO] [1788721197.377498739] [fast_planner_bridge]: [FOLLOWING] pos_ned=(4.79,0.51,-4.79) target_ned=(4.79,0.59,-4.76) pos_cmd_age=0.00s
[INFO] [1788721198.377662012] [fast_planner_bridge]: [FOLLOWING] pos_ned=(5.38,0.53,-4.75) target_ned=(5.38,0.69,-4.79) pos_cmd_age=0.00s
[INFO] [1788721199.377480082] [fast_planner_bridge]: [FOLLOWING] pos_ned=(6.03,0.63,-4.81) target_ned=(6.00,0.74,-4.82) pos_cmd_age=0.00s
[INFO] [1788721200.377306076] [fast_planner_bridge]: [FOLLOWING] pos_ned=(6.60,0.73,-4.85) target_ned=(6.59,0.77,-4.86) pos_cmd_age=0.00s
[INFO] [1788721201.377204084] [fast_planner_bridge]: [FOLLOWING] pos_ned=(7.17,0.82,-5.16) target_ned=(7.09,0.70,-4.91) pos_cmd_age=0.00s
[INFO] [1788721202.377397558] [fast_planner_bridge]: [FOLLOWING] pos_ned=(7.30,0.69,-4.78) target_ned=(7.27,0.63,-4.93) pos_cmd_age=0.00s
[INFO] [1788721203.377557518] [fast_planner_bridge]: [FOLLOWING] pos_ned=(7.23,0.63,-4.58) target_ned=(7.37,0.55,-4.94) pos_cmd_age=0.00s
[INFO] [1788721204.377478035] [fast_planner_bridge]: [FOLLOWING] pos_ned=(7.58,0.26,-4.58) target_ned=(7.75,0.22,-4.98) pos_cmd_age=0.00s
[INFO] [1788721205.377498990] [fast_planner_bridge]: [FOLLOWING] pos_ned=(8.03,-0.06,-4.63) target_ned=(7.99,0.01,-5.00) pos_cmd_age=0.00s
[INFO] [1788721206.377105331] [fast_planner_bridge]: [FOLLOWING] pos_ned=(8.01,0.01,-4.68) target_ned=(8.00,0.00,-5.00) pos_cmd_age=0.00s
[INFO] [1788721207.377326620] [fast_planner_bridge]: [FOLLOWING] pos_ned=(8.00,0.08,-4.75) target_ned=(8.00,0.00,-5.00) pos_cmd_age=0.00s
[INFO] [1788721208.377544382] [fast_planner_bridge]: [FOLLOWING] pos_ned=(8.03,0.03,-4.81) target_ned=(8.00,0.00,-5.00) pos_cmd_age=0.00s
[WARN] [1788721208.434764874] [fast_planner_bridge]: Shutdown signal 15 received -- ceasing ARM requests, commanding AUTO.LAND, will disarm and exit once landed. If this doesn't complete and the vehicle needs to come down NOW, use emergency_stop.py instead of repeating this signal.
[INFO] [1788721208.627319762] [fast_planner_bridge]: Requesting AUTO.LAND... nav_state=14
[INFO] [1788721208.677126659] [fast_planner_bridge]: AUTO.LAND confirmed -- ceasing offboard setpoints, handing off to the autopilot.
[INFO] [1788721209.377057272] [fast_planner_bridge]: Waiting for disarm (backstop disarm sent)... arming_state=2
[INFO] [1788721211.377131216] [fast_planner_bridge]: Waiting for disarm (backstop disarm sent)... arming_state=2
