[INFO] [1788600394.457295326] [fast_planner_bridge]: fast_planner_bridge ready -- will capture home at arm time and climb (0.0, 0.0, -5.0) NED relative to it, then follow /planning/pos_cmd from Fast-Planner
[INFO] [1788600394.457680835] [fast_planner_bridge]: >>> Press ENTER to arm and fly (or set OFFBOARD_AUTO_START=1) <<<
[INFO] [1788600397.328417673] [fast_planner_bridge]: OFFBOARD + ARMED confirmed -- home_ned=(0.023933498188853264, -0.016176477074623108, 0.007303759455680847), climbing to (0.023933498188853264, -0.016176477074623108, -4.992696240544319).
[INFO] [1788600397.428656699] [fast_planner_bridge]: [CLIMBING] pos_ned=(0.02,-0.02,0.01) dist=5.00m
[INFO] [1788600398.428697617] [fast_planner_bridge]: [CLIMBING] pos_ned=(0.02,-0.03,0.00) dist=5.00m
[INFO] [1788600399.428471166] [fast_planner_bridge]: [CLIMBING] pos_ned=(-0.00,-0.02,0.01) dist=5.00m
[INFO] [1788600400.428516629] [fast_planner_bridge]: [CLIMBING] pos_ned=(0.01,-0.01,0.00) dist=4.99m
[INFO] [1788600401.428423082] [fast_planner_bridge]: [CLIMBING] pos_ned=(0.01,0.04,-0.01) dist=4.99m
[INFO] [1788600402.428973012] [fast_planner_bridge]: [CLIMBING] pos_ned=(0.04,0.13,-0.17) dist=4.83m
[INFO] [1788600403.429046898] [fast_planner_bridge]: [CLIMBING] pos_ned=(-0.02,0.04,-1.39) dist=3.61m
[INFO] [1788600404.428746122] [fast_planner_bridge]: [CLIMBING] pos_ned=(-0.09,-0.05,-3.12) dist=1.87m
[INFO] [1788600405.428728018] [fast_planner_bridge]: [CLIMBING] pos_ned=(-0.02,-0.10,-3.95) dist=1.04m
[INFO] [1788600406.428516635] [fast_planner_bridge]: [CLIMBING] pos_ned=(0.04,-0.10,-4.35) dist=0.64m
[INFO] [1788600407.428425292] [fast_planner_bridge]: [CLIMBING] pos_ned=(0.05,-0.08,-4.56) dist=0.44m
[INFO] [1788600408.428855688] [fast_planner_bridge]: [CLIMBING] pos_ned=(0.06,-0.04,-4.69) dist=0.30m
[INFO] [1788600408.528625851] [fast_planner_bridge]: Climb complete (dist=0.29m) -- following Fast-Planner.
[INFO] [1788600409.428582611] [fast_planner_bridge]: [FOLLOWING] pos_ned=(0.06,-0.03,-4.60) target_ned=(0.05,-0.08,-4.55) pos_cmd_age=0.01s
[INFO] [1788600410.428475215] [fast_planner_bridge]: [FOLLOWING] pos_ned=(0.06,-0.06,-4.51) target_ned=(0.07,-0.05,-4.52) pos_cmd_age=0.01s
[INFO] [1788600411.428495472] [fast_planner_bridge]: [FOLLOWING] pos_ned=(0.20,-0.10,-4.49) target_ned=(0.29,-0.08,-4.53) pos_cmd_age=0.01s
[INFO] [1788600412.428473377] [fast_planner_bridge]: [FOLLOWING] pos_ned=(0.73,-0.20,-4.56) target_ned=(0.83,-0.15,-4.59) pos_cmd_age=0.01s
[INFO] [1788600413.428986904] [fast_planner_bridge]: [FOLLOWING] pos_ned=(1.44,-0.23,-4.61) target_ned=(1.46,-0.14,-4.64) pos_cmd_age=0.01s
[INFO] [1788600414.428404394] [fast_planner_bridge]: [FOLLOWING] pos_ned=(1.84,-0.13,-4.63) target_ned=(1.82,-0.04,-4.64) pos_cmd_age=0.01s
[INFO] [1788600415.428288572] [fast_planner_bridge]: [FOLLOWING] pos_ned=(1.94,0.22,-4.72) target_ned=(2.00,0.30,-4.68) pos_cmd_age=0.01s
[INFO] [1788600416.428859342] [fast_planner_bridge]: [FOLLOWING] pos_ned=(2.23,0.87,-4.77) target_ned=(2.20,0.90,-4.77) pos_cmd_age=0.01s
[INFO] [1788600417.428648064] [fast_planner_bridge]: [FOLLOWING] pos_ned=(2.57,1.58,-4.82) target_ned=(2.48,1.54,-4.82) pos_cmd_age=0.01s
[INFO] [1788600418.428331571] [fast_planner_bridge]: [FOLLOWING] pos_ned=(2.89,2.09,-4.81) target_ned=(2.89,2.10,-4.82) pos_cmd_age=0.01s
[INFO] [1788600419.428486342] [fast_planner_bridge]: [FOLLOWING] pos_ned=(3.34,2.49,-4.80) target_ned=(3.40,2.57,-4.81) pos_cmd_age=0.01s
[INFO] [1788600420.428750482] [fast_planner_bridge]: [FOLLOWING] pos_ned=(3.86,2.89,-4.83) target_ned=(3.97,2.95,-4.84) pos_cmd_age=0.01s
[INFO] [1788600421.428793556] [fast_planner_bridge]: [FOLLOWING] pos_ned=(4.52,3.22,-4.88) target_ned=(4.61,3.25,-4.89) pos_cmd_age=0.01s
[INFO] [1788600422.428693866] [fast_planner_bridge]: [FOLLOWING] pos_ned=(5.18,3.54,-4.93) target_ned=(5.31,3.54,-4.93) pos_cmd_age=0.01s
[INFO] [1788600423.428881410] [fast_planner_bridge]: [FOLLOWING] pos_ned=(5.80,3.69,-4.93) target_ned=(5.85,3.68,-4.93) pos_cmd_age=0.01s
[INFO] [1788600424.428606968] [fast_planner_bridge]: [FOLLOWING] pos_ned=(6.04,3.76,-4.90) target_ned=(6.08,3.67,-4.92) pos_cmd_age=0.01s
[INFO] [1788600425.428688833] [fast_planner_bridge]: [FOLLOWING] pos_ned=(6.20,3.65,-4.89) target_ned=(6.34,3.50,-4.90) pos_cmd_age=0.01s
[INFO] [1788600426.428567112] [fast_planner_bridge]: [FOLLOWING] pos_ned=(6.77,3.37,-4.87) target_ned=(6.89,3.24,-4.88) pos_cmd_age=0.01s
[INFO] [1788600427.428704055] [fast_planner_bridge]: [FOLLOWING] pos_ned=(7.56,3.17,-4.88) target_ned=(7.56,3.14,-4.89) pos_cmd_age=0.01s
[INFO] [1788600428.428479249] [fast_planner_bridge]: [FOLLOWING] pos_ned=(8.21,3.20,-4.91) target_ned=(8.19,3.21,-4.93) pos_cmd_age=0.01s
[INFO] [1788600429.428845990] [fast_planner_bridge]: [FOLLOWING] pos_ned=(8.80,3.23,-4.99) target_ned=(8.76,3.23,-4.98) pos_cmd_age=0.01s
[INFO] [1788600430.428713676] [fast_planner_bridge]: [FOLLOWING] pos_ned=(9.29,3.14,-5.05) target_ned=(9.24,3.03,-5.02) pos_cmd_age=0.01s
[INFO] [1788600431.428498892] [fast_planner_bridge]: [FOLLOWING] pos_ned=(9.48,2.72,-5.07) target_ned=(9.53,2.57,-5.04) pos_cmd_age=0.01s
[INFO] [1788600432.428757594] [fast_planner_bridge]: [FOLLOWING] pos_ned=(9.59,2.02,-5.07) target_ned=(9.66,1.90,-5.05) pos_cmd_age=0.01s
[INFO] [1788600433.428634649] [fast_planner_bridge]: [FOLLOWING] pos_ned=(9.63,1.18,-5.06) target_ned=(9.64,1.10,-5.06) pos_cmd_age=0.01s
[INFO] [1788600434.428539871] [fast_planner_bridge]: [FOLLOWING] pos_ned=(9.42,0.43,-5.03) target_ned=(9.45,0.37,-5.05) pos_cmd_age=0.01s
[INFO] [1788600435.428651911] [fast_planner_bridge]: [FOLLOWING] pos_ned=(9.33,-0.01,-4.99) target_ned=(9.29,-0.02,-5.02) pos_cmd_age=0.01s
[INFO] [1788600436.429095641] [fast_planner_bridge]: [FOLLOWING] pos_ned=(9.37,-0.05,-5.01) target_ned=(9.28,-0.02,-5.02) pos_cmd_age=0.01s
[WARN] [1788600436.933728166] [fast_planner_bridge]: Shutdown signal 15 received -- ceasing ARM requests, commanding AUTO.LAND, will disarm and exit once landed. If this doesn't complete and the vehicle needs to come down NOW, use emergency_stop.py instead of repeating this signal.
[INFO] [1788600437.178755666] [fast_planner_bridge]: Requesting AUTO.LAND... nav_state=14
[INFO] [1788600437.228516276] [fast_planner_bridge]: AUTO.LAND confirmed -- ceasing offboard setpoints, handing off to the autopilot.
[INFO] [1788600438.428891001] [fast_planner_bridge]: Waiting for disarm (backstop disarm sent)... arming_state=2
