[INFO] [1788753796.215550792] [reactive_esdf_avoidance]: reactive_esdf_avoidance ready -- climb to (0.0, 0.0, -5.0) NED, then reactively fly to goal (7.0, 0.0, 5.0) ENU
[INFO] [1788753796.215933210] [reactive_esdf_avoidance]: >>> Press ENTER to arm and fly (or set OFFBOARD_AUTO_START=1) <<<
[INFO] [1788753799.034293933] [reactive_esdf_avoidance]: OFFBOARD + ARMED confirmed -- climbing.
[INFO] [1788753799.184903039] [reactive_esdf_avoidance]: [CLIMBING] pos_ned=(0.02,-0.01,0.02) dist=5.02m
[INFO] [1788753800.184880906] [reactive_esdf_avoidance]: [CLIMBING] pos_ned=(0.02,-0.01,0.02) dist=5.02m
[INFO] [1788753801.184369446] [reactive_esdf_avoidance]: [CLIMBING] pos_ned=(0.03,-0.00,0.02) dist=5.02m
[INFO] [1788753802.184435320] [reactive_esdf_avoidance]: [CLIMBING] pos_ned=(0.04,0.01,0.01) dist=5.01m
[INFO] [1788753803.184538399] [reactive_esdf_avoidance]: [CLIMBING] pos_ned=(0.03,0.04,0.01) dist=5.01m
[INFO] [1788753804.184454443] [reactive_esdf_avoidance]: [CLIMBING] pos_ned=(0.03,0.07,-0.45) dist=4.55m
[INFO] [1788753805.184851022] [reactive_esdf_avoidance]: [CLIMBING] pos_ned=(-0.01,0.08,-1.81) dist=3.19m
[INFO] [1788753806.184991911] [reactive_esdf_avoidance]: [CLIMBING] pos_ned=(-0.01,-0.02,-3.44) dist=1.56m
[INFO] [1788753807.184498396] [reactive_esdf_avoidance]: [CLIMBING] pos_ned=(-0.02,-0.11,-4.27) dist=0.74m
[INFO] [1788753808.184411811] [reactive_esdf_avoidance]: Climb complete (dist=0.29m) -- starting reactive avoidance.
[INFO] [1788753808.184921373] [reactive_esdf_avoidance]: [CLIMBING] pos_ned=(-0.00,-0.06,-4.72) dist=0.29m
[INFO] [1788753809.184320023] [reactive_esdf_avoidance]: [REACTIVE NAV] pos_enu=(0.03,0.00,4.87) goal_dist=6.97m nearest_obstacle=0.46m
[INFO] [1788753810.184537316] [reactive_esdf_avoidance]: [REACTIVE NAV] pos_enu=(0.23,-0.10,4.89) goal_dist=6.78m nearest_obstacle=0.57m
[INFO] [1788753811.184439998] [reactive_esdf_avoidance]: [REACTIVE NAV] pos_enu=(0.39,-0.19,5.01) goal_dist=6.62m nearest_obstacle=0.71m
[INFO] [1788753812.184635311] [reactive_esdf_avoidance]: [REACTIVE NAV] pos_enu=(0.51,-0.17,5.46) goal_dist=6.51m nearest_obstacle=0.61m
[INFO] [1788753813.184404409] [reactive_esdf_avoidance]: [REACTIVE NAV] pos_enu=(0.53,-0.18,5.59) goal_dist=6.50m nearest_obstacle=0.46m
[INFO] [1788753814.184836494] [reactive_esdf_avoidance]: [REACTIVE NAV] pos_enu=(0.46,-0.37,5.56) goal_dist=6.58m nearest_obstacle=0.72m
[INFO] [1788753815.184380599] [reactive_esdf_avoidance]: [REACTIVE NAV] pos_enu=(0.38,-0.63,5.43) goal_dist=6.66m nearest_obstacle=1.16m
[INFO] [1788753816.184548810] [reactive_esdf_avoidance]: [REACTIVE NAV] pos_enu=(0.34,-0.81,5.32) goal_dist=6.72m nearest_obstacle=1.32m
[INFO] [1788753817.184419441] [reactive_esdf_avoidance]: [REACTIVE NAV] pos_enu=(0.36,-0.98,5.16) goal_dist=6.72m nearest_obstacle=1.49m
[INFO] [1788753818.184686049] [reactive_esdf_avoidance]: [REACTIVE NAV] pos_enu=(0.42,-1.17,5.09) goal_dist=6.69m nearest_obstacle=1.79m
[INFO] [1788753819.184729713] [reactive_esdf_avoidance]: [REACTIVE NAV] pos_enu=(0.50,-1.37,5.05) goal_dist=6.64m nearest_obstacle=1.90m
[INFO] [1788753820.184695066] [reactive_esdf_avoidance]: [REACTIVE NAV] pos_enu=(0.62,-1.50,5.00) goal_dist=6.56m nearest_obstacle=2.00m
[INFO] [1788753821.184715202] [reactive_esdf_avoidance]: [REACTIVE NAV] pos_enu=(0.78,-1.58,4.93) goal_dist=6.41m nearest_obstacle=2.00m
[INFO] [1788753822.184326392] [reactive_esdf_avoidance]: [REACTIVE NAV] pos_enu=(1.01,-1.75,4.88) goal_dist=6.24m nearest_obstacle=2.00m
[INFO] [1788753823.184877806] [reactive_esdf_avoidance]: [REACTIVE NAV] pos_enu=(1.18,-1.71,4.82) goal_dist=6.07m nearest_obstacle=1.75m
[INFO] [1788753824.184557055] [reactive_esdf_avoidance]: [REACTIVE NAV] pos_enu=(1.17,-1.60,4.75) goal_dist=6.05m nearest_obstacle=1.50m
[INFO] [1788753825.184721684] [reactive_esdf_avoidance]: [REACTIVE NAV] pos_enu=(1.31,-1.49,4.68) goal_dist=5.89m nearest_obstacle=1.35m
[INFO] [1788753826.184376160] [reactive_esdf_avoidance]: [REACTIVE NAV] pos_enu=(1.34,-1.38,4.72) goal_dist=5.83m nearest_obstacle=1.25m
[INFO] [1788753827.184427996] [reactive_esdf_avoidance]: [REACTIVE NAV] pos_enu=(1.45,-1.53,4.83) goal_dist=5.76m nearest_obstacle=1.48m
[INFO] [1788753828.184311804] [reactive_esdf_avoidance]: [REACTIVE NAV] pos_enu=(0.12,-0.89,4.63) goal_dist=6.95m nearest_obstacle=0.10m
[INFO] [1788753829.184361647] [reactive_esdf_avoidance]: [REACTIVE NAV] pos_enu=(0.08,-0.80,4.45) goal_dist=6.99m nearest_obstacle=0.00m
[INFO] [1788753830.184516643] [reactive_esdf_avoidance]: [REACTIVE NAV] pos_enu=(0.28,-0.89,4.35) goal_dist=6.81m nearest_obstacle=0.00m
[INFO] [1788753831.184685053] [reactive_esdf_avoidance]: [REACTIVE NAV] pos_enu=(0.44,-0.88,4.45) goal_dist=6.64m nearest_obstacle=0.10m
[INFO] [1788753832.184570345] [reactive_esdf_avoidance]: [REACTIVE NAV] pos_enu=(0.68,-0.85,4.46) goal_dist=6.40m nearest_obstacle=0.25m
[INFO] [1788753833.184675860] [reactive_esdf_avoidance]: [REACTIVE NAV] pos_enu=(1.10,-0.82,4.46) goal_dist=5.98m nearest_obstacle=0.75m
[INFO] [1788753834.184748935] [reactive_esdf_avoidance]: [REACTIVE NAV] pos_enu=(1.34,-0.86,4.51) goal_dist=5.75m nearest_obstacle=0.76m
[INFO] [1788753835.184736643] [reactive_esdf_avoidance]: [REACTIVE NAV] pos_enu=(1.44,-1.04,4.63) goal_dist=5.67m nearest_obstacle=0.94m
[INFO] [1788753836.184741241] [reactive_esdf_avoidance]: [REACTIVE NAV] pos_enu=(1.52,-1.25,4.57) goal_dist=5.64m nearest_obstacle=1.19m
[INFO] [1788753837.184410963] [reactive_esdf_avoidance]: [REACTIVE NAV] pos_enu=(1.62,-1.41,4.54) goal_dist=5.59m nearest_obstacle=1.25m
[INFO] [1788753838.184913010] [reactive_esdf_avoidance]: [REACTIVE NAV] pos_enu=(1.11,-1.10,4.46) goal_dist=6.02m nearest_obstacle=1.10m
[INFO] [1788753839.184520364] [reactive_esdf_avoidance]: [REACTIVE NAV] pos_enu=(1.21,-1.02,4.44) goal_dist=5.91m nearest_obstacle=0.85m
[INFO] [1788753840.184369570] [reactive_esdf_avoidance]: [REACTIVE NAV] pos_enu=(1.52,-1.04,4.43) goal_dist=5.61m nearest_obstacle=0.91m
[INFO] [1788753841.184503776] [reactive_esdf_avoidance]: [REACTIVE NAV] pos_enu=(1.51,-1.14,4.50) goal_dist=5.63m nearest_obstacle=0.90m
[INFO] [1788753842.184715071] [reactive_esdf_avoidance]: [REACTIVE NAV] pos_enu=(1.50,-1.31,4.51) goal_dist=5.68m nearest_obstacle=0.90m
[INFO] [1788753843.184412831] [reactive_esdf_avoidance]: [REACTIVE NAV] pos_enu=(1.71,-1.42,4.48) goal_dist=5.50m nearest_obstacle=0.90m
[INFO] [1788753844.184700529] [reactive_esdf_avoidance]: [REACTIVE NAV] pos_enu=(1.88,-1.47,4.48) goal_dist=5.35m nearest_obstacle=0.90m
[INFO] [1788753845.184576811] [reactive_esdf_avoidance]: [REACTIVE NAV] pos_enu=(1.85,-1.49,4.51) goal_dist=5.38m nearest_obstacle=0.90m
[INFO] [1788753846.184458618] [reactive_esdf_avoidance]: [REACTIVE NAV] pos_enu=(1.17,-1.45,4.55) goal_dist=6.02m nearest_obstacle=0.90m
[INFO] [1788753847.184674013] [reactive_esdf_avoidance]: [REACTIVE NAV] pos_enu=(0.91,-1.42,4.56) goal_dist=6.27m nearest_obstacle=0.90m
[INFO] [1788753848.184329187] [reactive_esdf_avoidance]: [REACTIVE NAV] pos_enu=(1.05,-1.39,4.55) goal_dist=6.13m nearest_obstacle=0.90m
[INFO] [1788753849.184607119] [reactive_esdf_avoidance]: [REACTIVE NAV] pos_enu=(1.27,-1.37,4.55) goal_dist=5.91m nearest_obstacle=0.90m
[INFO] [1788753850.184972186] [reactive_esdf_avoidance]: [REACTIVE NAV] pos_enu=(1.41,-1.38,4.53) goal_dist=5.78m nearest_obstacle=0.90m
[INFO] [1788753851.184508418] [reactive_esdf_avoidance]: [REACTIVE NAV] pos_enu=(1.45,-1.42,4.53) goal_dist=5.74m nearest_obstacle=0.90m
Traceback (most recent call last):
  File "/workspaces/isaac_ros-dev/ros2_ws/install/px4_vslam_bridge/lib/python3.10/site-packages/px4_vslam_bridge/reactive_esdf_avoidance.py", line 393, in main
    rclpy.spin(node)
  File "/opt/ros/humble/local/lib/python3.10/dist-packages/rclpy/__init__.py", line 229, in spin
    executor.spin_once()
  File "/opt/ros/humble/local/lib/python3.10/dist-packages/rclpy/executors.py", line 808, in spin_once
    self._spin_once_impl(timeout_sec)
  File "/opt/ros/humble/local/lib/python3.10/dist-packages/rclpy/executors.py", line 797, in _spin_once_impl
    handler, entity, node = self.wait_for_ready_callbacks(timeout_sec=timeout_sec)
  File "/opt/ros/humble/local/lib/python3.10/dist-packages/rclpy/executors.py", line 780, in wait_for_ready_callbacks
    return next(self._cb_iter)
  File "/opt/ros/humble/local/lib/python3.10/dist-packages/rclpy/executors.py", line 681, in _wait_for_ready_callbacks
    raise ExternalShutdownException()
rclpy.executors.ExternalShutdownException

During handling of the above exception, another exception occurred:

Traceback (most recent call last):
  File "/workspaces/isaac_ros-dev/ros2_ws/install/px4_vslam_bridge/lib/px4_vslam_bridge/reactive_esdf_avoidance", line 33, in <module>
    sys.exit(load_entry_point('px4-vslam-bridge==0.1.0', 'console_scripts', 'reactive_esdf_avoidance')())
  File "/workspaces/isaac_ros-dev/ros2_ws/install/px4_vslam_bridge/lib/python3.10/site-packages/px4_vslam_bridge/reactive_esdf_avoidance.py", line 398, in main
    rclpy.shutdown()
  File "/opt/ros/humble/local/lib/python3.10/dist-packages/rclpy/__init__.py", line 130, in shutdown
    _shutdown(context=context)
  File "/opt/ros/humble/local/lib/python3.10/dist-packages/rclpy/utilities.py", line 58, in shutdown
    return context.shutdown()
  File "/opt/ros/humble/local/lib/python3.10/dist-packages/rclpy/context.py", line 102, in shutdown
    self.__context.shutdown()
rclpy._rclpy_pybind11.RCLError: failed to shutdown: rcl_shutdown already called on the given context, at ./src/rcl/init.c:241
