[INFO] [1788753790.801849530] [visual_odometry_bridge]: visual_odometry_bridge ready: /visual_slam/tracking/odometry -> /fmu/in/vehicle_visual_odometry
[INFO] [1788753797.296460859] [visual_odometry_bridge]: published 100 vehicle_visual_odometry samples (last NED pos=(0.00,0.00,-0.00))
[INFO] [1788753806.543888921] [visual_odometry_bridge]: published 300 vehicle_visual_odometry samples (last NED pos=(-0.23,-0.09,-4.13))
[WARN] [1788753810.417241701] [visual_odometry_bridge]: Rejected cuVSLAM update: implied speed 35.4 m/s (jumped 1.13m in 32ms) -- holding last known-good position, not forwarding to EKF2. (1 rejected total)
[WARN] [1788753811.535029193] [visual_odometry_bridge]: Rejected cuVSLAM update: implied speed 12.1 m/s (jumped 0.39m in 32ms) -- holding last known-good position, not forwarding to EKF2. (8 rejected total)
[WARN] [1788753816.003192207] [visual_odometry_bridge]: Rejected cuVSLAM update: implied speed 8.5 m/s (jumped 0.27m in 32ms) -- holding last known-good position, not forwarding to EKF2. (9 rejected total)
[INFO] [1788753816.231917939] [visual_odometry_bridge]: published 500 vehicle_visual_odometry samples (last NED pos=(2.67,0.27,-8.06))
[WARN] [1788753820.294624653] [visual_odometry_bridge]: Rejected cuVSLAM update: implied speed 55.9 m/s (jumped 1.79m in 32ms) -- holding last known-good position, not forwarding to EKF2. (10 rejected total)
[WARN] [1788753823.873218172] [visual_odometry_bridge]: Rejected cuVSLAM update: implied speed 23.4 m/s (jumped 0.75m in 32ms) -- holding last known-good position, not forwarding to EKF2. (17 rejected total)
[INFO] [1788753826.033420612] [visual_odometry_bridge]: published 700 vehicle_visual_odometry samples (last NED pos=(2.33,2.37,-7.54))
[WARN] [1788753827.480161086] [visual_odometry_bridge]: Rejected cuVSLAM update: implied speed 21.8 m/s (jumped 0.70m in 32ms) -- holding last known-good position, not forwarding to EKF2. (20 rejected total)
[WARN] [1788753831.315416037] [visual_odometry_bridge]: Rejected cuVSLAM update: implied speed 18.8 m/s (jumped 0.60m in 32ms) -- holding last known-good position, not forwarding to EKF2. (23 rejected total)
[INFO] [1788753835.708876889] [visual_odometry_bridge]: published 900 vehicle_visual_odometry samples (last NED pos=(3.51,4.42,-7.01))
[WARN] [1788753836.871921946] [visual_odometry_bridge]: Rejected cuVSLAM update: implied speed 10.8 m/s (jumped 0.35m in 32ms) -- holding last known-good position, not forwarding to EKF2. (25 rejected total)
[WARN] [1788753838.505344572] [visual_odometry_bridge]: Rejected cuVSLAM update: implied speed 8.5 m/s (jumped 0.27m in 32ms) -- holding last known-good position, not forwarding to EKF2. (26 rejected total)
[WARN] [1788753841.878880684] [visual_odometry_bridge]: Rejected cuVSLAM update: implied speed 18.1 m/s (jumped 0.58m in 32ms) -- holding last known-good position, not forwarding to EKF2. (27 rejected total)
[WARN] [1788753843.125458884] [visual_odometry_bridge]: Rejected cuVSLAM update: implied speed 12.5 m/s (jumped 0.40m in 32ms) -- holding last known-good position, not forwarding to EKF2. (30 rejected total)
Traceback (most recent call last):
  File "/workspaces/isaac_ros-dev/ros2_ws/install/px4_vslam_bridge/lib/python3.10/site-packages/px4_vslam_bridge/visual_odometry_bridge.py", line 160, in main
    rclpy.spin(node)
  File "/opt/ros/humble/local/lib/python3.10/dist-packages/rclpy/__init__.py", line 229, in spin
    executor.spin_once()
  File "/opt/ros/humble/local/lib/python3.10/dist-packages/rclpy/executors.py", line 808, in spin_once
    self._spin_once_impl(timeout_sec)
  File "/opt/ros/humble/local/lib/python3.10/dist-packages/rclpy/executors.py", line 797, in _spin_once_impl
    handler, entity, node = self.wait_for_ready_callbacks(timeout_sec=timeout_sec)
  File "/opt/ros/humble/local/lib/python3.10/dist-packages/rclpy/executors.py", line 780, in wait_for_ready_callbacks
    return next(self._cb_iter)
  File "/opt/ros/humble/local/lib/python3.10/dist-packages/rclpy/executors.py", line 653, in _wait_for_ready_callbacks
    wait_set = _rclpy.WaitSet(
rclpy._rclpy_pybind11.RCLError: failed to initialize wait set: the given context is not valid, either rcl_init() was not called or rcl_shutdown() was called., at ./src/rcl/wait.c:130

During handling of the above exception, another exception occurred:

Traceback (most recent call last):
  File "/workspaces/isaac_ros-dev/ros2_ws/install/px4_vslam_bridge/lib/px4_vslam_bridge/visual_odometry_bridge", line 33, in <module>
    sys.exit(load_entry_point('px4-vslam-bridge==0.1.0', 'console_scripts', 'visual_odometry_bridge')())
  File "/workspaces/isaac_ros-dev/ros2_ws/install/px4_vslam_bridge/lib/python3.10/site-packages/px4_vslam_bridge/visual_odometry_bridge.py", line 165, in main
    rclpy.shutdown()
  File "/opt/ros/humble/local/lib/python3.10/dist-packages/rclpy/__init__.py", line 130, in shutdown
    _shutdown(context=context)
  File "/opt/ros/humble/local/lib/python3.10/dist-packages/rclpy/utilities.py", line 58, in shutdown
    return context.shutdown()
  File "/opt/ros/humble/local/lib/python3.10/dist-packages/rclpy/context.py", line 102, in shutdown
    self.__context.shutdown()
rclpy._rclpy_pybind11.RCLError: failed to shutdown: rcl_shutdown already called on the given context, at ./src/rcl/init.c:241
