[INFO] [1788603620.596884595] [vslam_compare]: vslam_compare: logging per-message CSV to /workspaces/isaac_ros-dev/results/feasibility_gate/gate_sweep_high_r15/vslam_compare.csv (exp_id='gate_sweep_high_r15')
[INFO] [1788603620.615582501] [vslam_compare]: vslam_compare ready -- watching /visual_slam/tracking/odometry vs /ground_truth/odom
[INFO] [1788603620.616675645] [vslam_compare]: Ground truth origin set: (-0.00649801641702652, 0.025749802589416504, 0.02426004409790039)
[INFO] [1788603620.660684669] [vslam_compare]: cuVSLAM origin set: (0.0, 0.0, 0.0) -- tracking initialized
[INFO] [1788603621.615865577] [vslam_compare]: gt=(-0.01, 0.01, 0.01) vslam=(0.0, 0.0, 0.0) error=0.019m max_error=0.019m (n=1)
[INFO] [1788603622.615755878] [vslam_compare]: gt=(-0.02, 0.02, 0.02) vslam=(0.0, 0.0, 0.0) error=0.030m max_error=0.030m (n=2)
[INFO] [1788603623.615901657] [vslam_compare]: gt=(-0.02, 0.01, 0.02) vslam=(0.0, 0.0, 0.0) error=0.028m max_error=0.030m (n=3)
[INFO] [1788603624.615989950] [vslam_compare]: gt=(-0.03, 0.01, 0.01) vslam=(0.0, 0.0, 0.0) error=0.035m max_error=0.035m (n=4)
[INFO] [1788603625.616091687] [vslam_compare]: gt=(-0.03, 0.01, 0.01) vslam=(0.0, 0.0, 0.0) error=0.036m max_error=0.036m (n=5)
[INFO] [1788603626.616115339] [vslam_compare]: gt=(-0.04, 0.02, 0.01) vslam=(0.0, 0.0, 0.0) error=0.050m max_error=0.050m (n=6)
[INFO] [1788603627.615957886] [vslam_compare]: gt=(-0.04, 0.03, 0.02) vslam=(0.0, 0.0, 0.0) error=0.050m max_error=0.050m (n=7)
[INFO] [1788603628.615864148] [vslam_compare]: gt=(-0.03, 0.04, 0.02) vslam=(0.0, 0.0, 0.0) error=0.057m max_error=0.057m (n=8)
[INFO] [1788603629.615844625] [vslam_compare]: gt=(-0.03, 0.03, 0.02) vslam=(0.0, -0.01, -0.0) error=0.055m max_error=0.057m (n=9)
[INFO] [1788603630.615728856] [vslam_compare]: gt=(0.02, 0.02, 0.04) vslam=(0.12, -0.09, 0.01) error=0.145m max_error=0.145m (n=10)
[INFO] [1788603631.615730599] [vslam_compare]: gt=(0.06, 0.03, 0.86) vslam=(0.28, -0.05, 0.52) error=0.417m max_error=0.417m (n=11)
[INFO] [1788603632.615981162] [vslam_compare]: gt=(0.03, -0.03, 2.57) vslam=(0.19, -0.16, 2.15) error=0.469m max_error=0.469m (n=12)
[INFO] [1788603633.616074150] [vslam_compare]: gt=(-0.03, -0.05, 3.79) vslam=(0.05, -0.22, 3.56) error=0.294m max_error=0.469m (n=13)
[INFO] [1788603634.616086644] [vslam_compare]: gt=(-0.06, -0.03, 4.27) vslam=(-0.03, -0.18, 4.28) error=0.153m max_error=0.469m (n=14)
[INFO] [1788603635.615895635] [vslam_compare]: gt=(-0.07, 0.02, 4.52) vslam=(-0.11, -0.02, 4.79) error=0.282m max_error=0.469m (n=15)
[INFO] [1788603636.615837822] [vslam_compare]: gt=(-0.09, 0.05, 4.68) vslam=(-0.14, 0.01, 5.01) error=0.336m max_error=0.469m (n=16)
[INFO] [1788603637.616039633] [vslam_compare]: gt=(-0.09, 0.03, 4.69) vslam=(-0.13, -0.0, 5.07) error=0.384m max_error=0.469m (n=17)
[INFO] [1788603638.615802672] [vslam_compare]: gt=(-0.09, 0.04, 4.58) vslam=(-0.11, -0.01, 4.97) error=0.389m max_error=0.469m (n=18)
[INFO] [1788603639.615829645] [vslam_compare]: gt=(0.04, 0.18, 4.63) vslam=(-0.01, -0.09, 4.85) error=0.352m max_error=0.469m (n=19)
[INFO] [1788603640.616013524] [vslam_compare]: gt=(0.32, 0.66, 4.73) vslam=(0.37, 0.2, 4.85) error=0.477m max_error=0.477m (n=20)
[INFO] [1788603641.615946992] [vslam_compare]: gt=(0.5, 1.4, 4.84) vslam=(0.76, 0.83, 4.87) error=0.628m max_error=0.628m (n=21)
[INFO] [1788603642.616044289] [vslam_compare]: gt=(0.82, 2.11, 4.86) vslam=(1.26, 1.53, 4.9) error=0.736m max_error=0.736m (n=22)
[INFO] [1788603643.615876979] [vslam_compare]: gt=(1.21, 2.82, 4.85) vslam=(1.86, 2.39, 4.83) error=0.777m max_error=0.777m (n=23)
[INFO] [1788603644.615732675] [vslam_compare]: gt=(1.46, 3.21, 4.87) vslam=(2.22, 2.91, 4.88) error=0.817m max_error=0.817m (n=24)
[INFO] [1788603645.615985449] [vslam_compare]: gt=(1.67, 3.53, 4.93) vslam=(2.46, 3.23, 4.95) error=0.844m max_error=0.844m (n=25)
[INFO] [1788603646.615751594] [vslam_compare]: gt=(1.9, 4.09, 4.99) vslam=(2.82, 4.08, 4.98) error=0.920m max_error=0.920m (n=26)
[INFO] [1788603647.616193193] [vslam_compare]: gt=(2.08, 4.82, 5.01) vslam=(2.98, 4.82, 5.0) error=0.903m max_error=0.920m (n=27)
[INFO] [1788603648.615866462] [vslam_compare]: gt=(2.04, 5.43, 4.99) vslam=(2.91, 5.59, 5.01) error=0.886m max_error=0.920m (n=28)
[INFO] [1788603649.615799894] [vslam_compare]: gt=(1.97, 5.59, 4.98) vslam=(2.81, 5.88, 5.03) error=0.884m max_error=0.920m (n=29)
[INFO] [1788603650.615855962] [vslam_compare]: gt=(2.01, 5.62, 4.99) vslam=(2.81, 5.89, 5.02) error=0.844m max_error=0.920m (n=30)
[INFO] [1788603651.615838550] [vslam_compare]: gt=(1.93, 6.07, 4.99) vslam=(2.8, 6.43, 5.02) error=0.940m max_error=0.940m (n=31)
[INFO] [1788603652.616104059] [vslam_compare]: gt=(1.63, 6.85, 4.99) vslam=(2.45, 7.17, 5.01) error=0.879m max_error=0.940m (n=32)
[INFO] [1788603653.616202577] [vslam_compare]: gt=(1.55, 7.43, 4.98) vslam=(2.31, 7.83, 5.0) error=0.860m max_error=0.940m (n=33)
[INFO] [1788603654.615784292] [vslam_compare]: gt=(1.64, 7.59, 4.97) vslam=(2.4, 8.07, 4.98) error=0.897m max_error=0.940m (n=34)
[INFO] [1788603655.616005476] [vslam_compare]: gt=(1.57, 7.54, 4.94) vslam=(2.47, 8.05, 4.98) error=1.039m max_error=1.039m (n=35)
[INFO] [1788603656.615768703] [vslam_compare]: gt=(1.11, 7.52, 4.89) vslam=(1.8, 8.01, 4.73) error=0.858m max_error=1.039m (n=36)
[INFO] [1788603657.615929567] [vslam_compare]: gt=(0.54, 7.81, 4.84) vslam=(1.2, 8.0, 4.55) error=0.738m max_error=1.039m (n=37)
[INFO] [1788603658.615718924] [vslam_compare]: gt=(0.3, 8.01, 4.98) vslam=(0.54, 7.8, 4.39) error=0.678m max_error=1.039m (n=38)
[INFO] [1788603659.616030282] [vslam_compare]: gt=(0.35, 7.94, 5.0) vslam=(-0.06, 7.12, 4.17) error=1.242m max_error=1.242m (n=39)
[INFO] [1788603660.615863887] [vslam_compare]: gt=(0.34, 7.92, 5.0) vslam=(-0.39, 6.81, 4.03) error=1.647m max_error=1.647m (n=40)
[INFO] [1788603661.615933205] [vslam_compare]: gt=(0.26, 7.96, 5.01) vslam=(-1.3, 6.76, 3.86) error=2.278m max_error=2.278m (n=41)
Traceback (most recent call last):
  File "/workspaces/isaac_ros-dev/ros2_ws/install/px4_vslam_bridge/lib/python3.10/site-packages/px4_vslam_bridge/vslam_compare.py", line 194, in main
    rclpy.spin(node)
  File "/opt/ros/humble/local/lib/python3.10/dist-packages/rclpy/__init__.py", line 229, in spin
    executor.spin_once()
  File "/opt/ros/humble/local/lib/python3.10/dist-packages/rclpy/executors.py", line 808, in spin_once
    self._spin_once_impl(timeout_sec)
  File "/opt/ros/humble/local/lib/python3.10/dist-packages/rclpy/executors.py", line 797, in _spin_once_impl
    handler, entity, node = self.wait_for_ready_callbacks(timeout_sec=timeout_sec)
  File "/opt/ros/humble/local/lib/python3.10/dist-packages/rclpy/executors.py", line 780, in wait_for_ready_callbacks
    return next(self._cb_iter)
  File "/opt/ros/humble/local/lib/python3.10/dist-packages/rclpy/executors.py", line 681, in _wait_for_ready_callbacks
    raise ExternalShutdownException()
rclpy.executors.ExternalShutdownException

During handling of the above exception, another exception occurred:

Traceback (most recent call last):
  File "/workspaces/isaac_ros-dev/ros2_ws/install/px4_vslam_bridge/lib/px4_vslam_bridge/vslam_compare", line 33, in <module>
    sys.exit(load_entry_point('px4-vslam-bridge==0.1.0', 'console_scripts', 'vslam_compare')())
  File "/workspaces/isaac_ros-dev/ros2_ws/install/px4_vslam_bridge/lib/python3.10/site-packages/px4_vslam_bridge/vslam_compare.py", line 199, in main
    rclpy.shutdown()
  File "/opt/ros/humble/local/lib/python3.10/dist-packages/rclpy/__init__.py", line 130, in shutdown
    _shutdown(context=context)
  File "/opt/ros/humble/local/lib/python3.10/dist-packages/rclpy/utilities.py", line 58, in shutdown
    return context.shutdown()
  File "/opt/ros/humble/local/lib/python3.10/dist-packages/rclpy/context.py", line 102, in shutdown
    self.__context.shutdown()
rclpy._rclpy_pybind11.RCLError: failed to shutdown: rcl_shutdown already called on the given context, at ./src/rcl/init.c:241
