[INFO] [1788595501.369342837] [vslam_compare]: vslam_compare: logging per-message CSV to /workspaces/isaac_ros-dev/results/feasibility_gate/gate_sweep_medium_r10/vslam_compare.csv (exp_id='gate_sweep_medium_r10')
[INFO] [1788595501.390116143] [vslam_compare]: vslam_compare ready -- watching /visual_slam/tracking/odometry vs /ground_truth/odom
[INFO] [1788595501.393785698] [vslam_compare]: Ground truth origin set: (-0.002223728923127055, -0.02889256179332733, -0.006191343069076538)
[INFO] [1788595501.411660994] [vslam_compare]: cuVSLAM origin set: (0.0, 0.0, 0.0) -- tracking initialized
[INFO] [1788595502.390137744] [vslam_compare]: gt=(-0.0, 0.0, -0.01) vslam=(0.0, 0.0, 0.0) error=0.006m max_error=0.006m (n=1)
[INFO] [1788595503.390471046] [vslam_compare]: gt=(-0.0, 0.01, 0.0) vslam=(0.0, 0.0, 0.0) error=0.011m max_error=0.011m (n=2)
[INFO] [1788595504.390450970] [vslam_compare]: gt=(0.0, 0.02, 0.01) vslam=(0.0, 0.0, 0.0) error=0.027m max_error=0.027m (n=3)
[INFO] [1788595505.390345209] [vslam_compare]: gt=(0.01, 0.03, 0.02) vslam=(0.0, 0.0, 0.0) error=0.033m max_error=0.033m (n=4)
[INFO] [1788595506.390495571] [vslam_compare]: gt=(0.02, 0.02, 0.05) vslam=(0.0, 0.0, 0.0) error=0.060m max_error=0.060m (n=5)
[INFO] [1788595507.390466765] [vslam_compare]: gt=(0.02, 0.02, 0.06) vslam=(0.0, 0.0, 0.0) error=0.067m max_error=0.067m (n=6)
[INFO] [1788595508.390139921] [vslam_compare]: gt=(0.01, 0.04, 0.06) vslam=(0.0, 0.0, 0.0) error=0.072m max_error=0.072m (n=7)
[INFO] [1788595509.390655172] [vslam_compare]: gt=(0.01, 0.05, 0.07) vslam=(0.0, 0.0, 0.0) error=0.091m max_error=0.091m (n=8)
[INFO] [1788595510.390511722] [vslam_compare]: gt=(0.03, 0.06, 0.08) vslam=(-0.0, -0.01, 0.0) error=0.107m max_error=0.107m (n=9)
[INFO] [1788595511.390628872] [vslam_compare]: gt=(0.08, 0.06, 0.08) vslam=(0.05, -0.09, 0.01) error=0.166m max_error=0.166m (n=10)
[INFO] [1788595512.390350715] [vslam_compare]: gt=(0.13, 0.04, 0.77) vslam=(0.28, -0.09, 0.44) error=0.384m max_error=0.384m (n=11)
[INFO] [1788595513.390461074] [vslam_compare]: gt=(0.07, -0.09, 2.47) vslam=(0.17, -0.25, 1.95) error=0.550m max_error=0.550m (n=12)
[INFO] [1788595514.390357228] [vslam_compare]: gt=(-0.0, -0.11, 3.73) vslam=(0.09, -0.28, 3.29) error=0.487m max_error=0.550m (n=13)
[INFO] [1788595515.390151332] [vslam_compare]: gt=(-0.03, -0.05, 4.27) vslam=(-0.0, -0.22, 4.08) error=0.250m max_error=0.550m (n=14)
[INFO] [1788595516.390331977] [vslam_compare]: gt=(-0.01, 0.02, 4.53) vslam=(-0.03, -0.09, 4.52) error=0.108m max_error=0.550m (n=15)
[INFO] [1788595517.390501196] [vslam_compare]: gt=(-0.01, 0.06, 4.69) vslam=(-0.04, -0.03, 4.76) error=0.112m max_error=0.550m (n=16)
[INFO] [1788595518.390259223] [vslam_compare]: gt=(0.0, 0.07, 4.77) vslam=(-0.03, -0.02, 4.95) error=0.203m max_error=0.550m (n=17)
[INFO] [1788595519.390271123] [vslam_compare]: gt=(-0.0, 0.07, 4.64) vslam=(-0.01, -0.01, 4.85) error=0.225m max_error=0.550m (n=18)
[INFO] [1788595520.390388635] [vslam_compare]: gt=(-0.06, 0.14, 4.61) vslam=(-0.05, 0.0, 4.83) error=0.254m max_error=0.550m (n=19)
[INFO] [1788595521.390441512] [vslam_compare]: gt=(-0.15, 0.55, 4.6) vslam=(-0.2, 0.28, 4.7) error=0.295m max_error=0.550m (n=20)
[INFO] [1788595522.390573479] [vslam_compare]: gt=(-0.06, 1.16, 4.62) vslam=(-0.15, 0.84, 4.7) error=0.344m max_error=0.550m (n=21)
[INFO] [1788595523.390522547] [vslam_compare]: gt=(0.31, 1.83, 4.68) vslam=(0.15, 1.54, 4.75) error=0.341m max_error=0.550m (n=22)
[INFO] [1788595524.390325818] [vslam_compare]: gt=(0.78, 2.36, 4.66) vslam=(0.62, 2.2, 4.73) error=0.239m max_error=0.550m (n=23)
[INFO] [1788595525.390370523] [vslam_compare]: gt=(1.09, 2.45, 4.86) vslam=(1.26, 2.51, 4.95) error=0.205m max_error=0.550m (n=24)
[INFO] [1788595526.390316399] [vslam_compare]: gt=(0.94, 2.28, 4.84) vslam=(1.23, 2.29, 4.89) error=0.297m max_error=0.550m (n=25)
[INFO] [1788595527.390197575] [vslam_compare]: gt=(0.46, 1.99, 4.94) vslam=(0.88, 2.43, 4.84) error=0.618m max_error=0.618m (n=26)
[INFO] [1788595528.390237865] [vslam_compare]: gt=(-0.11, 1.84, 4.97) vslam=(0.29, 2.19, 4.87) error=0.540m max_error=0.618m (n=27)
[INFO] [1788595529.390142553] [vslam_compare]: gt=(-0.72, 2.16, 4.86) vslam=(-0.47, 2.42, 4.68) error=0.404m max_error=0.618m (n=28)
[INFO] [1788595530.390344618] [vslam_compare]: gt=(-1.28, 2.8, 4.82) vslam=(-1.11, 2.97, 4.65) error=0.292m max_error=0.618m (n=29)
[INFO] [1788595531.390370082] [vslam_compare]: gt=(-1.78, 3.5, 4.78) vslam=(-1.73, 3.7, 4.62) error=0.268m max_error=0.618m (n=30)
[INFO] [1788595532.390337953] [vslam_compare]: gt=(-2.27, 4.28, 4.79) vslam=(-2.34, 4.53, 4.67) error=0.289m max_error=0.618m (n=31)
[INFO] [1788595533.390555416] [vslam_compare]: gt=(-2.49, 4.9, 4.84) vslam=(-2.68, 5.32, 4.71) error=0.473m max_error=0.618m (n=32)
[INFO] [1788595534.390445918] [vslam_compare]: gt=(-2.48, 5.22, 4.85) vslam=(-2.69, 5.83, 4.76) error=0.651m max_error=0.651m (n=33)
[INFO] [1788595535.390381846] [vslam_compare]: gt=(-2.6, 5.23, 4.86) vslam=(-4.92, 5.72, 4.16) error=2.474m max_error=2.474m (n=34)
[INFO] [1788595536.390411572] [vslam_compare]: gt=(-2.93, 4.36, 4.69) vslam=(-18.65, 8.51, 8.9) error=16.795m max_error=16.795m (n=35)
[INFO] [1788595537.390444444] [vslam_compare]: gt=(-2.84, 4.98, 4.61) vslam=(-18.59, 9.03, 8.91) error=16.824m max_error=16.824m (n=36)
[INFO] [1788595538.390254096] [vslam_compare]: gt=(-2.97, 5.38, 4.86) vslam=(-19.45, 9.19, 8.45) error=17.290m max_error=17.290m (n=37)
[INFO] [1788595539.390136162] [vslam_compare]: gt=(-2.92, 5.46, 4.8) vslam=(-19.67, 9.32, 8.24) error=17.530m max_error=17.530m (n=38)
[INFO] [1788595540.390261746] [vslam_compare]: gt=(-3.13, 5.7, 4.73) vslam=(-19.88, 9.29, 8.04) error=17.446m max_error=17.530m (n=39)
[INFO] [1788595541.390461048] [vslam_compare]: gt=(-3.35, 6.25, 4.95) vslam=(-20.71, 9.35, 7.63) error=17.839m max_error=17.839m (n=40)
[INFO] [1788595542.390217412] [vslam_compare]: gt=(-3.49, 6.95, 5.08) vslam=(-23.06, 9.77, 6.83) error=19.854m max_error=19.854m (n=41)
Traceback (most recent call last):
  File "/workspaces/isaac_ros-dev/ros2_ws/install/px4_vslam_bridge/lib/python3.10/site-packages/px4_vslam_bridge/vslam_compare.py", line 194, in main
    rclpy.spin(node)
  File "/opt/ros/humble/local/lib/python3.10/dist-packages/rclpy/__init__.py", line 229, in spin
    executor.spin_once()
  File "/opt/ros/humble/local/lib/python3.10/dist-packages/rclpy/executors.py", line 808, in spin_once
    self._spin_once_impl(timeout_sec)
  File "/opt/ros/humble/local/lib/python3.10/dist-packages/rclpy/executors.py", line 797, in _spin_once_impl
    handler, entity, node = self.wait_for_ready_callbacks(timeout_sec=timeout_sec)
  File "/opt/ros/humble/local/lib/python3.10/dist-packages/rclpy/executors.py", line 780, in wait_for_ready_callbacks
    return next(self._cb_iter)
  File "/opt/ros/humble/local/lib/python3.10/dist-packages/rclpy/executors.py", line 681, in _wait_for_ready_callbacks
    raise ExternalShutdownException()
rclpy.executors.ExternalShutdownException

During handling of the above exception, another exception occurred:

Traceback (most recent call last):
  File "/workspaces/isaac_ros-dev/ros2_ws/install/px4_vslam_bridge/lib/px4_vslam_bridge/vslam_compare", line 33, in <module>
    sys.exit(load_entry_point('px4-vslam-bridge==0.1.0', 'console_scripts', 'vslam_compare')())
  File "/workspaces/isaac_ros-dev/ros2_ws/install/px4_vslam_bridge/lib/python3.10/site-packages/px4_vslam_bridge/vslam_compare.py", line 199, in main
    rclpy.shutdown()
  File "/opt/ros/humble/local/lib/python3.10/dist-packages/rclpy/__init__.py", line 130, in shutdown
    _shutdown(context=context)
  File "/opt/ros/humble/local/lib/python3.10/dist-packages/rclpy/utilities.py", line 58, in shutdown
    return context.shutdown()
  File "/opt/ros/humble/local/lib/python3.10/dist-packages/rclpy/context.py", line 102, in shutdown
    self.__context.shutdown()
rclpy._rclpy_pybind11.RCLError: failed to shutdown: rcl_shutdown already called on the given context, at ./src/rcl/init.c:241
