[INFO] [1788716775.343725524] [visual_odometry_bridge]: visual_odometry_bridge ready: /visual_slam/tracking/odometry -> /fmu/in/vehicle_visual_odometry
[INFO] [1788716780.660721912] [visual_odometry_bridge]: published 100 vehicle_visual_odometry samples (last NED pos=(0.00,0.00,-0.00))
[WARN] [1788716785.038158044] [visual_odometry_bridge]: Rejected cuVSLAM update: implied speed 8.5 m/s (jumped 0.27m in 32ms) -- holding last known-good position, not forwarding to EKF2. (1 rejected total)
[WARN] [1788716788.961759776] [visual_odometry_bridge]: Rejected cuVSLAM update: implied speed 148.4 m/s (jumped 4.75m in 32ms) -- holding last known-good position, not forwarding to EKF2. (8 rejected total)
[WARN] [1788716789.989379355] [visual_odometry_bridge]: Rejected cuVSLAM update: implied speed 35.6 m/s (jumped 24.62m in 692ms) -- holding last known-good position, not forwarding to EKF2. (28 rejected total)
[WARN] [1788716791.023503094] [visual_odometry_bridge]: Rejected cuVSLAM update: implied speed 17.5 m/s (jumped 24.90m in 1420ms) -- holding last known-good position, not forwarding to EKF2. (50 rejected total)
[WARN] [1788716792.042429081] [visual_odometry_bridge]: Rejected cuVSLAM update: implied speed 11.8 m/s (jumped 25.31m in 2144ms) -- holding last known-good position, not forwarding to EKF2. (72 rejected total)
[WARN] [1788716793.051742969] [visual_odometry_bridge]: Rejected cuVSLAM update: implied speed 8.8 m/s (jumped 25.35m in 2872ms) -- holding last known-good position, not forwarding to EKF2. (94 rejected total)
[INFO] [1788716794.856825064] [visual_odometry_bridge]: published 300 vehicle_visual_odometry samples (last NED pos=(-13.12,20.71,7.58))
[WARN] [1788716799.040749915] [visual_odometry_bridge]: Rejected cuVSLAM update: implied speed 258.3 m/s (jumped 8.27m in 32ms) -- holding last known-good position, not forwarding to EKF2. (105 rejected total)
[WARN] [1788716800.080594518] [visual_odometry_bridge]: Rejected cuVSLAM update: implied speed 10.3 m/s (jumped 7.81m in 756ms) -- holding last known-good position, not forwarding to EKF2. (127 rejected total)
[WARN] [1788716801.105316193] [visual_odometry_bridge]: Rejected cuVSLAM update: implied speed 10.1 m/s (jumped 3.36m in 332ms) -- holding last known-good position, not forwarding to EKF2. (143 rejected total)
[INFO] [1788716801.468222873] [visual_odometry_bridge]: published 400 vehicle_visual_odometry samples (last NED pos=(-19.36,18.51,15.57))
[WARN] [1788716802.109683744] [visual_odometry_bridge]: Rejected cuVSLAM update: implied speed 9.6 m/s (jumped 1.57m in 164ms) -- holding last known-good position, not forwarding to EKF2. (150 rejected total)
[WARN] [1788716803.143051024] [visual_odometry_bridge]: Rejected cuVSLAM update: implied speed 38.0 m/s (jumped 1.22m in 32ms) -- holding last known-good position, not forwarding to EKF2. (151 rejected total)
[WARN] [1788716804.710856419] [visual_odometry_bridge]: Rejected cuVSLAM update: implied speed 13.0 m/s (jumped 0.42m in 32ms) -- holding last known-good position, not forwarding to EKF2. (156 rejected total)
[WARN] [1788716806.525790968] [visual_odometry_bridge]: Rejected cuVSLAM update: implied speed 13.3 m/s (jumped 0.43m in 32ms) -- holding last known-good position, not forwarding to EKF2. (158 rejected total)
[INFO] [1788716806.994609841] [visual_odometry_bridge]: published 500 vehicle_visual_odometry samples (last NED pos=(-23.14,19.73,13.31))
[WARN] [1788716808.435204665] [visual_odometry_bridge]: Rejected cuVSLAM update: implied speed 28.0 m/s (jumped 0.90m in 32ms) -- holding last known-good position, not forwarding to EKF2. (161 rejected total)
[WARN] [1788716809.440417137] [visual_odometry_bridge]: Rejected cuVSLAM update: implied speed 11.5 m/s (jumped 1.52m in 132ms) -- holding last known-good position, not forwarding to EKF2. (169 rejected total)
Traceback (most recent call last):
  File "/workspaces/isaac_ros-dev/ros2_ws/install/px4_vslam_bridge/lib/python3.10/site-packages/px4_vslam_bridge/visual_odometry_bridge.py", line 160, in main
    rclpy.spin(node)
  File "/opt/ros/humble/local/lib/python3.10/dist-packages/rclpy/__init__.py", line 229, in spin
    executor.spin_once()
  File "/opt/ros/humble/local/lib/python3.10/dist-packages/rclpy/executors.py", line 808, in spin_once
    self._spin_once_impl(timeout_sec)
  File "/opt/ros/humble/local/lib/python3.10/dist-packages/rclpy/executors.py", line 797, in _spin_once_impl
    handler, entity, node = self.wait_for_ready_callbacks(timeout_sec=timeout_sec)
  File "/opt/ros/humble/local/lib/python3.10/dist-packages/rclpy/executors.py", line 780, in wait_for_ready_callbacks
    return next(self._cb_iter)
  File "/opt/ros/humble/local/lib/python3.10/dist-packages/rclpy/executors.py", line 681, in _wait_for_ready_callbacks
    raise ExternalShutdownException()
rclpy.executors.ExternalShutdownException

During handling of the above exception, another exception occurred:

Traceback (most recent call last):
  File "/workspaces/isaac_ros-dev/ros2_ws/install/px4_vslam_bridge/lib/px4_vslam_bridge/visual_odometry_bridge", line 33, in <module>
    sys.exit(load_entry_point('px4-vslam-bridge==0.1.0', 'console_scripts', 'visual_odometry_bridge')())
  File "/workspaces/isaac_ros-dev/ros2_ws/install/px4_vslam_bridge/lib/python3.10/site-packages/px4_vslam_bridge/visual_odometry_bridge.py", line 165, in main
    rclpy.shutdown()
  File "/opt/ros/humble/local/lib/python3.10/dist-packages/rclpy/__init__.py", line 130, in shutdown
    _shutdown(context=context)
  File "/opt/ros/humble/local/lib/python3.10/dist-packages/rclpy/utilities.py", line 58, in shutdown
    return context.shutdown()
  File "/opt/ros/humble/local/lib/python3.10/dist-packages/rclpy/context.py", line 102, in shutdown
    self.__context.shutdown()
rclpy._rclpy_pybind11.RCLError: failed to shutdown: rcl_shutdown already called on the given context, at ./src/rcl/init.c:241
