[INFO] [1788716667.883849609] [visual_odometry_bridge]: visual_odometry_bridge ready: /visual_slam/tracking/odometry -> /fmu/in/vehicle_visual_odometry
[INFO] [1788716672.691006858] [visual_odometry_bridge]: published 100 vehicle_visual_odometry samples (last NED pos=(0.00,0.00,-0.00))
[WARN] [1788716679.785053951] [visual_odometry_bridge]: Rejected cuVSLAM update: implied speed 11.5 m/s (jumped 0.37m in 32ms) -- holding last known-good position, not forwarding to EKF2. (1 rejected total)
[WARN] [1788716681.917885519] [visual_odometry_bridge]: Rejected cuVSLAM update: implied speed 16.9 m/s (jumped 0.54m in 32ms) -- holding last known-good position, not forwarding to EKF2. (3 rejected total)
[WARN] [1788716682.947519299] [visual_odometry_bridge]: Rejected cuVSLAM update: implied speed 110.3 m/s (jumped 72.77m in 660ms) -- holding last known-good position, not forwarding to EKF2. (22 rejected total)
[WARN] [1788716683.979229439] [visual_odometry_bridge]: Rejected cuVSLAM update: implied speed 54.4 m/s (jumped 71.81m in 1320ms) -- holding last known-good position, not forwarding to EKF2. (42 rejected total)
[WARN] [1788716685.009574603] [visual_odometry_bridge]: Rejected cuVSLAM update: implied speed 36.4 m/s (jumped 72.09m in 1980ms) -- holding last known-good position, not forwarding to EKF2. (62 rejected total)
[WARN] [1788716686.013235014] [visual_odometry_bridge]: Rejected cuVSLAM update: implied speed 27.1 m/s (jumped 71.52m in 2640ms) -- holding last known-good position, not forwarding to EKF2. (82 rejected total)
[WARN] [1788716687.050730958] [visual_odometry_bridge]: Rejected cuVSLAM update: implied speed 21.7 m/s (jumped 72.26m in 3332ms) -- holding last known-good position, not forwarding to EKF2. (103 rejected total)
[WARN] [1788716688.085976670] [visual_odometry_bridge]: Rejected cuVSLAM update: implied speed 18.0 m/s (jumped 72.55m in 4024ms) -- holding last known-good position, not forwarding to EKF2. (124 rejected total)
[WARN] [1788716689.117413788] [visual_odometry_bridge]: Rejected cuVSLAM update: implied speed 15.4 m/s (jumped 72.56m in 4716ms) -- holding last known-good position, not forwarding to EKF2. (145 rejected total)
[WARN] [1788716690.117655302] [visual_odometry_bridge]: Rejected cuVSLAM update: implied speed 13.5 m/s (jumped 72.59m in 5376ms) -- holding last known-good position, not forwarding to EKF2. (165 rejected total)
[WARN] [1788716691.152448456] [visual_odometry_bridge]: Rejected cuVSLAM update: implied speed 12.0 m/s (jumped 72.63m in 6072ms) -- holding last known-good position, not forwarding to EKF2. (186 rejected total)
[WARN] [1788716692.178869853] [visual_odometry_bridge]: Rejected cuVSLAM update: implied speed 10.7 m/s (jumped 72.64m in 6764ms) -- holding last known-good position, not forwarding to EKF2. (207 rejected total)
[WARN] [1788716693.216397174] [visual_odometry_bridge]: Rejected cuVSLAM update: implied speed 9.7 m/s (jumped 72.29m in 7424ms) -- holding last known-good position, not forwarding to EKF2. (227 rejected total)
[WARN] [1788716694.217285282] [visual_odometry_bridge]: Rejected cuVSLAM update: implied speed 9.0 m/s (jumped 72.27m in 8052ms) -- holding last known-good position, not forwarding to EKF2. (246 rejected total)
[WARN] [1788716695.238560178] [visual_odometry_bridge]: Rejected cuVSLAM update: implied speed 8.2 m/s (jumped 71.30m in 8712ms) -- holding last known-good position, not forwarding to EKF2. (266 rejected total)
[INFO] [1788716696.354872512] [visual_odometry_bridge]: published 300 vehicle_visual_odometry samples (last NED pos=(-50.59,-41.43,-28.81))
[WARN] [1788716698.452331469] [visual_odometry_bridge]: Rejected cuVSLAM update: implied speed 17.3 m/s (jumped 0.55m in 32ms) -- holding last known-good position, not forwarding to EKF2. (273 rejected total)
[WARN] [1788716699.474428643] [visual_odometry_bridge]: Rejected cuVSLAM update: implied speed 12.8 m/s (jumped 4.66m in 364ms) -- holding last known-good position, not forwarding to EKF2. (291 rejected total)
[WARN] [1788716700.480363481] [visual_odometry_bridge]: Rejected cuVSLAM update: implied speed 13.2 m/s (jumped 1.32m in 100ms) -- holding last known-good position, not forwarding to EKF2. (301 rejected total)
[WARN] [1788716703.236309524] [visual_odometry_bridge]: Rejected cuVSLAM update: implied speed 91.7 m/s (jumped 2.93m in 32ms) -- holding last known-good position, not forwarding to EKF2. (307 rejected total)
Traceback (most recent call last):
  File "/workspaces/isaac_ros-dev/ros2_ws/install/px4_vslam_bridge/lib/python3.10/site-packages/px4_vslam_bridge/visual_odometry_bridge.py", line 160, in main
    rclpy.spin(node)
  File "/opt/ros/humble/local/lib/python3.10/dist-packages/rclpy/__init__.py", line 229, in spin
    executor.spin_once()
  File "/opt/ros/humble/local/lib/python3.10/dist-packages/rclpy/executors.py", line 808, in spin_once
    self._spin_once_impl(timeout_sec)
  File "/opt/ros/humble/local/lib/python3.10/dist-packages/rclpy/executors.py", line 797, in _spin_once_impl
    handler, entity, node = self.wait_for_ready_callbacks(timeout_sec=timeout_sec)
  File "/opt/ros/humble/local/lib/python3.10/dist-packages/rclpy/executors.py", line 780, in wait_for_ready_callbacks
    return next(self._cb_iter)
  File "/opt/ros/humble/local/lib/python3.10/dist-packages/rclpy/executors.py", line 681, in _wait_for_ready_callbacks
    raise ExternalShutdownException()
rclpy.executors.ExternalShutdownException

During handling of the above exception, another exception occurred:

Traceback (most recent call last):
  File "/workspaces/isaac_ros-dev/ros2_ws/install/px4_vslam_bridge/lib/px4_vslam_bridge/visual_odometry_bridge", line 33, in <module>
    sys.exit(load_entry_point('px4-vslam-bridge==0.1.0', 'console_scripts', 'visual_odometry_bridge')())
  File "/workspaces/isaac_ros-dev/ros2_ws/install/px4_vslam_bridge/lib/python3.10/site-packages/px4_vslam_bridge/visual_odometry_bridge.py", line 165, in main
    rclpy.shutdown()
  File "/opt/ros/humble/local/lib/python3.10/dist-packages/rclpy/__init__.py", line 130, in shutdown
    _shutdown(context=context)
  File "/opt/ros/humble/local/lib/python3.10/dist-packages/rclpy/utilities.py", line 58, in shutdown
    return context.shutdown()
  File "/opt/ros/humble/local/lib/python3.10/dist-packages/rclpy/context.py", line 102, in shutdown
    self.__context.shutdown()
rclpy._rclpy_pybind11.RCLError: failed to shutdown: rcl_shutdown already called on the given context, at ./src/rcl/init.c:241
