[INFO] [1788718916.640738295] [vslam_compare]: vslam_compare: logging per-message CSV to /workspaces/isaac_ros-dev/results/route2_probe/r2_none_r134/vslam_compare.csv (exp_id='r2_none_r134')
[INFO] [1788718916.661851988] [vslam_compare]: vslam_compare ready -- watching /visual_slam/tracking/odometry vs /ground_truth/odom
[INFO] [1788718916.687930080] [vslam_compare]: cuVSLAM origin set: (0.0, 0.0, 0.0) -- tracking initialized
[INFO] [1788718917.602936885] [vslam_compare]: Ground truth origin set: (0.010776354931294918, 0.022998640313744545, 0.08121123909950256)
[INFO] [1788718917.661879614] [vslam_compare]: gt=(-0.0, -0.0, -0.0) vslam=(0.0, 0.0, 0.0) error=0.000m max_error=0.000m (n=1)
[INFO] [1788718918.661903613] [vslam_compare]: gt=(-0.01, 0.0, -0.0) vslam=(0.0, 0.0, 0.0) error=0.010m max_error=0.010m (n=2)
[INFO] [1788718919.662076386] [vslam_compare]: gt=(-0.01, -0.0, -0.01) vslam=(0.0, 0.0, 0.0) error=0.016m max_error=0.016m (n=3)
[INFO] [1788718920.662134239] [vslam_compare]: gt=(-0.01, -0.01, -0.01) vslam=(0.0, 0.0, 0.0) error=0.017m max_error=0.017m (n=4)
[INFO] [1788718921.662452029] [vslam_compare]: gt=(-0.01, -0.01, -0.01) vslam=(0.0, 0.0, 0.0) error=0.016m max_error=0.017m (n=5)
[INFO] [1788718922.662013966] [vslam_compare]: gt=(-0.01, -0.01, -0.01) vslam=(0.0, 0.0, 0.0) error=0.015m max_error=0.017m (n=6)
[INFO] [1788718923.661866067] [vslam_compare]: gt=(-0.01, -0.01, -0.01) vslam=(0.0, 0.0, 0.0) error=0.019m max_error=0.019m (n=7)
[INFO] [1788718924.662028751] [vslam_compare]: gt=(-0.01, -0.01, -0.01) vslam=(-0.0, 0.01, -0.0) error=0.022m max_error=0.022m (n=8)
[INFO] [1788718925.662148242] [vslam_compare]: gt=(-0.03, -0.0, -0.01) vslam=(-0.59, -0.18, -0.12) error=0.599m max_error=0.599m (n=9)
[INFO] [1788718926.662100074] [vslam_compare]: gt=(-0.16, -0.03, -0.04) vslam=(-0.59, -0.16, -0.12) error=0.462m max_error=0.599m (n=10)
[INFO] [1788718927.662239703] [vslam_compare]: gt=(-0.19, -0.02, -0.05) vslam=(-0.69, -0.14, -0.14) error=0.524m max_error=0.599m (n=11)
[INFO] [1788718928.661924966] [vslam_compare]: gt=(-0.08, -0.02, -0.06) vslam=(-0.66, -0.17, -0.14) error=0.608m max_error=0.608m (n=12)
[INFO] [1788718929.661854415] [vslam_compare]: gt=(0.03, -0.0, -0.06) vslam=(-0.5, -0.31, -0.14) error=0.622m max_error=0.622m (n=13)
[INFO] [1788718930.662029603] [vslam_compare]: gt=(-0.06, 0.01, 0.18) vslam=(0.05, 0.57, 0.87) error=0.897m max_error=0.897m (n=14)
[INFO] [1788718931.662135619] [vslam_compare]: gt=(-0.28, -0.08, 1.66) vslam=(-0.03, 0.5, 2.34) error=0.924m max_error=0.924m (n=15)
[INFO] [1788718932.662111686] [vslam_compare]: gt=(-0.05, -0.29, 3.31) vslam=(0.25, -1.71, 3.05) error=1.477m max_error=1.477m (n=16)
[INFO] [1788718933.662184158] [vslam_compare]: gt=(-0.04, -0.54, 3.91) vslam=(0.64, -4.14, 2.69) error=3.864m max_error=3.864m (n=17)
[INFO] [1788718934.662464777] [vslam_compare]: gt=(-0.17, -0.32, 4.08) vslam=(0.7, -4.25, 3.17) error=4.128m max_error=4.128m (n=18)
[INFO] [1788718935.662137115] [vslam_compare]: gt=(-0.12, -0.07, 4.39) vslam=(1.1, -4.35, 3.26) error=4.590m max_error=4.590m (n=19)
[INFO] [1788718936.662162948] [vslam_compare]: gt=(0.07, 0.0, 4.6) vslam=(1.34, -4.66, 3.38) error=4.984m max_error=4.984m (n=20)
[INFO] [1788718937.662202737] [vslam_compare]: gt=(0.13, 0.0, 4.76) vslam=(1.51, -5.59, 3.38) error=5.922m max_error=5.922m (n=21)
[INFO] [1788718938.662044309] [vslam_compare]: gt=(0.09, -0.04, 4.53) vslam=(1.62, -5.49, 3.33) error=5.788m max_error=5.922m (n=22)
[INFO] [1788718939.662044473] [vslam_compare]: gt=(-0.1, 0.4, 4.45) vslam=(2.23, -5.07, 3.03) error=6.111m max_error=6.111m (n=23)
[INFO] [1788718940.661869543] [vslam_compare]: gt=(-0.18, 1.21, 4.39) vslam=(2.77, -5.65, 2.54) error=7.702m max_error=7.702m (n=24)
[INFO] [1788718941.662040993] [vslam_compare]: gt=(-0.23, 1.75, 4.39) vslam=(3.13, -7.63, 1.83) error=10.286m max_error=10.286m (n=25)
[INFO] [1788718942.662088838] [vslam_compare]: gt=(-0.47, 2.62, 4.43) vslam=(6.18, -7.63, 0.98) error=12.696m max_error=12.696m (n=26)
[INFO] [1788718943.661879603] [vslam_compare]: gt=(-0.61, 3.63, 4.47) vslam=(7.03, -7.13, 0.6) error=13.757m max_error=13.757m (n=27)
[INFO] [1788718944.661931034] [vslam_compare]: gt=(-0.43, 3.71, 4.26) vslam=(6.77, -8.34, -0.34) error=14.767m max_error=14.767m (n=28)
[INFO] [1788718945.661993607] [vslam_compare]: gt=(-0.5, 3.54, 4.37) vslam=(6.15, -9.92, -1.33) error=16.052m max_error=16.052m (n=29)
[INFO] [1788718946.662516849] [vslam_compare]: gt=(-0.48, 2.91, 4.34) vslam=(4.93, -10.92, -1.32) error=15.889m max_error=16.052m (n=30)
[INFO] [1788718947.662034543] [vslam_compare]: gt=(-0.1, 2.79, 4.3) vslam=(6.0, -10.42, -1.79) error=15.768m max_error=16.052m (n=31)
[INFO] [1788718948.661961207] [vslam_compare]: gt=(-0.23, 3.36, 4.38) vslam=(6.53, -10.25, -2.53) error=16.696m max_error=16.696m (n=32)
[INFO] [1788718949.661946292] [vslam_compare]: gt=(-0.38, 3.37, 4.56) vslam=(6.37, -10.28, -2.67) error=16.859m max_error=16.859m (n=33)
[INFO] [1788718950.661927871] [vslam_compare]: gt=(-0.12, 3.21, 4.62) vslam=(6.67, -10.8, -3.74) error=17.676m max_error=17.676m (n=34)
Traceback (most recent call last):
  File "/workspaces/isaac_ros-dev/ros2_ws/install/px4_vslam_bridge/lib/python3.10/site-packages/px4_vslam_bridge/vslam_compare.py", line 194, in main
    rclpy.spin(node)
  File "/opt/ros/humble/local/lib/python3.10/dist-packages/rclpy/__init__.py", line 229, in spin
    executor.spin_once()
  File "/opt/ros/humble/local/lib/python3.10/dist-packages/rclpy/executors.py", line 808, in spin_once
    self._spin_once_impl(timeout_sec)
  File "/opt/ros/humble/local/lib/python3.10/dist-packages/rclpy/executors.py", line 797, in _spin_once_impl
    handler, entity, node = self.wait_for_ready_callbacks(timeout_sec=timeout_sec)
  File "/opt/ros/humble/local/lib/python3.10/dist-packages/rclpy/executors.py", line 780, in wait_for_ready_callbacks
    return next(self._cb_iter)
  File "/opt/ros/humble/local/lib/python3.10/dist-packages/rclpy/executors.py", line 681, in _wait_for_ready_callbacks
    raise ExternalShutdownException()
rclpy.executors.ExternalShutdownException

During handling of the above exception, another exception occurred:

Traceback (most recent call last):
  File "/workspaces/isaac_ros-dev/ros2_ws/install/px4_vslam_bridge/lib/px4_vslam_bridge/vslam_compare", line 33, in <module>
    sys.exit(load_entry_point('px4-vslam-bridge==0.1.0', 'console_scripts', 'vslam_compare')())
  File "/workspaces/isaac_ros-dev/ros2_ws/install/px4_vslam_bridge/lib/python3.10/site-packages/px4_vslam_bridge/vslam_compare.py", line 199, in main
    rclpy.shutdown()
  File "/opt/ros/humble/local/lib/python3.10/dist-packages/rclpy/__init__.py", line 130, in shutdown
    _shutdown(context=context)
  File "/opt/ros/humble/local/lib/python3.10/dist-packages/rclpy/utilities.py", line 58, in shutdown
    return context.shutdown()
  File "/opt/ros/humble/local/lib/python3.10/dist-packages/rclpy/context.py", line 102, in shutdown
    self.__context.shutdown()
rclpy._rclpy_pybind11.RCLError: failed to shutdown: rcl_shutdown already called on the given context, at ./src/rcl/init.c:241
