[INFO] [1788719124.108635310] [visual_odometry_bridge]: visual_odometry_bridge ready: /visual_slam/tracking/odometry -> /fmu/in/vehicle_visual_odometry
[INFO] [1788719128.910979448] [visual_odometry_bridge]: published 100 vehicle_visual_odometry samples (last NED pos=(0.00,0.00,-0.00))
[WARN] [1788719135.046601857] [visual_odometry_bridge]: Rejected cuVSLAM update: implied speed 14.3 m/s (jumped 0.51m in 36ms) -- holding last known-good position, not forwarding to EKF2. (1 rejected total)
[WARN] [1788719136.075889758] [visual_odometry_bridge]: Rejected cuVSLAM update: implied speed 10.4 m/s (jumped 6.55m in 628ms) -- holding last known-good position, not forwarding to EKF2. (20 rejected total)
[WARN] [1788719139.546782171] [visual_odometry_bridge]: Rejected cuVSLAM update: implied speed 8.2 m/s (jumped 0.26m in 32ms) -- holding last known-good position, not forwarding to EKF2. (27 rejected total)
[WARN] [1788719140.581447118] [visual_odometry_bridge]: Rejected cuVSLAM update: implied speed 13.6 m/s (jumped 7.19m in 528ms) -- holding last known-good position, not forwarding to EKF2. (44 rejected total)
[INFO] [1788719141.700772189] [visual_odometry_bridge]: published 300 vehicle_visual_odometry samples (last NED pos=(-2.87,-14.16,0.47))
[WARN] [1788719142.195881984] [visual_odometry_bridge]: Rejected cuVSLAM update: implied speed 11.8 m/s (jumped 0.38m in 32ms) -- holding last known-good position, not forwarding to EKF2. (57 rejected total)
[INFO] [1788719146.918826905] [visual_odometry_bridge]: published 400 vehicle_visual_odometry samples (last NED pos=(-6.57,-15.32,-0.38))
[WARN] [1788719149.092853251] [visual_odometry_bridge]: Rejected cuVSLAM update: implied speed 68.4 m/s (jumped 2.46m in 36ms) -- holding last known-good position, not forwarding to EKF2. (63 rejected total)
[WARN] [1788719150.552603547] [visual_odometry_bridge]: Rejected cuVSLAM update: implied speed 29.1 m/s (jumped 0.93m in 32ms) -- holding last known-good position, not forwarding to EKF2. (72 rejected total)
[WARN] [1788719152.547117457] [visual_odometry_bridge]: Rejected cuVSLAM update: implied speed 14.0 m/s (jumped 0.45m in 32ms) -- holding last known-good position, not forwarding to EKF2. (76 rejected total)
[INFO] [1788719152.694525256] [visual_odometry_bridge]: published 500 vehicle_visual_odometry samples (last NED pos=(-7.01,-13.78,-3.53))
[WARN] [1788719154.388176452] [visual_odometry_bridge]: Rejected cuVSLAM update: implied speed 14.1 m/s (jumped 0.45m in 32ms) -- holding last known-good position, not forwarding to EKF2. (78 rejected total)
[WARN] [1788719155.725925751] [visual_odometry_bridge]: Rejected cuVSLAM update: implied speed 12.6 m/s (jumped 0.45m in 36ms) -- holding last known-good position, not forwarding to EKF2. (88 rejected total)
[WARN] [1788719157.649872278] [visual_odometry_bridge]: Rejected cuVSLAM update: implied speed 8.6 m/s (jumped 0.27m in 32ms) -- holding last known-good position, not forwarding to EKF2. (92 rejected total)
[WARN] [1788719158.677194961] [visual_odometry_bridge]: Rejected cuVSLAM update: implied speed 13.5 m/s (jumped 2.22m in 164ms) -- holding last known-good position, not forwarding to EKF2. (97 rejected total)
[INFO] [1788719158.982113350] [visual_odometry_bridge]: published 600 vehicle_visual_odometry samples (last NED pos=(-13.07,-12.86,-2.92))
[WARN] [1788719159.696040174] [visual_odometry_bridge]: Rejected cuVSLAM update: implied speed 10.9 m/s (jumped 0.35m in 32ms) -- holding last known-good position, not forwarding to EKF2. (106 rejected total)
Traceback (most recent call last):
  File "/workspaces/isaac_ros-dev/ros2_ws/install/px4_vslam_bridge/lib/python3.10/site-packages/px4_vslam_bridge/visual_odometry_bridge.py", line 160, in main
    rclpy.spin(node)
  File "/opt/ros/humble/local/lib/python3.10/dist-packages/rclpy/__init__.py", line 229, in spin
    executor.spin_once()
  File "/opt/ros/humble/local/lib/python3.10/dist-packages/rclpy/executors.py", line 808, in spin_once
    self._spin_once_impl(timeout_sec)
  File "/opt/ros/humble/local/lib/python3.10/dist-packages/rclpy/executors.py", line 797, in _spin_once_impl
    handler, entity, node = self.wait_for_ready_callbacks(timeout_sec=timeout_sec)
  File "/opt/ros/humble/local/lib/python3.10/dist-packages/rclpy/executors.py", line 780, in wait_for_ready_callbacks
    return next(self._cb_iter)
  File "/opt/ros/humble/local/lib/python3.10/dist-packages/rclpy/executors.py", line 681, in _wait_for_ready_callbacks
    raise ExternalShutdownException()
rclpy.executors.ExternalShutdownException

During handling of the above exception, another exception occurred:

Traceback (most recent call last):
  File "/workspaces/isaac_ros-dev/ros2_ws/install/px4_vslam_bridge/lib/px4_vslam_bridge/visual_odometry_bridge", line 33, in <module>
    sys.exit(load_entry_point('px4-vslam-bridge==0.1.0', 'console_scripts', 'visual_odometry_bridge')())
  File "/workspaces/isaac_ros-dev/ros2_ws/install/px4_vslam_bridge/lib/python3.10/site-packages/px4_vslam_bridge/visual_odometry_bridge.py", line 165, in main
    rclpy.shutdown()
  File "/opt/ros/humble/local/lib/python3.10/dist-packages/rclpy/__init__.py", line 130, in shutdown
    _shutdown(context=context)
  File "/opt/ros/humble/local/lib/python3.10/dist-packages/rclpy/utilities.py", line 58, in shutdown
    return context.shutdown()
  File "/opt/ros/humble/local/lib/python3.10/dist-packages/rclpy/context.py", line 102, in shutdown
    self.__context.shutdown()
rclpy._rclpy_pybind11.RCLError: failed to shutdown: rcl_shutdown already called on the given context, at ./src/rcl/init.c:241
