[INFO] [1788722820.160200293] [vslam_compare]: vslam_compare: logging per-message CSV to /workspaces/isaac_ros-dev/results/route2_probe/r2_high_r134/vslam_compare.csv (exp_id='r2_high_r134')
[INFO] [1788722820.179195068] [vslam_compare]: vslam_compare ready -- watching /visual_slam/tracking/odometry vs /ground_truth/odom
[INFO] [1788722820.272052821] [vslam_compare]: Ground truth origin set: (0.015582241117954254, 0.0281815342605114, -0.01172347366809845)
[WARN] [1788722821.179453274] [vslam_compare]: No /visual_slam/tracking/odometry data yet -- cuVSLAM not tracking (or not launched).
[INFO] [1788722822.141581649] [vslam_compare]: cuVSLAM origin set: (0.0, 0.0, 0.0) -- tracking initialized
[INFO] [1788722822.179551565] [vslam_compare]: gt=(-0.0, -0.01, -0.0) vslam=(0.0, 0.0, 0.0) error=0.013m max_error=0.013m (n=1)
[INFO] [1788722823.179606530] [vslam_compare]: gt=(0.01, -0.01, -0.0) vslam=(0.0, 0.0, 0.0) error=0.013m max_error=0.013m (n=2)
[INFO] [1788722824.179652574] [vslam_compare]: gt=(0.01, -0.01, -0.0) vslam=(0.0, 0.0, 0.0) error=0.012m max_error=0.013m (n=3)
[INFO] [1788722825.179828460] [vslam_compare]: gt=(0.01, -0.01, -0.0) vslam=(0.0, 0.0, 0.0) error=0.014m max_error=0.014m (n=4)
[INFO] [1788722826.179703666] [vslam_compare]: gt=(0.01, -0.02, -0.0) vslam=(0.0, 0.0, 0.0) error=0.023m max_error=0.023m (n=5)
[INFO] [1788722827.179825572] [vslam_compare]: gt=(0.01, -0.02, -0.0) vslam=(0.0, 0.0, 0.0) error=0.026m max_error=0.026m (n=6)
[INFO] [1788722828.179537212] [vslam_compare]: gt=(0.01, -0.02, 0.0) vslam=(0.0, 0.0, 0.0) error=0.022m max_error=0.026m (n=7)
[INFO] [1788722829.179580653] [vslam_compare]: gt=(-0.0, -0.03, 0.01) vslam=(0.0, 0.0, 0.0) error=0.027m max_error=0.027m (n=8)
[INFO] [1788722830.179571822] [vslam_compare]: gt=(-0.02, -0.03, 0.01) vslam=(0.0, 0.0, 0.0) error=0.034m max_error=0.034m (n=9)
[INFO] [1788722831.179493086] [vslam_compare]: gt=(-0.02, -0.03, 0.01) vslam=(0.0, 0.0, 0.0) error=0.044m max_error=0.044m (n=10)
[INFO] [1788722832.179460743] [vslam_compare]: gt=(-0.02, -0.04, 0.02) vslam=(0.0, 0.0, 0.0) error=0.048m max_error=0.048m (n=11)
[INFO] [1788722833.179460647] [vslam_compare]: gt=(-0.01, -0.04, 0.02) vslam=(0.0, 0.0, 0.0) error=0.041m max_error=0.048m (n=12)
[INFO] [1788722834.179469354] [vslam_compare]: gt=(-0.01, -0.03, 0.02) vslam=(0.0, 0.0, 0.0) error=0.034m max_error=0.048m (n=13)
[INFO] [1788722835.179361928] [vslam_compare]: gt=(-0.01, -0.03, 0.02) vslam=(0.0, 0.0, 0.0) error=0.036m max_error=0.048m (n=14)
[INFO] [1788722836.179649583] [vslam_compare]: gt=(0.0, -0.03, 0.02) vslam=(0.0, 0.0, 0.0) error=0.036m max_error=0.048m (n=15)
[INFO] [1788722837.179325762] [vslam_compare]: gt=(-0.0, -0.03, 0.03) vslam=(0.0, 0.0, 0.0) error=0.043m max_error=0.048m (n=16)
[INFO] [1788722838.179492331] [vslam_compare]: gt=(-0.01, -0.04, 0.02) vslam=(0.0, 0.0, 0.0) error=0.050m max_error=0.050m (n=17)
[INFO] [1788722839.179855456] [vslam_compare]: gt=(-0.01, -0.05, 0.02) vslam=(0.0, 0.0, 0.0) error=0.054m max_error=0.054m (n=18)
[INFO] [1788722840.179556761] [vslam_compare]: gt=(-0.01, -0.05, 0.03) vslam=(0.0, 0.0, 0.0) error=0.056m max_error=0.056m (n=19)
[INFO] [1788722841.179613651] [vslam_compare]: gt=(0.0, -0.06, 0.02) vslam=(0.0, 0.0, 0.0) error=0.066m max_error=0.066m (n=20)
[INFO] [1788722842.179632346] [vslam_compare]: gt=(0.02, -0.06, 0.02) vslam=(0.0, 0.0, 0.0) error=0.068m max_error=0.068m (n=21)
[INFO] [1788722843.179624677] [vslam_compare]: gt=(0.02, -0.06, 0.02) vslam=(0.0, 0.0, 0.0) error=0.068m max_error=0.068m (n=22)
[INFO] [1788722844.179347517] [vslam_compare]: gt=(0.02, -0.06, 0.02) vslam=(0.0, 0.0, 0.0) error=0.066m max_error=0.068m (n=23)
[INFO] [1788722845.179489502] [vslam_compare]: gt=(0.02, -0.06, 0.02) vslam=(0.0, 0.0, 0.0) error=0.062m max_error=0.068m (n=24)
[INFO] [1788722846.179403674] [vslam_compare]: gt=(0.01, -0.05, 0.02) vslam=(0.0, 0.0, 0.0) error=0.058m max_error=0.068m (n=25)
[INFO] [1788722847.179682670] [vslam_compare]: gt=(0.0, -0.05, 0.02) vslam=(0.0, 0.0, 0.0) error=0.057m max_error=0.068m (n=26)
[INFO] [1788722848.179593768] [vslam_compare]: gt=(-0.01, -0.05, 0.03) vslam=(0.0, 0.0, 0.0) error=0.059m max_error=0.068m (n=27)
[INFO] [1788722849.179460459] [vslam_compare]: gt=(-0.02, -0.05, 0.03) vslam=(0.0, 0.0, 0.0) error=0.061m max_error=0.068m (n=28)
[INFO] [1788722850.179314832] [vslam_compare]: gt=(-0.03, -0.05, 0.03) vslam=(0.0, 0.0, 0.0) error=0.063m max_error=0.068m (n=29)
[INFO] [1788722851.179772178] [vslam_compare]: gt=(-0.03, -0.04, 0.03) vslam=(0.0, 0.0, 0.0) error=0.063m max_error=0.068m (n=30)
[INFO] [1788722852.179468836] [vslam_compare]: gt=(-0.03, -0.05, 0.02) vslam=(0.0, 0.0, 0.0) error=0.063m max_error=0.068m (n=31)
[INFO] [1788722853.180205771] [vslam_compare]: gt=(-0.03, -0.05, 0.02) vslam=(0.0, 0.0, 0.0) error=0.057m max_error=0.068m (n=32)
[INFO] [1788722854.179730637] [vslam_compare]: gt=(-0.02, -0.04, 0.02) vslam=(0.0, 0.0, 0.0) error=0.055m max_error=0.068m (n=33)
[INFO] [1788722855.179351140] [vslam_compare]: gt=(-0.04, -0.04, 0.02) vslam=(0.0, 0.0, 0.0) error=0.059m max_error=0.068m (n=34)
[INFO] [1788722856.179695443] [vslam_compare]: gt=(-0.04, -0.06, 0.02) vslam=(0.0, 0.0, 0.0) error=0.074m max_error=0.074m (n=35)
[INFO] [1788722857.179813985] [vslam_compare]: gt=(-0.04, -0.06, 0.03) vslam=(0.0, 0.0, 0.0) error=0.074m max_error=0.074m (n=36)
[INFO] [1788722858.179751123] [vslam_compare]: gt=(-0.04, -0.05, 0.03) vslam=(0.0, 0.0, 0.0) error=0.070m max_error=0.074m (n=37)
[INFO] [1788722859.180582831] [vslam_compare]: gt=(-0.04, -0.04, 0.02) vslam=(0.0, 0.0, 0.0) error=0.061m max_error=0.074m (n=38)
[INFO] [1788722860.179348943] [vslam_compare]: gt=(-0.03, -0.03, 0.01) vslam=(0.0, 0.0, 0.0) error=0.046m max_error=0.074m (n=39)
[INFO] [1788722861.179324010] [vslam_compare]: gt=(-0.02, -0.03, 0.01) vslam=(0.0, 0.0, 0.0) error=0.037m max_error=0.074m (n=40)
[INFO] [1788722862.179497736] [vslam_compare]: gt=(-0.01, -0.03, 0.02) vslam=(0.0, 0.0, 0.0) error=0.038m max_error=0.074m (n=41)
[INFO] [1788722863.179561050] [vslam_compare]: gt=(-0.01, -0.03, 0.02) vslam=(0.0, 0.0, 0.0) error=0.036m max_error=0.074m (n=42)
[INFO] [1788722864.179552545] [vslam_compare]: gt=(-0.01, -0.03, 0.02) vslam=(0.0, 0.0, 0.0) error=0.040m max_error=0.074m (n=43)
[INFO] [1788722865.179584532] [vslam_compare]: gt=(-0.01, -0.04, 0.02) vslam=(0.0, 0.0, 0.0) error=0.050m max_error=0.074m (n=44)
[INFO] [1788722866.179717214] [vslam_compare]: gt=(-0.01, -0.04, 0.02) vslam=(0.0, 0.0, 0.0) error=0.050m max_error=0.074m (n=45)
[INFO] [1788722867.179530089] [vslam_compare]: gt=(-0.01, -0.04, 0.02) vslam=(0.0, 0.0, 0.0) error=0.042m max_error=0.074m (n=46)
[INFO] [1788722868.179391021] [vslam_compare]: gt=(-0.0, -0.03, 0.02) vslam=(0.0, 0.0, 0.0) error=0.035m max_error=0.074m (n=47)
[INFO] [1788722869.179451715] [vslam_compare]: gt=(-0.0, -0.03, 0.02) vslam=(0.0, 0.0, 0.0) error=0.035m max_error=0.074m (n=48)
[INFO] [1788722870.179440891] [vslam_compare]: gt=(-0.0, -0.03, 0.02) vslam=(0.0, 0.0, 0.0) error=0.034m max_error=0.074m (n=49)
[INFO] [1788722871.179497989] [vslam_compare]: gt=(-0.0, -0.02, 0.02) vslam=(0.0, 0.0, 0.0) error=0.029m max_error=0.074m (n=50)
[INFO] [1788722872.179364114] [vslam_compare]: gt=(-0.0, -0.02, 0.03) vslam=(0.0, 0.0, 0.0) error=0.031m max_error=0.074m (n=51)
Traceback (most recent call last):
  File "/workspaces/isaac_ros-dev/ros2_ws/install/px4_vslam_bridge/lib/python3.10/site-packages/px4_vslam_bridge/vslam_compare.py", line 194, in main
    rclpy.spin(node)
  File "/opt/ros/humble/local/lib/python3.10/dist-packages/rclpy/__init__.py", line 229, in spin
    executor.spin_once()
  File "/opt/ros/humble/local/lib/python3.10/dist-packages/rclpy/executors.py", line 808, in spin_once
    self._spin_once_impl(timeout_sec)
  File "/opt/ros/humble/local/lib/python3.10/dist-packages/rclpy/executors.py", line 797, in _spin_once_impl
    handler, entity, node = self.wait_for_ready_callbacks(timeout_sec=timeout_sec)
  File "/opt/ros/humble/local/lib/python3.10/dist-packages/rclpy/executors.py", line 780, in wait_for_ready_callbacks
    return next(self._cb_iter)
  File "/opt/ros/humble/local/lib/python3.10/dist-packages/rclpy/executors.py", line 681, in _wait_for_ready_callbacks
    raise ExternalShutdownException()
rclpy.executors.ExternalShutdownException

During handling of the above exception, another exception occurred:

Traceback (most recent call last):
  File "/workspaces/isaac_ros-dev/ros2_ws/install/px4_vslam_bridge/lib/px4_vslam_bridge/vslam_compare", line 33, in <module>
    sys.exit(load_entry_point('px4-vslam-bridge==0.1.0', 'console_scripts', 'vslam_compare')())
  File "/workspaces/isaac_ros-dev/ros2_ws/install/px4_vslam_bridge/lib/python3.10/site-packages/px4_vslam_bridge/vslam_compare.py", line 199, in main
    rclpy.shutdown()
  File "/opt/ros/humble/local/lib/python3.10/dist-packages/rclpy/__init__.py", line 130, in shutdown
    _shutdown(context=context)
  File "/opt/ros/humble/local/lib/python3.10/dist-packages/rclpy/utilities.py", line 58, in shutdown
    return context.shutdown()
  File "/opt/ros/humble/local/lib/python3.10/dist-packages/rclpy/context.py", line 102, in shutdown
    self.__context.shutdown()
rclpy._rclpy_pybind11.RCLError: failed to shutdown: rcl_shutdown already called on the given context, at ./src/rcl/init.c:241
