[INFO] [1788714315.410012721] [fast_planner_bridge]: fast_planner_bridge ready -- will capture home at arm time and climb (0.0, 0.0, -5.0) NED relative to it, then follow /planning/pos_cmd from Fast-Planner
[INFO] [1788714315.410390810] [fast_planner_bridge]: >>> Press ENTER to arm and fly (or set OFFBOARD_AUTO_START=1) <<<
[INFO] [1788714318.279749806] [fast_planner_bridge]: OFFBOARD + ARMED confirmed -- home_ned=(-0.000509881298057735, -0.007213590666651726, 0.06492413580417633), climbing to (-0.000509881298057735, -0.007213590666651726, -4.935075864195824).
[INFO] [1788714318.379879922] [fast_planner_bridge]: [CLIMBING] pos_ned=(-0.00,-0.01,0.07) dist=5.00m
[INFO] [1788714319.379867931] [fast_planner_bridge]: [CLIMBING] pos_ned=(-0.01,0.01,0.05) dist=4.99m
[INFO] [1788714320.379948195] [fast_planner_bridge]: [CLIMBING] pos_ned=(0.02,0.00,-0.04) dist=4.89m
[INFO] [1788714321.379840686] [fast_planner_bridge]: [CLIMBING] pos_ned=(0.02,-0.02,-0.08) dist=4.85m
[INFO] [1788714322.379904740] [fast_planner_bridge]: [CLIMBING] pos_ned=(0.02,0.02,-0.10) dist=4.84m
[INFO] [1788714323.379966009] [fast_planner_bridge]: [CLIMBING] pos_ned=(0.05,0.16,-0.34) dist=4.60m
[INFO] [1788714324.379942439] [fast_planner_bridge]: [CLIMBING] pos_ned=(-0.09,0.10,-1.82) dist=3.12m
[INFO] [1788714325.379887440] [fast_planner_bridge]: [CLIMBING] pos_ned=(-0.10,0.01,-3.53) dist=1.41m
[INFO] [1788714326.379632717] [fast_planner_bridge]: [CLIMBING] pos_ned=(0.09,0.44,-4.43) dist=0.68m
[INFO] [1788714327.379610620] [fast_planner_bridge]: [CLIMBING] pos_ned=(0.15,0.46,-4.72) dist=0.54m
[INFO] [1788714327.979637027] [fast_planner_bridge]: Climb complete (dist=0.29m) -- following Fast-Planner.
[INFO] [1788714328.379768290] [fast_planner_bridge]: [FOLLOWING] pos_ned=(0.02,-0.00,-4.69) target_ned=(0.67,0.34,-4.48) pos_cmd_age=0.00s
[INFO] [1788714329.379778925] [fast_planner_bridge]: [FOLLOWING] pos_ned=(0.26,-0.21,-4.56) target_ned=(0.02,0.04,-4.71) pos_cmd_age=0.00s
[INFO] [1788714330.379708587] [fast_planner_bridge]: [FOLLOWING] pos_ned=(0.34,-0.06,-4.63) target_ned=(0.02,0.04,-4.71) pos_cmd_age=0.00s
[INFO] [1788714331.379747223] [fast_planner_bridge]: [FOLLOWING] pos_ned=(0.28,-0.04,-4.59) target_ned=(0.47,-0.15,-4.63) pos_cmd_age=0.00s
[INFO] [1788714332.379916354] [fast_planner_bridge]: [FOLLOWING] pos_ned=(0.73,-0.34,-4.52) target_ned=(0.99,-0.31,-4.62) pos_cmd_age=0.00s
[INFO] [1788714333.379720139] [fast_planner_bridge]: [FOLLOWING] pos_ned=(1.55,-0.50,-4.47) target_ned=(1.77,-0.35,-4.61) pos_cmd_age=0.00s
[INFO] [1788714334.379616638] [fast_planner_bridge]: [FOLLOWING] pos_ned=(2.43,-0.33,-4.57) target_ned=(2.58,-0.22,-4.65) pos_cmd_age=0.00s
[INFO] [1788714335.379789725] [fast_planner_bridge]: [FOLLOWING] pos_ned=(3.10,0.10,-4.67) target_ned=(3.20,0.13,-4.71) pos_cmd_age=0.00s
[INFO] [1788714336.379903750] [fast_planner_bridge]: [FOLLOWING] pos_ned=(3.63,0.68,-4.72) target_ned=(3.58,0.72,-4.79) pos_cmd_age=0.00s
[INFO] [1788714337.379706722] [fast_planner_bridge]: [FOLLOWING] pos_ned=(3.94,1.28,-4.68) target_ned=(3.87,1.29,-4.82) pos_cmd_age=0.00s
[INFO] [1788714338.379845051] [fast_planner_bridge]: [FOLLOWING] pos_ned=(4.12,1.58,-4.68) target_ned=(4.08,1.51,-4.81) pos_cmd_age=0.00s
[INFO] [1788714339.379848386] [fast_planner_bridge]: [FOLLOWING] pos_ned=(4.22,1.64,-4.71) target_ned=(4.33,1.63,-4.82) pos_cmd_age=0.00s
[INFO] [1788714340.379621891] [fast_planner_bridge]: [FOLLOWING] pos_ned=(4.63,1.88,-4.78) target_ned=(4.82,1.94,-4.86) pos_cmd_age=0.00s
[INFO] [1788714341.379773783] [fast_planner_bridge]: [FOLLOWING] pos_ned=(5.36,2.34,-4.82) target_ned=(5.46,2.44,-4.91) pos_cmd_age=0.00s
[INFO] [1788714342.380165735] [fast_planner_bridge]: [FOLLOWING] pos_ned=(6.11,2.91,-4.94) target_ned=(6.10,2.97,-4.95) pos_cmd_age=0.00s
[INFO] [1788714343.379822204] [fast_planner_bridge]: [FOLLOWING] pos_ned=(6.74,3.28,-4.98) target_ned=(6.74,3.31,-4.97) pos_cmd_age=0.00s
[INFO] [1788714344.380027633] [fast_planner_bridge]: [FOLLOWING] pos_ned=(7.20,3.36,-4.99) target_ned=(7.27,3.30,-4.97) pos_cmd_age=0.00s
[INFO] [1788714345.379825135] [fast_planner_bridge]: [FOLLOWING] pos_ned=(7.63,3.09,-4.94) target_ned=(7.73,3.16,-4.98) pos_cmd_age=0.00s
[INFO] [1788714346.379755585] [fast_planner_bridge]: [FOLLOWING] pos_ned=(7.83,2.96,-4.89) target_ned=(7.90,3.10,-4.98) pos_cmd_age=0.00s
[INFO] [1788714347.379643504] [fast_planner_bridge]: [FOLLOWING] pos_ned=(7.81,3.10,-4.88) target_ned=(7.86,3.10,-4.98) pos_cmd_age=0.00s
[INFO] [1788714348.379704526] [fast_planner_bridge]: [FOLLOWING] pos_ned=(7.95,3.09,-4.89) target_ned=(8.01,3.00,-4.97) pos_cmd_age=0.00s
[INFO] [1788714349.379960072] [fast_planner_bridge]: [FOLLOWING] pos_ned=(8.45,2.80,-4.91) target_ned=(8.50,2.73,-4.97) pos_cmd_age=0.00s
[INFO] [1788714350.380134824] [fast_planner_bridge]: [FOLLOWING] pos_ned=(9.17,2.36,-4.92) target_ned=(9.17,2.39,-4.98) pos_cmd_age=0.00s
[INFO] [1788714351.379791312] [fast_planner_bridge]: [FOLLOWING] pos_ned=(9.72,2.07,-4.96) target_ned=(9.69,2.09,-4.99) pos_cmd_age=0.00s
[WARN] [1788714352.167306330] [fast_planner_bridge]: Shutdown signal 15 received -- ceasing ARM requests, commanding AUTO.LAND, will disarm and exit once landed. If this doesn't complete and the vehicle needs to come down NOW, use emergency_stop.py instead of repeating this signal.
[INFO] [1788714352.379977142] [fast_planner_bridge]: Requesting AUTO.LAND... nav_state=14
[INFO] [1788714352.629778062] [fast_planner_bridge]: AUTO.LAND confirmed -- ceasing offboard setpoints, handing off to the autopilot.
[INFO] [1788714353.379882332] [fast_planner_bridge]: Waiting for disarm (backstop disarm sent)... arming_state=2
