[INFO] [1788711187.060428111] [visual_odometry_bridge]: visual_odometry_bridge ready: /visual_slam/tracking/odometry -> /fmu/in/vehicle_visual_odometry
[INFO] [1788711191.918247955] [visual_odometry_bridge]: published 100 vehicle_visual_odometry samples (last NED pos=(0.00,0.00,-0.00))
[WARN] [1788711196.737566781] [visual_odometry_bridge]: Rejected cuVSLAM update: implied speed 12.2 m/s (jumped 0.39m in 32ms) -- holding last known-good position, not forwarding to EKF2. (1 rejected total)
[WARN] [1788711197.742192142] [visual_odometry_bridge]: Rejected cuVSLAM update: implied speed 25.7 m/s (jumped 5.14m in 200ms) -- holding last known-good position, not forwarding to EKF2. (14 rejected total)
[WARN] [1788711199.247649595] [visual_odometry_bridge]: Rejected cuVSLAM update: implied speed 25.8 m/s (jumped 0.83m in 32ms) -- holding last known-good position, not forwarding to EKF2. (28 rejected total)
[WARN] [1788711200.667503155] [visual_odometry_bridge]: Rejected cuVSLAM update: implied speed 13.3 m/s (jumped 0.43m in 32ms) -- holding last known-good position, not forwarding to EKF2. (31 rejected total)
[WARN] [1788711202.049076899] [visual_odometry_bridge]: Rejected cuVSLAM update: implied speed 8.3 m/s (jumped 0.27m in 32ms) -- holding last known-good position, not forwarding to EKF2. (35 rejected total)
[INFO] [1788711202.774430077] [visual_odometry_bridge]: published 300 vehicle_visual_odometry samples (last NED pos=(-7.37,-0.19,0.58))
[WARN] [1788711203.462408279] [visual_odometry_bridge]: Rejected cuVSLAM update: implied speed 10.6 m/s (jumped 0.38m in 36ms) -- holding last known-good position, not forwarding to EKF2. (36 rejected total)
[WARN] [1788711204.468048380] [visual_odometry_bridge]: Rejected cuVSLAM update: implied speed 14.1 m/s (jumped 2.76m in 196ms) -- holding last known-good position, not forwarding to EKF2. (44 rejected total)
[WARN] [1788711206.734291489] [visual_odometry_bridge]: Rejected cuVSLAM update: implied speed 11.0 m/s (jumped 0.40m in 36ms) -- holding last known-good position, not forwarding to EKF2. (56 rejected total)
[INFO] [1788711208.362864938] [visual_odometry_bridge]: published 400 vehicle_visual_odometry samples (last NED pos=(-13.78,5.46,0.93))
[WARN] [1788711208.543554006] [visual_odometry_bridge]: Rejected cuVSLAM update: implied speed 20.7 m/s (jumped 0.74m in 36ms) -- holding last known-good position, not forwarding to EKF2. (59 rejected total)
[WARN] [1788711215.153552973] [visual_odometry_bridge]: Rejected cuVSLAM update: implied speed 28.1 m/s (jumped 0.90m in 32ms) -- holding last known-good position, not forwarding to EKF2. (66 rejected total)
[INFO] [1788711217.879745154] [visual_odometry_bridge]: published 600 vehicle_visual_odometry samples (last NED pos=(-15.70,6.63,1.40))
Traceback (most recent call last):
  File "/workspaces/isaac_ros-dev/ros2_ws/install/px4_vslam_bridge/lib/python3.10/site-packages/px4_vslam_bridge/visual_odometry_bridge.py", line 160, in main
    rclpy.spin(node)
  File "/opt/ros/humble/local/lib/python3.10/dist-packages/rclpy/__init__.py", line 229, in spin
    executor.spin_once()
  File "/opt/ros/humble/local/lib/python3.10/dist-packages/rclpy/executors.py", line 808, in spin_once
    self._spin_once_impl(timeout_sec)
  File "/opt/ros/humble/local/lib/python3.10/dist-packages/rclpy/executors.py", line 797, in _spin_once_impl
    handler, entity, node = self.wait_for_ready_callbacks(timeout_sec=timeout_sec)
  File "/opt/ros/humble/local/lib/python3.10/dist-packages/rclpy/executors.py", line 780, in wait_for_ready_callbacks
    return next(self._cb_iter)
  File "/opt/ros/humble/local/lib/python3.10/dist-packages/rclpy/executors.py", line 653, in _wait_for_ready_callbacks
    wait_set = _rclpy.WaitSet(
rclpy._rclpy_pybind11.RCLError: failed to initialize wait set: the given context is not valid, either rcl_init() was not called or rcl_shutdown() was called., at ./src/rcl/wait.c:130

During handling of the above exception, another exception occurred:

Traceback (most recent call last):
  File "/workspaces/isaac_ros-dev/ros2_ws/install/px4_vslam_bridge/lib/px4_vslam_bridge/visual_odometry_bridge", line 33, in <module>
    sys.exit(load_entry_point('px4-vslam-bridge==0.1.0', 'console_scripts', 'visual_odometry_bridge')())
  File "/workspaces/isaac_ros-dev/ros2_ws/install/px4_vslam_bridge/lib/python3.10/site-packages/px4_vslam_bridge/visual_odometry_bridge.py", line 165, in main
    rclpy.shutdown()
  File "/opt/ros/humble/local/lib/python3.10/dist-packages/rclpy/__init__.py", line 130, in shutdown
    _shutdown(context=context)
  File "/opt/ros/humble/local/lib/python3.10/dist-packages/rclpy/utilities.py", line 58, in shutdown
    return context.shutdown()
  File "/opt/ros/humble/local/lib/python3.10/dist-packages/rclpy/context.py", line 102, in shutdown
    self.__context.shutdown()
rclpy._rclpy_pybind11.RCLError: failed to shutdown: rcl_shutdown already called on the given context, at ./src/rcl/init.c:241
