[INFO] [1788593206.158501487] [vslam_compare]: vslam_compare: logging per-message CSV to /workspaces/isaac_ros-dev/results/feasibility_gate/gate_sweep_high_r20/vslam_compare.csv (exp_id='gate_sweep_high_r20')
[INFO] [1788593206.178150847] [vslam_compare]: vslam_compare ready -- watching /visual_slam/tracking/odometry vs /ground_truth/odom
[INFO] [1788593206.180446394] [vslam_compare]: Ground truth origin set: (0.010662308894097805, -0.005863117054104805, 0.03868977725505829)
[INFO] [1788593207.145794138] [vslam_compare]: cuVSLAM origin set: (0.0, 0.0, 0.0) -- tracking initialized
[INFO] [1788593207.178327502] [vslam_compare]: gt=(0.01, -0.0, 0.01) vslam=(0.0, 0.0, 0.0) error=0.015m max_error=0.015m (n=1)
[INFO] [1788593208.178390653] [vslam_compare]: gt=(0.01, -0.01, 0.01) vslam=(0.0, 0.0, 0.0) error=0.017m max_error=0.017m (n=2)
[INFO] [1788593209.178493736] [vslam_compare]: gt=(0.02, -0.01, 0.01) vslam=(0.0, 0.0, 0.0) error=0.021m max_error=0.021m (n=3)
[INFO] [1788593210.178264909] [vslam_compare]: gt=(0.02, -0.01, 0.0) vslam=(0.0, 0.0, 0.0) error=0.021m max_error=0.021m (n=4)
[INFO] [1788593211.178239031] [vslam_compare]: gt=(0.01, -0.01, 0.0) vslam=(0.0, 0.0, 0.0) error=0.012m max_error=0.021m (n=5)
[INFO] [1788593212.178455598] [vslam_compare]: gt=(0.0, -0.02, 0.01) vslam=(0.0, 0.0, 0.0) error=0.018m max_error=0.021m (n=6)
[INFO] [1788593213.178505986] [vslam_compare]: gt=(0.01, -0.03, -0.0) vslam=(0.0, 0.0, 0.0) error=0.026m max_error=0.026m (n=7)
[INFO] [1788593214.178394006] [vslam_compare]: gt=(0.01, -0.03, -0.01) vslam=(0.0, 0.0, 0.0) error=0.033m max_error=0.033m (n=8)
[INFO] [1788593215.178268687] [vslam_compare]: gt=(0.0, -0.04, -0.01) vslam=(0.0, 0.0, 0.0) error=0.041m max_error=0.041m (n=9)
[INFO] [1788593216.178466046] [vslam_compare]: gt=(0.01, -0.04, 0.0) vslam=(-0.0, -0.01, 0.0) error=0.038m max_error=0.041m (n=10)
[INFO] [1788593217.178512865] [vslam_compare]: gt=(0.09, -0.03, 0.01) vslam=(0.02, -0.09, 0.02) error=0.099m max_error=0.099m (n=11)
[INFO] [1788593218.178531411] [vslam_compare]: gt=(0.1, -0.02, 0.01) vslam=(0.08, -0.11, -0.01) error=0.094m max_error=0.099m (n=12)
[INFO] [1788593219.178504038] [vslam_compare]: gt=(0.04, -0.06, 0.16) vslam=(0.19, -0.05, 0.04) error=0.196m max_error=0.196m (n=13)
[INFO] [1788593220.178367107] [vslam_compare]: gt=(-0.26, -0.24, 1.31) vslam=(-0.07, -0.25, 0.84) error=0.498m max_error=0.498m (n=14)
[INFO] [1788593221.178586305] [vslam_compare]: gt=(-0.36, -0.37, 2.65) vslam=(-0.28, -0.5, 1.86) error=0.809m max_error=0.809m (n=15)
[INFO] [1788593222.178695161] [vslam_compare]: gt=(-0.21, -0.34, 3.53) vslam=(-0.5, -0.81, 2.75) error=0.958m max_error=0.958m (n=16)
[INFO] [1788593223.178316821] [vslam_compare]: gt=(-0.02, -0.19, 4.02) vslam=(-0.35, -0.75, 3.32) error=0.958m max_error=0.958m (n=17)
[INFO] [1788593224.178225787] [vslam_compare]: gt=(0.08, -0.05, 4.31) vslam=(-0.25, -0.64, 3.65) error=0.944m max_error=0.958m (n=18)
[INFO] [1788593225.178347809] [vslam_compare]: gt=(0.1, 0.03, 4.5) vslam=(-0.19, -0.49, 4.0) error=0.777m max_error=0.958m (n=19)
[INFO] [1788593226.178313401] [vslam_compare]: gt=(0.08, 0.07, 4.63) vslam=(-0.2, -0.44, 4.16) error=0.753m max_error=0.958m (n=20)
[INFO] [1788593227.178241121] [vslam_compare]: gt=(0.07, 0.09, 4.73) vslam=(-0.15, -0.27, 4.55) error=0.460m max_error=0.958m (n=21)
[INFO] [1788593228.178295168] [vslam_compare]: gt=(0.06, 0.1, 4.6) vslam=(-0.15, -0.29, 4.48) error=0.457m max_error=0.958m (n=22)
[INFO] [1788593229.178424278] [vslam_compare]: gt=(-0.09, 0.3, 4.53) vslam=(-0.21, -0.14, 4.44) error=0.467m max_error=0.958m (n=23)
[INFO] [1788593230.178219523] [vslam_compare]: gt=(-0.34, 0.72, 4.58) vslam=(-0.47, 0.17, 4.44) error=0.589m max_error=0.958m (n=24)
[INFO] [1788593231.178596712] [vslam_compare]: gt=(-0.52, 1.29, 4.65) vslam=(-0.63, 0.56, 4.51) error=0.746m max_error=0.958m (n=25)
[INFO] [1788593232.178480199] [vslam_compare]: gt=(-0.77, 1.86, 4.69) vslam=(-0.82, 1.07, 4.54) error=0.807m max_error=0.958m (n=26)
[INFO] [1788593233.178439624] [vslam_compare]: gt=(-1.05, 2.39, 4.7) vslam=(-1.11, 1.63, 4.51) error=0.781m max_error=0.958m (n=27)
[INFO] [1788593234.178406209] [vslam_compare]: gt=(-1.27, 2.89, 4.7) vslam=(-1.31, 2.16, 4.51) error=0.758m max_error=0.958m (n=28)
[INFO] [1788593235.178342209] [vslam_compare]: gt=(-1.46, 3.22, 4.72) vslam=(-1.44, 2.52, 4.53) error=0.727m max_error=0.958m (n=29)
[INFO] [1788593236.178521766] [vslam_compare]: gt=(-1.79, 3.51, 4.75) vslam=(-1.73, 2.86, 4.53) error=0.690m max_error=0.958m (n=30)
[INFO] [1788593237.178435745] [vslam_compare]: gt=(-2.27, 3.92, 4.79) vslam=(-2.17, 3.25, 4.53) error=0.730m max_error=0.958m (n=31)
[INFO] [1788593238.178295523] [vslam_compare]: gt=(-2.82, 4.34, 4.81) vslam=(-2.66, 3.64, 4.55) error=0.762m max_error=0.958m (n=32)
[INFO] [1788593239.178475394] [vslam_compare]: gt=(-3.4, 4.81, 4.86) vslam=(-3.24, 4.16, 4.56) error=0.733m max_error=0.958m (n=33)
[INFO] [1788593240.178502694] [vslam_compare]: gt=(-3.92, 5.36, 4.9) vslam=(-3.77, 4.79, 4.55) error=0.686m max_error=0.958m (n=34)
[INFO] [1788593241.178368621] [vslam_compare]: gt=(-4.25, 5.78, 4.93) vslam=(-4.12, 5.33, 4.52) error=0.626m max_error=0.958m (n=35)
[INFO] [1788593242.178442801] [vslam_compare]: gt=(-4.32, 6.05, 4.95) vslam=(-4.17, 5.64, 4.5) error=0.627m max_error=0.958m (n=36)
[INFO] [1788593243.178553988] [vslam_compare]: gt=(-4.24, 6.35, 4.96) vslam=(-4.03, 5.89, 4.49) error=0.683m max_error=0.958m (n=37)
[INFO] [1788593244.178801253] [vslam_compare]: gt=(-4.15, 6.85, 4.95) vslam=(-4.12, 6.63, 4.41) error=0.587m max_error=0.958m (n=38)
[INFO] [1788593245.178514327] [vslam_compare]: gt=(-4.0, 7.4, 4.95) vslam=(-4.0, 7.12, 4.4) error=0.620m max_error=0.958m (n=39)
[INFO] [1788593246.178432884] [vslam_compare]: gt=(-3.98, 7.94, 4.93) vslam=(-4.0, 7.8, 4.31) error=0.638m max_error=0.958m (n=40)
[INFO] [1788593247.178475711] [vslam_compare]: gt=(-3.99, 8.43, 4.98) vslam=(-4.0, 8.32, 4.33) error=0.656m max_error=0.958m (n=41)
Traceback (most recent call last):
  File "/workspaces/isaac_ros-dev/ros2_ws/install/px4_vslam_bridge/lib/px4_vslam_bridge/vslam_compare", line 33, in <module>
    sys.exit(load_entry_point('px4-vslam-bridge==0.1.0', 'console_scripts', 'vslam_compare')())
  File "/workspaces/isaac_ros-dev/ros2_ws/install/px4_vslam_bridge/lib/python3.10/site-packages/px4_vslam_bridge/vslam_compare.py", line 199, in main
    rclpy.shutdown()
  File "/opt/ros/humble/local/lib/python3.10/dist-packages/rclpy/__init__.py", line 130, in shutdown
    _shutdown(context=context)
  File "/opt/ros/humble/local/lib/python3.10/dist-packages/rclpy/utilities.py", line 58, in shutdown
    return context.shutdown()
  File "/opt/ros/humble/local/lib/python3.10/dist-packages/rclpy/context.py", line 102, in shutdown
    self.__context.shutdown()
rclpy._rclpy_pybind11.RCLError: failed to shutdown: rcl_shutdown already called on the given context, at ./src/rcl/init.c:241
