[INFO] [1788692655.658334653] [vslam_compare]: vslam_compare: logging per-message CSV to /workspaces/isaac_ros-dev/results/feasibility_gate/gate_sweep_poor_low_r07/vslam_compare.csv (exp_id='gate_sweep_poor_low_r07')
[INFO] [1788692655.680618803] [vslam_compare]: vslam_compare ready -- watching /visual_slam/tracking/odometry vs /ground_truth/odom
[INFO] [1788692655.681714153] [vslam_compare]: Ground truth origin set: (0.016943037509918213, -0.008626073598861694, -0.018101856112480164)
[INFO] [1788692655.704744921] [vslam_compare]: cuVSLAM origin set: (0.0, 0.0, 0.0) -- tracking initialized
[INFO] [1788692656.681083162] [vslam_compare]: gt=(-0.01, -0.0, -0.0) vslam=(0.0, 0.0, 0.0) error=0.009m max_error=0.009m (n=1)
[INFO] [1788692657.680793919] [vslam_compare]: gt=(-0.02, -0.02, 0.01) vslam=(0.0, 0.0, 0.0) error=0.033m max_error=0.033m (n=2)
[INFO] [1788692658.681013850] [vslam_compare]: gt=(-0.03, -0.03, 0.02) vslam=(0.0, 0.0, 0.0) error=0.047m max_error=0.047m (n=3)
[INFO] [1788692659.680905787] [vslam_compare]: gt=(-0.03, -0.03, 0.03) vslam=(0.0, 0.0, 0.0) error=0.054m max_error=0.054m (n=4)
[INFO] [1788692660.681218391] [vslam_compare]: gt=(-0.02, -0.03, 0.03) vslam=(0.0, 0.0, 0.0) error=0.049m max_error=0.054m (n=5)
[INFO] [1788692661.680963435] [vslam_compare]: gt=(-0.01, -0.02, 0.03) vslam=(0.0, 0.0, 0.0) error=0.037m max_error=0.054m (n=6)
[INFO] [1788692662.680977468] [vslam_compare]: gt=(-0.01, -0.03, 0.02) vslam=(0.0, 0.0, 0.0) error=0.034m max_error=0.054m (n=7)
[INFO] [1788692663.681012610] [vslam_compare]: gt=(0.0, -0.03, 0.02) vslam=(0.0, 0.0, 0.0) error=0.039m max_error=0.054m (n=8)
[INFO] [1788692664.681160644] [vslam_compare]: gt=(-0.0, -0.04, 0.01) vslam=(0.0, 0.0, 0.0) error=0.042m max_error=0.054m (n=9)
[INFO] [1788692665.681131209] [vslam_compare]: gt=(-0.02, -0.04, 0.03) vslam=(0.0, 0.0, 0.0) error=0.048m max_error=0.054m (n=10)
[INFO] [1788692666.680727872] [vslam_compare]: gt=(-0.02, -0.05, 0.03) vslam=(0.0, 0.0, 0.0) error=0.057m max_error=0.057m (n=11)
[INFO] [1788692667.680722099] [vslam_compare]: gt=(-0.01, -0.05, 0.02) vslam=(0.0, 0.0, 0.0) error=0.055m max_error=0.057m (n=12)
[INFO] [1788692668.681107918] [vslam_compare]: gt=(0.04, -0.02, 0.03) vslam=(0.0, -0.03, 0.04) error=0.040m max_error=0.057m (n=13)
[INFO] [1788692669.680816228] [vslam_compare]: gt=(0.08, -0.01, 0.03) vslam=(0.07, -0.08, 0.06) error=0.079m max_error=0.079m (n=14)
[INFO] [1788692670.680957268] [vslam_compare]: gt=(-0.01, -0.05, 0.24) vslam=(0.19, -0.16, 0.17) error=0.233m max_error=0.233m (n=15)
[INFO] [1788692671.680987275] [vslam_compare]: gt=(-0.32, -0.3, 1.54) vslam=(-0.25, -0.45, 1.08) error=0.485m max_error=0.485m (n=16)
[INFO] [1788692672.680961375] [vslam_compare]: gt=(-0.21, -0.42, 3.04) vslam=(-0.66, -0.38, 2.04) error=1.096m max_error=1.096m (n=17)
[INFO] [1788692673.681031364] [vslam_compare]: gt=(-0.08, -0.25, 3.82) vslam=(-0.73, -0.14, 2.73) error=1.268m max_error=1.268m (n=18)
[INFO] [1788692674.680930017] [vslam_compare]: gt=(-0.03, -0.06, 4.22) vslam=(-0.68, 0.09, 3.12) error=1.277m max_error=1.277m (n=19)
[INFO] [1788692675.681287128] [vslam_compare]: gt=(0.01, 0.02, 4.47) vslam=(-0.62, 0.37, 3.43) error=1.264m max_error=1.277m (n=20)
[INFO] [1788692676.680984856] [vslam_compare]: gt=(0.04, 0.03, 4.62) vslam=(-0.5, 0.75, 3.68) error=1.307m max_error=1.307m (n=21)
[INFO] [1788692677.680743638] [vslam_compare]: gt=(0.07, 0.03, 4.73) vslam=(-0.44, 1.16, 3.88) error=1.504m max_error=1.504m (n=22)
[INFO] [1788692678.680940930] [vslam_compare]: gt=(0.09, 0.04, 4.63) vslam=(-0.46, 1.67, 3.98) error=1.838m max_error=1.838m (n=23)
[INFO] [1788692679.680795520] [vslam_compare]: gt=(0.04, 0.15, 4.52) vslam=(-0.56, 2.18, 3.96) error=2.190m max_error=2.190m (n=24)
[INFO] [1788692680.680989944] [vslam_compare]: gt=(-0.26, 0.6, 4.51) vslam=(-0.83, 2.61, 3.95) error=2.168m max_error=2.190m (n=25)
[INFO] [1788692681.680948759] [vslam_compare]: gt=(-0.61, 1.32, 4.5) vslam=(-1.04, 3.28, 3.78) error=2.131m max_error=2.190m (n=26)
[INFO] [1788692682.681069138] [vslam_compare]: gt=(-0.9, 2.07, 4.52) vslam=(-1.13, 3.99, 3.67) error=2.112m max_error=2.190m (n=27)
[INFO] [1788692683.681101289] [vslam_compare]: gt=(-0.96, 2.72, 4.56) vslam=(-1.15, 4.7, 3.62) error=2.203m max_error=2.203m (n=28)
[INFO] [1788692684.680961551] [vslam_compare]: gt=(-0.88, 3.14, 4.59) vslam=(-1.05, 5.15, 3.66) error=2.215m max_error=2.215m (n=29)
[INFO] [1788692685.680893387] [vslam_compare]: gt=(-0.55, 3.4, 4.53) vslam=(-0.47, 5.41, 3.44) error=2.286m max_error=2.286m (n=30)
[INFO] [1788692686.680941823] [vslam_compare]: gt=(0.11, 3.84, 4.59) vslam=(0.27, 5.35, 3.18) error=2.074m max_error=2.286m (n=31)
[INFO] [1788692687.680798003] [vslam_compare]: gt=(0.81, 4.36, 4.78) vslam=(-0.49, 5.74, 3.26) error=2.428m max_error=2.428m (n=32)
[INFO] [1788692688.680887894] [vslam_compare]: gt=(1.43, 4.75, 4.85) vslam=(-0.54, 5.9, 3.1) error=2.875m max_error=2.875m (n=33)
[INFO] [1788692689.680853057] [vslam_compare]: gt=(1.86, 5.27, 4.85) vslam=(-1.28, 5.76, 2.64) error=3.874m max_error=3.874m (n=34)
[INFO] [1788692690.680946672] [vslam_compare]: gt=(2.09, 5.91, 4.88) vslam=(-1.73, 7.7, 2.24) error=4.975m max_error=4.975m (n=35)
[INFO] [1788692691.680916730] [vslam_compare]: gt=(2.18, 6.41, 4.93) vslam=(-2.12, 7.47, 2.1) error=5.254m max_error=5.254m (n=36)
[INFO] [1788692692.680737444] [vslam_compare]: gt=(2.17, 6.86, 5.0) vslam=(-2.62, 6.68, 1.82) error=5.749m max_error=5.749m (n=37)
[INFO] [1788692693.681154337] [vslam_compare]: gt=(2.1, 7.46, 5.03) vslam=(-2.72, 6.52, 1.77) error=5.891m max_error=5.891m (n=38)
[INFO] [1788692694.680978764] [vslam_compare]: gt=(1.99, 8.11, 5.04) vslam=(0.56, 6.2, 1.28) error=4.457m max_error=5.891m (n=39)
[INFO] [1788692695.681006636] [vslam_compare]: gt=(1.65, 8.56, 5.04) vslam=(29.67, -29.98, 4.84) error=47.652m max_error=47.652m (n=40)
[INFO] [1788692696.681068290] [vslam_compare]: gt=(1.28, 8.84, 5.05) vslam=(34.21, -26.31, 5.21) error=48.157m max_error=48.157m (n=41)
[INFO] [1788692697.681004704] [vslam_compare]: gt=(1.27, 8.85, 5.03) vslam=(27.24, -21.23, 4.66) error=39.741m max_error=48.157m (n=42)
[INFO] [1788692698.681045846] [vslam_compare]: gt=(1.35, 8.74, 5.01) vslam=(28.4, -20.38, 4.69) error=39.745m max_error=48.157m (n=43)
Traceback (most recent call last):
  File "/workspaces/isaac_ros-dev/ros2_ws/install/px4_vslam_bridge/lib/px4_vslam_bridge/vslam_compare", line 33, in <module>
    sys.exit(load_entry_point('px4-vslam-bridge==0.1.0', 'console_scripts', 'vslam_compare')())
  File "/workspaces/isaac_ros-dev/ros2_ws/install/px4_vslam_bridge/lib/python3.10/site-packages/px4_vslam_bridge/vslam_compare.py", line 199, in main
    rclpy.shutdown()
  File "/opt/ros/humble/local/lib/python3.10/dist-packages/rclpy/__init__.py", line 130, in shutdown
    _shutdown(context=context)
  File "/opt/ros/humble/local/lib/python3.10/dist-packages/rclpy/utilities.py", line 58, in shutdown
    return context.shutdown()
  File "/opt/ros/humble/local/lib/python3.10/dist-packages/rclpy/context.py", line 102, in shutdown
    self.__context.shutdown()
rclpy._rclpy_pybind11.RCLError: failed to shutdown: rcl_shutdown already called on the given context, at ./src/rcl/init.c:241
