[INFO] [1788603065.535604567] [vslam_compare]: vslam_compare: logging per-message CSV to /workspaces/isaac_ros-dev/results/feasibility_gate/gate_sweep_low_r13/vslam_compare.csv (exp_id='gate_sweep_low_r13')
[INFO] [1788603065.553240152] [vslam_compare]: vslam_compare ready -- watching /visual_slam/tracking/odometry vs /ground_truth/odom
[INFO] [1788603065.563127331] [vslam_compare]: cuVSLAM origin set: (0.0, 0.0, 0.0) -- tracking initialized
[INFO] [1788603065.574261382] [vslam_compare]: Ground truth origin set: (-0.001933346618898213, 0.028729042038321495, 0.01616401970386505)
[INFO] [1788603066.553603419] [vslam_compare]: gt=(0.0, 0.0, -0.01) vslam=(0.0, 0.0, 0.0) error=0.011m max_error=0.011m (n=1)
[INFO] [1788603067.553498037] [vslam_compare]: gt=(0.01, 0.01, -0.01) vslam=(0.0, 0.0, 0.0) error=0.018m max_error=0.018m (n=2)
[INFO] [1788603068.553539151] [vslam_compare]: gt=(0.02, 0.02, -0.01) vslam=(0.0, 0.0, 0.0) error=0.030m max_error=0.030m (n=3)
[INFO] [1788603069.553665005] [vslam_compare]: gt=(0.01, 0.02, -0.01) vslam=(0.0, 0.0, 0.0) error=0.026m max_error=0.030m (n=4)
[INFO] [1788603070.553709487] [vslam_compare]: gt=(0.0, 0.01, 0.0) vslam=(0.0, 0.0, 0.0) error=0.013m max_error=0.030m (n=5)
[INFO] [1788603071.553590664] [vslam_compare]: gt=(0.0, 0.0, 0.01) vslam=(0.0, 0.0, 0.0) error=0.011m max_error=0.030m (n=6)
[INFO] [1788603072.553571098] [vslam_compare]: gt=(0.02, -0.0, 0.0) vslam=(0.0, 0.0, 0.0) error=0.020m max_error=0.030m (n=7)
[INFO] [1788603073.553608370] [vslam_compare]: gt=(0.03, -0.0, -0.01) vslam=(0.0, 0.0, 0.0) error=0.031m max_error=0.031m (n=8)
[INFO] [1788603074.553573197] [vslam_compare]: gt=(0.03, 0.0, -0.01) vslam=(0.0, 0.0, 0.0) error=0.032m max_error=0.032m (n=9)
[INFO] [1788603075.553718974] [vslam_compare]: gt=(0.03, 0.01, 0.0) vslam=(0.01, -0.01, 0.0) error=0.037m max_error=0.037m (n=10)
[INFO] [1788603076.553537007] [vslam_compare]: gt=(0.08, 0.03, 0.09) vslam=(0.17, -0.08, 0.02) error=0.158m max_error=0.158m (n=11)
[INFO] [1788603077.553509772] [vslam_compare]: gt=(0.06, 0.03, 0.92) vslam=(0.2, -0.1, 0.71) error=0.279m max_error=0.279m (n=12)
[INFO] [1788603078.553558269] [vslam_compare]: gt=(0.03, -0.01, 2.64) vslam=(0.11, -0.18, 2.27) error=0.420m max_error=0.420m (n=13)
[INFO] [1788603079.553963046] [vslam_compare]: gt=(-0.05, -0.02, 3.78) vslam=(0.25, -0.16, 3.57) error=0.395m max_error=0.420m (n=14)
[INFO] [1788603080.553622586] [vslam_compare]: gt=(-0.04, -0.02, 4.26) vslam=(0.22, -0.15, 4.15) error=0.316m max_error=0.420m (n=15)
[INFO] [1788603081.553601516] [vslam_compare]: gt=(-0.01, 0.02, 4.52) vslam=(0.23, -0.05, 4.64) error=0.270m max_error=0.420m (n=16)
[INFO] [1788603082.553724928] [vslam_compare]: gt=(0.01, 0.04, 4.68) vslam=(0.23, -0.02, 4.86) error=0.291m max_error=0.420m (n=17)
[INFO] [1788603083.553612087] [vslam_compare]: gt=(0.02, 0.04, 4.66) vslam=(0.23, -0.03, 4.89) error=0.320m max_error=0.420m (n=18)
[INFO] [1788603084.553706386] [vslam_compare]: gt=(0.03, 0.06, 4.55) vslam=(0.25, -0.09, 4.84) error=0.396m max_error=0.420m (n=19)
[INFO] [1788603085.553739942] [vslam_compare]: gt=(0.14, 0.26, 4.54) vslam=(0.29, -0.02, 4.72) error=0.362m max_error=0.420m (n=20)
[INFO] [1788603086.553698388] [vslam_compare]: gt=(0.31, 0.77, 4.55) vslam=(0.51, 0.31, 4.69) error=0.522m max_error=0.522m (n=21)
[INFO] [1788603087.553473411] [vslam_compare]: gt=(0.5, 1.49, 4.58) vslam=(0.66, 0.91, 4.71) error=0.622m max_error=0.622m (n=22)
[INFO] [1788603088.553723146] [vslam_compare]: gt=(0.84, 2.22, 4.65) vslam=(0.99, 1.63, 4.73) error=0.621m max_error=0.622m (n=23)
[INFO] [1788603089.553654203] [vslam_compare]: gt=(1.12, 2.91, 4.69) vslam=(1.25, 2.41, 4.74) error=0.515m max_error=0.622m (n=24)
[INFO] [1788603090.553894182] [vslam_compare]: gt=(1.34, 3.28, 4.72) vslam=(1.52, 2.77, 4.78) error=0.540m max_error=0.622m (n=25)
[INFO] [1788603091.553605358] [vslam_compare]: gt=(1.32, 3.69, 4.78) vslam=(1.47, 3.2, 4.8) error=0.521m max_error=0.622m (n=26)
[INFO] [1788603092.553831562] [vslam_compare]: gt=(1.4, 4.21, 4.81) vslam=(1.49, 3.69, 4.82) error=0.526m max_error=0.622m (n=27)
[INFO] [1788603093.553709454] [vslam_compare]: gt=(1.69, 4.61, 4.82) vslam=(1.78, 4.07, 4.82) error=0.555m max_error=0.622m (n=28)
[INFO] [1788603094.553574943] [vslam_compare]: gt=(1.91, 5.01, 4.84) vslam=(1.88, 4.63, 4.8) error=0.384m max_error=0.622m (n=29)
[INFO] [1788603095.553867104] [vslam_compare]: gt=(2.02, 5.51, 4.93) vslam=(1.75, 5.06, 4.85) error=0.527m max_error=0.622m (n=30)
[INFO] [1788603096.553629140] [vslam_compare]: gt=(1.96, 6.1, 4.93) vslam=(1.6, 5.78, 4.78) error=0.509m max_error=0.622m (n=31)
[INFO] [1788603097.553593888] [vslam_compare]: gt=(1.69, 6.6, 4.97) vslam=(1.33, 6.45, 4.73) error=0.457m max_error=0.622m (n=32)
[INFO] [1788603098.553834074] [vslam_compare]: gt=(1.24, 7.08, 5.0) vslam=(0.84, 6.8, 4.71) error=0.563m max_error=0.622m (n=33)
[INFO] [1788603099.553436724] [vslam_compare]: gt=(0.69, 7.48, 4.97) vslam=(0.25, 7.21, 4.63) error=0.621m max_error=0.622m (n=34)
[INFO] [1788603100.553959162] [vslam_compare]: gt=(0.23, 7.73, 4.96) vslam=(-0.27, 7.57, 4.61) error=0.637m max_error=0.637m (n=35)
[INFO] [1788603101.553619993] [vslam_compare]: gt=(0.04, 8.0, 4.97) vslam=(-0.52, 7.88, 4.6) error=0.683m max_error=0.683m (n=36)
[INFO] [1788603102.553731972] [vslam_compare]: gt=(0.08, 8.04, 4.97) vslam=(-0.46, 7.97, 4.62) error=0.641m max_error=0.683m (n=37)
[INFO] [1788603103.553552425] [vslam_compare]: gt=(0.06, 8.04, 4.97) vslam=(-0.49, 7.98, 4.62) error=0.652m max_error=0.683m (n=38)
[INFO] [1788603104.553572583] [vslam_compare]: gt=(0.0, 8.04, 4.96) vslam=(-0.54, 8.0, 4.62) error=0.646m max_error=0.683m (n=39)
[INFO] [1788603105.553542268] [vslam_compare]: gt=(-0.04, 8.02, 4.96) vslam=(-0.57, 8.0, 4.63) error=0.631m max_error=0.683m (n=40)
[INFO] [1788603106.553544164] [vslam_compare]: gt=(-0.05, 8.01, 4.98) vslam=(-0.6, 7.99, 4.63) error=0.653m max_error=0.683m (n=41)
Traceback (most recent call last):
  File "/workspaces/isaac_ros-dev/ros2_ws/install/px4_vslam_bridge/lib/python3.10/site-packages/px4_vslam_bridge/vslam_compare.py", line 194, in main
    rclpy.spin(node)
  File "/opt/ros/humble/local/lib/python3.10/dist-packages/rclpy/__init__.py", line 229, in spin
    executor.spin_once()
  File "/opt/ros/humble/local/lib/python3.10/dist-packages/rclpy/executors.py", line 808, in spin_once
    self._spin_once_impl(timeout_sec)
  File "/opt/ros/humble/local/lib/python3.10/dist-packages/rclpy/executors.py", line 797, in _spin_once_impl
    handler, entity, node = self.wait_for_ready_callbacks(timeout_sec=timeout_sec)
  File "/opt/ros/humble/local/lib/python3.10/dist-packages/rclpy/executors.py", line 780, in wait_for_ready_callbacks
    return next(self._cb_iter)
  File "/opt/ros/humble/local/lib/python3.10/dist-packages/rclpy/executors.py", line 681, in _wait_for_ready_callbacks
    raise ExternalShutdownException()
rclpy.executors.ExternalShutdownException

During handling of the above exception, another exception occurred:

Traceback (most recent call last):
  File "/workspaces/isaac_ros-dev/ros2_ws/install/px4_vslam_bridge/lib/px4_vslam_bridge/vslam_compare", line 33, in <module>
    sys.exit(load_entry_point('px4-vslam-bridge==0.1.0', 'console_scripts', 'vslam_compare')())
  File "/workspaces/isaac_ros-dev/ros2_ws/install/px4_vslam_bridge/lib/python3.10/site-packages/px4_vslam_bridge/vslam_compare.py", line 199, in main
    rclpy.shutdown()
  File "/opt/ros/humble/local/lib/python3.10/dist-packages/rclpy/__init__.py", line 130, in shutdown
    _shutdown(context=context)
  File "/opt/ros/humble/local/lib/python3.10/dist-packages/rclpy/utilities.py", line 58, in shutdown
    return context.shutdown()
  File "/opt/ros/humble/local/lib/python3.10/dist-packages/rclpy/context.py", line 102, in shutdown
    self.__context.shutdown()
rclpy._rclpy_pybind11.RCLError: failed to shutdown: rcl_shutdown already called on the given context, at ./src/rcl/init.c:241
