[INFO] [1788718277.585669312] [fast_planner_bridge]: fast_planner_bridge ready -- will capture home at arm time and climb (0.0, 0.0, -5.0) NED relative to it, then follow /planning/pos_cmd from Fast-Planner
[INFO] [1788718277.586129059] [fast_planner_bridge]: >>> Press ENTER to arm and fly (or set OFFBOARD_AUTO_START=1) <<<
[INFO] [1788718280.404572846] [fast_planner_bridge]: OFFBOARD + ARMED confirmed -- home_ned=(0.002987394342198968, -0.016244973987340927, 0.022723600268363953), climbing to (0.002987394342198968, -0.016244973987340927, -4.977276399731636).
[INFO] [1788718280.555249507] [fast_planner_bridge]: [CLIMBING] pos_ned=(0.00,-0.02,0.02) dist=5.00m
[INFO] [1788718281.555176978] [fast_planner_bridge]: [CLIMBING] pos_ned=(0.00,-0.03,0.02) dist=5.00m
[INFO] [1788718282.555280074] [fast_planner_bridge]: [CLIMBING] pos_ned=(0.00,-0.04,0.02) dist=5.00m
[INFO] [1788718283.554750253] [fast_planner_bridge]: [CLIMBING] pos_ned=(-0.02,-0.05,0.05) dist=5.02m
[INFO] [1788718284.554923953] [fast_planner_bridge]: [CLIMBING] pos_ned=(0.04,-0.03,0.08) dist=5.06m
[INFO] [1788718285.555189229] [fast_planner_bridge]: [CLIMBING] pos_ned=(0.29,0.08,0.05) dist=5.03m
[INFO] [1788718286.555121308] [fast_planner_bridge]: [CLIMBING] pos_ned=(0.40,-0.08,-0.44) dist=4.56m
[INFO] [1788718287.554988565] [fast_planner_bridge]: [CLIMBING] pos_ned=(-0.08,-0.52,-1.82) dist=3.20m
[INFO] [1788718288.554843948] [fast_planner_bridge]: [CLIMBING] pos_ned=(-0.35,-0.42,-3.36) dist=1.70m
[INFO] [1788718289.555335896] [fast_planner_bridge]: [CLIMBING] pos_ned=(-0.40,-0.71,-4.33) dist=1.03m
[INFO] [1788718290.554731132] [fast_planner_bridge]: [CLIMBING] pos_ned=(-0.24,-0.58,-4.55) dist=0.74m
[INFO] [1788718291.554671338] [fast_planner_bridge]: [CLIMBING] pos_ned=(-0.01,0.34,-4.61) dist=0.51m
[INFO] [1788718292.554929370] [fast_planner_bridge]: [CLIMBING] pos_ned=(0.08,0.59,-4.85) dist=0.63m
[INFO] [1788718293.555258087] [fast_planner_bridge]: [CLIMBING] pos_ned=(0.03,0.45,-4.97) dist=0.46m
[INFO] [1788718294.554717886] [fast_planner_bridge]: [CLIMBING] pos_ned=(0.07,0.32,-5.03) dist=0.35m
[INFO] [1788718294.954628426] [fast_planner_bridge]: Climb complete (dist=0.29m) -- following Fast-Planner.
[INFO] [1788718295.554742543] [fast_planner_bridge]: [FOLLOWING] pos_ned=(0.05,0.18,-4.96) target_ned=(0.04,0.42,-5.00) pos_cmd_age=0.00s
[INFO] [1788718296.554959648] [fast_planner_bridge]: [FOLLOWING] pos_ned=(0.04,0.21,-4.88) target_ned=(0.04,0.41,-5.00) pos_cmd_age=0.00s
[INFO] [1788718297.554962563] [fast_planner_bridge]: [FOLLOWING] pos_ned=(0.16,0.13,-4.85) target_ned=(0.23,0.18,-5.00) pos_cmd_age=0.00s
[INFO] [1788718298.554808910] [fast_planner_bridge]: [FOLLOWING] pos_ned=(0.52,-0.43,-4.80) target_ned=(0.67,-0.42,-4.99) pos_cmd_age=0.00s
[INFO] [1788718299.554828508] [fast_planner_bridge]: [FOLLOWING] pos_ned=(1.22,-1.10,-4.80) target_ned=(1.31,-1.11,-4.99) pos_cmd_age=0.00s
[INFO] [1788718300.554856712] [fast_planner_bridge]: [FOLLOWING] pos_ned=(1.94,-1.71,-4.85) target_ned=(2.11,-1.64,-4.99) pos_cmd_age=0.00s
[INFO] [1788718301.554967674] [fast_planner_bridge]: [FOLLOWING] pos_ned=(2.56,-1.85,-4.82) target_ned=(1.98,-1.57,-4.85) pos_cmd_age=0.00s
[INFO] [1788718302.554668033] [fast_planner_bridge]: [FOLLOWING] pos_ned=(2.46,-1.46,-4.71) target_ned=(2.13,-1.09,-4.85) pos_cmd_age=0.00s
[INFO] [1788718303.555032298] [fast_planner_bridge]: [FOLLOWING] pos_ned=(2.56,-0.61,-4.71) target_ned=(2.30,-0.35,-4.84) pos_cmd_age=0.00s
[INFO] [1788718304.554705185] [fast_planner_bridge]: [FOLLOWING] pos_ned=(2.62,0.46,-5.00) target_ned=(2.48,0.34,-4.83) pos_cmd_age=0.00s
[INFO] [1788718305.555013363] [fast_planner_bridge]: [FOLLOWING] pos_ned=(2.61,1.05,-5.00) target_ned=(2.80,0.72,-4.82) pos_cmd_age=0.00s
[INFO] [1788718306.554969591] [fast_planner_bridge]: [FOLLOWING] pos_ned=(3.04,0.99,-4.91) target_ned=(3.26,0.73,-4.82) pos_cmd_age=0.00s
[INFO] [1788718307.554863038] [fast_planner_bridge]: [FOLLOWING] pos_ned=(3.52,0.47,-4.81) target_ned=(3.71,0.39,-4.81) pos_cmd_age=0.00s
[INFO] [1788718308.554995101] [fast_planner_bridge]: [FOLLOWING] pos_ned=(3.82,-0.02,-4.61) target_ned=(4.01,-0.01,-4.81) pos_cmd_age=0.00s
[INFO] [1788718309.554859523] [fast_planner_bridge]: [FOLLOWING] pos_ned=(4.07,-0.12,-4.57) target_ned=(4.28,-0.18,-4.81) pos_cmd_age=0.00s
[INFO] [1788718310.554789661] [fast_planner_bridge]: [FOLLOWING] pos_ned=(4.46,0.06,-4.61) target_ned=(4.51,0.01,-4.80) pos_cmd_age=0.00s
[INFO] [1788718311.554937013] [fast_planner_bridge]: [FOLLOWING] pos_ned=(4.70,0.60,-4.63) target_ned=(4.66,0.57,-4.74) pos_cmd_age=0.00s
[INFO] [1788718312.554844087] [fast_planner_bridge]: [FOLLOWING] pos_ned=(4.81,1.39,-4.62) target_ned=(4.82,1.36,-4.69) pos_cmd_age=0.00s
[INFO] [1788718313.555101839] [fast_planner_bridge]: [FOLLOWING] pos_ned=(5.10,2.16,-4.68) target_ned=(5.14,2.12,-4.71) pos_cmd_age=0.00s
[WARN] [1788718314.150386206] [fast_planner_bridge]: Shutdown signal 15 received -- ceasing ARM requests, commanding AUTO.LAND, will disarm and exit once landed. If this doesn't complete and the vehicle needs to come down NOW, use emergency_stop.py instead of repeating this signal.
[INFO] [1788718314.305021207] [fast_planner_bridge]: Requesting AUTO.LAND... nav_state=14
[INFO] [1788718314.354688522] [fast_planner_bridge]: AUTO.LAND confirmed -- ceasing offboard setpoints, handing off to the autopilot.
[INFO] [1788718315.554640682] [fast_planner_bridge]: Waiting for disarm (backstop disarm sent)... arming_state=2
