[INFO] [1788718274.069794067] [vslam_compare]: vslam_compare: logging per-message CSV to /workspaces/isaac_ros-dev/results/route2_probe/r2_none_r124/vslam_compare.csv (exp_id='r2_none_r124')
[INFO] [1788718274.089941586] [vslam_compare]: vslam_compare ready -- watching /visual_slam/tracking/odometry vs /ground_truth/odom
[INFO] [1788718274.230632430] [vslam_compare]: Ground truth origin set: (0.002527055097743869, -0.02973816730082035, -0.02335020899772644)
[INFO] [1788718274.941425345] [vslam_compare]: cuVSLAM origin set: (0.0, 0.0, 0.0) -- tracking initialized
[INFO] [1788718275.090004064] [vslam_compare]: gt=(0.0, 0.01, 0.0) vslam=(0.0, 0.0, 0.0) error=0.012m max_error=0.012m (n=1)
[INFO] [1788718276.089994274] [vslam_compare]: gt=(-0.01, 0.02, 0.0) vslam=(0.0, 0.0, 0.0) error=0.021m max_error=0.021m (n=2)
[INFO] [1788718277.090050229] [vslam_compare]: gt=(-0.01, 0.02, 0.0) vslam=(0.0, 0.0, 0.0) error=0.021m max_error=0.021m (n=3)
[INFO] [1788718278.090191768] [vslam_compare]: gt=(-0.01, 0.01, 0.0) vslam=(0.0, 0.0, 0.0) error=0.016m max_error=0.021m (n=4)
[INFO] [1788718279.090109119] [vslam_compare]: gt=(-0.01, 0.02, 0.0) vslam=(0.0, 0.0, 0.0) error=0.023m max_error=0.023m (n=5)
[INFO] [1788718280.090129457] [vslam_compare]: gt=(-0.02, 0.03, 0.0) vslam=(0.0, 0.0, 0.0) error=0.036m max_error=0.036m (n=6)
[INFO] [1788718281.090521264] [vslam_compare]: gt=(-0.02, 0.03, 0.0) vslam=(-0.82, -2.44, -1.96) error=3.254m max_error=3.254m (n=7)
[INFO] [1788718282.089955815] [vslam_compare]: gt=(-0.04, 0.03, 0.01) vslam=(-0.77, -2.48, -1.97) error=3.277m max_error=3.277m (n=8)
[INFO] [1788718283.090207644] [vslam_compare]: gt=(-0.04, 0.03, -0.01) vslam=(-0.9, -2.54, -2.01) error=3.371m max_error=3.371m (n=9)
[INFO] [1788718284.090147940] [vslam_compare]: gt=(-0.04, 0.02, -0.04) vslam=(-0.41, -2.92, -1.83) error=3.460m max_error=3.460m (n=10)
[INFO] [1788718285.090267678] [vslam_compare]: gt=(-0.01, 0.15, -0.06) vslam=(0.6, -2.07, -0.31) error=2.317m max_error=3.460m (n=11)
[INFO] [1788718286.090254943] [vslam_compare]: gt=(0.14, 0.48, 0.12) vslam=(1.08, -2.85, -0.5) error=3.509m max_error=3.509m (n=12)
[INFO] [1788718287.090199196] [vslam_compare]: gt=(-0.38, 0.19, 1.09) vslam=(1.61, -2.9, -1.39) error=4.430m max_error=4.430m (n=13)
[INFO] [1788718288.090287584] [vslam_compare]: gt=(-0.54, -0.22, 2.8) vslam=(3.73, -2.73, -4.22) error=8.593m max_error=8.593m (n=14)
[INFO] [1788718289.090156914] [vslam_compare]: gt=(-0.49, -0.38, 4.0) vslam=(4.63, -2.24, -5.34) error=10.815m max_error=10.815m (n=15)
[INFO] [1788718290.090438591] [vslam_compare]: gt=(-0.85, -0.3, 4.53) vslam=(6.47, 0.46, -7.54) error=14.136m max_error=14.136m (n=16)
[INFO] [1788718291.090289326] [vslam_compare]: gt=(-0.03, -0.08, 4.6) vslam=(6.82, 0.69, -7.33) error=13.788m max_error=14.136m (n=17)
[INFO] [1788718292.089972672] [vslam_compare]: gt=(0.58, 0.09, 4.71) vslam=(8.6, 1.4, -8.08) error=15.155m max_error=15.155m (n=18)
[INFO] [1788718293.090161231] [vslam_compare]: gt=(0.51, 0.09, 4.98) vslam=(9.83, 2.45, -7.61) error=15.835m max_error=15.835m (n=19)
[INFO] [1788718294.090268987] [vslam_compare]: gt=(0.38, 0.08, 5.05) vslam=(9.86, 2.23, -7.52) error=15.889m max_error=15.889m (n=20)
[INFO] [1788718295.090139800] [vslam_compare]: gt=(0.24, 0.1, 5.02) vslam=(9.87, 1.96, -7.35) error=15.782m max_error=15.889m (n=21)
[INFO] [1788718296.090257375] [vslam_compare]: gt=(0.17, 0.07, 4.94) vslam=(9.87, 1.67, -7.25) error=15.659m max_error=15.889m (n=22)
[INFO] [1788718297.090154438] [vslam_compare]: gt=(0.22, 0.11, 4.89) vslam=(9.85, 1.71, -7.2) error=15.538m max_error=15.889m (n=23)
[INFO] [1788718298.090142446] [vslam_compare]: gt=(-0.15, 0.33, 4.88) vslam=(10.15, 1.58, -7.02) error=15.789m max_error=15.889m (n=24)
[INFO] [1788718299.090809217] [vslam_compare]: gt=(-0.78, 0.92, 4.79) vslam=(10.76, 1.08, -6.59) error=16.203m max_error=16.203m (n=25)
[INFO] [1788718300.089954989] [vslam_compare]: gt=(-1.47, 1.63, 4.86) vslam=(11.6, 0.73, -6.09) error=17.075m max_error=17.075m (n=26)
[INFO] [1788718301.090544704] [vslam_compare]: gt=(-1.87, 2.38, 4.87) vslam=(12.45, 0.64, -5.42) error=17.720m max_error=17.720m (n=27)
[INFO] [1788718302.090063787] [vslam_compare]: gt=(-1.7, 2.6, 4.72) vslam=(14.39, -0.28, -5.38) error=19.221m max_error=19.221m (n=28)
[INFO] [1788718303.090219364] [vslam_compare]: gt=(-1.08, 2.49, 4.7) vslam=(17.44, -0.62, -5.49) error=21.365m max_error=21.365m (n=29)
[INFO] [1788718304.090216940] [vslam_compare]: gt=(0.02, 2.68, 4.94) vslam=(17.82, 0.12, -5.98) error=21.040m max_error=21.365m (n=30)
[INFO] [1788718305.089977213] [vslam_compare]: gt=(0.85, 2.61, 5.0) vslam=(17.21, 1.08, -5.8) error=19.659m max_error=21.365m (n=31)
[INFO] [1788718306.090222842] [vslam_compare]: gt=(1.09, 2.82, 4.99) vslam=(19.0, 0.91, -8.09) error=22.253m max_error=22.253m (n=32)
[INFO] [1788718307.090020958] [vslam_compare]: gt=(0.73, 3.35, 4.91) vslam=(19.84, 0.09, -8.22) error=23.415m max_error=23.415m (n=33)
[INFO] [1788718308.090251328] [vslam_compare]: gt=(0.17, 3.72, 4.75) vslam=(21.66, -0.97, -7.63) error=25.241m max_error=25.241m (n=34)
[INFO] [1788718309.090817820] [vslam_compare]: gt=(-0.12, 3.98, 4.52) vslam=(23.48, -2.68, -7.37) error=27.247m max_error=27.247m (n=35)
[INFO] [1788718310.090263052] [vslam_compare]: gt=(-0.06, 4.3, 4.64) vslam=(26.17, -4.38, -7.77) error=30.293m max_error=30.293m (n=36)
Traceback (most recent call last):
  File "/workspaces/isaac_ros-dev/ros2_ws/install/px4_vslam_bridge/lib/python3.10/site-packages/px4_vslam_bridge/vslam_compare.py", line 194, in main
    rclpy.spin(node)
  File "/opt/ros/humble/local/lib/python3.10/dist-packages/rclpy/__init__.py", line 229, in spin
    executor.spin_once()
  File "/opt/ros/humble/local/lib/python3.10/dist-packages/rclpy/executors.py", line 808, in spin_once
    self._spin_once_impl(timeout_sec)
  File "/opt/ros/humble/local/lib/python3.10/dist-packages/rclpy/executors.py", line 797, in _spin_once_impl
    handler, entity, node = self.wait_for_ready_callbacks(timeout_sec=timeout_sec)
  File "/opt/ros/humble/local/lib/python3.10/dist-packages/rclpy/executors.py", line 780, in wait_for_ready_callbacks
    return next(self._cb_iter)
  File "/opt/ros/humble/local/lib/python3.10/dist-packages/rclpy/executors.py", line 653, in _wait_for_ready_callbacks
    wait_set = _rclpy.WaitSet(
rclpy._rclpy_pybind11.RCLError: failed to initialize wait set: the given context is not valid, either rcl_init() was not called or rcl_shutdown() was called., at ./src/rcl/wait.c:130

During handling of the above exception, another exception occurred:

Traceback (most recent call last):
  File "/workspaces/isaac_ros-dev/ros2_ws/install/px4_vslam_bridge/lib/px4_vslam_bridge/vslam_compare", line 33, in <module>
    sys.exit(load_entry_point('px4-vslam-bridge==0.1.0', 'console_scripts', 'vslam_compare')())
  File "/workspaces/isaac_ros-dev/ros2_ws/install/px4_vslam_bridge/lib/python3.10/site-packages/px4_vslam_bridge/vslam_compare.py", line 199, in main
    rclpy.shutdown()
  File "/opt/ros/humble/local/lib/python3.10/dist-packages/rclpy/__init__.py", line 130, in shutdown
    _shutdown(context=context)
  File "/opt/ros/humble/local/lib/python3.10/dist-packages/rclpy/utilities.py", line 58, in shutdown
    return context.shutdown()
  File "/opt/ros/humble/local/lib/python3.10/dist-packages/rclpy/context.py", line 102, in shutdown
    self.__context.shutdown()
rclpy._rclpy_pybind11.RCLError: failed to shutdown: rcl_shutdown already called on the given context, at ./src/rcl/init.c:241
