stdin is not a terminal device. Keyboard handling disabled.[INFO] [1788529263.072356718] [rosbag2_recorder]: Press SPACE for pausing/resuming
[INFO] [1788529263.074444871] [rosbag2_storage]: Opened database '/workspaces/isaac_ros-dev/results/feasibility_gate/mini_dose_none_r5/rosbag/rosbag_0.db3' for READ_WRITE.
[INFO] [1788529263.075847058] [rosbag2_recorder]: Listening for topics...
[INFO] [1788529263.075859561] [rosbag2_recorder]: Event publisher thread: Starting
[INFO] [1788529263.410974113] [rosbag2_recorder]: Subscribed to topic '/tf_static'
[INFO] [1788529263.412231699] [rosbag2_recorder]: Subscribed to topic '/tf'
[INFO] [1788529263.413848138] [rosbag2_recorder]: Subscribed to topic '/ground_truth/odom'
[INFO] [1788529263.414031782] [rosbag2_recorder]: Recording...
[INFO] [1788529263.417290197] [rosbag2_recorder]: Subscribed to topic '/visual_slam/status'
[INFO] [1788529263.418142494] [rosbag2_recorder]: Subscribed to topic '/visual_slam/tracking/odometry'
[INFO] [1788529263.419635532] [rosbag2_recorder]: Subscribed to topic '/visual_slam/vis/observations_cloud'
[INFO] [1788529264.134629452] [rosbag2_recorder]: Subscribed to topic '/clock'
[INFO] [1788529264.135568251] [rosbag2_recorder]: Subscribed to topic '/stereo/left/camera_info'
[INFO] [1788529264.136352210] [rosbag2_recorder]: Subscribed to topic '/stereo/left/image'
[INFO] [1788529264.137056730] [rosbag2_recorder]: Subscribed to topic '/stereo/right/camera_info'
[INFO] [1788529264.137856458] [rosbag2_recorder]: Subscribed to topic '/stereo/right/image'
[INFO] [1788529264.243914780] [rosbag2_recorder]: Subscribed to topic '/fmu/out/estimator_status_flags'
[INFO] [1788529264.243970034] [rosbag2_recorder]: All requested topics are subscribed. Stopping discovery...
[INFO] [1788529306.381900572] [rosbag2_cpp]: Writing remaining messages from cache to the bag. It may take a while
[INFO] [1788529306.382947495] [rosbag2_recorder]: Event publisher thread: Exiting
[INFO] [1788529306.383002979] [rosbag2_recorder]: Recording stopped
