[INFO] [1788602725.703676870] [vslam_compare]: vslam_compare: logging per-message CSV to /workspaces/isaac_ros-dev/results/feasibility_gate/gate_sweep_none_r02/vslam_compare.csv (exp_id='gate_sweep_none_r02')
[INFO] [1788602725.719844411] [vslam_compare]: vslam_compare ready -- watching /visual_slam/tracking/odometry vs /ground_truth/odom
[WARN] [1788602726.720162715] [vslam_compare]: No /ground_truth/odom data yet.
[INFO] [1788602727.599858671] [vslam_compare]: cuVSLAM origin set: (0.0, 0.0, 0.0) -- tracking initialized
[INFO] [1788602727.719497666] [vslam_compare]: Ground truth origin set: (0.012477821670472622, 0.021740145981311798, -0.069369837641716)
[INFO] [1788602727.720512390] [vslam_compare]: gt=(0.0, 0.0, 0.0) vslam=(0.0, 0.0, 0.0) error=0.000m max_error=0.000m (n=1)
[INFO] [1788602728.720308087] [vslam_compare]: gt=(0.0, 0.0, 0.02) vslam=(0.0, 0.0, 0.0) error=0.017m max_error=0.017m (n=2)
[INFO] [1788602729.720004069] [vslam_compare]: gt=(0.01, 0.0, 0.01) vslam=(0.0, 0.0, 0.0) error=0.013m max_error=0.017m (n=3)
[INFO] [1788602730.720205060] [vslam_compare]: gt=(-0.0, 0.0, 0.01) vslam=(0.0, 0.0, 0.0) error=0.008m max_error=0.017m (n=4)
[INFO] [1788602731.720172405] [vslam_compare]: gt=(-0.02, 0.01, 0.01) vslam=(0.0, 0.0, 0.0) error=0.019m max_error=0.019m (n=5)
[INFO] [1788602732.720520236] [vslam_compare]: gt=(-0.02, -0.02, 0.01) vslam=(0.0, 0.0, 0.0) error=0.027m max_error=0.027m (n=6)
[INFO] [1788602733.720246823] [vslam_compare]: gt=(-0.02, -0.03, 0.01) vslam=(0.0, 0.0, 0.0) error=0.036m max_error=0.036m (n=7)
[INFO] [1788602734.720369395] [vslam_compare]: gt=(-0.02, -0.04, 0.01) vslam=(0.0, 0.0, 0.0) error=0.047m max_error=0.047m (n=8)
[INFO] [1788602735.720128857] [vslam_compare]: gt=(-0.02, -0.02, 0.01) vslam=(0.0, 0.0, 0.0) error=0.030m max_error=0.047m (n=9)
[INFO] [1788602736.719991394] [vslam_compare]: gt=(-0.01, 0.01, 0.01) vslam=(0.0, 0.0, 0.0) error=0.012m max_error=0.047m (n=10)
[INFO] [1788602737.720231903] [vslam_compare]: gt=(0.0, 0.01, 0.01) vslam=(0.0, 0.0, 0.0) error=0.017m max_error=0.047m (n=11)
[INFO] [1788602738.720087321] [vslam_compare]: gt=(0.01, 0.0, 0.02) vslam=(0.02, -0.02, -0.0) error=0.036m max_error=0.047m (n=12)
[INFO] [1788602739.720056373] [vslam_compare]: gt=(0.03, -0.0, 0.25) vslam=(0.17, -0.04, 0.06) error=0.247m max_error=0.247m (n=13)
[INFO] [1788602740.720294824] [vslam_compare]: gt=(0.06, -0.02, 1.57) vslam=(0.15, -0.15, 1.11) error=0.481m max_error=0.481m (n=14)
[INFO] [1788602741.720237851] [vslam_compare]: gt=(0.0, -0.03, 3.33) vslam=(0.07, -0.22, 2.85) error=0.526m max_error=0.526m (n=15)
[INFO] [1788602742.720159521] [vslam_compare]: gt=(-0.08, -0.07, 4.11) vslam=(-0.01, -0.25, 3.73) error=0.428m max_error=0.526m (n=16)
[INFO] [1788602743.720172534] [vslam_compare]: gt=(-0.08, -0.05, 4.45) vslam=(0.03, -0.16, 4.64) error=0.240m max_error=0.526m (n=17)
[INFO] [1788602744.720320020] [vslam_compare]: gt=(-0.05, -0.02, 4.64) vslam=(0.0, -0.07, 5.11) error=0.468m max_error=0.526m (n=18)
[INFO] [1788602745.720248628] [vslam_compare]: gt=(-0.02, 0.01, 4.66) vslam=(0.02, -0.05, 5.18) error=0.528m max_error=0.528m (n=19)
[INFO] [1788602746.720170576] [vslam_compare]: gt=(-0.0, 0.06, 4.62) vslam=(0.05, 0.0, 5.15) error=0.528m max_error=0.528m (n=20)
[INFO] [1788602747.720017333] [vslam_compare]: gt=(-0.01, 0.0, 4.63) vslam=(0.07, -0.12, 5.11) error=0.504m max_error=0.528m (n=21)
[INFO] [1788602748.720253344] [vslam_compare]: gt=(-0.16, 0.19, 4.68) vslam=(-0.03, -0.09, 5.06) error=0.489m max_error=0.528m (n=22)
[INFO] [1788602749.720176298] [vslam_compare]: gt=(-0.47, 0.78, 4.73) vslam=(-0.36, 0.37, 5.05) error=0.534m max_error=0.534m (n=23)
[INFO] [1788602750.720383608] [vslam_compare]: gt=(-0.73, 1.62, 4.77) vslam=(-0.58, 1.15, 5.11) error=0.593m max_error=0.593m (n=24)
[INFO] [1788602751.720267904] [vslam_compare]: gt=(-0.94, 2.42, 4.81) vslam=(-0.8, 2.02, 5.14) error=0.543m max_error=0.593m (n=25)
[INFO] [1788602752.720224457] [vslam_compare]: gt=(-0.96, 3.08, 4.84) vslam=(-0.84, 2.79, 5.19) error=0.469m max_error=0.593m (n=26)
[INFO] [1788602753.720112333] [vslam_compare]: gt=(-0.92, 3.43, 4.87) vslam=(-0.8, 3.27, 5.22) error=0.400m max_error=0.593m (n=27)
[INFO] [1788602754.720274656] [vslam_compare]: gt=(-0.87, 3.49, 4.89) vslam=(-0.74, 3.4, 5.23) error=0.374m max_error=0.593m (n=28)
[INFO] [1788602755.720382859] [vslam_compare]: gt=(-0.84, 3.72, 4.92) vslam=(-0.61, 3.88, 5.18) error=0.382m max_error=0.593m (n=29)
[INFO] [1788602756.720375527] [vslam_compare]: gt=(-0.84, 3.67, 4.91) vslam=(-0.64, 3.89, 5.16) error=0.383m max_error=0.593m (n=30)
[INFO] [1788602757.720391059] [vslam_compare]: gt=(-0.84, 3.69, 4.91) vslam=(-0.65, 3.86, 5.17) error=0.364m max_error=0.593m (n=31)
[INFO] [1788602758.720336452] [vslam_compare]: gt=(-0.87, 3.79, 4.94) vslam=(-0.62, 3.8, 5.27) error=0.411m max_error=0.593m (n=32)
[INFO] [1788602759.720484717] [vslam_compare]: gt=(-0.88, 3.81, 4.93) vslam=(-0.61, 3.74, 5.33) error=0.491m max_error=0.593m (n=33)
[INFO] [1788602760.720393675] [vslam_compare]: gt=(-0.82, 3.73, 4.9) vslam=(-0.62, 3.81, 5.24) error=0.404m max_error=0.593m (n=34)
[INFO] [1788602761.720158755] [vslam_compare]: gt=(-0.58, 3.64, 4.89) vslam=(-0.6, 3.81, 5.22) error=0.366m max_error=0.593m (n=35)
[INFO] [1788602762.720393247] [vslam_compare]: gt=(0.18, 3.45, 4.95) vslam=(0.11, 3.49, 5.35) error=0.407m max_error=0.593m (n=36)
[INFO] [1788602763.720150546] [vslam_compare]: gt=(0.16, 3.47, 4.93) vslam=(0.44, 3.46, 5.35) error=0.507m max_error=0.593m (n=37)
[INFO] [1788602764.720427071] [vslam_compare]: gt=(0.0, 3.44, 4.92) vslam=(0.37, 3.44, 5.32) error=0.540m max_error=0.593m (n=38)
[INFO] [1788602765.720115574] [vslam_compare]: gt=(-0.16, 3.57, 4.89) vslam=(0.28, 3.51, 5.37) error=0.658m max_error=0.658m (n=39)
[INFO] [1788602766.720234436] [vslam_compare]: gt=(-0.46, 4.08, 4.63) vslam=(-0.29, 3.84, 5.19) error=0.636m max_error=0.658m (n=40)
[INFO] [1788602767.720122046] [vslam_compare]: gt=(0.72, 3.82, 3.73) vslam=(4.06, -1.24, 6.24) error=6.563m max_error=6.563m (n=41)
[INFO] [1788602768.719977247] [vslam_compare]: gt=(0.43, 3.51, 2.64) vslam=(3.81, -2.1, 5.51) error=7.145m max_error=7.145m (n=42)
[INFO] [1788602769.720067611] [vslam_compare]: gt=(-0.1, 4.26, 2.33) vslam=(3.3, -1.07, 5.3) error=6.991m max_error=7.145m (n=43)
Traceback (most recent call last):
  File "/workspaces/isaac_ros-dev/ros2_ws/install/px4_vslam_bridge/lib/python3.10/site-packages/px4_vslam_bridge/vslam_compare.py", line 194, in main
    rclpy.spin(node)
  File "/opt/ros/humble/local/lib/python3.10/dist-packages/rclpy/__init__.py", line 229, in spin
    executor.spin_once()
  File "/opt/ros/humble/local/lib/python3.10/dist-packages/rclpy/executors.py", line 808, in spin_once
    self._spin_once_impl(timeout_sec)
  File "/opt/ros/humble/local/lib/python3.10/dist-packages/rclpy/executors.py", line 797, in _spin_once_impl
    handler, entity, node = self.wait_for_ready_callbacks(timeout_sec=timeout_sec)
  File "/opt/ros/humble/local/lib/python3.10/dist-packages/rclpy/executors.py", line 780, in wait_for_ready_callbacks
    return next(self._cb_iter)
  File "/opt/ros/humble/local/lib/python3.10/dist-packages/rclpy/executors.py", line 681, in _wait_for_ready_callbacks
    raise ExternalShutdownException()
rclpy.executors.ExternalShutdownException

During handling of the above exception, another exception occurred:

Traceback (most recent call last):
  File "/workspaces/isaac_ros-dev/ros2_ws/install/px4_vslam_bridge/lib/px4_vslam_bridge/vslam_compare", line 33, in <module>
    sys.exit(load_entry_point('px4-vslam-bridge==0.1.0', 'console_scripts', 'vslam_compare')())
  File "/workspaces/isaac_ros-dev/ros2_ws/install/px4_vslam_bridge/lib/python3.10/site-packages/px4_vslam_bridge/vslam_compare.py", line 199, in main
    rclpy.shutdown()
  File "/opt/ros/humble/local/lib/python3.10/dist-packages/rclpy/__init__.py", line 130, in shutdown
    _shutdown(context=context)
  File "/opt/ros/humble/local/lib/python3.10/dist-packages/rclpy/utilities.py", line 58, in shutdown
    return context.shutdown()
  File "/opt/ros/humble/local/lib/python3.10/dist-packages/rclpy/context.py", line 102, in shutdown
    self.__context.shutdown()
rclpy._rclpy_pybind11.RCLError: failed to shutdown: rcl_shutdown already called on the given context, at ./src/rcl/init.c:241
