[INFO] [1788710543.823615839] [visual_odometry_bridge]: visual_odometry_bridge ready: /visual_slam/tracking/odometry -> /fmu/in/vehicle_visual_odometry
[INFO] [1788710549.376765740] [visual_odometry_bridge]: published 100 vehicle_visual_odometry samples (last NED pos=(0.00,0.00,-0.00))
[INFO] [1788710559.328771499] [visual_odometry_bridge]: published 300 vehicle_visual_odometry samples (last NED pos=(0.24,-0.36,-0.14))
[WARN] [1788710561.753724050] [visual_odometry_bridge]: Rejected cuVSLAM update: implied speed 26.8 m/s (jumped 0.86m in 32ms) -- holding last known-good position, not forwarding to EKF2. (1 rejected total)
[INFO] [1788710564.710467822] [visual_odometry_bridge]: published 400 vehicle_visual_odometry samples (last NED pos=(0.42,-0.52,-1.82))
[WARN] [1788710566.596610946] [visual_odometry_bridge]: Rejected cuVSLAM update: implied speed 25.6 m/s (jumped 0.82m in 32ms) -- holding last known-good position, not forwarding to EKF2. (4 rejected total)
[INFO] [1788710570.002512603] [visual_odometry_bridge]: published 500 vehicle_visual_odometry samples (last NED pos=(-2.20,1.44,-4.03))
[WARN] [1788710570.257957140] [visual_odometry_bridge]: Rejected cuVSLAM update: implied speed 19.1 m/s (jumped 0.61m in 32ms) -- holding last known-good position, not forwarding to EKF2. (8 rejected total)
[INFO] [1788710575.268765746] [visual_odometry_bridge]: published 600 vehicle_visual_odometry samples (last NED pos=(-2.72,2.42,-4.15))
[WARN] [1788710575.733798690] [visual_odometry_bridge]: Rejected cuVSLAM update: implied speed 11.9 m/s (jumped 0.43m in 36ms) -- holding last known-good position, not forwarding to EKF2. (11 rejected total)
[WARN] [1788710578.848364356] [visual_odometry_bridge]: Rejected cuVSLAM update: implied speed 9.6 m/s (jumped 0.31m in 32ms) -- holding last known-good position, not forwarding to EKF2. (14 rejected total)
[INFO] [1788710580.821860174] [visual_odometry_bridge]: published 700 vehicle_visual_odometry samples (last NED pos=(-6.16,3.11,-3.28))
Traceback (most recent call last):
  File "/workspaces/isaac_ros-dev/ros2_ws/install/px4_vslam_bridge/lib/python3.10/site-packages/px4_vslam_bridge/visual_odometry_bridge.py", line 160, in main
    rclpy.spin(node)
  File "/opt/ros/humble/local/lib/python3.10/dist-packages/rclpy/__init__.py", line 229, in spin
    executor.spin_once()
  File "/opt/ros/humble/local/lib/python3.10/dist-packages/rclpy/executors.py", line 808, in spin_once
    self._spin_once_impl(timeout_sec)
  File "/opt/ros/humble/local/lib/python3.10/dist-packages/rclpy/executors.py", line 797, in _spin_once_impl
    handler, entity, node = self.wait_for_ready_callbacks(timeout_sec=timeout_sec)
  File "/opt/ros/humble/local/lib/python3.10/dist-packages/rclpy/executors.py", line 780, in wait_for_ready_callbacks
    return next(self._cb_iter)
  File "/opt/ros/humble/local/lib/python3.10/dist-packages/rclpy/executors.py", line 681, in _wait_for_ready_callbacks
    raise ExternalShutdownException()
rclpy.executors.ExternalShutdownException

During handling of the above exception, another exception occurred:

Traceback (most recent call last):
  File "/workspaces/isaac_ros-dev/ros2_ws/install/px4_vslam_bridge/lib/px4_vslam_bridge/visual_odometry_bridge", line 33, in <module>
    sys.exit(load_entry_point('px4-vslam-bridge==0.1.0', 'console_scripts', 'visual_odometry_bridge')())
  File "/workspaces/isaac_ros-dev/ros2_ws/install/px4_vslam_bridge/lib/python3.10/site-packages/px4_vslam_bridge/visual_odometry_bridge.py", line 165, in main
    rclpy.shutdown()
  File "/opt/ros/humble/local/lib/python3.10/dist-packages/rclpy/__init__.py", line 130, in shutdown
    _shutdown(context=context)
  File "/opt/ros/humble/local/lib/python3.10/dist-packages/rclpy/utilities.py", line 58, in shutdown
    return context.shutdown()
  File "/opt/ros/humble/local/lib/python3.10/dist-packages/rclpy/context.py", line 102, in shutdown
    self.__context.shutdown()
rclpy._rclpy_pybind11.RCLError: failed to shutdown: rcl_shutdown already called on the given context, at ./src/rcl/init.c:241
