[INFO] [1788709692.978333068] [visual_odometry_bridge]: visual_odometry_bridge ready: /visual_slam/tracking/odometry -> /fmu/in/vehicle_visual_odometry
[INFO] [1788709699.698886773] [visual_odometry_bridge]: published 100 vehicle_visual_odometry samples (last NED pos=(0.00,0.00,-0.00))
[WARN] [1788709702.069496834] [visual_odometry_bridge]: Rejected cuVSLAM update: implied speed 9.6 m/s (jumped 0.31m in 32ms) -- holding last known-good position, not forwarding to EKF2. (1 rejected total)
[WARN] [1788709704.228532294] [visual_odometry_bridge]: Rejected cuVSLAM update: implied speed 11.7 m/s (jumped 0.37m in 32ms) -- holding last known-good position, not forwarding to EKF2. (5 rejected total)
[INFO] [1788709705.051731421] [visual_odometry_bridge]: published 200 vehicle_visual_odometry samples (last NED pos=(0.45,-0.64,0.03))
[WARN] [1788709705.705098286] [visual_odometry_bridge]: Rejected cuVSLAM update: implied speed 10.5 m/s (jumped 0.38m in 36ms) -- holding last known-good position, not forwarding to EKF2. (6 rejected total)
[WARN] [1788709707.395511884] [visual_odometry_bridge]: Rejected cuVSLAM update: implied speed 259.8 m/s (jumped 9.35m in 36ms) -- holding last known-good position, not forwarding to EKF2. (7 rejected total)
[WARN] [1788709709.515668245] [visual_odometry_bridge]: Rejected cuVSLAM update: implied speed 11.1 m/s (jumped 0.36m in 32ms) -- holding last known-good position, not forwarding to EKF2. (12 rejected total)
[WARN] [1788709710.558077047] [visual_odometry_bridge]: Rejected cuVSLAM update: implied speed 8.6 m/s (jumped 3.70m in 428ms) -- holding last known-good position, not forwarding to EKF2. (25 rejected total)
[WARN] [1788709711.645518125] [visual_odometry_bridge]: Rejected cuVSLAM update: implied speed 10.4 m/s (jumped 0.33m in 32ms) -- holding last known-good position, not forwarding to EKF2. (33 rejected total)
[INFO] [1788709711.699280200] [visual_odometry_bridge]: published 300 vehicle_visual_odometry samples (last NED pos=(-3.20,-2.61,7.40))
[WARN] [1788709712.678070901] [visual_odometry_bridge]: Rejected cuVSLAM update: implied speed 8.7 m/s (jumped 2.57m in 296ms) -- holding last known-good position, not forwarding to EKF2. (44 rejected total)
[WARN] [1788709714.796843491] [visual_odometry_bridge]: Rejected cuVSLAM update: implied speed 9.1 m/s (jumped 0.33m in 36ms) -- holding last known-good position, not forwarding to EKF2. (49 rejected total)
[INFO] [1788709717.845120930] [visual_odometry_bridge]: published 400 vehicle_visual_odometry samples (last NED pos=(-3.42,-5.21,12.88))
[INFO] [1788709722.944743323] [visual_odometry_bridge]: published 500 vehicle_visual_odometry samples (last NED pos=(-3.62,-5.35,12.55))
Traceback (most recent call last):
  File "/workspaces/isaac_ros-dev/ros2_ws/install/px4_vslam_bridge/lib/python3.10/site-packages/px4_vslam_bridge/visual_odometry_bridge.py", line 160, in main
    rclpy.spin(node)
  File "/opt/ros/humble/local/lib/python3.10/dist-packages/rclpy/__init__.py", line 229, in spin
    executor.spin_once()
  File "/opt/ros/humble/local/lib/python3.10/dist-packages/rclpy/executors.py", line 808, in spin_once
    self._spin_once_impl(timeout_sec)
  File "/opt/ros/humble/local/lib/python3.10/dist-packages/rclpy/executors.py", line 805, in _spin_once_impl
    raise handler.exception()
  File "/opt/ros/humble/local/lib/python3.10/dist-packages/rclpy/task.py", line 272, in _execute_coroutine_step
    result = coro.send(None)
  File "/opt/ros/humble/local/lib/python3.10/dist-packages/rclpy/executors.py", line 488, in handler
    await call_coroutine(entity, arg)
  File "/opt/ros/humble/local/lib/python3.10/dist-packages/rclpy/executors.py", line 407, in _execute_subscription
    await await_or_execute(sub.callback, msg)
  File "/opt/ros/humble/local/lib/python3.10/dist-packages/rclpy/executors.py", line 110, in await_or_execute
    return callback(*args)
  File "/workspaces/isaac_ros-dev/ros2_ws/install/px4_vslam_bridge/lib/python3.10/site-packages/px4_vslam_bridge/visual_odometry_bridge.py", line 145, in _cb
    self.pub.publish(out)
  File "/opt/ros/humble/local/lib/python3.10/dist-packages/rclpy/publisher.py", line 70, in publish
    self.__publisher.publish(msg)
rclpy._rclpy_pybind11.RCLError: Failed to publish: publisher's context is invalid, at ./src/rcl/publisher.c:389

During handling of the above exception, another exception occurred:

Traceback (most recent call last):
  File "/workspaces/isaac_ros-dev/ros2_ws/install/px4_vslam_bridge/lib/px4_vslam_bridge/visual_odometry_bridge", line 33, in <module>
    sys.exit(load_entry_point('px4-vslam-bridge==0.1.0', 'console_scripts', 'visual_odometry_bridge')())
  File "/workspaces/isaac_ros-dev/ros2_ws/install/px4_vslam_bridge/lib/python3.10/site-packages/px4_vslam_bridge/visual_odometry_bridge.py", line 165, in main
    rclpy.shutdown()
  File "/opt/ros/humble/local/lib/python3.10/dist-packages/rclpy/__init__.py", line 130, in shutdown
    _shutdown(context=context)
  File "/opt/ros/humble/local/lib/python3.10/dist-packages/rclpy/utilities.py", line 58, in shutdown
    return context.shutdown()
  File "/opt/ros/humble/local/lib/python3.10/dist-packages/rclpy/context.py", line 102, in shutdown
    self.__context.shutdown()
rclpy._rclpy_pybind11.RCLError: failed to shutdown: rcl_shutdown already called on the given context, at ./src/rcl/init.c:241
