stdin is not a terminal device. Keyboard handling disabled.[INFO] [1788529697.905038837] [rosbag2_recorder]: Press SPACE for pausing/resuming
[INFO] [1788529697.906819258] [rosbag2_storage]: Opened database '/workspaces/isaac_ros-dev/results/feasibility_gate/mini_dose_low_r4/rosbag/rosbag_0.db3' for READ_WRITE.
[INFO] [1788529697.907914614] [rosbag2_recorder]: Listening for topics...
[INFO] [1788529697.907929332] [rosbag2_recorder]: Event publisher thread: Starting
[INFO] [1788529697.914009614] [rosbag2_recorder]: Subscribed to topic '/visual_slam/vis/observations_cloud'
[INFO] [1788529697.915680220] [rosbag2_recorder]: Subscribed to topic '/visual_slam/tracking/odometry'
[INFO] [1788529697.916617720] [rosbag2_recorder]: Subscribed to topic '/stereo/right/image'
[INFO] [1788529697.917703117] [rosbag2_recorder]: Subscribed to topic '/visual_slam/status'
[INFO] [1788529697.918461841] [rosbag2_recorder]: Subscribed to topic '/stereo/right/camera_info'
[INFO] [1788529697.920493855] [rosbag2_recorder]: Subscribed to topic '/tf_static'
[INFO] [1788529697.921202685] [rosbag2_recorder]: Subscribed to topic '/stereo/left/image'
[INFO] [1788529697.921822899] [rosbag2_recorder]: Subscribed to topic '/stereo/left/camera_info'
[INFO] [1788529697.922466918] [rosbag2_recorder]: Subscribed to topic '/tf'
[INFO] [1788529697.923048149] [rosbag2_recorder]: Subscribed to topic '/ground_truth/odom'
[INFO] [1788529697.924188780] [rosbag2_recorder]: Subscribed to topic '/clock'
[INFO] [1788529697.924277967] [rosbag2_recorder]: Recording...
[INFO] [1788529698.032483232] [rosbag2_recorder]: Subscribed to topic '/fmu/out/estimator_status_flags'
[INFO] [1788529698.032527455] [rosbag2_recorder]: All requested topics are subscribed. Stopping discovery...
[INFO] [1788529741.819853396] [rosbag2_cpp]: Writing remaining messages from cache to the bag. It may take a while
[INFO] [1788529741.820899780] [rosbag2_recorder]: Event publisher thread: Exiting
[INFO] [1788529741.820946859] [rosbag2_recorder]: Recording stopped
