[INFO] [1788529695.965719390] [vslam_compare]: vslam_compare: logging per-message CSV to /workspaces/isaac_ros-dev/results/feasibility_gate/mini_dose_low_r4/vslam_compare.csv (exp_id='mini_dose_low_r4')
[INFO] [1788529695.985060401] [vslam_compare]: vslam_compare ready -- watching /visual_slam/tracking/odometry vs /ground_truth/odom
[INFO] [1788529696.017398327] [vslam_compare]: cuVSLAM origin set: (0.0, 0.0, 0.0) -- tracking initialized
[INFO] [1788529696.921933760] [vslam_compare]: Ground truth origin set: (-0.008524881675839424, 0.045107513666152954, 0.020063355565071106)
[INFO] [1788529696.985607111] [vslam_compare]: gt=(-0.0, 0.0, -0.0) vslam=(0.0, 0.0, 0.0) error=0.001m max_error=0.001m (n=1)
[INFO] [1788529697.985228407] [vslam_compare]: gt=(-0.01, 0.01, -0.0) vslam=(0.0, 0.0, 0.0) error=0.016m max_error=0.016m (n=2)
[INFO] [1788529698.985298502] [vslam_compare]: gt=(-0.01, -0.0, -0.0) vslam=(0.0, 0.0, 0.0) error=0.012m max_error=0.016m (n=3)
[INFO] [1788529699.985369582] [vslam_compare]: gt=(-0.02, -0.03, -0.0) vslam=(0.0, 0.0, 0.0) error=0.036m max_error=0.036m (n=4)
[INFO] [1788529700.985573016] [vslam_compare]: gt=(-0.02, -0.05, -0.02) vslam=(0.0, 0.0, 0.0) error=0.056m max_error=0.056m (n=5)
[INFO] [1788529701.985400860] [vslam_compare]: gt=(-0.03, -0.05, -0.03) vslam=(0.0, 0.0, 0.0) error=0.063m max_error=0.063m (n=6)
[INFO] [1788529702.985528310] [vslam_compare]: gt=(-0.02, -0.03, -0.03) vslam=(0.0, 0.0, 0.0) error=0.054m max_error=0.063m (n=7)
[INFO] [1788529703.985309175] [vslam_compare]: gt=(-0.02, -0.02, -0.03) vslam=(0.0, 0.0, 0.0) error=0.044m max_error=0.063m (n=8)
[INFO] [1788529704.985394215] [vslam_compare]: gt=(-0.03, -0.02, -0.03) vslam=(0.0, 0.0, 0.0) error=0.046m max_error=0.063m (n=9)
[INFO] [1788529705.985619654] [vslam_compare]: gt=(-0.04, -0.02, -0.02) vslam=(0.0, 0.0, 0.0) error=0.052m max_error=0.063m (n=10)
[INFO] [1788529706.985350419] [vslam_compare]: gt=(-0.03, -0.03, -0.03) vslam=(0.0, 0.0, 0.0) error=0.054m max_error=0.063m (n=11)
[INFO] [1788529707.985188921] [vslam_compare]: gt=(0.02, -0.04, -0.03) vslam=(-0.01, -0.05, 0.02) error=0.060m max_error=0.063m (n=12)
[INFO] [1788529708.985719085] [vslam_compare]: gt=(0.13, 0.02, 0.18) vslam=(0.28, -0.0, 0.07) error=0.191m max_error=0.191m (n=13)
[INFO] [1788529709.985562636] [vslam_compare]: gt=(0.02, -0.1, 1.66) vslam=(0.19, -0.14, 1.36) error=0.348m max_error=0.348m (n=14)
[INFO] [1788529710.985463799] [vslam_compare]: gt=(-0.05, -0.19, 3.25) vslam=(-0.04, -0.35, 3.12) error=0.211m max_error=0.348m (n=15)
[INFO] [1788529711.985460286] [vslam_compare]: gt=(-0.09, -0.13, 3.99) vslam=(-0.17, -0.27, 4.34) error=0.382m max_error=0.382m (n=16)
[INFO] [1788529712.985446949] [vslam_compare]: gt=(-0.1, -0.02, 4.34) vslam=(-0.24, -0.11, 5.05) error=0.722m max_error=0.722m (n=17)
[INFO] [1788529713.985387119] [vslam_compare]: gt=(-0.08, 0.04, 4.55) vslam=(-0.3, 0.13, 5.6) error=1.078m max_error=1.078m (n=18)
[INFO] [1788529714.985535024] [vslam_compare]: gt=(-0.05, 0.05, 4.68) vslam=(-0.41, 0.41, 6.2) error=1.609m max_error=1.609m (n=19)
[INFO] [1788529715.985260851] [vslam_compare]: gt=(-0.03, 0.04, 4.58) vslam=(-0.36, 0.38, 6.16) error=1.646m max_error=1.646m (n=20)
[INFO] [1788529716.985633787] [vslam_compare]: gt=(-0.03, 0.07, 4.51) vslam=(-0.48, 0.56, 6.61) error=2.205m max_error=2.205m (n=21)
[INFO] [1788529717.985735008] [vslam_compare]: gt=(0.11, 0.42, 4.51) vslam=(-0.48, 1.13, 6.76) error=2.429m max_error=2.429m (n=22)
[INFO] [1788529718.985421275] [vslam_compare]: gt=(0.25, 1.07, 4.55) vslam=(-0.23, 1.8, 6.67) error=2.290m max_error=2.429m (n=23)
[INFO] [1788529719.985440471] [vslam_compare]: gt=(0.48, 1.85, 4.59) vslam=(0.05, 2.68, 6.64) error=2.254m max_error=2.429m (n=24)
[INFO] [1788529720.985551343] [vslam_compare]: gt=(0.83, 2.56, 4.65) vslam=(0.64, 3.98, 6.55) error=2.375m max_error=2.429m (n=25)
[INFO] [1788529721.985560800] [vslam_compare]: gt=(1.11, 3.25, 4.7) vslam=(1.03, 5.13, 6.48) error=2.591m max_error=2.591m (n=26)
[INFO] [1788529722.985464784] [vslam_compare]: gt=(1.41, 3.78, 4.75) vslam=(1.58, 6.53, 6.41) error=3.215m max_error=3.215m (n=27)
[INFO] [1788529723.985236333] [vslam_compare]: gt=(1.56, 4.16, 4.76) vslam=(1.82, 7.53, 6.32) error=3.723m max_error=3.723m (n=28)
[INFO] [1788529724.985713632] [vslam_compare]: gt=(1.62, 4.2, 4.76) vslam=(1.88, 7.67, 6.29) error=3.798m max_error=3.798m (n=29)
[INFO] [1788529725.985376807] [vslam_compare]: gt=(1.56, 4.13, 4.75) vslam=(1.89, 7.55, 6.31) error=3.778m max_error=3.798m (n=30)
[INFO] [1788529726.985227318] [vslam_compare]: gt=(1.44, 4.38, 4.76) vslam=(2.16, 10.17, 5.64) error=5.901m max_error=5.901m (n=31)
[INFO] [1788529727.985394297] [vslam_compare]: gt=(1.35, 4.97, 4.8) vslam=(2.2, 11.37, 5.54) error=6.491m max_error=6.491m (n=32)
[INFO] [1788529728.985500637] [vslam_compare]: gt=(1.34, 5.66, 4.85) vslam=(2.26, 12.23, 5.47) error=6.667m max_error=6.667m (n=33)
[INFO] [1788529729.985629064] [vslam_compare]: gt=(1.5, 6.25, 4.88) vslam=(2.63, 13.9, 5.23) error=7.739m max_error=7.739m (n=34)
[INFO] [1788529730.985306137] [vslam_compare]: gt=(1.57, 6.78, 4.89) vslam=(2.82, 15.25, 5.15) error=8.564m max_error=8.564m (n=35)
[INFO] [1788529731.985524160] [vslam_compare]: gt=(1.44, 7.22, 4.95) vslam=(2.76, 16.42, 5.02) error=9.291m max_error=9.291m (n=36)
[INFO] [1788529732.985378816] [vslam_compare]: gt=(1.3, 7.31, 4.93) vslam=(2.78, 16.98, 4.89) error=9.790m max_error=9.790m (n=37)
[INFO] [1788529733.985222816] [vslam_compare]: gt=(1.42, 7.17, 4.94) vslam=(3.15, 16.99, 4.89) error=9.968m max_error=9.968m (n=38)
[INFO] [1788529734.985310528] [vslam_compare]: gt=(1.31, 7.23, 4.98) vslam=(3.26, 17.66, 4.67) error=10.617m max_error=10.617m (n=39)
[INFO] [1788529735.985734515] [vslam_compare]: gt=(0.77, 7.57, 4.99) vslam=(2.59, 18.25, 4.3) error=10.859m max_error=10.859m (n=40)
[INFO] [1788529736.985587546] [vslam_compare]: gt=(0.19, 7.87, 4.98) vslam=(1.97, 18.68, 4.22) error=10.989m max_error=10.989m (n=41)
[INFO] [1788529737.985431483] [vslam_compare]: gt=(-0.01, 7.97, 4.98) vslam=(1.78, 18.83, 4.12) error=11.036m max_error=11.036m (n=42)
Traceback (most recent call last):
  File "/workspaces/isaac_ros-dev/ros2_ws/install/px4_vslam_bridge/lib/python3.10/site-packages/px4_vslam_bridge/vslam_compare.py", line 194, in main
    rclpy.spin(node)
  File "/opt/ros/humble/local/lib/python3.10/dist-packages/rclpy/__init__.py", line 229, in spin
    executor.spin_once()
  File "/opt/ros/humble/local/lib/python3.10/dist-packages/rclpy/executors.py", line 808, in spin_once
    self._spin_once_impl(timeout_sec)
  File "/opt/ros/humble/local/lib/python3.10/dist-packages/rclpy/executors.py", line 797, in _spin_once_impl
    handler, entity, node = self.wait_for_ready_callbacks(timeout_sec=timeout_sec)
  File "/opt/ros/humble/local/lib/python3.10/dist-packages/rclpy/executors.py", line 780, in wait_for_ready_callbacks
    return next(self._cb_iter)
  File "/opt/ros/humble/local/lib/python3.10/dist-packages/rclpy/executors.py", line 681, in _wait_for_ready_callbacks
    raise ExternalShutdownException()
rclpy.executors.ExternalShutdownException

During handling of the above exception, another exception occurred:

Traceback (most recent call last):
  File "/workspaces/isaac_ros-dev/ros2_ws/install/px4_vslam_bridge/lib/px4_vslam_bridge/vslam_compare", line 33, in <module>
    sys.exit(load_entry_point('px4-vslam-bridge==0.1.0', 'console_scripts', 'vslam_compare')())
  File "/workspaces/isaac_ros-dev/ros2_ws/install/px4_vslam_bridge/lib/python3.10/site-packages/px4_vslam_bridge/vslam_compare.py", line 199, in main
    rclpy.shutdown()
  File "/opt/ros/humble/local/lib/python3.10/dist-packages/rclpy/__init__.py", line 130, in shutdown
    _shutdown(context=context)
  File "/opt/ros/humble/local/lib/python3.10/dist-packages/rclpy/utilities.py", line 58, in shutdown
    return context.shutdown()
  File "/opt/ros/humble/local/lib/python3.10/dist-packages/rclpy/context.py", line 102, in shutdown
    self.__context.shutdown()
rclpy._rclpy_pybind11.RCLError: failed to shutdown: rcl_shutdown already called on the given context, at ./src/rcl/init.c:241
