[INFO] [1788600955.967057269] [fast_planner_bridge]: fast_planner_bridge ready -- will capture home at arm time and climb (0.0, 0.0, -5.0) NED relative to it, then follow /planning/pos_cmd from Fast-Planner
[INFO] [1788600955.967477144] [fast_planner_bridge]: >>> Press ENTER to arm and fly (or set OFFBOARD_AUTO_START=1) <<<
[INFO] [1788600958.841203480] [fast_planner_bridge]: OFFBOARD + ARMED confirmed -- home_ned=(0.06516573578119278, 0.018169566988945007, -0.03558976948261261), climbing to (0.06516573578119278, 0.018169566988945007, -5.035589769482613).
[INFO] [1788600958.891238679] [fast_planner_bridge]: [CLIMBING] pos_ned=(0.06,0.02,-0.04) dist=5.00m
[INFO] [1788600959.891180063] [fast_planner_bridge]: [CLIMBING] pos_ned=(0.05,0.03,-0.03) dist=5.01m
[INFO] [1788600960.891509073] [fast_planner_bridge]: [CLIMBING] pos_ned=(0.05,0.02,-0.02) dist=5.01m
[INFO] [1788600961.891290090] [fast_planner_bridge]: [CLIMBING] pos_ned=(0.04,0.01,-0.01) dist=5.02m
[INFO] [1788600962.891447893] [fast_planner_bridge]: [CLIMBING] pos_ned=(0.04,0.01,-0.02) dist=5.02m
[INFO] [1788600963.891531157] [fast_planner_bridge]: [CLIMBING] pos_ned=(0.05,0.06,-0.01) dist=5.03m
[INFO] [1788600964.891347928] [fast_planner_bridge]: [CLIMBING] pos_ned=(0.14,0.16,-0.19) dist=4.85m
[INFO] [1788600965.891316078] [fast_planner_bridge]: [CLIMBING] pos_ned=(0.06,0.04,-1.41) dist=3.63m
[INFO] [1788600966.891320604] [fast_planner_bridge]: [CLIMBING] pos_ned=(-0.05,0.01,-2.96) dist=2.08m
[INFO] [1788600967.891561705] [fast_planner_bridge]: [CLIMBING] pos_ned=(-0.05,-0.02,-3.83) dist=1.21m
[INFO] [1788600968.891666775] [fast_planner_bridge]: [CLIMBING] pos_ned=(0.01,-0.03,-4.24) dist=0.80m
[INFO] [1788600969.891169139] [fast_planner_bridge]: [CLIMBING] pos_ned=(0.07,0.01,-4.48) dist=0.55m
[INFO] [1788600970.891640922] [fast_planner_bridge]: [CLIMBING] pos_ned=(0.09,0.03,-4.65) dist=0.39m
[INFO] [1788600971.641353861] [fast_planner_bridge]: Climb complete (dist=0.30m) -- following Fast-Planner.
[INFO] [1788600971.891267363] [fast_planner_bridge]: [FOLLOWING] pos_ned=(0.09,0.03,-4.76) target_ned=(0.09,0.03,-4.73) pos_cmd_age=0.00s
[INFO] [1788600972.891217569] [fast_planner_bridge]: [FOLLOWING] pos_ned=(0.08,0.02,-4.68) target_ned=(0.09,0.03,-4.73) pos_cmd_age=0.00s
[INFO] [1788600973.891155301] [fast_planner_bridge]: [FOLLOWING] pos_ned=(0.09,0.01,-4.66) target_ned=(0.09,0.03,-4.73) pos_cmd_age=0.00s
[INFO] [1788600974.891143674] [fast_planner_bridge]: [FOLLOWING] pos_ned=(0.12,-0.01,-4.67) target_ned=(0.15,0.00,-4.74) pos_cmd_age=0.00s
[INFO] [1788600975.891432350] [fast_planner_bridge]: [FOLLOWING] pos_ned=(0.37,-0.16,-4.73) target_ned=(0.45,-0.15,-4.75) pos_cmd_age=0.00s
[INFO] [1788600976.891149928] [fast_planner_bridge]: [FOLLOWING] pos_ned=(0.85,-0.39,-4.78) target_ned=(0.92,-0.39,-4.79) pos_cmd_age=0.00s
[INFO] [1788600977.891431376] [fast_planner_bridge]: [FOLLOWING] pos_ned=(1.49,-0.62,-4.80) target_ned=(1.52,-0.72,-4.83) pos_cmd_age=0.00s
[INFO] [1788600978.891393963] [fast_planner_bridge]: [FOLLOWING] pos_ned=(2.07,-0.93,-4.82) target_ned=(2.13,-1.04,-4.86) pos_cmd_age=0.00s
[INFO] [1788600979.891221037] [fast_planner_bridge]: [FOLLOWING] pos_ned=(2.66,-1.22,-4.84) target_ned=(2.72,-1.29,-4.88) pos_cmd_age=0.00s
[INFO] [1788600980.891101065] [fast_planner_bridge]: [FOLLOWING] pos_ned=(3.08,-1.39,-4.85) target_ned=(3.14,-1.46,-4.89) pos_cmd_age=0.00s
[INFO] [1788600981.891109087] [fast_planner_bridge]: [FOLLOWING] pos_ned=(3.37,-1.64,-4.88) target_ned=(3.48,-1.72,-4.87) pos_cmd_age=0.00s
[INFO] [1788600982.891274758] [fast_planner_bridge]: [FOLLOWING] pos_ned=(3.78,-2.07,-4.89) target_ned=(3.86,-2.14,-4.87) pos_cmd_age=0.00s
[INFO] [1788600983.891210371] [fast_planner_bridge]: [FOLLOWING] pos_ned=(4.23,-2.61,-4.89) target_ned=(4.22,-2.63,-4.89) pos_cmd_age=0.00s
[INFO] [1788600984.891245083] [fast_planner_bridge]: [FOLLOWING] pos_ned=(4.59,-3.07,-4.93) target_ned=(4.62,-3.07,-4.92) pos_cmd_age=0.00s
[INFO] [1788600985.891245940] [fast_planner_bridge]: [FOLLOWING] pos_ned=(5.05,-3.39,-4.97) target_ned=(5.08,-3.40,-4.96) pos_cmd_age=0.00s
[INFO] [1788600986.891212791] [fast_planner_bridge]: [FOLLOWING] pos_ned=(5.58,-3.61,-4.96) target_ned=(5.54,-3.57,-5.00) pos_cmd_age=0.00s
[INFO] [1788600987.891116872] [fast_planner_bridge]: [FOLLOWING] pos_ned=(5.78,-3.59,-4.91) target_ned=(5.79,-3.49,-5.04) pos_cmd_age=0.00s
[INFO] [1788600988.891191896] [fast_planner_bridge]: [FOLLOWING] pos_ned=(5.82,-3.31,-4.99) target_ned=(5.79,-3.22,-5.08) pos_cmd_age=0.00s
[INFO] [1788600989.891169465] [fast_planner_bridge]: [FOLLOWING] pos_ned=(5.75,-2.82,-5.02) target_ned=(5.59,-2.82,-5.10) pos_cmd_age=0.00s
[INFO] [1788600990.891312818] [fast_planner_bridge]: [FOLLOWING] pos_ned=(5.77,-2.61,-5.10) target_ned=(5.28,-2.31,-5.11) pos_cmd_age=0.00s
[INFO] [1788600991.891359387] [fast_planner_bridge]: [FOLLOWING] pos_ned=(5.60,-3.57,-4.85) target_ned=(5.74,-2.76,-5.07) pos_cmd_age=0.00s
[INFO] [1788600992.891286803] [fast_planner_bridge]: [FOLLOWING] pos_ned=(6.20,-3.93,-4.46) target_ned=(5.74,-2.76,-5.07) pos_cmd_age=0.00s
[INFO] [1788600993.891328154] [fast_planner_bridge]: [FOLLOWING] pos_ned=(6.49,-3.03,-3.87) target_ned=(6.50,-3.06,-3.90) pos_cmd_age=0.00s
[INFO] [1788600994.891345167] [fast_planner_bridge]: [FOLLOWING] pos_ned=(5.89,-2.84,-2.80) target_ned=(6.15,-2.53,-3.42) pos_cmd_age=0.00s
[INFO] [1788600995.891273902] [fast_planner_bridge]: [FOLLOWING] pos_ned=(5.02,-4.28,-0.72) target_ned=(6.15,-2.53,-3.42) pos_cmd_age=0.00s
[INFO] [1788600996.891138835] [fast_planner_bridge]: [FOLLOWING] pos_ned=(3.61,-5.01,-0.08) target_ned=(6.15,-2.53,-3.42) pos_cmd_age=0.00s
[INFO] [1788600997.891096845] [fast_planner_bridge]: [FOLLOWING] pos_ned=(3.67,-5.70,-1.12) target_ned=(3.60,-4.84,-0.56) pos_cmd_age=0.00s
[INFO] [1788600998.891334297] [fast_planner_bridge]: [FOLLOWING] pos_ned=(3.81,-7.30,-0.54) target_ned=(3.67,-5.72,-1.13) pos_cmd_age=0.00s
[INFO] [1788600999.891042546] [fast_planner_bridge]: [FOLLOWING] pos_ned=(2.48,-11.84,-1.03) target_ned=(3.67,-5.72,-1.13) pos_cmd_age=0.00s
[WARN] [1788601000.500039093] [fast_planner_bridge]: Shutdown signal 15 received -- ceasing ARM requests, commanding AUTO.LAND, will disarm and exit once landed. If this doesn't complete and the vehicle needs to come down NOW, use emergency_stop.py instead of repeating this signal.
[INFO] [1788601000.641233480] [fast_planner_bridge]: Requesting AUTO.LAND... nav_state=14
[INFO] [1788601000.891326785] [fast_planner_bridge]: Requesting AUTO.LAND... nav_state=14
[INFO] [1788601000.941105571] [fast_planner_bridge]: AUTO.LAND confirmed -- ceasing offboard setpoints, handing off to the autopilot.
[INFO] [1788601001.891218864] [fast_planner_bridge]: Waiting for disarm (backstop disarm sent)... arming_state=2
