[INFO] [1788600951.575089870] [vslam_compare]: vslam_compare: logging per-message CSV to /workspaces/isaac_ros-dev/results/feasibility_gate/gate_sweep_medium_r17/vslam_compare.csv (exp_id='gate_sweep_medium_r17')
[INFO] [1788600951.595671738] [vslam_compare]: vslam_compare ready -- watching /visual_slam/tracking/odometry vs /ground_truth/odom
[INFO] [1788600951.706694539] [vslam_compare]: Ground truth origin set: (0.015640828758478165, 0.047700922936201096, 0.03767065703868866)
[INFO] [1788600952.016929408] [vslam_compare]: cuVSLAM origin set: (0.0, 0.0, 0.0) -- tracking initialized
[INFO] [1788600952.595870138] [vslam_compare]: gt=(-0.01, 0.0, 0.0) vslam=(0.0, 0.0, 0.0) error=0.007m max_error=0.007m (n=1)
[INFO] [1788600953.600896195] [vslam_compare]: gt=(-0.01, 0.01, 0.0) vslam=(0.0, 0.0, 0.0) error=0.011m max_error=0.011m (n=2)
[INFO] [1788600954.601546862] [vslam_compare]: gt=(-0.01, 0.01, 0.0) vslam=(0.0, 0.0, 0.0) error=0.014m max_error=0.014m (n=3)
[INFO] [1788600955.601691876] [vslam_compare]: gt=(-0.01, 0.02, -0.0) vslam=(0.0, 0.0, 0.0) error=0.019m max_error=0.019m (n=4)
[INFO] [1788600956.596003856] [vslam_compare]: gt=(-0.01, 0.02, -0.0) vslam=(0.0, 0.0, 0.0) error=0.026m max_error=0.026m (n=5)
[INFO] [1788600957.596327078] [vslam_compare]: gt=(-0.01, 0.03, -0.0) vslam=(0.0, 0.0, 0.0) error=0.027m max_error=0.027m (n=6)
[INFO] [1788600958.596033912] [vslam_compare]: gt=(-0.0, 0.02, -0.0) vslam=(0.0, 0.0, 0.0) error=0.021m max_error=0.027m (n=7)
[INFO] [1788600959.596001086] [vslam_compare]: gt=(0.01, 0.01, -0.01) vslam=(0.0, 0.0, 0.0) error=0.014m max_error=0.027m (n=8)
[INFO] [1788600960.596091748] [vslam_compare]: gt=(0.01, 0.0, -0.01) vslam=(0.0, 0.0, 0.0) error=0.016m max_error=0.027m (n=9)
[INFO] [1788600961.596220200] [vslam_compare]: gt=(-0.0, -0.01, -0.02) vslam=(0.0, 0.0, 0.0) error=0.024m max_error=0.027m (n=10)
[INFO] [1788600962.595977215] [vslam_compare]: gt=(-0.01, -0.01, -0.02) vslam=(-0.0, -0.0, 0.0) error=0.028m max_error=0.028m (n=11)
[INFO] [1788600963.596110644] [vslam_compare]: gt=(0.03, -0.0, -0.03) vslam=(-0.01, -0.04, 0.01) error=0.065m max_error=0.065m (n=12)
[INFO] [1788600964.595998319] [vslam_compare]: gt=(0.13, 0.06, 0.02) vslam=(0.23, -0.01, 0.01) error=0.126m max_error=0.126m (n=13)
[INFO] [1788600965.596175838] [vslam_compare]: gt=(0.05, 0.06, 0.94) vslam=(0.22, 0.01, 0.75) error=0.260m max_error=0.260m (n=14)
[INFO] [1788600966.596059403] [vslam_compare]: gt=(-0.0, -0.08, 2.51) vslam=(0.13, -0.15, 2.16) error=0.383m max_error=0.383m (n=15)
[INFO] [1788600967.595967422] [vslam_compare]: gt=(-0.03, -0.11, 3.61) vslam=(0.17, -0.22, 3.23) error=0.443m max_error=0.443m (n=16)
[INFO] [1788600968.596135610] [vslam_compare]: gt=(-0.05, -0.06, 4.1) vslam=(0.17, -0.17, 3.91) error=0.316m max_error=0.443m (n=17)
[INFO] [1788600969.596136017] [vslam_compare]: gt=(-0.02, 0.01, 4.39) vslam=(0.2, -0.12, 4.25) error=0.285m max_error=0.443m (n=18)
[INFO] [1788600970.595989982] [vslam_compare]: gt=(0.02, 0.05, 4.57) vslam=(0.14, -0.1, 4.52) error=0.194m max_error=0.443m (n=19)
[INFO] [1788600971.595856849] [vslam_compare]: gt=(0.02, 0.04, 4.7) vslam=(0.13, -0.09, 4.69) error=0.173m max_error=0.443m (n=20)
[INFO] [1788600972.596348629] [vslam_compare]: gt=(0.01, 0.04, 4.66) vslam=(0.11, -0.1, 4.68) error=0.164m max_error=0.443m (n=21)
[INFO] [1788600973.596122661] [vslam_compare]: gt=(-0.0, 0.04, 4.62) vslam=(0.1, -0.09, 4.64) error=0.168m max_error=0.443m (n=22)
[INFO] [1788600974.595832232] [vslam_compare]: gt=(-0.01, 0.05, 4.63) vslam=(0.1, -0.1, 4.65) error=0.193m max_error=0.443m (n=23)
[INFO] [1788600975.595993716] [vslam_compare]: gt=(-0.12, 0.23, 4.68) vslam=(0.12, -0.06, 4.62) error=0.377m max_error=0.443m (n=24)
[INFO] [1788600976.596002926] [vslam_compare]: gt=(-0.35, 0.64, 4.73) vslam=(-0.09, 0.23, 4.63) error=0.491m max_error=0.491m (n=25)
[INFO] [1788600977.596008507] [vslam_compare]: gt=(-0.56, 1.27, 4.76) vslam=(-0.54, 0.65, 4.71) error=0.625m max_error=0.625m (n=26)
[INFO] [1788600978.596033612] [vslam_compare]: gt=(-0.85, 1.86, 4.77) vslam=(-0.92, 1.18, 4.74) error=0.686m max_error=0.686m (n=27)
[INFO] [1788600979.596016778] [vslam_compare]: gt=(-1.17, 2.47, 4.8) vslam=(-1.38, 1.75, 4.75) error=0.746m max_error=0.746m (n=28)
[INFO] [1788600980.596043040] [vslam_compare]: gt=(-1.36, 2.94, 4.8) vslam=(-1.69, 2.33, 4.78) error=0.693m max_error=0.746m (n=29)
[INFO] [1788600981.596098934] [vslam_compare]: gt=(-1.56, 3.23, 4.84) vslam=(-1.95, 2.91, 4.8) error=0.505m max_error=0.746m (n=30)
[INFO] [1788600982.595865941] [vslam_compare]: gt=(-1.95, 3.6, 4.85) vslam=(-2.51, 3.41, 4.76) error=0.590m max_error=0.746m (n=31)
[INFO] [1788600983.596037152] [vslam_compare]: gt=(-2.47, 4.06, 4.85) vslam=(-3.14, 4.17, 4.71) error=0.699m max_error=0.746m (n=32)
[INFO] [1788600984.596128462] [vslam_compare]: gt=(-2.97, 4.44, 4.88) vslam=(-3.85, 4.82, 4.7) error=0.979m max_error=0.979m (n=33)
[INFO] [1788600985.596235269] [vslam_compare]: gt=(-3.33, 4.86, 4.91) vslam=(-4.32, 5.74, 4.72) error=1.340m max_error=1.340m (n=34)
[INFO] [1788600986.596156558] [vslam_compare]: gt=(-3.59, 5.4, 4.94) vslam=(-4.74, 6.74, 4.69) error=1.783m max_error=1.783m (n=35)
[INFO] [1788600987.595894064] [vslam_compare]: gt=(-3.63, 5.71, 4.84) vslam=(-5.98, 8.09, 4.92) error=3.349m max_error=3.349m (n=36)
[INFO] [1788600988.596148623] [vslam_compare]: gt=(-3.44, 5.76, 4.96) vslam=(-5.64, 8.65, 4.73) error=3.643m max_error=3.643m (n=37)
[INFO] [1788600989.596087605] [vslam_compare]: gt=(-3.0, 5.75, 4.94) vslam=(-5.44, 8.55, 4.56) error=3.734m max_error=3.734m (n=38)
[INFO] [1788600990.595934302] [vslam_compare]: gt=(-2.57, 5.65, 5.06) vslam=(-37.26, 5.84, 7.11) error=34.744m max_error=34.744m (n=39)
[INFO] [1788600991.595969074] [vslam_compare]: gt=(-3.35, 5.55, 4.89) vslam=(-41.91, 6.67, 5.85) error=38.591m max_error=38.591m (n=40)
[INFO] [1788600992.595908875] [vslam_compare]: gt=(-3.97, 5.92, 4.56) vslam=(-8.47, -8.7, -9.52) error=20.782m max_error=38.591m (n=41)
[INFO] [1788600993.596169286] [vslam_compare]: gt=(-3.42, 6.48, 4.05) vslam=(-28.74, 0.25, -13.11) error=31.223m max_error=38.591m (n=42)
[INFO] [1788600994.596069055] [vslam_compare]: gt=(-2.62, 6.0, 3.21) vslam=(-43.02, 5.67, -19.53) error=46.365m max_error=46.365m (n=43)
[INFO] [1788600995.596065870] [vslam_compare]: gt=(-3.84, 5.34, 1.35) vslam=(-36.75, 8.14, -20.2) error=39.440m max_error=46.365m (n=44)
Traceback (most recent call last):
  File "/workspaces/isaac_ros-dev/ros2_ws/install/px4_vslam_bridge/lib/python3.10/site-packages/px4_vslam_bridge/vslam_compare.py", line 194, in main
    rclpy.spin(node)
  File "/opt/ros/humble/local/lib/python3.10/dist-packages/rclpy/__init__.py", line 229, in spin
    executor.spin_once()
  File "/opt/ros/humble/local/lib/python3.10/dist-packages/rclpy/executors.py", line 808, in spin_once
    self._spin_once_impl(timeout_sec)
  File "/opt/ros/humble/local/lib/python3.10/dist-packages/rclpy/executors.py", line 797, in _spin_once_impl
    handler, entity, node = self.wait_for_ready_callbacks(timeout_sec=timeout_sec)
  File "/opt/ros/humble/local/lib/python3.10/dist-packages/rclpy/executors.py", line 780, in wait_for_ready_callbacks
    return next(self._cb_iter)
  File "/opt/ros/humble/local/lib/python3.10/dist-packages/rclpy/executors.py", line 681, in _wait_for_ready_callbacks
    raise ExternalShutdownException()
rclpy.executors.ExternalShutdownException

During handling of the above exception, another exception occurred:

Traceback (most recent call last):
  File "/workspaces/isaac_ros-dev/ros2_ws/install/px4_vslam_bridge/lib/px4_vslam_bridge/vslam_compare", line 33, in <module>
    sys.exit(load_entry_point('px4-vslam-bridge==0.1.0', 'console_scripts', 'vslam_compare')())
  File "/workspaces/isaac_ros-dev/ros2_ws/install/px4_vslam_bridge/lib/python3.10/site-packages/px4_vslam_bridge/vslam_compare.py", line 199, in main
    rclpy.shutdown()
  File "/opt/ros/humble/local/lib/python3.10/dist-packages/rclpy/__init__.py", line 130, in shutdown
    _shutdown(context=context)
  File "/opt/ros/humble/local/lib/python3.10/dist-packages/rclpy/utilities.py", line 58, in shutdown
    return context.shutdown()
  File "/opt/ros/humble/local/lib/python3.10/dist-packages/rclpy/context.py", line 102, in shutdown
    self.__context.shutdown()
rclpy._rclpy_pybind11.RCLError: failed to shutdown: rcl_shutdown already called on the given context, at ./src/rcl/init.c:241
