[INFO] [1788710114.006082093] [visual_odometry_bridge]: visual_odometry_bridge ready: /visual_slam/tracking/odometry -> /fmu/in/vehicle_visual_odometry
[INFO] [1788710119.048447287] [visual_odometry_bridge]: published 100 vehicle_visual_odometry samples (last NED pos=(0.00,0.00,-0.00))
[WARN] [1788710124.982444862] [visual_odometry_bridge]: Rejected cuVSLAM update: implied speed 10.6 m/s (jumped 0.38m in 36ms) -- holding last known-good position, not forwarding to EKF2. (1 rejected total)
[INFO] [1788710129.417484361] [visual_odometry_bridge]: published 300 vehicle_visual_odometry samples (last NED pos=(0.14,-1.60,-1.56))
[WARN] [1788710129.772052325] [visual_odometry_bridge]: Rejected cuVSLAM update: implied speed 193.1 m/s (jumped 6.18m in 32ms) -- holding last known-good position, not forwarding to EKF2. (12 rejected total)
[WARN] [1788710130.792112668] [visual_odometry_bridge]: Rejected cuVSLAM update: implied speed 8.2 m/s (jumped 5.95m in 728ms) -- holding last known-good position, not forwarding to EKF2. (33 rejected total)
[WARN] [1788710132.354197542] [visual_odometry_bridge]: Rejected cuVSLAM update: implied speed 8.5 m/s (jumped 0.27m in 32ms) -- holding last known-good position, not forwarding to EKF2. (47 rejected total)
[WARN] [1788710133.407563085] [visual_odometry_bridge]: Rejected cuVSLAM update: implied speed 14.7 m/s (jumped 0.53m in 36ms) -- holding last known-good position, not forwarding to EKF2. (52 rejected total)
[WARN] [1788710134.676968179] [visual_odometry_bridge]: Rejected cuVSLAM update: implied speed 34.0 m/s (jumped 1.09m in 32ms) -- holding last known-good position, not forwarding to EKF2. (57 rejected total)
[WARN] [1788710135.894151522] [visual_odometry_bridge]: Rejected cuVSLAM update: implied speed 19.1 m/s (jumped 0.61m in 32ms) -- holding last known-good position, not forwarding to EKF2. (62 rejected total)
[WARN] [1788710136.911432452] [visual_odometry_bridge]: Rejected cuVSLAM update: implied speed 8.9 m/s (jumped 3.22m in 364ms) -- holding last known-good position, not forwarding to EKF2. (76 rejected total)
[INFO] [1788710137.706479332] [visual_odometry_bridge]: published 400 vehicle_visual_odometry samples (last NED pos=(6.29,-6.87,-5.16))
[WARN] [1788710141.450868793] [visual_odometry_bridge]: Rejected cuVSLAM update: implied speed 14.0 m/s (jumped 0.50m in 36ms) -- holding last known-good position, not forwarding to EKF2. (80 rejected total)
[WARN] [1788710144.306007459] [visual_odometry_bridge]: Rejected cuVSLAM update: implied speed 29.5 m/s (jumped 0.94m in 32ms) -- holding last known-good position, not forwarding to EKF2. (82 rejected total)
[INFO] [1788710147.729751231] [visual_odometry_bridge]: published 600 vehicle_visual_odometry samples (last NED pos=(7.36,-5.82,-5.99))
Traceback (most recent call last):
  File "/workspaces/isaac_ros-dev/ros2_ws/install/px4_vslam_bridge/lib/python3.10/site-packages/px4_vslam_bridge/visual_odometry_bridge.py", line 160, in main
    rclpy.spin(node)
  File "/opt/ros/humble/local/lib/python3.10/dist-packages/rclpy/__init__.py", line 229, in spin
    executor.spin_once()
  File "/opt/ros/humble/local/lib/python3.10/dist-packages/rclpy/executors.py", line 808, in spin_once
    self._spin_once_impl(timeout_sec)
  File "/opt/ros/humble/local/lib/python3.10/dist-packages/rclpy/executors.py", line 797, in _spin_once_impl
    handler, entity, node = self.wait_for_ready_callbacks(timeout_sec=timeout_sec)
  File "/opt/ros/humble/local/lib/python3.10/dist-packages/rclpy/executors.py", line 780, in wait_for_ready_callbacks
    return next(self._cb_iter)
  File "/opt/ros/humble/local/lib/python3.10/dist-packages/rclpy/executors.py", line 681, in _wait_for_ready_callbacks
    raise ExternalShutdownException()
rclpy.executors.ExternalShutdownException

During handling of the above exception, another exception occurred:

Traceback (most recent call last):
  File "/workspaces/isaac_ros-dev/ros2_ws/install/px4_vslam_bridge/lib/px4_vslam_bridge/visual_odometry_bridge", line 33, in <module>
    sys.exit(load_entry_point('px4-vslam-bridge==0.1.0', 'console_scripts', 'visual_odometry_bridge')())
  File "/workspaces/isaac_ros-dev/ros2_ws/install/px4_vslam_bridge/lib/python3.10/site-packages/px4_vslam_bridge/visual_odometry_bridge.py", line 165, in main
    rclpy.shutdown()
  File "/opt/ros/humble/local/lib/python3.10/dist-packages/rclpy/__init__.py", line 130, in shutdown
    _shutdown(context=context)
  File "/opt/ros/humble/local/lib/python3.10/dist-packages/rclpy/utilities.py", line 58, in shutdown
    return context.shutdown()
  File "/opt/ros/humble/local/lib/python3.10/dist-packages/rclpy/context.py", line 102, in shutdown
    self.__context.shutdown()
rclpy._rclpy_pybind11.RCLError: failed to shutdown: rcl_shutdown already called on the given context, at ./src/rcl/init.c:241
