[INFO] [1788595720.342920820] [vslam_compare]: vslam_compare: logging per-message CSV to /workspaces/isaac_ros-dev/results/feasibility_gate/gate_sweep_extreme_r19/vslam_compare.csv (exp_id='gate_sweep_extreme_r19')
[INFO] [1788595720.362701782] [vslam_compare]: vslam_compare ready -- watching /visual_slam/tracking/odometry vs /ground_truth/odom
[INFO] [1788595720.366820592] [vslam_compare]: Ground truth origin set: (0.005300577264279127, 0.028202101588249207, 0.012760907411575317)
[INFO] [1788595720.389754876] [vslam_compare]: cuVSLAM origin set: (0.0, 0.0, 0.0) -- tracking initialized
[INFO] [1788595721.363016087] [vslam_compare]: gt=(0.01, 0.01, -0.0) vslam=(0.0, 0.0, 0.0) error=0.014m max_error=0.014m (n=1)
[INFO] [1788595722.362919153] [vslam_compare]: gt=(0.0, 0.02, -0.0) vslam=(0.0, 0.0, 0.0) error=0.020m max_error=0.020m (n=2)
[INFO] [1788595723.362967719] [vslam_compare]: gt=(0.0, 0.01, -0.0) vslam=(0.0, 0.0, 0.0) error=0.008m max_error=0.020m (n=3)
[INFO] [1788595724.363118112] [vslam_compare]: gt=(-0.0, -0.01, -0.01) vslam=(0.0, 0.0, 0.0) error=0.017m max_error=0.020m (n=4)
[INFO] [1788595725.363080108] [vslam_compare]: gt=(-0.03, -0.01, -0.03) vslam=(0.0, 0.0, 0.0) error=0.037m max_error=0.037m (n=5)
[INFO] [1788595726.362766331] [vslam_compare]: gt=(-0.04, -0.01, -0.03) vslam=(0.0, 0.0, 0.0) error=0.053m max_error=0.053m (n=6)
[INFO] [1788595727.363075319] [vslam_compare]: gt=(-0.03, -0.01, -0.04) vslam=(0.0, 0.0, 0.0) error=0.049m max_error=0.053m (n=7)
[INFO] [1788595728.362776058] [vslam_compare]: gt=(-0.03, -0.01, -0.03) vslam=(0.0, 0.0, 0.0) error=0.042m max_error=0.053m (n=8)
[INFO] [1788595729.363260106] [vslam_compare]: gt=(-0.04, -0.02, -0.02) vslam=(0.0, 0.0, 0.0) error=0.047m max_error=0.053m (n=9)
[INFO] [1788595730.362939628] [vslam_compare]: gt=(-0.03, -0.03, -0.02) vslam=(0.0, 0.0, 0.0) error=0.050m max_error=0.053m (n=10)
[INFO] [1788595731.362753103] [vslam_compare]: gt=(-0.03, -0.03, -0.02) vslam=(0.0, 0.0, 0.0) error=0.049m max_error=0.053m (n=11)
[INFO] [1788595732.363252867] [vslam_compare]: gt=(-0.01, -0.02, -0.02) vslam=(-0.0, -0.01, 0.0) error=0.025m max_error=0.053m (n=12)
[INFO] [1788595733.362940898] [vslam_compare]: gt=(0.1, -0.0, 0.01) vslam=(0.16, -0.07, 0.0) error=0.099m max_error=0.099m (n=13)
[INFO] [1788595734.363079158] [vslam_compare]: gt=(0.08, -0.01, 0.88) vslam=(0.21, -0.03, 0.59) error=0.322m max_error=0.322m (n=14)
[INFO] [1788595735.363189279] [vslam_compare]: gt=(-0.02, -0.15, 2.65) vslam=(0.11, -0.2, 2.27) error=0.405m max_error=0.405m (n=15)
[INFO] [1788595736.362965807] [vslam_compare]: gt=(-0.09, -0.14, 3.77) vslam=(0.04, -0.08, 4.57) error=0.817m max_error=0.817m (n=16)
[INFO] [1788595737.363005691] [vslam_compare]: gt=(-0.11, -0.05, 4.22) vslam=(0.0, -0.22, 4.69) error=0.507m max_error=0.817m (n=17)
[INFO] [1788595738.362814982] [vslam_compare]: gt=(-0.08, 0.03, 4.48) vslam=(0.03, -0.08, 5.23) error=0.771m max_error=0.817m (n=18)
[INFO] [1788595739.363036733] [vslam_compare]: gt=(-0.05, 0.05, 4.63) vslam=(0.1, -0.08, 5.54) error=0.924m max_error=0.924m (n=19)
[INFO] [1788595740.362882456] [vslam_compare]: gt=(-0.01, 0.04, 4.66) vslam=(0.14, -0.11, 5.63) error=0.990m max_error=0.990m (n=20)
[INFO] [1788595741.363138779] [vslam_compare]: gt=(-0.03, 0.04, 4.55) vslam=(0.13, -0.09, 5.53) error=1.001m max_error=1.001m (n=21)
[INFO] [1788595742.363002245] [vslam_compare]: gt=(0.03, 0.16, 4.41) vslam=(0.11, -0.03, 5.23) error=0.841m max_error=1.001m (n=22)
[INFO] [1788595743.363091033] [vslam_compare]: gt=(0.31, 0.65, 4.16) vslam=(0.47, 0.24, 5.0) error=0.944m max_error=1.001m (n=23)
[INFO] [1788595744.362914850] [vslam_compare]: gt=(0.55, 1.39, 4.03) vslam=(0.81, 0.87, 4.84) error=1.002m max_error=1.002m (n=24)
[INFO] [1788595745.363117663] [vslam_compare]: gt=(0.91, 2.19, 4.07) vslam=(1.35, 1.49, 4.86) error=1.140m max_error=1.140m (n=25)
[INFO] [1788595746.362944313] [vslam_compare]: gt=(1.25, 2.85, 4.2) vslam=(1.8, 2.21, 4.95) error=1.129m max_error=1.140m (n=26)
[INFO] [1788595747.363036944] [vslam_compare]: gt=(1.48, 3.24, 4.32) vslam=(2.19, 2.65, 5.12) error=1.228m max_error=1.228m (n=27)
[INFO] [1788595748.362808384] [vslam_compare]: gt=(1.62, 3.6, 4.33) vslam=(2.33, 3.09, 5.19) error=1.233m max_error=1.233m (n=28)
[INFO] [1788595749.363093484] [vslam_compare]: gt=(1.7, 3.89, 4.3) vslam=(2.32, 3.46, 5.17) error=1.149m max_error=1.233m (n=29)
[INFO] [1788595750.363132774] [vslam_compare]: gt=(1.68, 3.85, 4.35) vslam=(2.34, 3.46, 5.23) error=1.164m max_error=1.233m (n=30)
[INFO] [1788595751.363078350] [vslam_compare]: gt=(1.49, 3.82, 4.42) vslam=(2.21, 3.41, 5.26) error=1.175m max_error=1.233m (n=31)
[INFO] [1788595752.362806570] [vslam_compare]: gt=(1.32, 4.18, 4.46) vslam=(1.95, 3.66, 5.34) error=1.199m max_error=1.233m (n=32)
[INFO] [1788595753.363050219] [vslam_compare]: gt=(1.23, 4.79, 4.47) vslam=(1.83, 4.14, 5.34) error=1.242m max_error=1.242m (n=33)
[INFO] [1788595754.363657643] [vslam_compare]: gt=(1.37, 5.39, 4.52) vslam=(1.87, 4.78, 5.4) error=1.179m max_error=1.242m (n=34)
[INFO] [1788595755.363042432] [vslam_compare]: gt=(1.71, 5.76, 4.58) vslam=(2.16, 5.22, 5.46) error=1.128m max_error=1.242m (n=35)
[INFO] [1788595756.363433932] [vslam_compare]: gt=(1.86, 5.98, 4.52) vslam=(2.98, 6.04, 5.51) error=1.490m max_error=1.490m (n=36)
[INFO] [1788595757.362790523] [vslam_compare]: gt=(1.68, 6.31, 4.58) vslam=(2.28, 5.84, 5.42) error=1.136m max_error=1.490m (n=37)
[INFO] [1788595758.363027798] [vslam_compare]: gt=(1.23, 6.77, 4.72) vslam=(2.22, 6.09, 5.48) error=1.418m max_error=1.490m (n=38)
[INFO] [1788595759.363022706] [vslam_compare]: gt=(0.63, 7.18, 4.83) vslam=(1.93, 6.32, 5.52) error=1.704m max_error=1.704m (n=39)
[INFO] [1788595760.362928034] [vslam_compare]: gt=(0.16, 7.64, 4.94) vslam=(1.74, 6.49, 5.64) error=2.078m max_error=2.078m (n=40)
[INFO] [1788595761.362998960] [vslam_compare]: gt=(-0.01, 7.95, 4.99) vslam=(1.62, 6.68, 5.69) error=2.181m max_error=2.181m (n=41)
[INFO] [1788595762.362946196] [vslam_compare]: gt=(0.05, 7.99, 4.98) vslam=(1.63, 6.71, 5.7) error=2.161m max_error=2.181m (n=42)
[INFO] [1788595763.363253009] [vslam_compare]: gt=(0.07, 8.01, 4.99) vslam=(1.66, 6.72, 5.85) error=2.218m max_error=2.218m (n=43)
[INFO] [1788595764.363274929] [vslam_compare]: gt=(0.03, 8.03, 5.0) vslam=(1.74, 6.71, 5.97) error=2.372m max_error=2.372m (n=44)
Traceback (most recent call last):
  File "/workspaces/isaac_ros-dev/ros2_ws/install/px4_vslam_bridge/lib/px4_vslam_bridge/vslam_compare", line 33, in <module>
    sys.exit(load_entry_point('px4-vslam-bridge==0.1.0', 'console_scripts', 'vslam_compare')())
  File "/workspaces/isaac_ros-dev/ros2_ws/install/px4_vslam_bridge/lib/python3.10/site-packages/px4_vslam_bridge/vslam_compare.py", line 199, in main
    rclpy.shutdown()
  File "/opt/ros/humble/local/lib/python3.10/dist-packages/rclpy/__init__.py", line 130, in shutdown
    _shutdown(context=context)
  File "/opt/ros/humble/local/lib/python3.10/dist-packages/rclpy/utilities.py", line 58, in shutdown
    return context.shutdown()
  File "/opt/ros/humble/local/lib/python3.10/dist-packages/rclpy/context.py", line 102, in shutdown
    self.__context.shutdown()
rclpy._rclpy_pybind11.RCLError: failed to shutdown: rcl_shutdown already called on the given context, at ./src/rcl/init.c:241
