[INFO] [1788602618.799356875] [fast_planner_bridge]: fast_planner_bridge ready -- will capture home at arm time and climb (0.0, 0.0, -5.0) NED relative to it, then follow /planning/pos_cmd from Fast-Planner
[INFO] [1788602618.799731267] [fast_planner_bridge]: >>> Press ENTER to arm and fly (or set OFFBOARD_AUTO_START=1) <<<
[INFO] [1788602621.619953064] [fast_planner_bridge]: OFFBOARD + ARMED confirmed -- home_ned=(0.003922672942280769, 0.022523697465658188, 0.016687676310539246), climbing to (0.003922672942280769, 0.022523697465658188, -4.983312323689461).
[INFO] [1788602621.770335632] [fast_planner_bridge]: [CLIMBING] pos_ned=(0.00,0.02,0.01) dist=5.00m
[INFO] [1788602622.770193003] [fast_planner_bridge]: [CLIMBING] pos_ned=(0.01,0.02,0.00) dist=4.98m
[INFO] [1788602623.770165012] [fast_planner_bridge]: [CLIMBING] pos_ned=(0.01,0.01,0.00) dist=4.98m
[INFO] [1788602624.769990639] [fast_planner_bridge]: [CLIMBING] pos_ned=(0.02,0.01,0.01) dist=4.99m
[INFO] [1788602625.770360640] [fast_planner_bridge]: [CLIMBING] pos_ned=(0.00,0.05,0.01) dist=5.00m
[INFO] [1788602626.770234712] [fast_planner_bridge]: [CLIMBING] pos_ned=(0.03,0.12,-0.53) dist=4.45m
[INFO] [1788602627.769982500] [fast_planner_bridge]: [CLIMBING] pos_ned=(-0.07,0.06,-2.26) dist=2.73m
[INFO] [1788602628.769941105] [fast_planner_bridge]: [CLIMBING] pos_ned=(-0.09,-0.01,-3.69) dist=1.30m
[INFO] [1788602629.769819612] [fast_planner_bridge]: [CLIMBING] pos_ned=(-0.03,-0.03,-4.22) dist=0.77m
[INFO] [1788602630.769775167] [fast_planner_bridge]: [CLIMBING] pos_ned=(0.03,-0.02,-4.50) dist=0.48m
[INFO] [1788602631.770241041] [fast_planner_bridge]: [CLIMBING] pos_ned=(0.06,0.01,-4.68) dist=0.31m
[INFO] [1788602631.820107905] [fast_planner_bridge]: Climb complete (dist=0.30m) -- following Fast-Planner.
[INFO] [1788602632.770274887] [fast_planner_bridge]: [FOLLOWING] pos_ned=(0.03,0.02,-4.52) target_ned=(0.28,-0.02,-4.43) pos_cmd_age=0.00s
[INFO] [1788602633.770329904] [fast_planner_bridge]: [FOLLOWING] pos_ned=(0.10,0.11,-4.46) target_ned=(0.29,0.09,-4.45) pos_cmd_age=0.00s
[INFO] [1788602634.769900666] [fast_planner_bridge]: [FOLLOWING] pos_ned=(0.59,0.30,-4.51) target_ned=(0.63,0.37,-4.51) pos_cmd_age=0.00s
[INFO] [1788602635.770189757] [fast_planner_bridge]: [FOLLOWING] pos_ned=(1.32,0.61,-4.55) target_ned=(1.29,0.76,-4.59) pos_cmd_age=0.00s
[INFO] [1788602636.769979353] [fast_planner_bridge]: [FOLLOWING] pos_ned=(2.12,1.06,-4.61) target_ned=(2.11,1.17,-4.66) pos_cmd_age=0.00s
[INFO] [1788602637.770116885] [fast_planner_bridge]: [FOLLOWING] pos_ned=(2.89,1.36,-4.69) target_ned=(2.94,1.46,-4.72) pos_cmd_age=0.00s
[INFO] [1788602638.770098787] [fast_planner_bridge]: [FOLLOWING] pos_ned=(3.52,1.59,-4.74) target_ned=(3.57,1.63,-4.76) pos_cmd_age=0.00s
[INFO] [1788602639.769795075] [fast_planner_bridge]: [FOLLOWING] pos_ned=(3.78,1.69,-4.76) target_ned=(3.81,1.67,-4.77) pos_cmd_age=0.00s
[INFO] [1788602640.769972187] [fast_planner_bridge]: [FOLLOWING] pos_ned=(3.82,1.77,-4.75) target_ned=(3.94,1.71,-4.75) pos_cmd_age=0.00s
[INFO] [1788602641.770094209] [fast_planner_bridge]: [FOLLOWING] pos_ned=(4.40,1.81,-4.72) target_ned=(4.48,1.75,-4.75) pos_cmd_age=0.00s
[INFO] [1788602642.770124210] [fast_planner_bridge]: [FOLLOWING] pos_ned=(5.25,1.85,-4.74) target_ned=(5.28,1.84,-4.75) pos_cmd_age=0.00s
[INFO] [1788602643.770124938] [fast_planner_bridge]: [FOLLOWING] pos_ned=(6.11,1.98,-4.81) target_ned=(6.11,1.98,-4.79) pos_cmd_age=0.00s
[INFO] [1788602644.770011464] [fast_planner_bridge]: [FOLLOWING] pos_ned=(6.64,1.93,-4.86) target_ned=(6.63,1.87,-4.84) pos_cmd_age=0.00s
[INFO] [1788602645.770013639] [fast_planner_bridge]: [FOLLOWING] pos_ned=(6.79,1.77,-4.87) target_ned=(6.77,1.74,-4.86) pos_cmd_age=0.00s
[INFO] [1788602646.770392754] [fast_planner_bridge]: [FOLLOWING] pos_ned=(6.75,1.87,-4.84) target_ned=(6.71,1.82,-4.85) pos_cmd_age=0.00s
[INFO] [1788602647.769847206] [fast_planner_bridge]: [FOLLOWING] pos_ned=(6.82,1.80,-4.84) target_ned=(6.81,1.66,-4.84) pos_cmd_age=0.00s
[INFO] [1788602648.769844028] [fast_planner_bridge]: [FOLLOWING] pos_ned=(7.16,1.23,-4.87) target_ned=(7.15,1.14,-4.87) pos_cmd_age=0.00s
[INFO] [1788602649.770010140] [fast_planner_bridge]: [FOLLOWING] pos_ned=(7.59,0.52,-4.91) target_ned=(7.59,0.51,-4.93) pos_cmd_age=0.00s
[INFO] [1788602650.770140687] [fast_planner_bridge]: [FOLLOWING] pos_ned=(7.91,0.08,-4.97) target_ned=(7.93,0.08,-4.99) pos_cmd_age=0.00s
[INFO] [1788602651.770531866] [fast_planner_bridge]: [FOLLOWING] pos_ned=(8.00,-0.00,-4.98) target_ned=(8.00,-0.00,-5.00) pos_cmd_age=0.00s
[INFO] [1788602652.770197766] [fast_planner_bridge]: [FOLLOWING] pos_ned=(8.00,0.04,-4.98) target_ned=(8.00,-0.00,-5.00) pos_cmd_age=0.00s
[INFO] [1788602653.770148702] [fast_planner_bridge]: [FOLLOWING] pos_ned=(8.05,0.01,-5.00) target_ned=(8.00,-0.00,-5.00) pos_cmd_age=0.00s
[INFO] [1788602654.769973405] [fast_planner_bridge]: [FOLLOWING] pos_ned=(8.08,-0.04,-5.01) target_ned=(8.00,-0.00,-5.00) pos_cmd_age=0.00s
[INFO] [1788602655.769982465] [fast_planner_bridge]: [FOLLOWING] pos_ned=(8.05,-0.04,-5.00) target_ned=(8.00,-0.00,-5.00) pos_cmd_age=0.00s
[INFO] [1788602656.770156256] [fast_planner_bridge]: [FOLLOWING] pos_ned=(8.02,-0.02,-4.99) target_ned=(8.00,-0.00,-5.00) pos_cmd_age=0.00s
[INFO] [1788602657.770045376] [fast_planner_bridge]: [FOLLOWING] pos_ned=(8.03,-0.01,-5.00) target_ned=(8.00,-0.00,-5.00) pos_cmd_age=0.00s
[INFO] [1788602658.770152807] [fast_planner_bridge]: [FOLLOWING] pos_ned=(8.02,-0.02,-5.01) target_ned=(8.00,-0.00,-5.00) pos_cmd_age=0.00s
[INFO] [1788602659.770303171] [fast_planner_bridge]: [FOLLOWING] pos_ned=(8.01,-0.00,-5.01) target_ned=(8.00,-0.00,-5.00) pos_cmd_age=0.00s
[INFO] [1788602660.770136502] [fast_planner_bridge]: [FOLLOWING] pos_ned=(8.02,0.01,-5.01) target_ned=(8.00,-0.00,-5.00) pos_cmd_age=0.00s
[INFO] [1788602661.770319993] [fast_planner_bridge]: [FOLLOWING] pos_ned=(8.01,-0.00,-5.01) target_ned=(8.00,-0.00,-5.00) pos_cmd_age=0.00s
[WARN] [1788602661.996565064] [fast_planner_bridge]: Shutdown signal 15 received -- ceasing ARM requests, commanding AUTO.LAND, will disarm and exit once landed. If this doesn't complete and the vehicle needs to come down NOW, use emergency_stop.py instead of repeating this signal.
[INFO] [1788602662.019944898] [fast_planner_bridge]: Requesting AUTO.LAND... nav_state=14
[INFO] [1788602662.070054311] [fast_planner_bridge]: AUTO.LAND confirmed -- ceasing offboard setpoints, handing off to the autopilot.
[INFO] [1788602662.769806477] [fast_planner_bridge]: Waiting for disarm (backstop disarm sent)... arming_state=2
[INFO] [1788602664.770088309] [fast_planner_bridge]: Waiting for disarm (backstop disarm sent)... arming_state=2
