[INFO] [1788749131.833786179] [reactive_esdf_avoidance]: reactive_esdf_avoidance ready -- climb to (0.0, 0.0, -5.0) NED, then reactively fly to goal (7.0, 0.0, 5.0) ENU
[INFO] [1788749131.834183833] [reactive_esdf_avoidance]: >>> Press ENTER to arm and fly (or set OFFBOARD_AUTO_START=1) <<<
[INFO] [1788749134.705374501] [reactive_esdf_avoidance]: OFFBOARD + ARMED confirmed -- climbing.
[INFO] [1788749134.805695154] [reactive_esdf_avoidance]: [CLIMBING] pos_ned=(-0.02,0.01,0.01) dist=5.01m
[INFO] [1788749135.805230582] [reactive_esdf_avoidance]: [CLIMBING] pos_ned=(-0.03,0.00,0.00) dist=5.00m
[INFO] [1788749136.805389638] [reactive_esdf_avoidance]: [CLIMBING] pos_ned=(-0.02,0.00,0.00) dist=5.00m
[INFO] [1788749137.805532412] [reactive_esdf_avoidance]: [CLIMBING] pos_ned=(-0.02,-0.01,0.01) dist=5.01m
[INFO] [1788749138.805517162] [reactive_esdf_avoidance]: [CLIMBING] pos_ned=(-0.02,0.03,0.01) dist=5.01m
[INFO] [1788749139.805638123] [reactive_esdf_avoidance]: [CLIMBING] pos_ned=(0.04,0.15,-0.11) dist=4.89m
[INFO] [1788749140.805601371] [reactive_esdf_avoidance]: [CLIMBING] pos_ned=(-0.00,0.08,-1.37) dist=3.64m
[INFO] [1788749141.805434548] [reactive_esdf_avoidance]: [CLIMBING] pos_ned=(-0.10,0.02,-3.09) dist=1.91m
[INFO] [1788749142.805565477] [reactive_esdf_avoidance]: [CLIMBING] pos_ned=(-0.10,-0.08,-4.02) dist=0.99m
[INFO] [1788749143.805691737] [reactive_esdf_avoidance]: [CLIMBING] pos_ned=(-0.05,-0.11,-4.46) dist=0.55m
[INFO] [1788749144.805559208] [reactive_esdf_avoidance]: [CLIMBING] pos_ned=(0.01,-0.06,-4.67) dist=0.34m
[INFO] [1788749145.105347923] [reactive_esdf_avoidance]: Climb complete (dist=0.29m) -- starting reactive avoidance.
[INFO] [1788749145.805177490] [reactive_esdf_avoidance]: [REACTIVE NAV] pos_enu=(-0.01,0.03,4.76) goal_dist=7.01m nearest_obstacle=0.28m
[INFO] [1788749146.805511597] [reactive_esdf_avoidance]: [REACTIVE NAV] pos_enu=(-0.07,-0.04,4.80) goal_dist=7.07m nearest_obstacle=0.35m
[INFO] [1788749147.805607114] [reactive_esdf_avoidance]: [REACTIVE NAV] pos_enu=(-0.18,-0.16,4.85) goal_dist=7.18m nearest_obstacle=0.49m
[INFO] [1788749148.805683533] [reactive_esdf_avoidance]: [REACTIVE NAV] pos_enu=(-0.28,-0.28,4.91) goal_dist=7.29m nearest_obstacle=0.57m
[INFO] [1788749149.805452061] [reactive_esdf_avoidance]: [REACTIVE NAV] pos_enu=(-0.24,-0.41,4.91) goal_dist=7.25m nearest_obstacle=0.47m
[INFO] [1788749150.805384212] [reactive_esdf_avoidance]: [REACTIVE NAV] pos_enu=(-0.13,-0.55,4.94) goal_dist=7.15m nearest_obstacle=0.68m
[INFO] [1788749151.805468495] [reactive_esdf_avoidance]: [REACTIVE NAV] pos_enu=(-0.01,-0.69,4.96) goal_dist=7.04m nearest_obstacle=0.86m
[INFO] [1788749152.805423558] [reactive_esdf_avoidance]: [REACTIVE NAV] pos_enu=(0.13,-0.82,5.00) goal_dist=6.92m nearest_obstacle=0.97m
[INFO] [1788749153.805511706] [reactive_esdf_avoidance]: [REACTIVE NAV] pos_enu=(0.24,-0.97,5.05) goal_dist=6.83m nearest_obstacle=1.08m
[INFO] [1788749154.805251253] [reactive_esdf_avoidance]: [REACTIVE NAV] pos_enu=(0.23,-1.16,5.11) goal_dist=6.87m nearest_obstacle=1.22m
[INFO] [1788749155.805510849] [reactive_esdf_avoidance]: [REACTIVE NAV] pos_enu=(0.24,-1.34,5.15) goal_dist=6.89m nearest_obstacle=1.36m
[INFO] [1788749156.805495785] [reactive_esdf_avoidance]: [REACTIVE NAV] pos_enu=(0.30,-1.53,5.21) goal_dist=6.88m nearest_obstacle=1.59m
[INFO] [1788749157.805625008] [reactive_esdf_avoidance]: [REACTIVE NAV] pos_enu=(0.38,-1.67,5.23) goal_dist=6.83m nearest_obstacle=1.67m
[INFO] [1788749158.805322881] [reactive_esdf_avoidance]: [REACTIVE NAV] pos_enu=(0.49,-1.79,5.27) goal_dist=6.75m nearest_obstacle=1.81m
[INFO] [1788749159.805533227] [reactive_esdf_avoidance]: [REACTIVE NAV] pos_enu=(0.62,-1.87,5.31) goal_dist=6.66m nearest_obstacle=1.95m
[INFO] [1788749160.805224605] [reactive_esdf_avoidance]: [REACTIVE NAV] pos_enu=(0.76,-1.93,5.33) goal_dist=6.54m nearest_obstacle=2.00m
[INFO] [1788749161.805539640] [reactive_esdf_avoidance]: [REACTIVE NAV] pos_enu=(0.94,-1.92,5.32) goal_dist=6.37m nearest_obstacle=2.00m
[INFO] [1788749162.805416331] [reactive_esdf_avoidance]: [REACTIVE NAV] pos_enu=(1.06,-1.92,5.37) goal_dist=6.25m nearest_obstacle=0.50m
[INFO] [1788749163.805605812] [reactive_esdf_avoidance]: [REACTIVE NAV] pos_enu=(0.99,-2.06,5.42) goal_dist=6.37m nearest_obstacle=0.57m
[INFO] [1788749164.805509944] [reactive_esdf_avoidance]: [REACTIVE NAV] pos_enu=(0.89,-2.23,5.47) goal_dist=6.52m nearest_obstacle=0.75m
[INFO] [1788749165.805336214] [reactive_esdf_avoidance]: [REACTIVE NAV] pos_enu=(0.81,-2.39,5.48) goal_dist=6.66m nearest_obstacle=0.89m
[INFO] [1788749166.805433304] [reactive_esdf_avoidance]: [REACTIVE NAV] pos_enu=(0.74,-2.55,5.46) goal_dist=6.77m nearest_obstacle=1.00m
[INFO] [1788749167.805491778] [reactive_esdf_avoidance]: [REACTIVE NAV] pos_enu=(0.69,-2.74,5.51) goal_dist=6.89m nearest_obstacle=1.12m
[INFO] [1788749168.805499653] [reactive_esdf_avoidance]: [REACTIVE NAV] pos_enu=(0.67,-2.93,5.56) goal_dist=7.00m nearest_obstacle=1.36m
[INFO] [1788749169.805387576] [reactive_esdf_avoidance]: [REACTIVE NAV] pos_enu=(0.67,-3.11,5.56) goal_dist=7.08m nearest_obstacle=0.00m
[INFO] [1788749170.805445544] [reactive_esdf_avoidance]: [REACTIVE NAV] pos_enu=(0.63,-3.26,5.56) goal_dist=7.18m nearest_obstacle=0.00m
[INFO] [1788749171.805480437] [reactive_esdf_avoidance]: [REACTIVE NAV] pos_enu=(0.70,-3.42,5.58) goal_dist=7.19m nearest_obstacle=0.00m
[INFO] [1788749172.805327567] [reactive_esdf_avoidance]: [REACTIVE NAV] pos_enu=(0.79,-3.60,5.60) goal_dist=7.20m nearest_obstacle=0.00m
[INFO] [1788749173.805701998] [reactive_esdf_avoidance]: [REACTIVE NAV] pos_enu=(0.88,-3.77,5.63) goal_dist=7.21m nearest_obstacle=0.00m
[INFO] [1788749174.805420378] [reactive_esdf_avoidance]: [REACTIVE NAV] pos_enu=(0.99,-3.93,5.67) goal_dist=7.21m nearest_obstacle=0.00m
[INFO] [1788749175.805290737] [reactive_esdf_avoidance]: [REACTIVE NAV] pos_enu=(1.11,-4.09,5.71) goal_dist=7.20m nearest_obstacle=0.00m
[INFO] [1788749176.805458887] [reactive_esdf_avoidance]: [REACTIVE NAV] pos_enu=(1.23,-4.24,5.75) goal_dist=7.20m nearest_obstacle=0.00m
[INFO] [1788749177.805360613] [reactive_esdf_avoidance]: [REACTIVE NAV] pos_enu=(1.34,-4.38,5.78) goal_dist=7.20m nearest_obstacle=0.00m
[INFO] [1788749178.805885666] [reactive_esdf_avoidance]: [REACTIVE NAV] pos_enu=(1.37,-4.45,5.81) goal_dist=7.22m nearest_obstacle=0.00m
[INFO] [1788749179.805482613] [reactive_esdf_avoidance]: [REACTIVE NAV] pos_enu=(1.36,-4.45,5.81) goal_dist=7.23m nearest_obstacle=0.00m
[INFO] [1788749180.805560422] [reactive_esdf_avoidance]: [REACTIVE NAV] pos_enu=(1.34,-4.43,5.81) goal_dist=7.24m nearest_obstacle=0.00m
[INFO] [1788749181.805605917] [reactive_esdf_avoidance]: [REACTIVE NAV] pos_enu=(1.33,-4.43,5.81) goal_dist=7.24m nearest_obstacle=0.00m
[INFO] [1788749182.805421849] [reactive_esdf_avoidance]: [REACTIVE NAV] pos_enu=(1.34,-4.44,5.81) goal_dist=7.24m nearest_obstacle=0.00m
[INFO] [1788749183.805148838] [reactive_esdf_avoidance]: [REACTIVE NAV] pos_enu=(1.35,-4.44,5.81) goal_dist=7.23m nearest_obstacle=0.00m
[INFO] [1788749184.805569178] [reactive_esdf_avoidance]: [REACTIVE NAV] pos_enu=(1.35,-4.42,5.80) goal_dist=7.22m nearest_obstacle=0.00m
[INFO] [1788749185.805577063] [reactive_esdf_avoidance]: [REACTIVE NAV] pos_enu=(1.37,-4.40,5.81) goal_dist=7.19m nearest_obstacle=0.00m
[INFO] [1788749186.805332781] [reactive_esdf_avoidance]: [REACTIVE NAV] pos_enu=(1.38,-4.41,5.81) goal_dist=7.19m nearest_obstacle=0.00m
Traceback (most recent call last):
  File "/workspaces/isaac_ros-dev/ros2_ws/install/px4_vslam_bridge/lib/python3.10/site-packages/px4_vslam_bridge/reactive_esdf_avoidance.py", line 393, in main
    rclpy.spin(node)
  File "/opt/ros/humble/local/lib/python3.10/dist-packages/rclpy/__init__.py", line 229, in spin
    executor.spin_once()
  File "/opt/ros/humble/local/lib/python3.10/dist-packages/rclpy/executors.py", line 808, in spin_once
    self._spin_once_impl(timeout_sec)
  File "/opt/ros/humble/local/lib/python3.10/dist-packages/rclpy/executors.py", line 797, in _spin_once_impl
    handler, entity, node = self.wait_for_ready_callbacks(timeout_sec=timeout_sec)
  File "/opt/ros/humble/local/lib/python3.10/dist-packages/rclpy/executors.py", line 780, in wait_for_ready_callbacks
    return next(self._cb_iter)
  File "/opt/ros/humble/local/lib/python3.10/dist-packages/rclpy/executors.py", line 681, in _wait_for_ready_callbacks
    raise ExternalShutdownException()
rclpy.executors.ExternalShutdownException

During handling of the above exception, another exception occurred:

Traceback (most recent call last):
  File "/workspaces/isaac_ros-dev/ros2_ws/install/px4_vslam_bridge/lib/px4_vslam_bridge/reactive_esdf_avoidance", line 33, in <module>
    sys.exit(load_entry_point('px4-vslam-bridge==0.1.0', 'console_scripts', 'reactive_esdf_avoidance')())
  File "/workspaces/isaac_ros-dev/ros2_ws/install/px4_vslam_bridge/lib/python3.10/site-packages/px4_vslam_bridge/reactive_esdf_avoidance.py", line 398, in main
    rclpy.shutdown()
  File "/opt/ros/humble/local/lib/python3.10/dist-packages/rclpy/__init__.py", line 130, in shutdown
    _shutdown(context=context)
  File "/opt/ros/humble/local/lib/python3.10/dist-packages/rclpy/utilities.py", line 58, in shutdown
    return context.shutdown()
  File "/opt/ros/humble/local/lib/python3.10/dist-packages/rclpy/context.py", line 102, in shutdown
    self.__context.shutdown()
rclpy._rclpy_pybind11.RCLError: failed to shutdown: rcl_shutdown already called on the given context, at ./src/rcl/init.c:241
