stdin is not a terminal device. Keyboard handling disabled.[INFO] [1788530242.699924913] [rosbag2_recorder]: Press SPACE for pausing/resuming
[INFO] [1788530242.702114090] [rosbag2_storage]: Opened database '/workspaces/isaac_ros-dev/results/feasibility_gate/mini_dose_high_r4/rosbag/rosbag_0.db3' for READ_WRITE.
[INFO] [1788530242.703706630] [rosbag2_recorder]: Listening for topics...
[INFO] [1788530242.703718965] [rosbag2_recorder]: Event publisher thread: Starting
[INFO] [1788530243.039899490] [rosbag2_recorder]: Subscribed to topic '/stereo/right/image'
[INFO] [1788530243.042146041] [rosbag2_recorder]: Subscribed to topic '/stereo/right/camera_info'
[INFO] [1788530243.043200784] [rosbag2_recorder]: Subscribed to topic '/stereo/left/image'
[INFO] [1788530243.043966649] [rosbag2_recorder]: Subscribed to topic '/stereo/left/camera_info'
[INFO] [1788530243.045426423] [rosbag2_recorder]: Subscribed to topic '/clock'
[INFO] [1788530243.045520241] [rosbag2_recorder]: Recording...
[INFO] [1788530243.051167555] [rosbag2_recorder]: Subscribed to topic '/fmu/out/estimator_status_flags'
[INFO] [1788530243.053114847] [rosbag2_recorder]: Subscribed to topic '/ground_truth/odom'
[INFO] [1788530243.055204223] [rosbag2_recorder]: Subscribed to topic '/tf'
[INFO] [1788530243.056144907] [rosbag2_recorder]: Subscribed to topic '/tf_static'
[INFO] [1788530243.057308358] [rosbag2_recorder]: Subscribed to topic '/visual_slam/status'
[INFO] [1788530243.058023090] [rosbag2_recorder]: Subscribed to topic '/visual_slam/tracking/odometry'
[INFO] [1788530243.058744155] [rosbag2_recorder]: Subscribed to topic '/visual_slam/vis/observations_cloud'
[INFO] [1788530243.058763794] [rosbag2_recorder]: All requested topics are subscribed. Stopping discovery...
[INFO] [1788530285.566662887] [rosbag2_cpp]: Writing remaining messages from cache to the bag. It may take a while
[INFO] [1788530285.568191859] [rosbag2_recorder]: Event publisher thread: Exiting
[INFO] [1788530285.568255035] [rosbag2_recorder]: Recording stopped
