[INFO] [1788530240.768295654] [vslam_compare]: vslam_compare: logging per-message CSV to /workspaces/isaac_ros-dev/results/feasibility_gate/mini_dose_high_r4/vslam_compare.csv (exp_id='mini_dose_high_r4')
[INFO] [1788530240.787346853] [vslam_compare]: vslam_compare ready -- watching /visual_slam/tracking/odometry vs /ground_truth/odom
[INFO] [1788530240.788335014] [vslam_compare]: Ground truth origin set: (-0.00997843872755766, 0.021141905337572098, 0.02307771146297455)
[INFO] [1788530240.832613891] [vslam_compare]: cuVSLAM origin set: (0.0, 0.0, 0.0) -- tracking initialized
[INFO] [1788530241.787813999] [vslam_compare]: gt=(-0.01, -0.0, 0.0) vslam=(0.0, 0.0, 0.0) error=0.012m max_error=0.012m (n=1)
[INFO] [1788530242.787707089] [vslam_compare]: gt=(-0.01, -0.02, -0.0) vslam=(0.0, 0.0, 0.0) error=0.018m max_error=0.018m (n=2)
[INFO] [1788530243.787726428] [vslam_compare]: gt=(0.0, -0.01, 0.0) vslam=(0.0, 0.0, 0.0) error=0.015m max_error=0.018m (n=3)
[INFO] [1788530244.787695273] [vslam_compare]: gt=(0.02, -0.01, 0.01) vslam=(0.0, 0.0, 0.0) error=0.020m max_error=0.020m (n=4)
[INFO] [1788530245.787794726] [vslam_compare]: gt=(0.01, -0.02, 0.01) vslam=(0.0, 0.0, 0.0) error=0.026m max_error=0.026m (n=5)
[INFO] [1788530246.787692010] [vslam_compare]: gt=(0.02, -0.03, 0.01) vslam=(0.0, 0.0, 0.0) error=0.040m max_error=0.040m (n=6)
[INFO] [1788530247.787717379] [vslam_compare]: gt=(0.02, -0.02, 0.01) vslam=(0.0, 0.0, 0.0) error=0.036m max_error=0.040m (n=7)
[INFO] [1788530248.787584048] [vslam_compare]: gt=(0.02, -0.01, 0.02) vslam=(0.0, 0.0, 0.0) error=0.031m max_error=0.040m (n=8)
[INFO] [1788530249.787507659] [vslam_compare]: gt=(0.01, -0.01, 0.02) vslam=(0.0, 0.0, 0.0) error=0.030m max_error=0.040m (n=9)
[INFO] [1788530250.787638713] [vslam_compare]: gt=(0.0, -0.01, 0.01) vslam=(0.0, 0.0, 0.0) error=0.016m max_error=0.040m (n=10)
[INFO] [1788530251.787707422] [vslam_compare]: gt=(0.01, -0.01, -0.0) vslam=(0.0, 0.0, 0.0) error=0.017m max_error=0.040m (n=11)
[INFO] [1788530252.787747563] [vslam_compare]: gt=(0.05, -0.0, 0.0) vslam=(-0.01, -0.04, 0.01) error=0.064m max_error=0.064m (n=12)
[INFO] [1788530253.787762813] [vslam_compare]: gt=(0.15, 0.05, 0.18) vslam=(0.21, -0.02, 0.08) error=0.143m max_error=0.143m (n=13)
[INFO] [1788530254.787491110] [vslam_compare]: gt=(0.1, -0.06, 1.46) vslam=(0.16, -0.12, 1.17) error=0.300m max_error=0.300m (n=14)
[INFO] [1788530255.787594637] [vslam_compare]: gt=(0.02, -0.14, 3.14) vslam=(0.06, -0.21, 2.82) error=0.333m max_error=0.333m (n=15)
[INFO] [1788530256.787704088] [vslam_compare]: gt=(-0.02, -0.1, 3.98) vslam=(-0.04, -0.22, 4.1) error=0.167m max_error=0.333m (n=16)
[INFO] [1788530257.787727366] [vslam_compare]: gt=(-0.01, -0.04, 4.36) vslam=(-0.08, -0.12, 4.7) error=0.360m max_error=0.360m (n=17)
[INFO] [1788530258.787677330] [vslam_compare]: gt=(-0.01, -0.0, 4.57) vslam=(-0.14, 0.02, 5.14) error=0.578m max_error=0.578m (n=18)
[INFO] [1788530259.787670271] [vslam_compare]: gt=(-0.02, 0.02, 4.71) vslam=(-0.15, 0.06, 5.32) error=0.627m max_error=0.627m (n=19)
[INFO] [1788530260.787530219] [vslam_compare]: gt=(-0.03, 0.02, 4.64) vslam=(-0.13, 0.07, 5.31) error=0.681m max_error=0.681m (n=20)
[INFO] [1788530261.787654147] [vslam_compare]: gt=(-0.03, 0.05, 4.55) vslam=(-0.07, -0.05, 5.15) error=0.608m max_error=0.681m (n=21)
[INFO] [1788530262.787900193] [vslam_compare]: gt=(-0.12, 0.38, 4.52) vslam=(-0.15, 0.23, 5.09) error=0.595m max_error=0.681m (n=22)
[INFO] [1788530263.787836983] [vslam_compare]: gt=(-0.29, 1.02, 4.53) vslam=(-0.37, 0.83, 5.04) error=0.547m max_error=0.681m (n=23)
[INFO] [1788530264.787762745] [vslam_compare]: gt=(-0.27, 1.57, 4.59) vslam=(-0.37, 1.58, 5.17) error=0.583m max_error=0.681m (n=24)
[INFO] [1788530265.787518290] [vslam_compare]: gt=(-0.08, 1.84, 4.63) vslam=(-0.06, 2.05, 5.22) error=0.629m max_error=0.681m (n=25)
[INFO] [1788530266.787868459] [vslam_compare]: gt=(0.2, 1.54, 4.61) vslam=(-0.52, 1.52, 5.11) error=0.880m max_error=0.880m (n=26)
[INFO] [1788530267.787630346] [vslam_compare]: gt=(1.7, 0.27, 4.31) vslam=(22.58, -13.88, 10.19) error=25.897m max_error=25.897m (n=27)
[INFO] [1788530268.787688190] [vslam_compare]: gt=(2.45, 0.99, 2.87) vslam=(20.16, -12.15, 10.99) error=23.498m max_error=25.897m (n=28)
[INFO] [1788530269.787910218] [vslam_compare]: gt=(2.16, -0.22, 1.9) vslam=(21.64, -14.15, 11.47) error=25.793m max_error=25.897m (n=29)
[INFO] [1788530270.787711451] [vslam_compare]: gt=(-0.1, -2.46, 0.71) vslam=(19.77, -14.61, 10.98) error=25.453m max_error=25.897m (n=30)
[INFO] [1788530271.787696828] [vslam_compare]: gt=(-1.63, -2.86, 1.37) vslam=(18.88, -14.02, 10.19) error=24.967m max_error=25.897m (n=31)
[INFO] [1788530272.787607722] [vslam_compare]: gt=(-2.89, -2.37, 0.31) vslam=(17.94, -12.6, 10.3) error=25.261m max_error=25.897m (n=32)
[INFO] [1788530273.787719375] [vslam_compare]: gt=(-4.01, -2.01, 0.86) vslam=(18.14, -12.53, 9.97) error=26.162m max_error=26.162m (n=33)
[INFO] [1788530274.787875323] [vslam_compare]: gt=(-3.55, -0.56, -0.87) vslam=(19.29, -14.12, 11.1) error=29.133m max_error=29.133m (n=34)
[INFO] [1788530275.787710368] [vslam_compare]: gt=(-2.91, 0.38, -0.63) vslam=(19.6, -13.54, 11.02) error=28.916m max_error=29.133m (n=35)
[INFO] [1788530276.787944929] [vslam_compare]: gt=(-2.8, 0.76, 0.28) vslam=(19.77, -13.45, 11.02) error=28.747m max_error=29.133m (n=36)
[INFO] [1788530277.787611514] [vslam_compare]: gt=(-0.78, -0.16, -1.46) vslam=(18.77, -9.34, 11.29) error=25.081m max_error=29.133m (n=37)
[INFO] [1788530278.787560201] [vslam_compare]: gt=(1.05, -1.15, -0.95) vslam=(16.7, -12.27, 11.51) error=22.887m max_error=29.133m (n=38)
[INFO] [1788530279.787870119] [vslam_compare]: gt=(3.61, 1.57, -1.75) vslam=(17.56, -12.98, 10.18) error=23.425m max_error=29.133m (n=39)
[INFO] [1788530280.787958042] [vslam_compare]: gt=(5.0, 5.0, -1.47) vslam=(17.46, -13.04, 8.33) error=24.011m max_error=29.133m (n=40)
[INFO] [1788530281.787815225] [vslam_compare]: gt=(5.82, 7.7, -0.13) vslam=(17.43, -13.29, 7.98) error=25.315m max_error=29.133m (n=41)
Traceback (most recent call last):
  File "/workspaces/isaac_ros-dev/ros2_ws/install/px4_vslam_bridge/lib/px4_vslam_bridge/vslam_compare", line 33, in <module>
    sys.exit(load_entry_point('px4-vslam-bridge==0.1.0', 'console_scripts', 'vslam_compare')())
  File "/workspaces/isaac_ros-dev/ros2_ws/install/px4_vslam_bridge/lib/python3.10/site-packages/px4_vslam_bridge/vslam_compare.py", line 199, in main
    rclpy.shutdown()
  File "/opt/ros/humble/local/lib/python3.10/dist-packages/rclpy/__init__.py", line 130, in shutdown
    _shutdown(context=context)
  File "/opt/ros/humble/local/lib/python3.10/dist-packages/rclpy/utilities.py", line 58, in shutdown
    return context.shutdown()
  File "/opt/ros/humble/local/lib/python3.10/dist-packages/rclpy/context.py", line 102, in shutdown
    self.__context.shutdown()
rclpy._rclpy_pybind11.RCLError: failed to shutdown: rcl_shutdown already called on the given context, at ./src/rcl/init.c:241
