[INFO] [1788749262.886382670] [vslam_compare]: vslam_compare: logging per-message CSV to /workspaces/isaac_ros-dev/results/route2_probe/r2_2_L1_r18/vslam_compare.csv (exp_id='r2_2_L1_r18')
[INFO] [1788749262.903439721] [vslam_compare]: vslam_compare ready -- watching /visual_slam/tracking/odometry vs /ground_truth/odom
[INFO] [1788749262.930538611] [vslam_compare]: cuVSLAM origin set: (0.0, 0.0, 0.0) -- tracking initialized
[INFO] [1788749263.623958103] [vslam_compare]: Ground truth origin set: (0.0014512734487652779, -0.0040290337055921555, -0.021156951785087585)
[INFO] [1788749263.903767025] [vslam_compare]: gt=(0.0, -0.0, -0.0) vslam=(0.0, 0.0, 0.0) error=0.002m max_error=0.002m (n=1)
[INFO] [1788749264.903644330] [vslam_compare]: gt=(-0.0, -0.0, -0.0) vslam=(0.0, 0.0, 0.0) error=0.006m max_error=0.006m (n=2)
[INFO] [1788749265.903573351] [vslam_compare]: gt=(-0.01, -0.01, -0.0) vslam=(0.0, 0.0, 0.0) error=0.014m max_error=0.014m (n=3)
[INFO] [1788749266.903568364] [vslam_compare]: gt=(-0.01, -0.02, 0.0) vslam=(0.0, 0.0, 0.0) error=0.021m max_error=0.021m (n=4)
[INFO] [1788749267.903720895] [vslam_compare]: gt=(-0.02, -0.02, 0.0) vslam=(0.0, 0.0, 0.0) error=0.027m max_error=0.027m (n=5)
[INFO] [1788749268.903676564] [vslam_compare]: gt=(-0.02, -0.02, 0.0) vslam=(0.0, 0.0, 0.0) error=0.029m max_error=0.029m (n=6)
[INFO] [1788749269.903807435] [vslam_compare]: gt=(-0.02, -0.01, 0.01) vslam=(0.0, 0.0, 0.0) error=0.027m max_error=0.029m (n=7)
[INFO] [1788749270.903967649] [vslam_compare]: gt=(-0.03, -0.02, 0.01) vslam=(0.0, 0.0, 0.0) error=0.040m max_error=0.040m (n=8)
[INFO] [1788749271.903927994] [vslam_compare]: gt=(-0.01, -0.02, 0.01) vslam=(-0.01, -0.01, 0.01) error=0.009m max_error=0.040m (n=9)
[INFO] [1788749272.903912451] [vslam_compare]: gt=(0.08, -0.0, 0.02) vslam=(0.07, -0.09, 0.01) error=0.093m max_error=0.093m (n=10)
[INFO] [1788749273.903559485] [vslam_compare]: gt=(0.04, -0.04, 0.05) vslam=(0.16, -0.07, -0.02) error=0.141m max_error=0.141m (n=11)
[INFO] [1788749274.904185356] [vslam_compare]: gt=(-0.24, -0.2, 0.96) vslam=(-0.1, -0.21, 0.74) error=0.265m max_error=0.265m (n=12)
[INFO] [1788749275.903726808] [vslam_compare]: gt=(-0.24, -0.36, 2.66) vslam=(-0.06, -0.35, 1.8) error=0.875m max_error=0.875m (n=13)
[INFO] [1788749276.903614812] [vslam_compare]: gt=(-0.1, -0.21, 3.61) vslam=(0.08, -0.37, 2.61) error=1.032m max_error=1.032m (n=14)
[INFO] [1788749277.903995068] [vslam_compare]: gt=(-0.03, -0.04, 4.12) vslam=(0.17, -0.32, 3.11) error=1.066m max_error=1.066m (n=15)
[INFO] [1788749278.903979568] [vslam_compare]: gt=(0.02, 0.04, 4.45) vslam=(0.26, -0.28, 3.49) error=1.048m max_error=1.066m (n=16)
[INFO] [1788749279.903755223] [vslam_compare]: gt=(0.07, 0.1, 4.68) vslam=(0.32, -0.2, 3.74) error=1.017m max_error=1.066m (n=17)
[INFO] [1788749280.903852912] [vslam_compare]: gt=(0.09, 0.12, 4.82) vslam=(0.36, -0.2, 3.89) error=1.018m max_error=1.066m (n=18)
[INFO] [1788749281.904141975] [vslam_compare]: gt=(0.17, 0.08, 4.92) vslam=(0.41, -0.21, 3.96) error=1.034m max_error=1.066m (n=19)
[INFO] [1788749282.903594144] [vslam_compare]: gt=(0.34, 0.01, 5.03) vslam=(0.58, -0.29, 4.05) error=1.051m max_error=1.066m (n=20)
[INFO] [1788749283.903871104] [vslam_compare]: gt=(0.52, -0.06, 5.15) vslam=(0.74, -0.37, 4.16) error=1.053m max_error=1.066m (n=21)
[INFO] [1788749284.903914421] [vslam_compare]: gt=(0.67, -0.14, 5.25) vslam=(0.89, -0.45, 4.25) error=1.065m max_error=1.066m (n=22)
[INFO] [1788749285.903675300] [vslam_compare]: gt=(0.64, -0.3, 5.3) vslam=(0.88, -0.61, 4.28) error=1.090m max_error=1.090m (n=23)
[INFO] [1788749286.904132081] [vslam_compare]: gt=(0.56, -0.49, 5.36) vslam=(0.81, -0.78, 4.32) error=1.113m max_error=1.113m (n=24)
[INFO] [1788749287.903810222] [vslam_compare]: gt=(0.47, -0.66, 5.43) vslam=(0.73, -0.92, 4.35) error=1.139m max_error=1.139m (n=25)
[INFO] [1788749288.903910970] [vslam_compare]: gt=(0.39, -0.84, 5.49) vslam=(0.66, -1.09, 4.4) error=1.147m max_error=1.147m (n=26)
[INFO] [1788749289.903732477] [vslam_compare]: gt=(0.33, -1.01, 5.56) vslam=(0.6, -1.24, 4.44) error=1.175m max_error=1.175m (n=27)
[INFO] [1788749290.903613774] [vslam_compare]: gt=(0.29, -1.19, 5.63) vslam=(0.55, -1.4, 4.47) error=1.204m max_error=1.204m (n=28)
[INFO] [1788749291.903863264] [vslam_compare]: gt=(0.28, -1.36, 5.6) vslam=(0.55, -1.56, 4.45) error=1.203m max_error=1.204m (n=29)
[INFO] [1788749292.903770181] [vslam_compare]: gt=(0.32, -1.52, 5.63) vslam=(0.56, -1.69, 4.47) error=1.190m max_error=1.204m (n=30)
[INFO] [1788749293.903690449] [vslam_compare]: gt=(0.39, -1.66, 5.68) vslam=(0.6, -1.83, 4.5) error=1.216m max_error=1.216m (n=31)
[INFO] [1788749294.903915818] [vslam_compare]: gt=(0.47, -1.76, 5.72) vslam=(0.68, -1.93, 4.52) error=1.232m max_error=1.232m (n=32)
[INFO] [1788749295.903783846] [vslam_compare]: gt=(0.56, -1.84, 5.74) vslam=(0.76, -1.99, 4.51) error=1.255m max_error=1.255m (n=33)
[INFO] [1788749296.903707275] [vslam_compare]: gt=(0.67, -1.9, 5.76) vslam=(0.87, -2.05, 4.52) error=1.263m max_error=1.263m (n=34)
[INFO] [1788749297.903675095] [vslam_compare]: gt=(0.79, -1.97, 5.77) vslam=(0.97, -2.1, 4.53) error=1.263m max_error=1.263m (n=35)
[INFO] [1788749298.903710790] [vslam_compare]: gt=(0.92, -2.02, 5.79) vslam=(1.08, -2.15, 4.53) error=1.279m max_error=1.279m (n=36)
[INFO] [1788749299.903834790] [vslam_compare]: gt=(1.05, -2.06, 5.8) vslam=(1.2, -2.17, 4.5) error=1.320m max_error=1.320m (n=37)
[INFO] [1788749300.903655041] [vslam_compare]: gt=(1.09, -2.18, 5.86) vslam=(1.27, -2.26, 4.52) error=1.354m max_error=1.354m (n=38)
[INFO] [1788749301.903925062] [vslam_compare]: gt=(1.03, -2.38, 5.91) vslam=(1.22, -2.45, 4.57) error=1.357m max_error=1.357m (n=39)
[INFO] [1788749302.903726658] [vslam_compare]: gt=(0.97, -2.56, 5.97) vslam=(1.16, -2.63, 4.6) error=1.385m max_error=1.385m (n=40)
[INFO] [1788749303.903828365] [vslam_compare]: gt=(0.91, -2.75, 6.0) vslam=(1.1, -2.79, 4.62) error=1.397m max_error=1.397m (n=41)
[INFO] [1788749304.903767576] [vslam_compare]: gt=(0.83, -2.92, 6.04) vslam=(1.02, -2.96, 4.66) error=1.394m max_error=1.397m (n=42)
[INFO] [1788749305.904019351] [vslam_compare]: gt=(0.72, -3.1, 6.1) vslam=(0.92, -3.13, 4.68) error=1.433m max_error=1.433m (n=43)
[INFO] [1788749306.903970925] [vslam_compare]: gt=(0.63, -3.27, 6.14) vslam=(0.81, -3.27, 4.71) error=1.445m max_error=1.445m (n=44)
[INFO] [1788749307.903806972] [vslam_compare]: gt=(0.7, -3.43, 6.15) vslam=(0.86, -3.43, 4.74) error=1.420m max_error=1.445m (n=45)
[INFO] [1788749308.903895940] [vslam_compare]: gt=(0.8, -3.58, 6.18) vslam=(0.94, -3.58, 4.75) error=1.429m max_error=1.445m (n=46)
[INFO] [1788749309.903662302] [vslam_compare]: gt=(0.91, -3.74, 6.21) vslam=(1.06, -3.76, 4.73) error=1.491m max_error=1.491m (n=47)
[INFO] [1788749310.904022672] [vslam_compare]: gt=(1.01, -3.91, 6.24) vslam=(1.17, -3.93, 4.74) error=1.507m max_error=1.507m (n=48)
[INFO] [1788749311.903904636] [vslam_compare]: gt=(1.08, -4.01, 6.26) vslam=(1.23, -4.04, 4.76) error=1.513m max_error=1.513m (n=49)
[INFO] [1788749312.903691413] [vslam_compare]: gt=(1.09, -4.04, 6.27) vslam=(1.24, -4.09, 4.77) error=1.513m max_error=1.513m (n=50)
[INFO] [1788749313.903811615] [vslam_compare]: gt=(1.08, -4.03, 6.28) vslam=(1.23, -4.09, 4.77) error=1.518m max_error=1.518m (n=51)
[INFO] [1788749314.903638057] [vslam_compare]: gt=(1.07, -4.01, 6.28) vslam=(1.22, -4.08, 4.77) error=1.521m max_error=1.521m (n=52)
[INFO] [1788749315.903773118] [vslam_compare]: gt=(1.09, -4.0, 6.28) vslam=(1.23, -4.07, 4.76) error=1.527m max_error=1.527m (n=53)
[INFO] [1788749316.903673281] [vslam_compare]: gt=(1.1, -4.01, 6.28) vslam=(1.25, -4.06, 4.76) error=1.533m max_error=1.533m (n=54)
Traceback (most recent call last):
  File "/workspaces/isaac_ros-dev/ros2_ws/install/px4_vslam_bridge/lib/python3.10/site-packages/px4_vslam_bridge/vslam_compare.py", line 194, in main
    rclpy.spin(node)
  File "/opt/ros/humble/local/lib/python3.10/dist-packages/rclpy/__init__.py", line 229, in spin
    executor.spin_once()
  File "/opt/ros/humble/local/lib/python3.10/dist-packages/rclpy/executors.py", line 808, in spin_once
    self._spin_once_impl(timeout_sec)
  File "/opt/ros/humble/local/lib/python3.10/dist-packages/rclpy/executors.py", line 797, in _spin_once_impl
    handler, entity, node = self.wait_for_ready_callbacks(timeout_sec=timeout_sec)
  File "/opt/ros/humble/local/lib/python3.10/dist-packages/rclpy/executors.py", line 780, in wait_for_ready_callbacks
    return next(self._cb_iter)
  File "/opt/ros/humble/local/lib/python3.10/dist-packages/rclpy/executors.py", line 681, in _wait_for_ready_callbacks
    raise ExternalShutdownException()
rclpy.executors.ExternalShutdownException

During handling of the above exception, another exception occurred:

Traceback (most recent call last):
  File "/workspaces/isaac_ros-dev/ros2_ws/install/px4_vslam_bridge/lib/px4_vslam_bridge/vslam_compare", line 33, in <module>
    sys.exit(load_entry_point('px4-vslam-bridge==0.1.0', 'console_scripts', 'vslam_compare')())
  File "/workspaces/isaac_ros-dev/ros2_ws/install/px4_vslam_bridge/lib/python3.10/site-packages/px4_vslam_bridge/vslam_compare.py", line 199, in main
    rclpy.shutdown()
  File "/opt/ros/humble/local/lib/python3.10/dist-packages/rclpy/__init__.py", line 130, in shutdown
    _shutdown(context=context)
  File "/opt/ros/humble/local/lib/python3.10/dist-packages/rclpy/utilities.py", line 58, in shutdown
    return context.shutdown()
  File "/opt/ros/humble/local/lib/python3.10/dist-packages/rclpy/context.py", line 102, in shutdown
    self.__context.shutdown()
rclpy._rclpy_pybind11.RCLError: failed to shutdown: rcl_shutdown already called on the given context, at ./src/rcl/init.c:241
