[INFO] [1788712695.292883943] [visual_odometry_bridge]: visual_odometry_bridge ready: /visual_slam/tracking/odometry -> /fmu/in/vehicle_visual_odometry
[INFO] [1788712700.021331850] [visual_odometry_bridge]: published 100 vehicle_visual_odometry samples (last NED pos=(0.00,0.00,-0.00))
[WARN] [1788712704.563367719] [visual_odometry_bridge]: Rejected cuVSLAM update: implied speed 9.2 m/s (jumped 0.29m in 32ms) -- holding last known-good position, not forwarding to EKF2. (1 rejected total)
[INFO] [1788712705.107831476] [visual_odometry_bridge]: published 200 vehicle_visual_odometry samples (last NED pos=(-0.41,-1.08,-0.12))
[WARN] [1788712707.306755310] [visual_odometry_bridge]: Rejected cuVSLAM update: implied speed 25.5 m/s (jumped 0.82m in 32ms) -- holding last known-good position, not forwarding to EKF2. (5 rejected total)
[WARN] [1788712708.870549605] [visual_odometry_bridge]: Rejected cuVSLAM update: implied speed 374.9 m/s (jumped 12.00m in 32ms) -- holding last known-good position, not forwarding to EKF2. (8 rejected total)
[WARN] [1788712709.878542124] [visual_odometry_bridge]: Rejected cuVSLAM update: implied speed 30.0 m/s (jumped 20.76m in 692ms) -- holding last known-good position, not forwarding to EKF2. (28 rejected total)
[WARN] [1788712710.915091206] [visual_odometry_bridge]: Rejected cuVSLAM update: implied speed 19.4 m/s (jumped 26.23m in 1352ms) -- holding last known-good position, not forwarding to EKF2. (48 rejected total)
[WARN] [1788712711.919218560] [visual_odometry_bridge]: Rejected cuVSLAM update: implied speed 13.4 m/s (jumped 27.44m in 2044ms) -- holding last known-good position, not forwarding to EKF2. (69 rejected total)
[WARN] [1788712712.929504110] [visual_odometry_bridge]: Rejected cuVSLAM update: implied speed 10.1 m/s (jumped 27.59m in 2736ms) -- holding last known-good position, not forwarding to EKF2. (90 rejected total)
[WARN] [1788712714.760074714] [visual_odometry_bridge]: Rejected cuVSLAM update: implied speed 88.0 m/s (jumped 2.82m in 32ms) -- holding last known-good position, not forwarding to EKF2. (112 rejected total)
[INFO] [1788712715.818148773] [visual_odometry_bridge]: published 300 vehicle_visual_odometry samples (last NED pos=(-14.42,-24.22,6.59))
[WARN] [1788712718.076456411] [visual_odometry_bridge]: Rejected cuVSLAM update: implied speed 124.9 m/s (jumped 4.00m in 32ms) -- holding last known-good position, not forwarding to EKF2. (123 rejected total)
[WARN] [1788712719.907993829] [visual_odometry_bridge]: Rejected cuVSLAM update: implied speed 87.9 m/s (jumped 2.81m in 32ms) -- holding last known-good position, not forwarding to EKF2. (138 rejected total)
[WARN] [1788712720.919636913] [visual_odometry_bridge]: Rejected cuVSLAM update: implied speed 10.0 m/s (jumped 6.94m in 692ms) -- holding last known-good position, not forwarding to EKF2. (158 rejected total)
[WARN] [1788712722.112284302] [visual_odometry_bridge]: Rejected cuVSLAM update: implied speed 37.1 m/s (jumped 1.19m in 32ms) -- holding last known-good position, not forwarding to EKF2. (174 rejected total)
[WARN] [1788712723.133418373] [visual_odometry_bridge]: Rejected cuVSLAM update: implied speed 22.7 m/s (jumped 1.46m in 64ms) -- holding last known-good position, not forwarding to EKF2. (186 rejected total)
[INFO] [1788712724.348791549] [visual_odometry_bridge]: published 400 vehicle_visual_odometry samples (last NED pos=(-2.65,-19.65,17.80))
[WARN] [1788712724.560373126] [visual_odometry_bridge]: Rejected cuVSLAM update: implied speed 8.6 m/s (jumped 0.28m in 32ms) -- holding last known-good position, not forwarding to EKF2. (195 rejected total)
[WARN] [1788712726.042139511] [visual_odometry_bridge]: Rejected cuVSLAM update: implied speed 38.4 m/s (jumped 1.38m in 36ms) -- holding last known-good position, not forwarding to EKF2. (201 rejected total)
[WARN] [1788712728.047653470] [visual_odometry_bridge]: Rejected cuVSLAM update: implied speed 30.8 m/s (jumped 0.99m in 32ms) -- holding last known-good position, not forwarding to EKF2. (211 rejected total)
[WARN] [1788712729.122183222] [visual_odometry_bridge]: Rejected cuVSLAM update: implied speed 31.0 m/s (jumped 1.12m in 36ms) -- holding last known-good position, not forwarding to EKF2. (214 rejected total)
Traceback (most recent call last):
  File "/workspaces/isaac_ros-dev/ros2_ws/install/px4_vslam_bridge/lib/python3.10/site-packages/px4_vslam_bridge/visual_odometry_bridge.py", line 160, in main
    rclpy.spin(node)
  File "/opt/ros/humble/local/lib/python3.10/dist-packages/rclpy/__init__.py", line 229, in spin
    executor.spin_once()
  File "/opt/ros/humble/local/lib/python3.10/dist-packages/rclpy/executors.py", line 808, in spin_once
    self._spin_once_impl(timeout_sec)
  File "/opt/ros/humble/local/lib/python3.10/dist-packages/rclpy/executors.py", line 797, in _spin_once_impl
    handler, entity, node = self.wait_for_ready_callbacks(timeout_sec=timeout_sec)
  File "/opt/ros/humble/local/lib/python3.10/dist-packages/rclpy/executors.py", line 780, in wait_for_ready_callbacks
    return next(self._cb_iter)
  File "/opt/ros/humble/local/lib/python3.10/dist-packages/rclpy/executors.py", line 681, in _wait_for_ready_callbacks
    raise ExternalShutdownException()
rclpy.executors.ExternalShutdownException

During handling of the above exception, another exception occurred:

Traceback (most recent call last):
  File "/workspaces/isaac_ros-dev/ros2_ws/install/px4_vslam_bridge/lib/px4_vslam_bridge/visual_odometry_bridge", line 33, in <module>
    sys.exit(load_entry_point('px4-vslam-bridge==0.1.0', 'console_scripts', 'visual_odometry_bridge')())
  File "/workspaces/isaac_ros-dev/ros2_ws/install/px4_vslam_bridge/lib/python3.10/site-packages/px4_vslam_bridge/visual_odometry_bridge.py", line 165, in main
    rclpy.shutdown()
  File "/opt/ros/humble/local/lib/python3.10/dist-packages/rclpy/__init__.py", line 130, in shutdown
    _shutdown(context=context)
  File "/opt/ros/humble/local/lib/python3.10/dist-packages/rclpy/utilities.py", line 58, in shutdown
    return context.shutdown()
  File "/opt/ros/humble/local/lib/python3.10/dist-packages/rclpy/context.py", line 102, in shutdown
    self.__context.shutdown()
rclpy._rclpy_pybind11.RCLError: failed to shutdown: rcl_shutdown already called on the given context, at ./src/rcl/init.c:241
