[INFO] [1788710436.945345708] [visual_odometry_bridge]: visual_odometry_bridge ready: /visual_slam/tracking/odometry -> /fmu/in/vehicle_visual_odometry
[INFO] [1788710441.820878106] [visual_odometry_bridge]: published 100 vehicle_visual_odometry samples (last NED pos=(0.00,0.00,-0.00))
[WARN] [1788710448.447905512] [visual_odometry_bridge]: Rejected cuVSLAM update: implied speed 13.7 m/s (jumped 0.44m in 32ms) -- holding last known-good position, not forwarding to EKF2. (1 rejected total)
[INFO] [1788710452.235703379] [visual_odometry_bridge]: published 300 vehicle_visual_odometry samples (last NED pos=(-1.73,0.02,-0.33))
[WARN] [1788710452.544119763] [visual_odometry_bridge]: Rejected cuVSLAM update: implied speed 58.9 m/s (jumped 1.88m in 32ms) -- holding last known-good position, not forwarding to EKF2. (10 rejected total)
[WARN] [1788710453.577122925] [visual_odometry_bridge]: Rejected cuVSLAM update: implied speed 46.9 m/s (jumped 32.46m in 692ms) -- holding last known-good position, not forwarding to EKF2. (30 rejected total)
[WARN] [1788710454.593604854] [visual_odometry_bridge]: Rejected cuVSLAM update: implied speed 23.9 m/s (jumped 32.27m in 1352ms) -- holding last known-good position, not forwarding to EKF2. (50 rejected total)
[WARN] [1788710455.631377326] [visual_odometry_bridge]: Rejected cuVSLAM update: implied speed 16.6 m/s (jumped 33.43m in 2012ms) -- holding last known-good position, not forwarding to EKF2. (70 rejected total)
[WARN] [1788710456.647594347] [visual_odometry_bridge]: Rejected cuVSLAM update: implied speed 12.6 m/s (jumped 33.68m in 2672ms) -- holding last known-good position, not forwarding to EKF2. (90 rejected total)
[WARN] [1788710457.649785513] [visual_odometry_bridge]: Rejected cuVSLAM update: implied speed 10.2 m/s (jumped 33.90m in 3332ms) -- holding last known-good position, not forwarding to EKF2. (110 rejected total)
[WARN] [1788710458.688237043] [visual_odometry_bridge]: Rejected cuVSLAM update: implied speed 8.7 m/s (jumped 34.97m in 4024ms) -- holding last known-good position, not forwarding to EKF2. (131 rejected total)
[INFO] [1788710463.983122834] [visual_odometry_bridge]: published 400 vehicle_visual_odometry samples (last NED pos=(-31.56,-8.82,13.48))
[WARN] [1788710465.860236064] [visual_odometry_bridge]: Rejected cuVSLAM update: implied speed 19.1 m/s (jumped 0.61m in 32ms) -- holding last known-good position, not forwarding to EKF2. (142 rejected total)
[WARN] [1788710467.047483730] [visual_odometry_bridge]: Rejected cuVSLAM update: implied speed 13.2 m/s (jumped 0.42m in 32ms) -- holding last known-good position, not forwarding to EKF2. (144 rejected total)
[WARN] [1788710468.077580141] [visual_odometry_bridge]: Rejected cuVSLAM update: implied speed 10.4 m/s (jumped 1.04m in 100ms) -- holding last known-good position, not forwarding to EKF2. (154 rejected total)
[WARN] [1788710469.136807322] [visual_odometry_bridge]: Rejected cuVSLAM update: implied speed 9.4 m/s (jumped 0.30m in 32ms) -- holding last known-good position, not forwarding to EKF2. (162 rejected total)
[INFO] [1788710470.245717026] [visual_odometry_bridge]: published 500 vehicle_visual_odometry samples (last NED pos=(-29.74,-13.89,17.10))
[WARN] [1788710471.070204885] [visual_odometry_bridge]: Rejected cuVSLAM update: implied speed 14.3 m/s (jumped 0.46m in 32ms) -- holding last known-good position, not forwarding to EKF2. (165 rejected total)
Traceback (most recent call last):
  File "/workspaces/isaac_ros-dev/ros2_ws/install/px4_vslam_bridge/lib/python3.10/site-packages/px4_vslam_bridge/visual_odometry_bridge.py", line 160, in main
    rclpy.spin(node)
  File "/opt/ros/humble/local/lib/python3.10/dist-packages/rclpy/__init__.py", line 229, in spin
    executor.spin_once()
  File "/opt/ros/humble/local/lib/python3.10/dist-packages/rclpy/executors.py", line 808, in spin_once
    self._spin_once_impl(timeout_sec)
  File "/opt/ros/humble/local/lib/python3.10/dist-packages/rclpy/executors.py", line 797, in _spin_once_impl
    handler, entity, node = self.wait_for_ready_callbacks(timeout_sec=timeout_sec)
  File "/opt/ros/humble/local/lib/python3.10/dist-packages/rclpy/executors.py", line 780, in wait_for_ready_callbacks
    return next(self._cb_iter)
  File "/opt/ros/humble/local/lib/python3.10/dist-packages/rclpy/executors.py", line 681, in _wait_for_ready_callbacks
    raise ExternalShutdownException()
rclpy.executors.ExternalShutdownException

During handling of the above exception, another exception occurred:

Traceback (most recent call last):
  File "/workspaces/isaac_ros-dev/ros2_ws/install/px4_vslam_bridge/lib/px4_vslam_bridge/visual_odometry_bridge", line 33, in <module>
    sys.exit(load_entry_point('px4-vslam-bridge==0.1.0', 'console_scripts', 'visual_odometry_bridge')())
  File "/workspaces/isaac_ros-dev/ros2_ws/install/px4_vslam_bridge/lib/python3.10/site-packages/px4_vslam_bridge/visual_odometry_bridge.py", line 165, in main
    rclpy.shutdown()
  File "/opt/ros/humble/local/lib/python3.10/dist-packages/rclpy/__init__.py", line 130, in shutdown
    _shutdown(context=context)
  File "/opt/ros/humble/local/lib/python3.10/dist-packages/rclpy/utilities.py", line 58, in shutdown
    return context.shutdown()
  File "/opt/ros/humble/local/lib/python3.10/dist-packages/rclpy/context.py", line 102, in shutdown
    self.__context.shutdown()
rclpy._rclpy_pybind11.RCLError: failed to shutdown: rcl_shutdown already called on the given context, at ./src/rcl/init.c:241
