[INFO] [1788711618.002325063] [visual_odometry_bridge]: visual_odometry_bridge ready: /visual_slam/tracking/odometry -> /fmu/in/vehicle_visual_odometry
[INFO] [1788711622.887160338] [visual_odometry_bridge]: published 100 vehicle_visual_odometry samples (last NED pos=(0.00,0.00,-0.00))
[WARN] [1788711628.387896796] [visual_odometry_bridge]: Rejected cuVSLAM update: implied speed 8.8 m/s (jumped 0.28m in 32ms) -- holding last known-good position, not forwarding to EKF2. (1 rejected total)
[INFO] [1788711632.788471214] [visual_odometry_bridge]: published 300 vehicle_visual_odometry samples (last NED pos=(-0.04,-0.38,0.18))
[WARN] [1788711633.150386787] [visual_odometry_bridge]: Rejected cuVSLAM update: implied speed 16.0 m/s (jumped 0.57m in 36ms) -- holding last known-good position, not forwarding to EKF2. (3 rejected total)
[WARN] [1788711634.333780089] [visual_odometry_bridge]: Rejected cuVSLAM update: implied speed 8.5 m/s (jumped 0.27m in 32ms) -- holding last known-good position, not forwarding to EKF2. (14 rejected total)
[WARN] [1788711636.380330679] [visual_odometry_bridge]: Rejected cuVSLAM update: implied speed 11.1 m/s (jumped 0.35m in 32ms) -- holding last known-good position, not forwarding to EKF2. (16 rejected total)
[WARN] [1788711637.481508641] [visual_odometry_bridge]: Rejected cuVSLAM update: implied speed 11.2 m/s (jumped 0.36m in 32ms) -- holding last known-good position, not forwarding to EKF2. (18 rejected total)
[INFO] [1788711638.726208720] [visual_odometry_bridge]: published 400 vehicle_visual_odometry samples (last NED pos=(1.80,-4.14,-1.87))
[WARN] [1788711640.672958077] [visual_odometry_bridge]: Rejected cuVSLAM update: implied speed 12.3 m/s (jumped 0.39m in 32ms) -- holding last known-good position, not forwarding to EKF2. (20 rejected total)
[WARN] [1788711642.993999080] [visual_odometry_bridge]: Rejected cuVSLAM update: implied speed 182.5 m/s (jumped 6.57m in 36ms) -- holding last known-good position, not forwarding to EKF2. (21 rejected total)
[WARN] [1788711643.997639454] [visual_odometry_bridge]: Rejected cuVSLAM update: implied speed 16.4 m/s (jumped 11.43m in 696ms) -- holding last known-good position, not forwarding to EKF2. (41 rejected total)
[WARN] [1788711645.008121759] [visual_odometry_bridge]: Rejected cuVSLAM update: implied speed 8.4 m/s (jumped 11.38m in 1356ms) -- holding last known-good position, not forwarding to EKF2. (61 rejected total)
[INFO] [1788711645.944932444] [visual_odometry_bridge]: published 500 vehicle_visual_odometry samples (last NED pos=(-0.18,-13.86,0.06))
[WARN] [1788711646.204562975] [visual_odometry_bridge]: Rejected cuVSLAM update: implied speed 16.9 m/s (jumped 0.54m in 32ms) -- holding last known-good position, not forwarding to EKF2. (64 rejected total)
[WARN] [1788711647.206561620] [visual_odometry_bridge]: Rejected cuVSLAM update: implied speed 13.0 m/s (jumped 2.14m in 164ms) -- holding last known-good position, not forwarding to EKF2. (71 rejected total)
[WARN] [1788711650.563738346] [visual_odometry_bridge]: Rejected cuVSLAM update: implied speed 22.1 m/s (jumped 0.71m in 32ms) -- holding last known-good position, not forwarding to EKF2. (84 rejected total)
[WARN] [1788711651.876111159] [visual_odometry_bridge]: Rejected cuVSLAM update: implied speed 14.0 m/s (jumped 0.45m in 32ms) -- holding last known-good position, not forwarding to EKF2. (96 rejected total)
[INFO] [1788711652.825607519] [visual_odometry_bridge]: published 600 vehicle_visual_odometry samples (last NED pos=(1.52,-24.14,3.66))
Traceback (most recent call last):
  File "/workspaces/isaac_ros-dev/ros2_ws/install/px4_vslam_bridge/lib/python3.10/site-packages/px4_vslam_bridge/visual_odometry_bridge.py", line 160, in main
    rclpy.spin(node)
  File "/opt/ros/humble/local/lib/python3.10/dist-packages/rclpy/__init__.py", line 229, in spin
    executor.spin_once()
  File "/opt/ros/humble/local/lib/python3.10/dist-packages/rclpy/executors.py", line 808, in spin_once
    self._spin_once_impl(timeout_sec)
  File "/opt/ros/humble/local/lib/python3.10/dist-packages/rclpy/executors.py", line 797, in _spin_once_impl
    handler, entity, node = self.wait_for_ready_callbacks(timeout_sec=timeout_sec)
  File "/opt/ros/humble/local/lib/python3.10/dist-packages/rclpy/executors.py", line 780, in wait_for_ready_callbacks
    return next(self._cb_iter)
  File "/opt/ros/humble/local/lib/python3.10/dist-packages/rclpy/executors.py", line 681, in _wait_for_ready_callbacks
    raise ExternalShutdownException()
rclpy.executors.ExternalShutdownException

During handling of the above exception, another exception occurred:

Traceback (most recent call last):
  File "/workspaces/isaac_ros-dev/ros2_ws/install/px4_vslam_bridge/lib/px4_vslam_bridge/visual_odometry_bridge", line 33, in <module>
    sys.exit(load_entry_point('px4-vslam-bridge==0.1.0', 'console_scripts', 'visual_odometry_bridge')())
  File "/workspaces/isaac_ros-dev/ros2_ws/install/px4_vslam_bridge/lib/python3.10/site-packages/px4_vslam_bridge/visual_odometry_bridge.py", line 165, in main
    rclpy.shutdown()
  File "/opt/ros/humble/local/lib/python3.10/dist-packages/rclpy/__init__.py", line 130, in shutdown
    _shutdown(context=context)
  File "/opt/ros/humble/local/lib/python3.10/dist-packages/rclpy/utilities.py", line 58, in shutdown
    return context.shutdown()
  File "/opt/ros/humble/local/lib/python3.10/dist-packages/rclpy/context.py", line 102, in shutdown
    self.__context.shutdown()
rclpy._rclpy_pybind11.RCLError: failed to shutdown: rcl_shutdown already called on the given context, at ./src/rcl/init.c:241
