[INFO] [1788690655.021413662] [fast_planner_bridge]: fast_planner_bridge ready -- will capture home at arm time and climb (0.0, 0.0, -5.0) NED relative to it, then follow /planning/pos_cmd from Fast-Planner
[INFO] [1788690655.021782599] [fast_planner_bridge]: >>> Press ENTER to arm and fly (or set OFFBOARD_AUTO_START=1) <<<
[WARN] [1788690656.991314444] [fast_planner_bridge]: [tick 40] No data on /fmu/out/vehicle_local_position_v1.
[INFO] [1788690660.641019828] [fast_planner_bridge]: OFFBOARD + ARMED confirmed -- home_ned=(0.02106306329369545, 0.0068019116297364235, 0.08320827782154083), climbing to (0.02106306329369545, 0.0068019116297364235, -4.916791722178459).
[INFO] [1788690660.991359103] [fast_planner_bridge]: [CLIMBING] pos_ned=(0.02,0.01,0.08) dist=5.00m
[INFO] [1788690661.991216167] [fast_planner_bridge]: [CLIMBING] pos_ned=(0.04,0.01,0.09) dist=5.00m
[INFO] [1788690662.991098532] [fast_planner_bridge]: [CLIMBING] pos_ned=(0.05,0.02,0.08) dist=4.99m
[INFO] [1788690663.991569469] [fast_planner_bridge]: [CLIMBING] pos_ned=(0.04,0.01,0.07) dist=4.99m
[INFO] [1788690664.991257375] [fast_planner_bridge]: [CLIMBING] pos_ned=(0.03,0.05,0.06) dist=4.97m
[INFO] [1788690665.991271334] [fast_planner_bridge]: [CLIMBING] pos_ned=(0.03,0.09,-0.80) dist=4.11m
[INFO] [1788690666.991114852] [fast_planner_bridge]: [CLIMBING] pos_ned=(0.01,0.06,-2.67) dist=2.25m
[INFO] [1788690667.991147298] [fast_planner_bridge]: [CLIMBING] pos_ned=(0.02,-0.01,-3.81) dist=1.11m
[INFO] [1788690668.991230393] [fast_planner_bridge]: [CLIMBING] pos_ned=(0.01,-0.04,-4.25) dist=0.67m
[INFO] [1788690669.991198665] [fast_planner_bridge]: [CLIMBING] pos_ned=(0.00,-0.02,-4.49) dist=0.43m
[INFO] [1788690670.841284029] [fast_planner_bridge]: Climb complete (dist=0.30m) -- following Fast-Planner.
[INFO] [1788690670.991066403] [fast_planner_bridge]: [FOLLOWING] pos_ned=(0.02,-0.01,-4.64) target_ned=(0.01,-0.01,-4.56) pos_cmd_age=0.01s
[INFO] [1788690671.991173658] [fast_planner_bridge]: [FOLLOWING] pos_ned=(0.02,0.01,-4.52) target_ned=(0.01,-0.01,-4.56) pos_cmd_age=0.01s
[INFO] [1788690672.991386829] [fast_planner_bridge]: [FOLLOWING] pos_ned=(0.01,-0.02,-4.48) target_ned=(0.06,-0.01,-4.49) pos_cmd_age=0.01s
[INFO] [1788690673.991328965] [fast_planner_bridge]: [FOLLOWING] pos_ned=(0.30,-0.11,-4.45) target_ned=(0.45,-0.09,-4.48) pos_cmd_age=0.01s
[INFO] [1788690674.991397719] [fast_planner_bridge]: [FOLLOWING] pos_ned=(1.04,-0.26,-4.47) target_ned=(1.12,-0.19,-4.50) pos_cmd_age=0.01s
[INFO] [1788690675.991635002] [fast_planner_bridge]: [FOLLOWING] pos_ned=(1.66,-0.22,-4.54) target_ned=(1.62,-0.23,-4.54) pos_cmd_age=0.01s
[INFO] [1788690676.991242122] [fast_planner_bridge]: [FOLLOWING] pos_ned=(1.94,-0.29,-4.49) target_ned=(1.83,-0.45,-4.54) pos_cmd_age=0.01s
[INFO] [1788690677.991662866] [fast_planner_bridge]: [FOLLOWING] pos_ned=(2.27,-0.86,-4.47) target_ned=(2.38,-0.99,-4.55) pos_cmd_age=0.01s
[INFO] [1788690678.991238009] [fast_planner_bridge]: [FOLLOWING] pos_ned=(3.03,-1.38,-4.51) target_ned=(3.07,-1.47,-4.60) pos_cmd_age=0.01s
[INFO] [1788690679.991239933] [fast_planner_bridge]: [FOLLOWING] pos_ned=(3.69,-1.66,-4.72) target_ned=(3.75,-1.66,-4.67) pos_cmd_age=0.01s
[INFO] [1788690680.991501134] [fast_planner_bridge]: [FOLLOWING] pos_ned=(4.06,-1.64,-4.71) target_ned=(4.06,-1.67,-4.68) pos_cmd_age=0.01s
[INFO] [1788690681.991382830] [fast_planner_bridge]: [FOLLOWING] pos_ned=(4.05,-1.59,-4.72) target_ned=(4.00,-1.69,-4.69) pos_cmd_age=0.01s
[INFO] [1788690682.991586124] [fast_planner_bridge]: [FOLLOWING] pos_ned=(3.91,-1.71,-4.74) target_ned=(3.94,-1.80,-4.70) pos_cmd_age=0.01s
[INFO] [1788690683.991106745] [fast_planner_bridge]: [FOLLOWING] pos_ned=(4.17,-1.84,-4.75) target_ned=(4.24,-1.88,-4.72) pos_cmd_age=0.01s
[INFO] [1788690684.991590711] [fast_planner_bridge]: [FOLLOWING] pos_ned=(4.77,-1.94,-4.75) target_ned=(4.80,-1.85,-4.74) pos_cmd_age=0.01s
[INFO] [1788690685.991309003] [fast_planner_bridge]: [FOLLOWING] pos_ned=(5.18,-1.92,-4.75) target_ned=(5.14,-1.80,-4.76) pos_cmd_age=0.01s
[INFO] [1788690686.991276563] [fast_planner_bridge]: [FOLLOWING] pos_ned=(5.14,-1.85,-4.74) target_ned=(5.10,-1.79,-4.76) pos_cmd_age=0.01s
[INFO] [1788690687.991285626] [fast_planner_bridge]: [FOLLOWING] pos_ned=(4.98,-1.56,-4.71) target_ned=(5.07,-1.52,-4.75) pos_cmd_age=0.01s
[INFO] [1788690688.991241130] [fast_planner_bridge]: [FOLLOWING] pos_ned=(5.42,-0.95,-4.71) target_ned=(5.39,-0.89,-4.80) pos_cmd_age=0.01s
[INFO] [1788690689.991287475] [fast_planner_bridge]: [FOLLOWING] pos_ned=(5.96,-0.32,-4.89) target_ned=(5.85,-0.26,-4.87) pos_cmd_age=0.01s
[INFO] [1788690690.991044182] [fast_planner_bridge]: [FOLLOWING] pos_ned=(6.27,0.10,-4.92) target_ned=(6.30,0.14,-4.93) pos_cmd_age=0.01s
[INFO] [1788690691.991444483] [fast_planner_bridge]: [FOLLOWING] pos_ned=(6.68,0.18,-5.01) target_ned=(6.87,0.24,-4.97) pos_cmd_age=0.01s
[INFO] [1788690692.991248100] [fast_planner_bridge]: [FOLLOWING] pos_ned=(7.36,0.16,-5.03) target_ned=(7.47,0.15,-5.00) pos_cmd_age=0.01s
[INFO] [1788690693.991220218] [fast_planner_bridge]: [FOLLOWING] pos_ned=(7.85,-0.01,-5.00) target_ned=(7.91,0.03,-5.00) pos_cmd_age=0.01s
[INFO] [1788690694.991221839] [fast_planner_bridge]: [FOLLOWING] pos_ned=(7.97,0.02,-5.00) target_ned=(8.00,0.00,-5.00) pos_cmd_age=0.01s
[INFO] [1788690695.991742824] [fast_planner_bridge]: [FOLLOWING] pos_ned=(7.96,0.09,-5.01) target_ned=(8.00,0.00,-5.00) pos_cmd_age=0.01s
[INFO] [1788690696.991068753] [fast_planner_bridge]: [FOLLOWING] pos_ned=(8.02,0.06,-5.00) target_ned=(8.00,0.00,-5.00) pos_cmd_age=0.01s
[WARN] [1788690697.174645194] [fast_planner_bridge]: Shutdown signal 15 received -- ceasing ARM requests, commanding AUTO.LAND, will disarm and exit once landed. If this doesn't complete and the vehicle needs to come down NOW, use emergency_stop.py instead of repeating this signal.
[INFO] [1788690697.241390001] [fast_planner_bridge]: Requesting AUTO.LAND... nav_state=14
[INFO] [1788690697.291553106] [fast_planner_bridge]: AUTO.LAND confirmed -- ceasing offboard setpoints, handing off to the autopilot.
[INFO] [1788690698.991081391] [fast_planner_bridge]: Waiting for disarm (backstop disarm sent)... arming_state=2
