[INFO] [1788690652.331576543] [vslam_compare]: vslam_compare: logging per-message CSV to /workspaces/isaac_ros-dev/results/feasibility_gate/gate_sweep_poor_none_r08/vslam_compare.csv (exp_id='gate_sweep_poor_none_r08')
[INFO] [1788690652.350104155] [vslam_compare]: vslam_compare ready -- watching /visual_slam/tracking/odometry vs /ground_truth/odom
[INFO] [1788690652.353999343] [vslam_compare]: cuVSLAM origin set: (0.0, 0.0, 0.0) -- tracking initialized
[INFO] [1788690652.363125506] [vslam_compare]: Ground truth origin set: (0.02089470811188221, 0.030988167971372604, -0.04161018133163452)
[INFO] [1788690653.350269430] [vslam_compare]: gt=(-0.01, 0.0, 0.01) vslam=(0.0, 0.0, 0.0) error=0.014m max_error=0.014m (n=1)
[INFO] [1788690654.350410595] [vslam_compare]: gt=(-0.02, 0.01, 0.01) vslam=(0.0, 0.0, 0.0) error=0.026m max_error=0.026m (n=2)
[INFO] [1788690655.350420914] [vslam_compare]: gt=(-0.04, -0.01, 0.0) vslam=(0.0, 0.0, 0.0) error=0.040m max_error=0.040m (n=3)
[INFO] [1788690656.350216143] [vslam_compare]: gt=(-0.04, -0.01, -0.01) vslam=(0.0, 0.0, 0.0) error=0.044m max_error=0.044m (n=4)
[INFO] [1788690657.350287467] [vslam_compare]: gt=(-0.05, -0.02, -0.02) vslam=(0.0, 0.0, 0.0) error=0.056m max_error=0.056m (n=5)
[INFO] [1788690658.350551064] [vslam_compare]: gt=(-0.04, -0.01, -0.03) vslam=(0.0, 0.0, 0.0) error=0.051m max_error=0.056m (n=6)
[INFO] [1788690659.350528783] [vslam_compare]: gt=(-0.03, -0.01, -0.04) vslam=(0.0, 0.0, 0.0) error=0.051m max_error=0.056m (n=7)
[INFO] [1788690660.350327424] [vslam_compare]: gt=(-0.02, -0.01, -0.04) vslam=(0.0, 0.0, 0.0) error=0.048m max_error=0.056m (n=8)
[INFO] [1788690661.350445785] [vslam_compare]: gt=(-0.01, 0.0, -0.04) vslam=(0.0, 0.0, 0.0) error=0.046m max_error=0.056m (n=9)
[INFO] [1788690662.350606719] [vslam_compare]: gt=(-0.0, 0.01, -0.04) vslam=(0.0, 0.0, 0.0) error=0.045m max_error=0.056m (n=10)
[INFO] [1788690663.350468751] [vslam_compare]: gt=(-0.01, 0.02, -0.03) vslam=(0.0, 0.0, 0.0) error=0.040m max_error=0.056m (n=11)
[INFO] [1788690664.350325723] [vslam_compare]: gt=(-0.0, 0.01, -0.03) vslam=(0.02, -0.01, -0.04) error=0.039m max_error=0.056m (n=12)
[INFO] [1788690665.350587792] [vslam_compare]: gt=(0.06, 0.01, 0.11) vslam=(0.26, -0.05, 0.04) error=0.217m max_error=0.217m (n=13)
[INFO] [1788690666.350248402] [vslam_compare]: gt=(0.06, -0.02, 1.48) vslam=(0.3, -0.37, 1.19) error=0.515m max_error=0.515m (n=14)
[INFO] [1788690667.350227211] [vslam_compare]: gt=(0.01, -0.02, 3.29) vslam=(0.2, -0.37, 3.12) error=0.428m max_error=0.515m (n=15)
[INFO] [1788690668.350423353] [vslam_compare]: gt=(-0.05, -0.01, 4.05) vslam=(0.03, -0.4, 3.53) error=0.657m max_error=0.657m (n=16)
[INFO] [1788690669.350514682] [vslam_compare]: gt=(-0.05, -0.02, 4.39) vslam=(-0.11, -0.37, 3.92) error=0.590m max_error=0.657m (n=17)
[INFO] [1788690670.350505686] [vslam_compare]: gt=(-0.03, -0.03, 4.59) vslam=(-1.34, -0.76, 4.08) error=1.584m max_error=1.584m (n=18)
[INFO] [1788690671.350191469] [vslam_compare]: gt=(-0.02, -0.01, 4.65) vslam=(-1.41, -0.93, 3.83) error=1.857m max_error=1.857m (n=19)
[INFO] [1788690672.350365090] [vslam_compare]: gt=(-0.02, -0.01, 4.54) vslam=(-1.67, -0.93, 3.66) error=2.080m max_error=2.080m (n=20)
[INFO] [1788690673.350492623] [vslam_compare]: gt=(-0.06, 0.02, 4.51) vslam=(-1.9, -1.11, 3.48) error=2.394m max_error=2.394m (n=21)
[INFO] [1788690674.350708640] [vslam_compare]: gt=(-0.19, 0.51, 4.49) vslam=(-2.18, -0.67, 3.33) error=2.585m max_error=2.585m (n=22)
[INFO] [1788690675.350400790] [vslam_compare]: gt=(-0.29, 1.26, 4.54) vslam=(-2.4, 0.02, 3.1) error=2.839m max_error=2.839m (n=23)
[INFO] [1788690676.350525974] [vslam_compare]: gt=(-0.2, 1.77, 4.58) vslam=(-2.73, 0.12, 3.11) error=3.365m max_error=3.365m (n=24)
[INFO] [1788690677.350321078] [vslam_compare]: gt=(-0.48, 1.98, 4.51) vslam=(-3.1, 0.29, 2.8) error=3.557m max_error=3.557m (n=25)
[INFO] [1788690678.350493397] [vslam_compare]: gt=(-1.12, 2.52, 4.46) vslam=(-3.52, 0.79, 2.92) error=3.345m max_error=3.557m (n=26)
[INFO] [1788690679.350329576] [vslam_compare]: gt=(-1.52, 3.24, 4.65) vslam=(-3.82, 1.33, 2.74) error=3.548m max_error=3.557m (n=27)
[INFO] [1788690680.350380224] [vslam_compare]: gt=(-1.7, 3.85, 4.76) vslam=(-3.9, 1.85, 2.31) error=3.851m max_error=3.851m (n=28)
[INFO] [1788690681.350555777] [vslam_compare]: gt=(-1.63, 4.07, 4.75) vslam=(-4.1, 2.09, 2.16) error=4.092m max_error=4.092m (n=29)
[INFO] [1788690682.350437061] [vslam_compare]: gt=(-1.64, 3.95, 4.77) vslam=(-4.5, 1.8, 2.0) error=4.526m max_error=4.526m (n=30)
[INFO] [1788690683.350546161] [vslam_compare]: gt=(-1.79, 3.92, 4.79) vslam=(-5.05, 1.57, 1.93) error=4.933m max_error=4.933m (n=31)
[INFO] [1788690684.350505102] [vslam_compare]: gt=(-1.91, 4.34, 4.79) vslam=(-5.37, 1.15, 1.77) error=5.594m max_error=5.594m (n=32)
[INFO] [1788690685.350303705] [vslam_compare]: gt=(-1.96, 4.94, 4.79) vslam=(-5.63, 1.48, 1.37) error=6.095m max_error=6.095m (n=33)
[INFO] [1788690686.350374751] [vslam_compare]: gt=(-1.91, 5.18, 4.79) vslam=(-5.49, 2.19, 0.71) error=6.193m max_error=6.193m (n=34)
[INFO] [1788690687.350263256] [vslam_compare]: gt=(-1.82, 5.03, 4.76) vslam=(-5.77, 1.88, 0.81) error=6.417m max_error=6.417m (n=35)
[INFO] [1788690688.350223435] [vslam_compare]: gt=(-1.36, 5.02, 4.74) vslam=(-5.23, 1.72, 0.56) error=6.577m max_error=6.577m (n=36)
[INFO] [1788690689.350447008] [vslam_compare]: gt=(-0.73, 5.63, 4.84) vslam=(-4.73, 1.76, 1.0) error=6.761m max_error=6.761m (n=37)
[INFO] [1788690690.350193190] [vslam_compare]: gt=(-0.15, 6.05, 4.96) vslam=(-4.8, 1.65, 0.46) error=7.824m max_error=7.824m (n=38)
[INFO] [1788690691.350390421] [vslam_compare]: gt=(0.13, 6.37, 4.98) vslam=(-7.34, 1.56, 0.95) error=9.754m max_error=9.754m (n=39)
[INFO] [1788690692.350193211] [vslam_compare]: gt=(0.17, 6.89, 5.08) vslam=(-8.28, 1.13, 0.69) error=11.135m max_error=11.135m (n=40)
Traceback (most recent call last):
  File "/workspaces/isaac_ros-dev/ros2_ws/install/px4_vslam_bridge/lib/px4_vslam_bridge/vslam_compare", line 33, in <module>
    sys.exit(load_entry_point('px4-vslam-bridge==0.1.0', 'console_scripts', 'vslam_compare')())
  File "/workspaces/isaac_ros-dev/ros2_ws/install/px4_vslam_bridge/lib/python3.10/site-packages/px4_vslam_bridge/vslam_compare.py", line 199, in main
    rclpy.shutdown()
  File "/opt/ros/humble/local/lib/python3.10/dist-packages/rclpy/__init__.py", line 130, in shutdown
    _shutdown(context=context)
  File "/opt/ros/humble/local/lib/python3.10/dist-packages/rclpy/utilities.py", line 58, in shutdown
    return context.shutdown()
  File "/opt/ros/humble/local/lib/python3.10/dist-packages/rclpy/context.py", line 102, in shutdown
    self.__context.shutdown()
rclpy._rclpy_pybind11.RCLError: failed to shutdown: rcl_shutdown already called on the given context, at ./src/rcl/init.c:241
