[INFO] [1788687094.840208532] [fast_planner_bridge]: fast_planner_bridge ready -- will capture home at arm time and climb (0.0, 0.0, -5.0) NED relative to it, then follow /planning/pos_cmd from Fast-Planner
[INFO] [1788687094.840615287] [fast_planner_bridge]: >>> Press ENTER to arm and fly (or set OFFBOARD_AUTO_START=1) <<<
[INFO] [1788687097.659436117] [fast_planner_bridge]: OFFBOARD + ARMED confirmed -- home_ned=(0.00297498214058578, -0.013209211640059948, 0.023356333374977112), climbing to (0.00297498214058578, -0.013209211640059948, -4.976643666625023).
[INFO] [1788687097.809576470] [fast_planner_bridge]: [CLIMBING] pos_ned=(0.00,-0.01,0.02) dist=5.00m
[INFO] [1788687098.809618818] [fast_planner_bridge]: [CLIMBING] pos_ned=(0.01,-0.01,0.01) dist=4.99m
[INFO] [1788687099.809816009] [fast_planner_bridge]: [CLIMBING] pos_ned=(0.02,-0.01,0.01) dist=4.99m
[INFO] [1788687100.809485961] [fast_planner_bridge]: [CLIMBING] pos_ned=(0.02,-0.01,0.02) dist=4.99m
[INFO] [1788687101.809685841] [fast_planner_bridge]: [CLIMBING] pos_ned=(0.01,0.03,0.02) dist=4.99m
[INFO] [1788687102.809612880] [fast_planner_bridge]: [CLIMBING] pos_ned=(0.02,0.12,-0.11) dist=4.87m
[INFO] [1788687103.809766767] [fast_planner_bridge]: [CLIMBING] pos_ned=(-0.03,0.07,-1.34) dist=3.64m
[INFO] [1788687104.809542054] [fast_planner_bridge]: [CLIMBING] pos_ned=(-0.11,-0.05,-3.07) dist=1.91m
[INFO] [1788687105.809612699] [fast_planner_bridge]: [CLIMBING] pos_ned=(-0.07,-0.09,-3.95) dist=1.04m
[INFO] [1788687106.809411534] [fast_planner_bridge]: [CLIMBING] pos_ned=(-0.01,-0.06,-4.32) dist=0.65m
[INFO] [1788687107.809737411] [fast_planner_bridge]: [CLIMBING] pos_ned=(0.01,-0.04,-4.53) dist=0.44m
[INFO] [1788687108.810000072] [fast_planner_bridge]: [CLIMBING] pos_ned=(0.04,-0.03,-4.68) dist=0.30m
[INFO] [1788687108.859835492] [fast_planner_bridge]: Climb complete (dist=0.30m) -- following Fast-Planner.
[INFO] [1788687109.809461067] [fast_planner_bridge]: [FOLLOWING] pos_ned=(0.05,-0.03,-4.62) target_ned=(0.03,-0.04,-4.62) pos_cmd_age=0.01s
[INFO] [1788687110.809768094] [fast_planner_bridge]: [FOLLOWING] pos_ned=(0.05,-0.02,-4.57) target_ned=(0.03,-0.04,-4.62) pos_cmd_age=0.01s
[INFO] [1788687111.809839369] [fast_planner_bridge]: [FOLLOWING] pos_ned=(0.20,-0.12,-4.58) target_ned=(0.26,-0.15,-4.62) pos_cmd_age=0.01s
[INFO] [1788687112.809731880] [fast_planner_bridge]: [FOLLOWING] pos_ned=(0.66,-0.41,-4.59) target_ned=(0.77,-0.37,-4.62) pos_cmd_age=0.01s
[INFO] [1788687113.809680208] [fast_planner_bridge]: [FOLLOWING] pos_ned=(1.36,-0.65,-4.59) target_ned=(1.47,-0.61,-4.63) pos_cmd_age=0.01s
[INFO] [1788687114.809725059] [fast_planner_bridge]: [FOLLOWING] pos_ned=(2.14,-0.86,-4.64) target_ned=(2.25,-0.79,-4.67) pos_cmd_age=0.01s
[INFO] [1788687115.809890037] [fast_planner_bridge]: [FOLLOWING] pos_ned=(2.81,-0.89,-4.68) target_ned=(2.87,-0.87,-4.71) pos_cmd_age=0.01s
[INFO] [1788687116.809620870] [fast_planner_bridge]: [FOLLOWING] pos_ned=(3.18,-0.88,-4.71) target_ned=(3.22,-0.96,-4.73) pos_cmd_age=0.01s
[INFO] [1788687117.809662038] [fast_planner_bridge]: [FOLLOWING] pos_ned=(3.41,-1.15,-4.75) target_ned=(3.52,-1.29,-4.75) pos_cmd_age=0.01s
[INFO] [1788687118.809873979] [fast_planner_bridge]: [FOLLOWING] pos_ned=(3.79,-1.62,-4.79) target_ned=(3.95,-1.69,-4.77) pos_cmd_age=0.01s
[INFO] [1788687119.809963090] [fast_planner_bridge]: [FOLLOWING] pos_ned=(4.29,-1.98,-4.82) target_ned=(4.40,-1.98,-4.80) pos_cmd_age=0.01s
[INFO] [1788687120.809698097] [fast_planner_bridge]: [FOLLOWING] pos_ned=(4.82,-2.18,-4.83) target_ned=(4.85,-2.21,-4.84) pos_cmd_age=0.01s
[INFO] [1788687121.809912507] [fast_planner_bridge]: [FOLLOWING] pos_ned=(5.41,-2.46,-4.86) target_ned=(5.44,-2.56,-4.88) pos_cmd_age=0.01s
[INFO] [1788687122.809616959] [fast_planner_bridge]: [FOLLOWING] pos_ned=(5.45,-3.75,-4.87) target_ned=(5.55,-3.44,-4.83) pos_cmd_age=0.01s
[INFO] [1788687123.809940516] [fast_planner_bridge]: [FOLLOWING] pos_ned=(5.22,-3.90,-4.74) target_ned=(5.55,-3.44,-4.83) pos_cmd_age=0.01s
[INFO] [1788687124.809784093] [fast_planner_bridge]: [FOLLOWING] pos_ned=(5.55,-3.49,-4.82) target_ned=(5.55,-3.44,-4.83) pos_cmd_age=0.01s
[INFO] [1788687125.809625356] [fast_planner_bridge]: [FOLLOWING] pos_ned=(5.78,-3.29,-4.87) target_ned=(5.70,-3.55,-4.83) pos_cmd_age=0.01s
[INFO] [1788687126.809714657] [fast_planner_bridge]: [FOLLOWING] pos_ned=(6.14,-3.67,-4.90) target_ned=(6.16,-3.91,-4.86) pos_cmd_age=0.01s
[INFO] [1788687127.809646163] [fast_planner_bridge]: [FOLLOWING] pos_ned=(6.80,-4.10,-4.94) target_ned=(6.78,-4.31,-4.90) pos_cmd_age=0.01s
[INFO] [1788687128.809761345] [fast_planner_bridge]: [FOLLOWING] pos_ned=(7.30,-4.25,-4.96) target_ned=(6.90,-3.99,-4.94) pos_cmd_age=0.01s
[INFO] [1788687129.809534806] [fast_planner_bridge]: [FOLLOWING] pos_ned=(7.15,-3.82,-4.92) target_ned=(7.05,-3.54,-4.95) pos_cmd_age=0.01s
[INFO] [1788687130.809599406] [fast_planner_bridge]: [FOLLOWING] pos_ned=(7.19,-2.97,-4.85) target_ned=(7.20,-2.88,-4.94) pos_cmd_age=0.01s
[INFO] [1788687131.809587563] [fast_planner_bridge]: [FOLLOWING] pos_ned=(7.33,-2.10,-4.90) target_ned=(7.33,-2.15,-4.92) pos_cmd_age=0.01s
[INFO] [1788687132.809729380] [fast_planner_bridge]: [FOLLOWING] pos_ned=(7.45,-1.33,-4.92) target_ned=(7.51,-1.37,-4.92) pos_cmd_age=0.01s
[INFO] [1788687133.809512644] [fast_planner_bridge]: [FOLLOWING] pos_ned=(7.69,-0.64,-4.95) target_ned=(7.73,-0.72,-4.96) pos_cmd_age=0.01s
[INFO] [1788687134.809703586] [fast_planner_bridge]: [FOLLOWING] pos_ned=(7.89,-0.27,-4.98) target_ned=(7.88,-0.38,-4.99) pos_cmd_age=0.01s
[INFO] [1788687135.809534662] [fast_planner_bridge]: [FOLLOWING] pos_ned=(7.90,-0.26,-4.99) target_ned=(7.90,-0.35,-4.99) pos_cmd_age=0.01s
[INFO] [1788687136.809744010] [fast_planner_bridge]: [FOLLOWING] pos_ned=(7.89,-0.24,-5.00) target_ned=(7.90,-0.35,-4.99) pos_cmd_age=0.01s
[INFO] [1788687137.809608712] [fast_planner_bridge]: [FOLLOWING] pos_ned=(7.90,-0.21,-5.00) target_ned=(7.90,-0.35,-4.99) pos_cmd_age=0.01s
[WARN] [1788687138.251949097] [fast_planner_bridge]: Shutdown signal 15 received -- ceasing ARM requests, commanding AUTO.LAND, will disarm and exit once landed. If this doesn't complete and the vehicle needs to come down NOW, use emergency_stop.py instead of repeating this signal.
[INFO] [1788687138.309640133] [fast_planner_bridge]: Requesting AUTO.LAND... nav_state=14
[INFO] [1788687138.359594113] [fast_planner_bridge]: AUTO.LAND confirmed -- ceasing offboard setpoints, handing off to the autopilot.
[INFO] [1788687138.809575557] [fast_planner_bridge]: Waiting for disarm (backstop disarm sent)... arming_state=2
[INFO] [1788687140.809554123] [fast_planner_bridge]: Waiting for disarm (backstop disarm sent)... arming_state=2
