stdin is not a terminal device. Keyboard handling disabled.[INFO] [1788530023.441951334] [rosbag2_recorder]: Press SPACE for pausing/resuming
[INFO] [1788530023.443759750] [rosbag2_storage]: Opened database '/workspaces/isaac_ros-dev/results/feasibility_gate/mini_dose_high_r2/rosbag/rosbag_0.db3' for READ_WRITE.
[INFO] [1788530023.444597654] [rosbag2_recorder]: Listening for topics...
[INFO] [1788530023.444756091] [rosbag2_recorder]: Recording...
[INFO] [1788530023.445347702] [rosbag2_recorder]: Event publisher thread: Starting
[INFO] [1788530023.849862314] [rosbag2_recorder]: Subscribed to topic '/ground_truth/odom'
[INFO] [1788530023.851300455] [rosbag2_recorder]: Subscribed to topic '/tf'
[INFO] [1788530023.851890173] [rosbag2_recorder]: Subscribed to topic '/tf_static'
[INFO] [1788530025.571132888] [rosbag2_recorder]: Subscribed to topic '/fmu/out/estimator_status_flags'
[INFO] [1788530025.572288949] [rosbag2_recorder]: Subscribed to topic '/visual_slam/status'
[INFO] [1788530025.572860212] [rosbag2_recorder]: Subscribed to topic '/visual_slam/tracking/odometry'
[INFO] [1788530025.574238481] [rosbag2_recorder]: Subscribed to topic '/visual_slam/vis/observations_cloud'
[INFO] [1788530026.393118370] [rosbag2_recorder]: Subscribed to topic '/clock'
[INFO] [1788530026.393832471] [rosbag2_recorder]: Subscribed to topic '/stereo/left/camera_info'
[INFO] [1788530026.394439180] [rosbag2_recorder]: Subscribed to topic '/stereo/left/image'
[INFO] [1788530026.395032835] [rosbag2_recorder]: Subscribed to topic '/stereo/right/camera_info'
[INFO] [1788530026.395651237] [rosbag2_recorder]: Subscribed to topic '/stereo/right/image'
[INFO] [1788530026.395672457] [rosbag2_recorder]: All requested topics are subscribed. Stopping discovery...
[INFO] [1788530069.752155145] [rosbag2_cpp]: Writing remaining messages from cache to the bag. It may take a while
[INFO] [1788530069.753735954] [rosbag2_recorder]: Event publisher thread: Exiting
[INFO] [1788530069.753807990] [rosbag2_recorder]: Recording stopped
