[INFO] [1788750074.321168687] [visual_odometry_bridge]: visual_odometry_bridge ready: /visual_slam/tracking/odometry -> /fmu/in/vehicle_visual_odometry
[INFO] [1788750081.205464049] [visual_odometry_bridge]: published 100 vehicle_visual_odometry samples (last NED pos=(0.00,0.00,-0.00))
[INFO] [1788750090.427785351] [visual_odometry_bridge]: published 300 vehicle_visual_odometry samples (last NED pos=(-0.04,0.18,0.02))
[WARN] [1788750095.002773627] [visual_odometry_bridge]: Rejected cuVSLAM update: implied speed 8.4 m/s (jumped 0.30m in 36ms) -- holding last known-good position, not forwarding to EKF2. (1 rejected total)
[WARN] [1788750096.612165640] [visual_odometry_bridge]: Rejected cuVSLAM update: implied speed 17.8 m/s (jumped 0.57m in 32ms) -- holding last known-good position, not forwarding to EKF2. (2 rejected total)
[INFO] [1788750099.969528885] [visual_odometry_bridge]: published 500 vehicle_visual_odometry samples (last NED pos=(1.98,-0.85,-7.55))
[WARN] [1788750105.962225674] [visual_odometry_bridge]: Rejected cuVSLAM update: implied speed 16.3 m/s (jumped 0.52m in 32ms) -- holding last known-good position, not forwarding to EKF2. (8 rejected total)
[INFO] [1788750109.365840252] [visual_odometry_bridge]: published 700 vehicle_visual_odometry samples (last NED pos=(1.69,-1.61,-7.11))
[WARN] [1788750109.832348155] [visual_odometry_bridge]: Rejected cuVSLAM update: implied speed 11.3 m/s (jumped 0.41m in 36ms) -- holding last known-good position, not forwarding to EKF2. (10 rejected total)
[WARN] [1788750111.268191698] [visual_odometry_bridge]: Rejected cuVSLAM update: implied speed 10.1 m/s (jumped 0.32m in 32ms) -- holding last known-good position, not forwarding to EKF2. (13 rejected total)
[WARN] [1788750112.647050484] [visual_odometry_bridge]: Rejected cuVSLAM update: implied speed 22.2 m/s (jumped 0.71m in 32ms) -- holding last known-good position, not forwarding to EKF2. (16 rejected total)
[WARN] [1788750113.684942535] [visual_odometry_bridge]: Rejected cuVSLAM update: implied speed 12.4 m/s (jumped 4.91m in 396ms) -- holding last known-good position, not forwarding to EKF2. (29 rejected total)
[INFO] [1788750115.272468407] [visual_odometry_bridge]: published 800 vehicle_visual_odometry samples (last NED pos=(0.70,-3.49,-6.18))
[WARN] [1788750115.371515354] [visual_odometry_bridge]: Rejected cuVSLAM update: implied speed 9.6 m/s (jumped 0.31m in 32ms) -- holding last known-good position, not forwarding to EKF2. (36 rejected total)
[INFO] [1788750120.529594682] [visual_odometry_bridge]: published 900 vehicle_visual_odometry samples (last NED pos=(1.49,-1.42,-5.94))
[WARN] [1788750121.667234603] [visual_odometry_bridge]: Rejected cuVSLAM update: implied speed 11.8 m/s (jumped 0.38m in 32ms) -- holding last known-good position, not forwarding to EKF2. (44 rejected total)
[WARN] [1788750122.687393481] [visual_odometry_bridge]: Rejected cuVSLAM update: implied speed 11.1 m/s (jumped 0.40m in 36ms) -- holding last known-good position, not forwarding to EKF2. (46 rejected total)
[WARN] [1788750123.863112012] [visual_odometry_bridge]: Rejected cuVSLAM update: implied speed 10.2 m/s (jumped 0.33m in 32ms) -- holding last known-good position, not forwarding to EKF2. (49 rejected total)
[INFO] [1788750125.580746401] [visual_odometry_bridge]: published 1000 vehicle_visual_odometry samples (last NED pos=(2.35,-2.94,-3.46))
[WARN] [1788750125.813887234] [visual_odometry_bridge]: Rejected cuVSLAM update: implied speed 9.6 m/s (jumped 0.31m in 32ms) -- holding last known-good position, not forwarding to EKF2. (50 rejected total)
[WARN] [1788750128.173520648] [visual_odometry_bridge]: Rejected cuVSLAM update: implied speed 8.6 m/s (jumped 0.27m in 32ms) -- holding last known-good position, not forwarding to EKF2. (53 rejected total)
[WARN] [1788750129.618167456] [visual_odometry_bridge]: Rejected cuVSLAM update: implied speed 18.6 m/s (jumped 0.59m in 32ms) -- holding last known-good position, not forwarding to EKF2. (62 rejected total)
[WARN] [1788750130.870023502] [visual_odometry_bridge]: Rejected cuVSLAM update: implied speed 18.8 m/s (jumped 0.60m in 32ms) -- holding last known-good position, not forwarding to EKF2. (71 rejected total)
Traceback (most recent call last):
  File "/workspaces/isaac_ros-dev/ros2_ws/install/px4_vslam_bridge/lib/python3.10/site-packages/px4_vslam_bridge/visual_odometry_bridge.py", line 160, in main
    rclpy.spin(node)
  File "/opt/ros/humble/local/lib/python3.10/dist-packages/rclpy/__init__.py", line 229, in spin
    executor.spin_once()
  File "/opt/ros/humble/local/lib/python3.10/dist-packages/rclpy/executors.py", line 808, in spin_once
    self._spin_once_impl(timeout_sec)
  File "/opt/ros/humble/local/lib/python3.10/dist-packages/rclpy/executors.py", line 797, in _spin_once_impl
    handler, entity, node = self.wait_for_ready_callbacks(timeout_sec=timeout_sec)
  File "/opt/ros/humble/local/lib/python3.10/dist-packages/rclpy/executors.py", line 780, in wait_for_ready_callbacks
    return next(self._cb_iter)
  File "/opt/ros/humble/local/lib/python3.10/dist-packages/rclpy/executors.py", line 681, in _wait_for_ready_callbacks
    raise ExternalShutdownException()
rclpy.executors.ExternalShutdownException

During handling of the above exception, another exception occurred:

Traceback (most recent call last):
  File "/workspaces/isaac_ros-dev/ros2_ws/install/px4_vslam_bridge/lib/px4_vslam_bridge/visual_odometry_bridge", line 33, in <module>
    sys.exit(load_entry_point('px4-vslam-bridge==0.1.0', 'console_scripts', 'visual_odometry_bridge')())
  File "/workspaces/isaac_ros-dev/ros2_ws/install/px4_vslam_bridge/lib/python3.10/site-packages/px4_vslam_bridge/visual_odometry_bridge.py", line 165, in main
    rclpy.shutdown()
  File "/opt/ros/humble/local/lib/python3.10/dist-packages/rclpy/__init__.py", line 130, in shutdown
    _shutdown(context=context)
  File "/opt/ros/humble/local/lib/python3.10/dist-packages/rclpy/utilities.py", line 58, in shutdown
    return context.shutdown()
  File "/opt/ros/humble/local/lib/python3.10/dist-packages/rclpy/context.py", line 102, in shutdown
    self.__context.shutdown()
rclpy._rclpy_pybind11.RCLError: failed to shutdown: rcl_shutdown already called on the given context, at ./src/rcl/init.c:241
