[INFO] [1788755859.522660623] [reactive_esdf_avoidance]: reactive_esdf_avoidance ready -- climb to (0.0, 0.0, -5.0) NED, then reactively fly to goal (7.0, 0.0, 5.0) ENU
[INFO] [1788755859.523062195] [reactive_esdf_avoidance]: >>> Press ENTER to arm and fly (or set OFFBOARD_AUTO_START=1) <<<
[INFO] [1788755862.393512689] [reactive_esdf_avoidance]: OFFBOARD + ARMED confirmed -- climbing.
[INFO] [1788755862.493547245] [reactive_esdf_avoidance]: [CLIMBING] pos_ned=(-0.03,-0.00,-0.10) dist=4.90m
[INFO] [1788755863.493376767] [reactive_esdf_avoidance]: [CLIMBING] pos_ned=(-0.03,-0.00,-0.10) dist=4.90m
[INFO] [1788755864.493608346] [reactive_esdf_avoidance]: [CLIMBING] pos_ned=(-0.03,0.00,-0.11) dist=4.89m
[INFO] [1788755865.493476497] [reactive_esdf_avoidance]: [CLIMBING] pos_ned=(-0.03,0.01,-0.11) dist=4.89m
[INFO] [1788755866.493575484] [reactive_esdf_avoidance]: [CLIMBING] pos_ned=(-0.03,0.04,-0.11) dist=4.89m
[INFO] [1788755867.493447619] [reactive_esdf_avoidance]: [CLIMBING] pos_ned=(-0.02,0.12,-0.26) dist=4.75m
[INFO] [1788755868.493334175] [reactive_esdf_avoidance]: [CLIMBING] pos_ned=(-0.05,0.10,-1.37) dist=3.63m
[INFO] [1788755869.493683580] [reactive_esdf_avoidance]: [CLIMBING] pos_ned=(-0.09,-0.00,-3.08) dist=1.93m
[INFO] [1788755870.493500310] [reactive_esdf_avoidance]: [CLIMBING] pos_ned=(-0.07,-0.09,-3.98) dist=1.02m
[INFO] [1788755871.493237805] [reactive_esdf_avoidance]: [CLIMBING] pos_ned=(-0.01,-0.09,-4.40) dist=0.60m
[INFO] [1788755872.493295222] [reactive_esdf_avoidance]: [CLIMBING] pos_ned=(0.05,-0.04,-4.63) dist=0.38m
[INFO] [1788755873.093405076] [reactive_esdf_avoidance]: Climb complete (dist=0.29m) -- starting reactive avoidance.
[INFO] [1788755873.493574377] [reactive_esdf_avoidance]: [REACTIVE NAV] pos_enu=(-0.01,0.07,4.76) goal_dist=7.01m nearest_obstacle=0.39m
[INFO] [1788755874.493464305] [reactive_esdf_avoidance]: [REACTIVE NAV] pos_enu=(0.05,0.02,4.82) goal_dist=6.95m nearest_obstacle=0.43m
[INFO] [1788755875.493745319] [reactive_esdf_avoidance]: [REACTIVE NAV] pos_enu=(0.17,-0.09,4.88) goal_dist=6.83m nearest_obstacle=0.57m
[INFO] [1788755876.493446438] [reactive_esdf_avoidance]: [REACTIVE NAV] pos_enu=(0.29,-0.21,4.96) goal_dist=6.71m nearest_obstacle=0.68m
[INFO] [1788755877.493193847] [reactive_esdf_avoidance]: [REACTIVE NAV] pos_enu=(0.42,-0.34,5.05) goal_dist=6.59m nearest_obstacle=0.86m
[INFO] [1788755878.493402732] [reactive_esdf_avoidance]: [REACTIVE NAV] pos_enu=(0.50,-0.46,5.10) goal_dist=6.52m nearest_obstacle=0.46m
[INFO] [1788755879.493273837] [reactive_esdf_avoidance]: [REACTIVE NAV] pos_enu=(0.43,-0.65,5.14) goal_dist=6.60m nearest_obstacle=0.61m
[INFO] [1788755880.493735550] [reactive_esdf_avoidance]: [REACTIVE NAV] pos_enu=(0.35,-0.84,5.19) goal_dist=6.70m nearest_obstacle=0.79m
[INFO] [1788755881.493357462] [reactive_esdf_avoidance]: [REACTIVE NAV] pos_enu=(0.28,-1.02,5.25) goal_dist=6.80m nearest_obstacle=1.05m
[INFO] [1788755882.493599177] [reactive_esdf_avoidance]: [REACTIVE NAV] pos_enu=(0.24,-1.21,5.28) goal_dist=6.88m nearest_obstacle=1.19m
[INFO] [1788755883.493476220] [reactive_esdf_avoidance]: [REACTIVE NAV] pos_enu=(0.23,-1.38,5.23) goal_dist=6.91m nearest_obstacle=1.36m
[INFO] [1788755884.493276582] [reactive_esdf_avoidance]: [REACTIVE NAV] pos_enu=(0.27,-1.54,5.18) goal_dist=6.91m nearest_obstacle=1.52m
[INFO] [1788755885.493777969] [reactive_esdf_avoidance]: [REACTIVE NAV] pos_enu=(0.34,-1.67,5.24) goal_dist=6.87m nearest_obstacle=1.60m
[INFO] [1788755886.493352149] [reactive_esdf_avoidance]: [REACTIVE NAV] pos_enu=(0.43,-1.78,5.29) goal_dist=6.82m nearest_obstacle=1.68m
[INFO] [1788755887.493614502] [reactive_esdf_avoidance]: [REACTIVE NAV] pos_enu=(0.52,-1.88,5.32) goal_dist=6.75m nearest_obstacle=1.82m
[INFO] [1788755888.493342113] [reactive_esdf_avoidance]: [REACTIVE NAV] pos_enu=(0.62,-1.94,5.36) goal_dist=6.68m nearest_obstacle=1.84m
[INFO] [1788755889.493597966] [reactive_esdf_avoidance]: [REACTIVE NAV] pos_enu=(0.73,-1.98,5.39) goal_dist=6.59m nearest_obstacle=1.90m
[INFO] [1788755890.493521056] [reactive_esdf_avoidance]: [REACTIVE NAV] pos_enu=(0.85,-2.04,5.43) goal_dist=6.49m nearest_obstacle=1.95m
[INFO] [1788755891.493561497] [reactive_esdf_avoidance]: [REACTIVE NAV] pos_enu=(0.98,-2.09,5.44) goal_dist=6.39m nearest_obstacle=2.00m
[INFO] [1788755892.493222739] [reactive_esdf_avoidance]: [REACTIVE NAV] pos_enu=(1.15,-2.08,5.46) goal_dist=6.23m nearest_obstacle=0.71m
[INFO] [1788755893.493448811] [reactive_esdf_avoidance]: [REACTIVE NAV] pos_enu=(1.15,-2.17,5.51) goal_dist=6.26m nearest_obstacle=0.46m
[INFO] [1788755894.493552024] [reactive_esdf_avoidance]: [REACTIVE NAV] pos_enu=(1.08,-2.34,5.56) goal_dist=6.39m nearest_obstacle=0.57m
[INFO] [1788755895.493564426] [reactive_esdf_avoidance]: [REACTIVE NAV] pos_enu=(1.01,-2.54,5.62) goal_dist=6.53m nearest_obstacle=0.79m
[INFO] [1788755896.493317824] [reactive_esdf_avoidance]: [REACTIVE NAV] pos_enu=(0.94,-2.74,5.68) goal_dist=6.69m nearest_obstacle=1.03m
[INFO] [1788755897.493698149] [reactive_esdf_avoidance]: [REACTIVE NAV] pos_enu=(0.89,-2.91,5.73) goal_dist=6.81m nearest_obstacle=0.00m
[INFO] [1788755898.493330261] [reactive_esdf_avoidance]: [REACTIVE NAV] pos_enu=(0.80,-3.08,5.78) goal_dist=6.97m nearest_obstacle=0.00m
[INFO] [1788755899.493204808] [reactive_esdf_avoidance]: [REACTIVE NAV] pos_enu=(0.68,-3.25,5.83) goal_dist=7.15m nearest_obstacle=0.00m
[INFO] [1788755900.493507598] [reactive_esdf_avoidance]: [REACTIVE NAV] pos_enu=(0.69,-3.40,5.83) goal_dist=7.22m nearest_obstacle=0.00m
[INFO] [1788755901.493693900] [reactive_esdf_avoidance]: [REACTIVE NAV] pos_enu=(0.77,-3.58,5.87) goal_dist=7.24m nearest_obstacle=0.00m
[INFO] [1788755902.493409561] [reactive_esdf_avoidance]: [REACTIVE NAV] pos_enu=(0.85,-3.74,5.91) goal_dist=7.26m nearest_obstacle=0.00m
[INFO] [1788755903.493281453] [reactive_esdf_avoidance]: [REACTIVE NAV] pos_enu=(0.96,-3.91,5.95) goal_dist=7.26m nearest_obstacle=0.00m
[INFO] [1788755904.493395970] [reactive_esdf_avoidance]: [REACTIVE NAV] pos_enu=(1.07,-4.07,6.00) goal_dist=7.26m nearest_obstacle=0.00m
[INFO] [1788755905.493282761] [reactive_esdf_avoidance]: [REACTIVE NAV] pos_enu=(1.15,-4.21,6.03) goal_dist=7.28m nearest_obstacle=0.00m
[INFO] [1788755906.493308282] [reactive_esdf_avoidance]: [REACTIVE NAV] pos_enu=(1.19,-4.26,6.05) goal_dist=7.28m nearest_obstacle=0.00m
[INFO] [1788755907.493329557] [reactive_esdf_avoidance]: [REACTIVE NAV] pos_enu=(1.21,-4.26,6.05) goal_dist=7.27m nearest_obstacle=0.00m
[INFO] [1788755908.493520449] [reactive_esdf_avoidance]: [REACTIVE NAV] pos_enu=(1.20,-4.25,6.05) goal_dist=7.27m nearest_obstacle=0.00m
[INFO] [1788755909.493648759] [reactive_esdf_avoidance]: [REACTIVE NAV] pos_enu=(1.19,-4.25,6.06) goal_dist=7.27m nearest_obstacle=0.00m
[INFO] [1788755910.493637079] [reactive_esdf_avoidance]: [REACTIVE NAV] pos_enu=(1.19,-4.27,6.06) goal_dist=7.28m nearest_obstacle=0.00m
[INFO] [1788755911.493377046] [reactive_esdf_avoidance]: [REACTIVE NAV] pos_enu=(1.18,-4.25,6.07) goal_dist=7.29m nearest_obstacle=0.00m
[INFO] [1788755912.493678617] [reactive_esdf_avoidance]: [REACTIVE NAV] pos_enu=(1.17,-4.24,6.06) goal_dist=7.28m nearest_obstacle=0.00m
[INFO] [1788755913.493550849] [reactive_esdf_avoidance]: [REACTIVE NAV] pos_enu=(1.19,-4.24,6.06) goal_dist=7.27m nearest_obstacle=0.00m
[INFO] [1788755914.493273670] [reactive_esdf_avoidance]: [REACTIVE NAV] pos_enu=(1.21,-4.26,6.06) goal_dist=7.27m nearest_obstacle=0.00m
[INFO] [1788755915.493522354] [reactive_esdf_avoidance]: [REACTIVE NAV] pos_enu=(1.21,-4.26,6.06) goal_dist=7.26m nearest_obstacle=0.00m
Traceback (most recent call last):
  File "/workspaces/isaac_ros-dev/ros2_ws/install/px4_vslam_bridge/lib/python3.10/site-packages/px4_vslam_bridge/reactive_esdf_avoidance.py", line 393, in main
    rclpy.spin(node)
  File "/opt/ros/humble/local/lib/python3.10/dist-packages/rclpy/__init__.py", line 229, in spin
    executor.spin_once()
  File "/opt/ros/humble/local/lib/python3.10/dist-packages/rclpy/executors.py", line 808, in spin_once
    self._spin_once_impl(timeout_sec)
  File "/opt/ros/humble/local/lib/python3.10/dist-packages/rclpy/executors.py", line 797, in _spin_once_impl
    handler, entity, node = self.wait_for_ready_callbacks(timeout_sec=timeout_sec)
  File "/opt/ros/humble/local/lib/python3.10/dist-packages/rclpy/executors.py", line 780, in wait_for_ready_callbacks
    return next(self._cb_iter)
  File "/opt/ros/humble/local/lib/python3.10/dist-packages/rclpy/executors.py", line 681, in _wait_for_ready_callbacks
    raise ExternalShutdownException()
rclpy.executors.ExternalShutdownException

During handling of the above exception, another exception occurred:

Traceback (most recent call last):
  File "/workspaces/isaac_ros-dev/ros2_ws/install/px4_vslam_bridge/lib/px4_vslam_bridge/reactive_esdf_avoidance", line 33, in <module>
    sys.exit(load_entry_point('px4-vslam-bridge==0.1.0', 'console_scripts', 'reactive_esdf_avoidance')())
  File "/workspaces/isaac_ros-dev/ros2_ws/install/px4_vslam_bridge/lib/python3.10/site-packages/px4_vslam_bridge/reactive_esdf_avoidance.py", line 398, in main
    rclpy.shutdown()
  File "/opt/ros/humble/local/lib/python3.10/dist-packages/rclpy/__init__.py", line 130, in shutdown
    _shutdown(context=context)
  File "/opt/ros/humble/local/lib/python3.10/dist-packages/rclpy/utilities.py", line 58, in shutdown
    return context.shutdown()
  File "/opt/ros/humble/local/lib/python3.10/dist-packages/rclpy/context.py", line 102, in shutdown
    self.__context.shutdown()
rclpy._rclpy_pybind11.RCLError: failed to shutdown: rcl_shutdown already called on the given context, at ./src/rcl/init.c:241
