[INFO] [1788710014.292084918] [fast_planner_bridge]: fast_planner_bridge ready -- will capture home at arm time and climb (0.0, 0.0, -5.0) NED relative to it, then follow /planning/pos_cmd from Fast-Planner
[INFO] [1788710014.292465771] [fast_planner_bridge]: >>> Press ENTER to arm and fly (or set OFFBOARD_AUTO_START=1) <<<
[INFO] [1788710017.262654016] [fast_planner_bridge]: OFFBOARD + ARMED confirmed -- home_ned=(0.039812687784433365, -0.03079446591436863, -0.06704175472259521), climbing to (0.039812687784433365, -0.03079446591436863, -5.067041754722595).
[INFO] [1788710017.263342021] [fast_planner_bridge]: [CLIMBING] pos_ned=(0.04,-0.03,-0.07) dist=5.00m
[INFO] [1788710018.262678807] [fast_planner_bridge]: [CLIMBING] pos_ned=(0.03,-0.04,-0.07) dist=5.00m
[INFO] [1788710019.262869564] [fast_planner_bridge]: [CLIMBING] pos_ned=(0.02,-0.04,-0.07) dist=5.00m
[INFO] [1788710020.262900470] [fast_planner_bridge]: [CLIMBING] pos_ned=(0.00,-0.03,-0.07) dist=5.00m
[INFO] [1788710021.263145606] [fast_planner_bridge]: [CLIMBING] pos_ned=(0.00,-0.00,-0.06) dist=5.01m
[INFO] [1788710022.262977152] [fast_planner_bridge]: [CLIMBING] pos_ned=(0.01,0.08,-0.05) dist=5.02m
[INFO] [1788710023.262726267] [fast_planner_bridge]: [CLIMBING] pos_ned=(0.10,0.10,-0.65) dist=4.42m
[INFO] [1788710024.262722595] [fast_planner_bridge]: [CLIMBING] pos_ned=(-0.07,-0.09,-2.34) dist=2.73m
[INFO] [1788710025.262714121] [fast_planner_bridge]: [CLIMBING] pos_ned=(-0.14,-0.15,-3.61) dist=1.47m
[INFO] [1788710026.262732767] [fast_planner_bridge]: [CLIMBING] pos_ned=(-0.06,-0.12,-4.18) dist=0.90m
[INFO] [1788710027.262872995] [fast_planner_bridge]: [CLIMBING] pos_ned=(0.02,-0.09,-4.51) dist=0.56m
[INFO] [1788710028.262611328] [fast_planner_bridge]: [CLIMBING] pos_ned=(0.02,-0.08,-4.75) dist=0.33m
[INFO] [1788710028.462607107] [fast_planner_bridge]: Climb complete (dist=0.30m) -- following Fast-Planner.
[INFO] [1788710029.262842918] [fast_planner_bridge]: [FOLLOWING] pos_ned=(0.04,-0.06,-4.71) target_ned=(0.02,-0.08,-4.63) pos_cmd_age=0.00s
[INFO] [1788710030.262939527] [fast_planner_bridge]: [FOLLOWING] pos_ned=(0.08,-0.06,-4.60) target_ned=(0.02,-0.08,-4.63) pos_cmd_age=0.00s
[INFO] [1788710031.262831721] [fast_planner_bridge]: [FOLLOWING] pos_ned=(0.18,-0.07,-4.59) target_ned=(0.17,-0.08,-4.63) pos_cmd_age=0.00s
[INFO] [1788710032.262742198] [fast_planner_bridge]: [FOLLOWING] pos_ned=(0.54,-0.07,-4.58) target_ned=(0.58,-0.08,-4.63) pos_cmd_age=0.00s
[INFO] [1788710033.262862799] [fast_planner_bridge]: [FOLLOWING] pos_ned=(1.14,-0.11,-4.57) target_ned=(1.19,-0.08,-4.62) pos_cmd_age=0.00s
[INFO] [1788710034.262883767] [fast_planner_bridge]: [FOLLOWING] pos_ned=(1.85,-0.15,-4.61) target_ned=(1.92,-0.10,-4.65) pos_cmd_age=0.00s
[INFO] [1788710035.262616610] [fast_planner_bridge]: [FOLLOWING] pos_ned=(2.58,-0.15,-4.68) target_ned=(2.66,-0.11,-4.72) pos_cmd_age=0.00s
[INFO] [1788710036.262733201] [fast_planner_bridge]: [FOLLOWING] pos_ned=(3.16,-0.11,-4.71) target_ned=(3.20,-0.09,-4.74) pos_cmd_age=0.00s
[INFO] [1788710037.262888215] [fast_planner_bridge]: [FOLLOWING] pos_ned=(3.49,-0.04,-4.70) target_ned=(3.53,-0.08,-4.73) pos_cmd_age=0.00s
[INFO] [1788710038.262754994] [fast_planner_bridge]: [FOLLOWING] pos_ned=(3.87,-0.03,-4.66) target_ned=(3.93,-0.12,-4.70) pos_cmd_age=0.00s
[INFO] [1788710039.262878076] [fast_planner_bridge]: [FOLLOWING] pos_ned=(4.50,-0.08,-4.64) target_ned=(4.48,-0.17,-4.70) pos_cmd_age=0.00s
[INFO] [1788710040.263074248] [fast_planner_bridge]: [FOLLOWING] pos_ned=(5.13,-0.17,-4.66) target_ned=(4.81,-0.12,-4.65) pos_cmd_age=0.00s
[INFO] [1788710041.262704051] [fast_planner_bridge]: [FOLLOWING] pos_ned=(5.24,-0.18,-4.63) target_ned=(5.04,-0.12,-4.65) pos_cmd_age=0.00s
[INFO] [1788710042.262988493] [fast_planner_bridge]: [FOLLOWING] pos_ned=(5.43,-0.15,-4.69) target_ned=(5.55,-0.11,-4.66) pos_cmd_age=0.00s
[INFO] [1788710043.262759629] [fast_planner_bridge]: [FOLLOWING] pos_ned=(6.06,-0.12,-4.76) target_ned=(6.28,-0.08,-4.71) pos_cmd_age=0.00s
[INFO] [1788710044.263026258] [fast_planner_bridge]: [FOLLOWING] pos_ned=(6.88,-0.09,-4.81) target_ned=(7.04,-0.05,-4.80) pos_cmd_age=0.00s
[INFO] [1788710045.263083635] [fast_planner_bridge]: [FOLLOWING] pos_ned=(7.56,-0.01,-4.89) target_ned=(7.62,-0.02,-4.91) pos_cmd_age=0.00s
[INFO] [1788710046.262853630] [fast_planner_bridge]: [FOLLOWING] pos_ned=(7.85,0.04,-4.94) target_ned=(7.87,-0.00,-4.98) pos_cmd_age=0.00s
[INFO] [1788710047.262902674] [fast_planner_bridge]: [FOLLOWING] pos_ned=(7.82,0.05,-4.95) target_ned=(7.88,-0.00,-4.98) pos_cmd_age=0.00s
[INFO] [1788710048.262856485] [fast_planner_bridge]: [FOLLOWING] pos_ned=(7.82,0.04,-4.96) target_ned=(7.88,-0.00,-4.98) pos_cmd_age=0.00s
[INFO] [1788710049.262871545] [fast_planner_bridge]: [FOLLOWING] pos_ned=(7.89,0.03,-4.97) target_ned=(7.88,-0.00,-4.98) pos_cmd_age=0.00s
[INFO] [1788710050.262856699] [fast_planner_bridge]: [FOLLOWING] pos_ned=(7.91,0.02,-4.98) target_ned=(7.88,-0.00,-4.98) pos_cmd_age=0.00s
[WARN] [1788710050.421785185] [fast_planner_bridge]: Shutdown signal 15 received -- ceasing ARM requests, commanding AUTO.LAND, will disarm and exit once landed. If this doesn't complete and the vehicle needs to come down NOW, use emergency_stop.py instead of repeating this signal.
[INFO] [1788710050.512663309] [fast_planner_bridge]: Requesting AUTO.LAND... nav_state=14
[INFO] [1788710050.562618679] [fast_planner_bridge]: AUTO.LAND confirmed -- ceasing offboard setpoints, handing off to the autopilot.
[INFO] [1788710052.262577122] [fast_planner_bridge]: Waiting for disarm (backstop disarm sent)... arming_state=2
