[INFO] [1788683754.370382997] [vslam_compare]: vslam_compare: logging per-message CSV to /workspaces/isaac_ros-dev/results/feasibility_gate/gate_sweep_poor_extreme_r02/vslam_compare.csv (exp_id='gate_sweep_poor_extreme_r02')
[INFO] [1788683754.391910939] [vslam_compare]: vslam_compare ready -- watching /visual_slam/tracking/odometry vs /ground_truth/odom
[INFO] [1788683754.398657134] [vslam_compare]: Ground truth origin set: (-0.011294822208583355, 0.012424957938492298, 0.01995965838432312)
[INFO] [1788683754.446759350] [vslam_compare]: cuVSLAM origin set: (0.0, 0.0, 0.0) -- tracking initialized
[INFO] [1788683755.391965582] [vslam_compare]: gt=(0.01, -0.0, -0.0) vslam=(0.0, 0.0, 0.0) error=0.010m max_error=0.010m (n=1)
[INFO] [1788683756.392211061] [vslam_compare]: gt=(0.02, -0.0, 0.0) vslam=(0.0, 0.0, 0.0) error=0.024m max_error=0.024m (n=2)
[INFO] [1788683757.392001465] [vslam_compare]: gt=(0.02, -0.0, 0.0) vslam=(0.0, 0.0, 0.0) error=0.025m max_error=0.025m (n=3)
[INFO] [1788683758.391841458] [vslam_compare]: gt=(0.01, -0.0, -0.0) vslam=(0.0, 0.0, 0.0) error=0.014m max_error=0.025m (n=4)
[INFO] [1788683759.392041628] [vslam_compare]: gt=(0.01, 0.01, 0.01) vslam=(0.0, 0.0, 0.0) error=0.014m max_error=0.025m (n=5)
[INFO] [1788683760.392450447] [vslam_compare]: gt=(0.01, 0.01, -0.0) vslam=(0.0, 0.0, 0.0) error=0.014m max_error=0.025m (n=6)
[INFO] [1788683761.391983287] [vslam_compare]: gt=(0.01, -0.01, -0.01) vslam=(0.0, 0.0, 0.0) error=0.014m max_error=0.025m (n=7)
[INFO] [1788683762.391995559] [vslam_compare]: gt=(0.0, -0.01, -0.0) vslam=(0.0, 0.0, 0.0) error=0.014m max_error=0.025m (n=8)
[INFO] [1788683763.391909200] [vslam_compare]: gt=(0.02, -0.01, 0.01) vslam=(0.0, 0.0, 0.0) error=0.022m max_error=0.025m (n=9)
[INFO] [1788683764.392084903] [vslam_compare]: gt=(0.03, -0.0, 0.02) vslam=(0.0, 0.0, 0.0) error=0.032m max_error=0.032m (n=10)
[INFO] [1788683765.392177013] [vslam_compare]: gt=(0.03, 0.0, 0.02) vslam=(0.0, 0.0, 0.0) error=0.037m max_error=0.037m (n=11)
[INFO] [1788683766.392182558] [vslam_compare]: gt=(0.06, 0.01, 0.02) vslam=(0.05, -0.01, -0.03) error=0.048m max_error=0.048m (n=12)
[INFO] [1788683767.392338141] [vslam_compare]: gt=(0.08, 0.04, 0.32) vslam=(0.32, -0.21, 0.15) error=0.385m max_error=0.385m (n=13)
[INFO] [1788683768.391778138] [vslam_compare]: gt=(0.06, 0.01, 1.53) vslam=(0.33, -0.37, 1.16) error=0.593m max_error=0.593m (n=14)
[INFO] [1788683769.391977557] [vslam_compare]: gt=(0.02, -0.02, 3.17) vslam=(0.27, -0.48, 2.84) error=0.622m max_error=0.622m (n=15)
[INFO] [1788683770.391902905] [vslam_compare]: gt=(-0.03, -0.04, 3.98) vslam=(0.18, -0.47, 3.65) error=0.580m max_error=0.622m (n=16)
[INFO] [1788683771.391939690] [vslam_compare]: gt=(-0.01, -0.03, 4.34) vslam=(0.17, -0.45, 3.98) error=0.573m max_error=0.622m (n=17)
[INFO] [1788683772.391808415] [vslam_compare]: gt=(0.01, -0.02, 4.55) vslam=(0.16, -0.48, 4.04) error=0.705m max_error=0.705m (n=18)
[INFO] [1788683773.392320081] [vslam_compare]: gt=(-0.01, -0.02, 4.69) vslam=(-0.01, -1.29, 3.99) error=1.451m max_error=1.451m (n=19)
[INFO] [1788683774.391989132] [vslam_compare]: gt=(-0.01, -0.02, 4.59) vslam=(0.03, -1.31, 3.72) error=1.559m max_error=1.559m (n=20)
[INFO] [1788683775.392072392] [vslam_compare]: gt=(0.01, 0.02, 4.52) vslam=(-0.04, -1.54, 3.4) error=1.922m max_error=1.922m (n=21)
[INFO] [1788683776.392106307] [vslam_compare]: gt=(-0.09, 0.38, 4.49) vslam=(-0.19, -1.34, 3.04) error=2.263m max_error=2.263m (n=22)
[INFO] [1788683777.392038757] [vslam_compare]: gt=(-0.25, 0.97, 4.52) vslam=(-0.36, -0.81, 3.01) error=2.338m max_error=2.338m (n=23)
[INFO] [1788683778.391892876] [vslam_compare]: gt=(-0.23, 1.54, 4.58) vslam=(-0.4, -0.2, 3.02) error=2.344m max_error=2.344m (n=24)
[INFO] [1788683779.391761049] [vslam_compare]: gt=(-0.06, 1.86, 4.61) vslam=(-0.19, 0.3, 3.1) error=2.175m max_error=2.344m (n=25)
[INFO] [1788683780.392105861] [vslam_compare]: gt=(0.11, 1.67, 4.63) vslam=(-0.19, 0.48, 2.54) error=2.420m max_error=2.420m (n=26)
[INFO] [1788683781.392000400] [vslam_compare]: gt=(0.45, 1.53, 4.57) vslam=(-0.3, 0.43, 1.99) error=2.911m max_error=2.911m (n=27)
[INFO] [1788683782.391826586] [vslam_compare]: gt=(0.14, 1.8, 4.48) vslam=(-0.74, 0.54, 2.0) error=2.916m max_error=2.916m (n=28)
[INFO] [1788683783.391940995] [vslam_compare]: gt=(0.14, 1.63, 4.54) vslam=(-0.73, 0.15, 2.18) error=2.924m max_error=2.924m (n=29)
[INFO] [1788683784.391992484] [vslam_compare]: gt=(0.36, 1.54, 4.72) vslam=(-0.54, 0.1, 2.04) error=3.176m max_error=3.176m (n=30)
[INFO] [1788683785.392108552] [vslam_compare]: gt=(0.63, 1.94, 4.74) vslam=(-0.28, 0.23, 1.36) error=3.889m max_error=3.889m (n=31)
[INFO] [1788683786.392068854] [vslam_compare]: gt=(1.09, 2.58, 4.76) vslam=(-0.04, 0.13, 1.04) error=4.590m max_error=4.590m (n=32)
[INFO] [1788683787.391928233] [vslam_compare]: gt=(1.64, 3.32, 4.78) vslam=(-0.08, 0.19, 0.82) error=5.334m max_error=5.334m (n=33)
[INFO] [1788683788.391785316] [vslam_compare]: gt=(2.16, 4.07, 4.82) vslam=(-18.12, 63.02, -20.05) error=67.117m max_error=67.117m (n=34)
[INFO] [1788683789.392166759] [vslam_compare]: gt=(2.57, 4.68, 4.85) vslam=(-8.59, 131.28, -20.99) error=129.688m max_error=129.688m (n=35)
[INFO] [1788683790.391947675] [vslam_compare]: gt=(2.62, 5.03, 4.84) vslam=(-51.34, 138.36, -15.22) error=145.226m max_error=145.226m (n=36)
[INFO] [1788683791.392068401] [vslam_compare]: gt=(2.56, 5.11, 4.83) vslam=(-52.46, 140.42, -15.22) error=147.442m max_error=147.442m (n=37)
[INFO] [1788683792.391914066] [vslam_compare]: gt=(2.75, 5.05, 4.89) vslam=(-52.66, 139.96, -15.2) error=147.221m max_error=147.442m (n=38)
[INFO] [1788683793.392398287] [vslam_compare]: gt=(2.94, 5.15, 4.88) vslam=(-85.34, 130.28, -27.45) error=156.510m max_error=156.510m (n=39)
[INFO] [1788683794.392065402] [vslam_compare]: gt=(2.82, 5.57, 4.85) vslam=(-116.76, 124.09, -37.06) error=173.503m max_error=173.503m (n=40)
[INFO] [1788683795.391996655] [vslam_compare]: gt=(2.77, 6.21, 4.91) vslam=(-133.97, 114.49, -42.97) error=180.865m max_error=180.865m (n=41)
[INFO] [1788683796.392045950] [vslam_compare]: gt=(2.73, 6.93, 4.9) vslam=(-137.12, 112.68, -44.1) error=182.053m max_error=182.053m (n=42)
Traceback (most recent call last):
  File "/workspaces/isaac_ros-dev/ros2_ws/install/px4_vslam_bridge/lib/python3.10/site-packages/px4_vslam_bridge/vslam_compare.py", line 194, in main
    rclpy.spin(node)
  File "/opt/ros/humble/local/lib/python3.10/dist-packages/rclpy/__init__.py", line 229, in spin
    executor.spin_once()
  File "/opt/ros/humble/local/lib/python3.10/dist-packages/rclpy/executors.py", line 808, in spin_once
    self._spin_once_impl(timeout_sec)
  File "/opt/ros/humble/local/lib/python3.10/dist-packages/rclpy/executors.py", line 797, in _spin_once_impl
    handler, entity, node = self.wait_for_ready_callbacks(timeout_sec=timeout_sec)
  File "/opt/ros/humble/local/lib/python3.10/dist-packages/rclpy/executors.py", line 780, in wait_for_ready_callbacks
    return next(self._cb_iter)
  File "/opt/ros/humble/local/lib/python3.10/dist-packages/rclpy/executors.py", line 681, in _wait_for_ready_callbacks
    raise ExternalShutdownException()
rclpy.executors.ExternalShutdownException

During handling of the above exception, another exception occurred:

Traceback (most recent call last):
  File "/workspaces/isaac_ros-dev/ros2_ws/install/px4_vslam_bridge/lib/px4_vslam_bridge/vslam_compare", line 33, in <module>
    sys.exit(load_entry_point('px4-vslam-bridge==0.1.0', 'console_scripts', 'vslam_compare')())
  File "/workspaces/isaac_ros-dev/ros2_ws/install/px4_vslam_bridge/lib/python3.10/site-packages/px4_vslam_bridge/vslam_compare.py", line 199, in main
    rclpy.shutdown()
  File "/opt/ros/humble/local/lib/python3.10/dist-packages/rclpy/__init__.py", line 130, in shutdown
    _shutdown(context=context)
  File "/opt/ros/humble/local/lib/python3.10/dist-packages/rclpy/utilities.py", line 58, in shutdown
    return context.shutdown()
  File "/opt/ros/humble/local/lib/python3.10/dist-packages/rclpy/context.py", line 102, in shutdown
    self.__context.shutdown()
rclpy._rclpy_pybind11.RCLError: failed to shutdown: rcl_shutdown already called on the given context, at ./src/rcl/init.c:241
