[INFO] [1788713552.804990890] [visual_odometry_bridge]: visual_odometry_bridge ready: /visual_slam/tracking/odometry -> /fmu/in/vehicle_visual_odometry
[INFO] [1788713557.688972302] [visual_odometry_bridge]: published 100 vehicle_visual_odometry samples (last NED pos=(0.00,0.00,-0.00))
[WARN] [1788713561.759098644] [visual_odometry_bridge]: Rejected cuVSLAM update: implied speed 21.8 m/s (jumped 0.78m in 36ms) -- holding last known-good position, not forwarding to EKF2. (1 rejected total)
[WARN] [1788713565.609304595] [visual_odometry_bridge]: Rejected cuVSLAM update: implied speed 9.6 m/s (jumped 0.31m in 32ms) -- holding last known-good position, not forwarding to EKF2. (3 rejected total)
[INFO] [1788713568.412864796] [visual_odometry_bridge]: published 300 vehicle_visual_odometry samples (last NED pos=(-0.70,0.11,-2.85))
[WARN] [1788713568.665722633] [visual_odometry_bridge]: Rejected cuVSLAM update: implied speed 10.1 m/s (jumped 0.32m in 32ms) -- holding last known-good position, not forwarding to EKF2. (16 rejected total)
[INFO] [1788713573.562370947] [visual_odometry_bridge]: published 400 vehicle_visual_odometry samples (last NED pos=(-1.48,-1.54,-4.23))
[WARN] [1788713574.336352886] [visual_odometry_bridge]: Rejected cuVSLAM update: implied speed 17.5 m/s (jumped 0.63m in 36ms) -- holding last known-good position, not forwarding to EKF2. (20 rejected total)
[WARN] [1788713575.377863072] [visual_odometry_bridge]: Rejected cuVSLAM update: implied speed 9.4 m/s (jumped 0.94m in 100ms) -- holding last known-good position, not forwarding to EKF2. (30 rejected total)
[WARN] [1788713577.725305090] [visual_odometry_bridge]: Rejected cuVSLAM update: implied speed 11.9 m/s (jumped 0.38m in 32ms) -- holding last known-good position, not forwarding to EKF2. (38 rejected total)
[WARN] [1788713578.745335241] [visual_odometry_bridge]: Rejected cuVSLAM update: implied speed 17.0 m/s (jumped 1.16m in 68ms) -- holding last known-good position, not forwarding to EKF2. (40 rejected total)
[INFO] [1788713579.903574419] [visual_odometry_bridge]: published 500 vehicle_visual_odometry samples (last NED pos=(-7.06,-6.70,-2.59))
[WARN] [1788713582.912976714] [visual_odometry_bridge]: Rejected cuVSLAM update: implied speed 10.1 m/s (jumped 0.32m in 32ms) -- holding last known-good position, not forwarding to EKF2. (43 rejected total)
[WARN] [1788713583.992695119] [visual_odometry_bridge]: Rejected cuVSLAM update: implied speed 29.1 m/s (jumped 1.05m in 36ms) -- holding last known-good position, not forwarding to EKF2. (44 rejected total)
[INFO] [1788713585.651039804] [visual_odometry_bridge]: published 600 vehicle_visual_odometry samples (last NED pos=(-8.20,-9.72,-2.01))
Traceback (most recent call last):
  File "/workspaces/isaac_ros-dev/ros2_ws/install/px4_vslam_bridge/lib/python3.10/site-packages/px4_vslam_bridge/visual_odometry_bridge.py", line 160, in main
    rclpy.spin(node)
  File "/opt/ros/humble/local/lib/python3.10/dist-packages/rclpy/__init__.py", line 229, in spin
    executor.spin_once()
  File "/opt/ros/humble/local/lib/python3.10/dist-packages/rclpy/executors.py", line 808, in spin_once
    self._spin_once_impl(timeout_sec)
  File "/opt/ros/humble/local/lib/python3.10/dist-packages/rclpy/executors.py", line 797, in _spin_once_impl
    handler, entity, node = self.wait_for_ready_callbacks(timeout_sec=timeout_sec)
  File "/opt/ros/humble/local/lib/python3.10/dist-packages/rclpy/executors.py", line 780, in wait_for_ready_callbacks
    return next(self._cb_iter)
  File "/opt/ros/humble/local/lib/python3.10/dist-packages/rclpy/executors.py", line 681, in _wait_for_ready_callbacks
    raise ExternalShutdownException()
rclpy.executors.ExternalShutdownException

During handling of the above exception, another exception occurred:

Traceback (most recent call last):
  File "/workspaces/isaac_ros-dev/ros2_ws/install/px4_vslam_bridge/lib/px4_vslam_bridge/visual_odometry_bridge", line 33, in <module>
    sys.exit(load_entry_point('px4-vslam-bridge==0.1.0', 'console_scripts', 'visual_odometry_bridge')())
  File "/workspaces/isaac_ros-dev/ros2_ws/install/px4_vslam_bridge/lib/python3.10/site-packages/px4_vslam_bridge/visual_odometry_bridge.py", line 165, in main
    rclpy.shutdown()
  File "/opt/ros/humble/local/lib/python3.10/dist-packages/rclpy/__init__.py", line 130, in shutdown
    _shutdown(context=context)
  File "/opt/ros/humble/local/lib/python3.10/dist-packages/rclpy/utilities.py", line 58, in shutdown
    return context.shutdown()
  File "/opt/ros/humble/local/lib/python3.10/dist-packages/rclpy/context.py", line 102, in shutdown
    self.__context.shutdown()
rclpy._rclpy_pybind11.RCLError: failed to shutdown: rcl_shutdown already called on the given context, at ./src/rcl/init.c:241
