[INFO] [1788687315.712068208] [fast_planner_bridge]: fast_planner_bridge ready -- will capture home at arm time and climb (0.0, 0.0, -5.0) NED relative to it, then follow /planning/pos_cmd from Fast-Planner
[INFO] [1788687315.712500993] [fast_planner_bridge]: >>> Press ENTER to arm and fly (or set OFFBOARD_AUTO_START=1) <<<
[INFO] [1788687318.531758642] [fast_planner_bridge]: OFFBOARD + ARMED confirmed -- home_ned=(-0.009443648159503937, 0.011249091476202011, -0.035609468817710876), climbing to (-0.009443648159503937, 0.011249091476202011, -5.035609468817711).
[INFO] [1788687318.682206174] [fast_planner_bridge]: [CLIMBING] pos_ned=(-0.01,0.01,-0.03) dist=5.00m
[INFO] [1788687319.682255543] [fast_planner_bridge]: [CLIMBING] pos_ned=(0.01,0.01,-0.02) dist=5.01m
[INFO] [1788687320.682306822] [fast_planner_bridge]: [CLIMBING] pos_ned=(0.03,0.01,-0.02) dist=5.01m
[INFO] [1788687321.682039179] [fast_planner_bridge]: [CLIMBING] pos_ned=(0.02,0.03,-0.03) dist=5.01m
[INFO] [1788687322.682178170] [fast_planner_bridge]: [CLIMBING] pos_ned=(0.01,0.05,-0.03) dist=5.01m
[INFO] [1788687323.682175250] [fast_planner_bridge]: [CLIMBING] pos_ned=(0.03,0.09,-0.24) dist=4.80m
[INFO] [1788687324.682352277] [fast_planner_bridge]: [CLIMBING] pos_ned=(0.01,0.08,-1.33) dist=3.71m
[INFO] [1788687325.682260206] [fast_planner_bridge]: [CLIMBING] pos_ned=(-0.02,0.02,-3.03) dist=2.01m
[INFO] [1788687326.682050621] [fast_planner_bridge]: [CLIMBING] pos_ned=(-0.03,-0.04,-3.97) dist=1.07m
[INFO] [1788687327.682139535] [fast_planner_bridge]: [CLIMBING] pos_ned=(-0.01,-0.03,-4.37) dist=0.66m
[INFO] [1788687328.682312064] [fast_planner_bridge]: [CLIMBING] pos_ned=(0.01,-0.01,-4.61) dist=0.43m
[INFO] [1788687329.582095540] [fast_planner_bridge]: Climb complete (dist=0.30m) -- following Fast-Planner.
[INFO] [1788687329.682133340] [fast_planner_bridge]: [FOLLOWING] pos_ned=(-0.01,-0.00,-4.75) target_ned=(-0.01,0.01,-5.04) pos_cmd_age=0.00s
[INFO] [1788687330.682161703] [fast_planner_bridge]: [FOLLOWING] pos_ned=(-0.02,0.00,-4.85) target_ned=(-0.01,0.01,-5.04) pos_cmd_age=0.00s
[INFO] [1788687331.682229357] [fast_planner_bridge]: [FOLLOWING] pos_ned=(-0.02,0.00,-4.91) target_ned=(-0.01,0.01,-5.04) pos_cmd_age=0.00s
[INFO] [1788687332.682243959] [fast_planner_bridge]: [FOLLOWING] pos_ned=(-0.02,-0.01,-4.94) target_ned=(-0.01,0.01,-5.04) pos_cmd_age=0.00s
[INFO] [1788687333.682260683] [fast_planner_bridge]: [FOLLOWING] pos_ned=(-0.03,-0.01,-4.97) target_ned=(-0.01,0.01,-5.04) pos_cmd_age=0.00s
[INFO] [1788687334.682373054] [fast_planner_bridge]: [FOLLOWING] pos_ned=(-0.01,-0.00,-4.99) target_ned=(-0.01,0.01,-5.04) pos_cmd_age=0.00s
[INFO] [1788687335.682243608] [fast_planner_bridge]: [FOLLOWING] pos_ned=(0.00,0.00,-5.00) target_ned=(-0.01,0.01,-5.04) pos_cmd_age=0.00s
[INFO] [1788687336.682289680] [fast_planner_bridge]: [FOLLOWING] pos_ned=(0.01,0.01,-5.01) target_ned=(-0.01,0.01,-5.04) pos_cmd_age=0.00s
[INFO] [1788687337.682184384] [fast_planner_bridge]: [FOLLOWING] pos_ned=(0.01,0.04,-5.02) target_ned=(-0.01,0.01,-5.04) pos_cmd_age=0.00s
[INFO] [1788687338.682211885] [fast_planner_bridge]: [FOLLOWING] pos_ned=(-0.01,0.03,-5.02) target_ned=(-0.01,0.01,-5.04) pos_cmd_age=0.00s
[INFO] [1788687339.682198367] [fast_planner_bridge]: [FOLLOWING] pos_ned=(-0.04,0.01,-5.03) target_ned=(-0.01,0.01,-5.04) pos_cmd_age=0.00s
[INFO] [1788687340.682532200] [fast_planner_bridge]: [FOLLOWING] pos_ned=(-0.05,0.01,-5.03) target_ned=(-0.01,0.01,-5.04) pos_cmd_age=0.00s
[INFO] [1788687341.682355800] [fast_planner_bridge]: [FOLLOWING] pos_ned=(-0.03,0.00,-5.04) target_ned=(-0.01,0.01,-5.04) pos_cmd_age=0.00s
[INFO] [1788687342.681993597] [fast_planner_bridge]: [FOLLOWING] pos_ned=(-0.03,0.01,-5.04) target_ned=(-0.01,0.01,-5.04) pos_cmd_age=0.00s
[INFO] [1788687343.682076380] [fast_planner_bridge]: [FOLLOWING] pos_ned=(-0.02,0.01,-5.04) target_ned=(-0.01,0.01,-5.04) pos_cmd_age=0.00s
[INFO] [1788687344.682282131] [fast_planner_bridge]: [FOLLOWING] pos_ned=(-0.01,0.02,-5.04) target_ned=(-0.01,0.01,-5.04) pos_cmd_age=0.00s
[INFO] [1788687345.682172226] [fast_planner_bridge]: [FOLLOWING] pos_ned=(-0.02,0.01,-5.04) target_ned=(-0.01,0.01,-5.04) pos_cmd_age=0.00s
[INFO] [1788687346.682157888] [fast_planner_bridge]: [FOLLOWING] pos_ned=(-0.02,0.02,-5.04) target_ned=(-0.01,0.01,-5.04) pos_cmd_age=0.00s
[INFO] [1788687347.682132446] [fast_planner_bridge]: [FOLLOWING] pos_ned=(-0.00,0.01,-5.03) target_ned=(-0.01,0.01,-5.04) pos_cmd_age=0.00s
[INFO] [1788687348.682344389] [fast_planner_bridge]: [FOLLOWING] pos_ned=(0.00,0.01,-5.03) target_ned=(-0.01,0.01,-5.04) pos_cmd_age=0.00s
[INFO] [1788687349.682233250] [fast_planner_bridge]: [FOLLOWING] pos_ned=(-0.01,0.02,-5.03) target_ned=(-0.01,0.01,-5.04) pos_cmd_age=0.00s
[INFO] [1788687350.682195097] [fast_planner_bridge]: [FOLLOWING] pos_ned=(-0.02,0.01,-5.03) target_ned=(-0.01,0.01,-5.04) pos_cmd_age=0.00s
[INFO] [1788687351.682356225] [fast_planner_bridge]: [FOLLOWING] pos_ned=(-0.02,0.00,-5.02) target_ned=(-0.01,0.01,-5.04) pos_cmd_age=0.00s
[INFO] [1788687352.682385944] [fast_planner_bridge]: [FOLLOWING] pos_ned=(-0.02,0.01,-5.02) target_ned=(-0.01,0.01,-5.04) pos_cmd_age=0.00s
[INFO] [1788687353.682074007] [fast_planner_bridge]: [FOLLOWING] pos_ned=(-0.04,0.02,-5.04) target_ned=(-0.01,0.01,-5.04) pos_cmd_age=0.00s
[INFO] [1788687354.681983694] [fast_planner_bridge]: [FOLLOWING] pos_ned=(-0.03,0.02,-5.03) target_ned=(-0.01,0.01,-5.04) pos_cmd_age=0.00s
[INFO] [1788687355.682110627] [fast_planner_bridge]: [FOLLOWING] pos_ned=(-0.01,0.02,-5.04) target_ned=(-0.01,0.01,-5.04) pos_cmd_age=0.00s
[INFO] [1788687356.682126639] [fast_planner_bridge]: [FOLLOWING] pos_ned=(-0.00,0.01,-5.04) target_ned=(-0.01,0.01,-5.04) pos_cmd_age=0.00s
[INFO] [1788687357.682497876] [fast_planner_bridge]: [FOLLOWING] pos_ned=(-0.01,0.01,-5.04) target_ned=(-0.01,0.01,-5.04) pos_cmd_age=0.00s
[WARN] [1788687358.117983861] [fast_planner_bridge]: Shutdown signal 15 received -- ceasing ARM requests, commanding AUTO.LAND, will disarm and exit once landed. If this doesn't complete and the vehicle needs to come down NOW, use emergency_stop.py instead of repeating this signal.
[INFO] [1788687358.182553257] [fast_planner_bridge]: Requesting AUTO.LAND... nav_state=14
[INFO] [1788687358.232158199] [fast_planner_bridge]: AUTO.LAND confirmed -- ceasing offboard setpoints, handing off to the autopilot.
[INFO] [1788687359.682290184] [fast_planner_bridge]: Waiting for disarm (backstop disarm sent)... arming_state=2
