[INFO] [1788750493.081306647] [vslam_compare]: vslam_compare: logging per-message CSV to /workspaces/isaac_ros-dev/results/route2_probe/r2_2_L1_r16/vslam_compare.csv (exp_id='r2_2_L1_r16')
[INFO] [1788750493.100206252] [vslam_compare]: vslam_compare ready -- watching /visual_slam/tracking/odometry vs /ground_truth/odom
[INFO] [1788750493.105991634] [vslam_compare]: Ground truth origin set: (-0.003916671499609947, 0.030855925753712654, -0.02823883295059204)
[WARN] [1788750494.100802902] [vslam_compare]: No /visual_slam/tracking/odometry data yet -- cuVSLAM not tracking (or not launched).
[INFO] [1788750494.879330574] [vslam_compare]: cuVSLAM origin set: (0.0, 0.0, 0.0) -- tracking initialized
[INFO] [1788750495.100379270] [vslam_compare]: gt=(-0.02, -0.01, -0.0) vslam=(0.0, 0.0, 0.0) error=0.021m max_error=0.021m (n=1)
[INFO] [1788750496.100527905] [vslam_compare]: gt=(-0.02, -0.02, 0.0) vslam=(0.0, 0.0, 0.0) error=0.027m max_error=0.027m (n=2)
[INFO] [1788750497.100348932] [vslam_compare]: gt=(-0.02, -0.0, 0.0) vslam=(0.0, 0.0, 0.0) error=0.022m max_error=0.027m (n=3)
[INFO] [1788750498.100404646] [vslam_compare]: gt=(-0.01, 0.0, 0.0) vslam=(0.0, 0.0, 0.0) error=0.013m max_error=0.027m (n=4)
[INFO] [1788750499.100419404] [vslam_compare]: gt=(-0.01, 0.01, 0.0) vslam=(0.0, 0.0, 0.0) error=0.018m max_error=0.027m (n=5)
[INFO] [1788750500.100461336] [vslam_compare]: gt=(-0.0, 0.01, 0.0) vslam=(0.0, 0.0, 0.0) error=0.011m max_error=0.027m (n=6)
[INFO] [1788750501.100321796] [vslam_compare]: gt=(0.0, -0.0, 0.0) vslam=(0.0, 0.0, 0.0) error=0.003m max_error=0.027m (n=7)
[INFO] [1788750502.100695472] [vslam_compare]: gt=(0.0, -0.0, -0.0) vslam=(0.0, 0.0, 0.0) error=0.001m max_error=0.027m (n=8)
[INFO] [1788750503.100613445] [vslam_compare]: gt=(-0.0, -0.01, -0.0) vslam=(0.0, 0.0, 0.0) error=0.008m max_error=0.027m (n=9)
[INFO] [1788750504.100486906] [vslam_compare]: gt=(-0.01, -0.02, -0.0) vslam=(0.0, 0.0, 0.0) error=0.018m max_error=0.027m (n=10)
[INFO] [1788750505.100587890] [vslam_compare]: gt=(0.01, -0.02, 0.0) vslam=(-0.0, -0.02, 0.0) error=0.010m max_error=0.027m (n=11)
[INFO] [1788750506.100608003] [vslam_compare]: gt=(0.11, 0.0, 0.11) vslam=(0.25, -0.04, 0.05) error=0.157m max_error=0.157m (n=12)
[INFO] [1788750507.100518149] [vslam_compare]: gt=(0.1, -0.08, 1.39) vslam=(0.25, -0.11, 1.18) error=0.264m max_error=0.264m (n=13)
[INFO] [1788750508.100522274] [vslam_compare]: gt=(0.01, -0.16, 3.15) vslam=(0.14, -0.2, 3.01) error=0.194m max_error=0.264m (n=14)
[INFO] [1788750509.100819578] [vslam_compare]: gt=(-0.05, -0.11, 4.09) vslam=(0.06, -0.13, 4.15) error=0.133m max_error=0.264m (n=15)
[INFO] [1788750510.100524549] [vslam_compare]: gt=(-0.07, -0.01, 4.51) vslam=(0.01, 0.01, 4.65) error=0.160m max_error=0.264m (n=16)
[INFO] [1788750511.100825973] [vslam_compare]: gt=(-0.04, 0.06, 4.72) vslam=(0.04, 0.07, 4.84) error=0.145m max_error=0.264m (n=17)
[INFO] [1788750512.100411271] [vslam_compare]: gt=(0.0, 0.03, 4.79) vslam=(0.08, 0.03, 4.94) error=0.174m max_error=0.264m (n=18)
[INFO] [1788750513.100600435] [vslam_compare]: gt=(0.11, -0.07, 4.85) vslam=(0.2, -0.07, 4.97) error=0.149m max_error=0.264m (n=19)
[INFO] [1788750514.100680043] [vslam_compare]: gt=(0.24, -0.19, 4.91) vslam=(0.32, -0.19, 5.0) error=0.120m max_error=0.264m (n=20)
[INFO] [1788750515.100376885] [vslam_compare]: gt=(0.37, -0.31, 4.98) vslam=(0.5, -0.38, 4.97) error=0.144m max_error=0.264m (n=21)
[INFO] [1788750516.100525787] [vslam_compare]: gt=(0.43, -0.47, 4.95) vslam=(0.58, -0.5, 5.0) error=0.157m max_error=0.264m (n=22)
[INFO] [1788750517.100548841] [vslam_compare]: gt=(0.35, -0.64, 4.98) vslam=(0.51, -0.69, 5.04) error=0.176m max_error=0.264m (n=23)
[INFO] [1788750518.100658921] [vslam_compare]: gt=(0.28, -0.83, 5.03) vslam=(0.45, -0.9, 5.09) error=0.187m max_error=0.264m (n=24)
[INFO] [1788750519.100525911] [vslam_compare]: gt=(0.22, -1.03, 5.04) vslam=(0.4, -1.11, 5.11) error=0.204m max_error=0.264m (n=25)
[INFO] [1788750520.100856241] [vslam_compare]: gt=(0.2, -1.22, 5.11) vslam=(0.36, -1.32, 5.15) error=0.196m max_error=0.264m (n=26)
[INFO] [1788750521.100795580] [vslam_compare]: gt=(0.22, -1.42, 5.11) vslam=(0.37, -1.49, 5.17) error=0.184m max_error=0.264m (n=27)
[INFO] [1788750522.100807839] [vslam_compare]: gt=(0.26, -1.58, 5.14) vslam=(0.42, -1.66, 5.2) error=0.181m max_error=0.264m (n=28)
[INFO] [1788750523.100541910] [vslam_compare]: gt=(0.34, -1.71, 5.19) vslam=(0.49, -1.83, 5.26) error=0.194m max_error=0.264m (n=29)
[INFO] [1788750524.100628911] [vslam_compare]: gt=(0.44, -1.83, 5.24) vslam=(0.58, -1.95, 5.3) error=0.197m max_error=0.264m (n=30)
[INFO] [1788750525.100432866] [vslam_compare]: gt=(0.55, -1.92, 5.26) vslam=(0.69, -2.04, 5.33) error=0.195m max_error=0.264m (n=31)
[INFO] [1788750526.100592988] [vslam_compare]: gt=(0.67, -1.98, 5.29) vslam=(0.79, -2.1, 5.38) error=0.194m max_error=0.264m (n=32)
[INFO] [1788750527.100428795] [vslam_compare]: gt=(0.78, -2.03, 5.33) vslam=(0.9, -2.17, 5.42) error=0.203m max_error=0.264m (n=33)
[INFO] [1788750528.100991702] [vslam_compare]: gt=(0.89, -2.09, 5.35) vslam=(1.01, -2.22, 5.44) error=0.198m max_error=0.264m (n=34)
[INFO] [1788750529.100486813] [vslam_compare]: gt=(1.03, -2.13, 5.36) vslam=(1.15, -2.28, 5.47) error=0.228m max_error=0.264m (n=35)
[INFO] [1788750530.100349561] [vslam_compare]: gt=(1.18, -2.11, 5.4) vslam=(1.37, -2.23, 5.46) error=0.228m max_error=0.264m (n=36)
[INFO] [1788750531.100497221] [vslam_compare]: gt=(1.16, -2.25, 5.44) vslam=(1.34, -2.39, 5.51) error=0.245m max_error=0.264m (n=37)
[INFO] [1788750532.100593714] [vslam_compare]: gt=(1.09, -2.44, 5.49) vslam=(1.28, -2.58, 5.58) error=0.247m max_error=0.264m (n=38)
[INFO] [1788750533.100508773] [vslam_compare]: gt=(1.01, -2.63, 5.55) vslam=(1.19, -2.78, 5.64) error=0.252m max_error=0.264m (n=39)
[INFO] [1788750534.100523732] [vslam_compare]: gt=(0.93, -2.82, 5.56) vslam=(1.12, -2.97, 5.67) error=0.264m max_error=0.264m (n=40)
[INFO] [1788750535.100538671] [vslam_compare]: gt=(0.87, -3.0, 5.61) vslam=(1.07, -3.16, 5.71) error=0.279m max_error=0.279m (n=41)
[INFO] [1788750536.100413363] [vslam_compare]: gt=(0.76, -3.17, 5.66) vslam=(0.96, -3.36, 5.76) error=0.292m max_error=0.292m (n=42)
[INFO] [1788750537.100648339] [vslam_compare]: gt=(0.69, -3.33, 5.71) vslam=(0.87, -3.52, 5.8) error=0.278m max_error=0.292m (n=43)
[INFO] [1788750538.100318594] [vslam_compare]: gt=(0.75, -3.5, 5.76) vslam=(0.93, -3.7, 5.85) error=0.272m max_error=0.292m (n=44)
[INFO] [1788750539.100475902] [vslam_compare]: gt=(0.84, -3.67, 5.81) vslam=(1.0, -3.89, 5.89) error=0.289m max_error=0.292m (n=45)
[INFO] [1788750540.100626578] [vslam_compare]: gt=(0.92, -3.86, 5.85) vslam=(1.09, -4.07, 5.94) error=0.289m max_error=0.292m (n=46)
[INFO] [1788750541.100426618] [vslam_compare]: gt=(1.03, -4.03, 5.88) vslam=(1.2, -4.22, 5.98) error=0.275m max_error=0.292m (n=47)
[INFO] [1788750542.100422239] [vslam_compare]: gt=(1.13, -4.2, 5.91) vslam=(1.29, -4.36, 5.99) error=0.244m max_error=0.292m (n=48)
[INFO] [1788750543.100566381] [vslam_compare]: gt=(1.25, -4.36, 5.97) vslam=(1.42, -4.52, 6.05) error=0.246m max_error=0.292m (n=49)
[INFO] [1788750544.100341072] [vslam_compare]: gt=(1.36, -4.5, 6.01) vslam=(1.55, -4.68, 6.09) error=0.266m max_error=0.292m (n=50)
[INFO] [1788750545.100748082] [vslam_compare]: gt=(1.43, -4.58, 6.02) vslam=(1.6, -4.77, 6.1) error=0.267m max_error=0.292m (n=51)
[INFO] [1788750546.100636427] [vslam_compare]: gt=(1.43, -4.61, 6.03) vslam=(1.61, -4.81, 6.11) error=0.274m max_error=0.292m (n=52)
[INFO] [1788750547.100545611] [vslam_compare]: gt=(1.41, -4.61, 6.04) vslam=(1.59, -4.82, 6.12) error=0.283m max_error=0.292m (n=53)
[INFO] [1788750548.100834876] [vslam_compare]: gt=(1.41, -4.6, 6.04) vslam=(1.58, -4.8, 6.13) error=0.285m max_error=0.292m (n=54)
[INFO] [1788750549.100481720] [vslam_compare]: gt=(1.41, -4.59, 6.04) vslam=(1.58, -4.79, 6.14) error=0.286m max_error=0.292m (n=55)
[INFO] [1788750550.100384159] [vslam_compare]: gt=(1.41, -4.59, 6.05) vslam=(1.58, -4.79, 6.13) error=0.281m max_error=0.292m (n=56)
Traceback (most recent call last):
  File "/workspaces/isaac_ros-dev/ros2_ws/install/px4_vslam_bridge/lib/python3.10/site-packages/px4_vslam_bridge/vslam_compare.py", line 194, in main
    rclpy.spin(node)
  File "/opt/ros/humble/local/lib/python3.10/dist-packages/rclpy/__init__.py", line 229, in spin
    executor.spin_once()
  File "/opt/ros/humble/local/lib/python3.10/dist-packages/rclpy/executors.py", line 808, in spin_once
    self._spin_once_impl(timeout_sec)
  File "/opt/ros/humble/local/lib/python3.10/dist-packages/rclpy/executors.py", line 797, in _spin_once_impl
    handler, entity, node = self.wait_for_ready_callbacks(timeout_sec=timeout_sec)
  File "/opt/ros/humble/local/lib/python3.10/dist-packages/rclpy/executors.py", line 780, in wait_for_ready_callbacks
    return next(self._cb_iter)
  File "/opt/ros/humble/local/lib/python3.10/dist-packages/rclpy/executors.py", line 681, in _wait_for_ready_callbacks
    raise ExternalShutdownException()
rclpy.executors.ExternalShutdownException

During handling of the above exception, another exception occurred:

Traceback (most recent call last):
  File "/workspaces/isaac_ros-dev/ros2_ws/install/px4_vslam_bridge/lib/px4_vslam_bridge/vslam_compare", line 33, in <module>
    sys.exit(load_entry_point('px4-vslam-bridge==0.1.0', 'console_scripts', 'vslam_compare')())
  File "/workspaces/isaac_ros-dev/ros2_ws/install/px4_vslam_bridge/lib/python3.10/site-packages/px4_vslam_bridge/vslam_compare.py", line 199, in main
    rclpy.shutdown()
  File "/opt/ros/humble/local/lib/python3.10/dist-packages/rclpy/__init__.py", line 130, in shutdown
    _shutdown(context=context)
  File "/opt/ros/humble/local/lib/python3.10/dist-packages/rclpy/utilities.py", line 58, in shutdown
    return context.shutdown()
  File "/opt/ros/humble/local/lib/python3.10/dist-packages/rclpy/context.py", line 102, in shutdown
    self.__context.shutdown()
rclpy._rclpy_pybind11.RCLError: failed to shutdown: rcl_shutdown already called on the given context, at ./src/rcl/init.c:241
