[INFO] [1788716990.319509069] [visual_odometry_bridge]: visual_odometry_bridge ready: /visual_slam/tracking/odometry -> /fmu/in/vehicle_visual_odometry
[INFO] [1788716995.724155934] [visual_odometry_bridge]: published 100 vehicle_visual_odometry samples (last NED pos=(0.00,0.00,-0.00))
[WARN] [1788717000.328501017] [visual_odometry_bridge]: Rejected cuVSLAM update: implied speed 12.9 m/s (jumped 0.41m in 32ms) -- holding last known-good position, not forwarding to EKF2. (1 rejected total)
[INFO] [1788717000.730404449] [visual_odometry_bridge]: published 200 vehicle_visual_odometry samples (last NED pos=(0.08,-0.33,-0.49))
[WARN] [1788717004.226912048] [visual_odometry_bridge]: Rejected cuVSLAM update: implied speed 32.3 m/s (jumped 1.03m in 32ms) -- holding last known-good position, not forwarding to EKF2. (2 rejected total)
[INFO] [1788717005.912716879] [visual_odometry_bridge]: published 300 vehicle_visual_odometry samples (last NED pos=(0.12,-0.45,-0.44))
[WARN] [1788717006.017558594] [visual_odometry_bridge]: Rejected cuVSLAM update: implied speed 11.6 m/s (jumped 0.37m in 32ms) -- holding last known-good position, not forwarding to EKF2. (4 rejected total)
[WARN] [1788717007.954606732] [visual_odometry_bridge]: Rejected cuVSLAM update: implied speed 39.1 m/s (jumped 1.25m in 32ms) -- holding last known-good position, not forwarding to EKF2. (14 rejected total)
[WARN] [1788717009.631526660] [visual_odometry_bridge]: Rejected cuVSLAM update: implied speed 12.7 m/s (jumped 0.41m in 32ms) -- holding last known-good position, not forwarding to EKF2. (32 rejected total)
[WARN] [1788717011.036938260] [visual_odometry_bridge]: Rejected cuVSLAM update: implied speed 28.7 m/s (jumped 0.92m in 32ms) -- holding last known-good position, not forwarding to EKF2. (40 rejected total)
[INFO] [1788717012.974136618] [visual_odometry_bridge]: published 400 vehicle_visual_odometry samples (last NED pos=(-2.21,-2.45,9.36))
[WARN] [1788717014.786289362] [visual_odometry_bridge]: Rejected cuVSLAM update: implied speed 77.1 m/s (jumped 2.47m in 32ms) -- holding last known-good position, not forwarding to EKF2. (44 rejected total)
[WARN] [1788717015.829195261] [visual_odometry_bridge]: Rejected cuVSLAM update: implied speed 9.5 m/s (jumped 6.86m in 724ms) -- holding last known-good position, not forwarding to EKF2. (65 rejected total)
[WARN] [1788717016.874004750] [visual_odometry_bridge]: Rejected cuVSLAM update: implied speed 33.0 m/s (jumped 1.06m in 32ms) -- holding last known-good position, not forwarding to EKF2. (70 rejected total)
[WARN] [1788717018.537573721] [visual_odometry_bridge]: Rejected cuVSLAM update: implied speed 40.7 m/s (jumped 1.30m in 32ms) -- holding last known-good position, not forwarding to EKF2. (73 rejected total)
[WARN] [1788717019.662917907] [visual_odometry_bridge]: Rejected cuVSLAM update: implied speed 8.3 m/s (jumped 0.27m in 32ms) -- holding last known-good position, not forwarding to EKF2. (84 rejected total)
[INFO] [1788717020.115926344] [visual_odometry_bridge]: published 500 vehicle_visual_odometry samples (last NED pos=(-3.46,-7.27,13.09))
[WARN] [1788717021.741794205] [visual_odometry_bridge]: Rejected cuVSLAM update: implied speed 13.7 m/s (jumped 0.44m in 32ms) -- holding last known-good position, not forwarding to EKF2. (90 rejected total)
[WARN] [1788717023.027038090] [visual_odometry_bridge]: Rejected cuVSLAM update: implied speed 25.1 m/s (jumped 0.80m in 32ms) -- holding last known-good position, not forwarding to EKF2. (95 rejected total)
[WARN] [1788717024.335209415] [visual_odometry_bridge]: Rejected cuVSLAM update: implied speed 23.6 m/s (jumped 0.85m in 36ms) -- holding last known-good position, not forwarding to EKF2. (99 rejected total)
[WARN] [1788717026.011923533] [visual_odometry_bridge]: Rejected cuVSLAM update: implied speed 26.5 m/s (jumped 0.85m in 32ms) -- holding last known-good position, not forwarding to EKF2. (107 rejected total)
[INFO] [1788717026.667172576] [visual_odometry_bridge]: published 600 vehicle_visual_odometry samples (last NED pos=(-3.36,-4.01,13.58))
[WARN] [1788717027.202819001] [visual_odometry_bridge]: Rejected cuVSLAM update: implied speed 12.8 m/s (jumped 0.41m in 32ms) -- holding last known-good position, not forwarding to EKF2. (111 rejected total)
Traceback (most recent call last):
  File "/workspaces/isaac_ros-dev/ros2_ws/install/px4_vslam_bridge/lib/python3.10/site-packages/px4_vslam_bridge/visual_odometry_bridge.py", line 160, in main
    rclpy.spin(node)
  File "/opt/ros/humble/local/lib/python3.10/dist-packages/rclpy/__init__.py", line 229, in spin
    executor.spin_once()
  File "/opt/ros/humble/local/lib/python3.10/dist-packages/rclpy/executors.py", line 808, in spin_once
    self._spin_once_impl(timeout_sec)
  File "/opt/ros/humble/local/lib/python3.10/dist-packages/rclpy/executors.py", line 797, in _spin_once_impl
    handler, entity, node = self.wait_for_ready_callbacks(timeout_sec=timeout_sec)
  File "/opt/ros/humble/local/lib/python3.10/dist-packages/rclpy/executors.py", line 780, in wait_for_ready_callbacks
    return next(self._cb_iter)
  File "/opt/ros/humble/local/lib/python3.10/dist-packages/rclpy/executors.py", line 681, in _wait_for_ready_callbacks
    raise ExternalShutdownException()
rclpy.executors.ExternalShutdownException

During handling of the above exception, another exception occurred:

Traceback (most recent call last):
  File "/workspaces/isaac_ros-dev/ros2_ws/install/px4_vslam_bridge/lib/px4_vslam_bridge/visual_odometry_bridge", line 33, in <module>
    sys.exit(load_entry_point('px4-vslam-bridge==0.1.0', 'console_scripts', 'visual_odometry_bridge')())
  File "/workspaces/isaac_ros-dev/ros2_ws/install/px4_vslam_bridge/lib/python3.10/site-packages/px4_vslam_bridge/visual_odometry_bridge.py", line 165, in main
    rclpy.shutdown()
  File "/opt/ros/humble/local/lib/python3.10/dist-packages/rclpy/__init__.py", line 130, in shutdown
    _shutdown(context=context)
  File "/opt/ros/humble/local/lib/python3.10/dist-packages/rclpy/utilities.py", line 58, in shutdown
    return context.shutdown()
  File "/opt/ros/humble/local/lib/python3.10/dist-packages/rclpy/context.py", line 102, in shutdown
    self.__context.shutdown()
rclpy._rclpy_pybind11.RCLError: failed to shutdown: rcl_shutdown already called on the given context, at ./src/rcl/init.c:241
